Day023 R1 full-system static cap-water validation completed.
Candidates evaluated / passing: 4/4
Candidate 5 kBT: GROMACS/analytic energy=14.302773/14.302799 kJ/mol; min distance=0.220189 nm; max water force=52.263; hole barrier=551.5 kBT; PASS
Candidate 10 kBT: GROMACS/analytic energy=28.605547/28.605597 kJ/mol; min distance=0.220189 nm; max water force=104.527; hole barrier=1103.0 kBT; PASS
Candidate 20 kBT: GROMACS/analytic energy=57.211094/57.211194 kJ/mol; min distance=0.220189 nm; max water force=209.054; hole barrier=2206.0 kBT; PASS
Candidate 40 kBT: GROMACS/analytic energy=114.422188/114.422389 kJ/mol; min distance=0.220189 nm; max water force=418.108; hole barrier=4411.9 kBT; PASS
Selected candidate: target_5kBT
Selected sigma / epsilon / C12: -0.170000 nm / 3.1179234818 kJ/mol / 7.266286217927e-09
Selected initial cap-water energy: 14.302773 kJ/mol
Selected maximum initial water force: 52.263 kJ mol^-1 nm^-1
Selected coverage-hole barrier: 551.489 kBT
CAP-HBN/PYR LJ / Coulomb: 0.000000000000/0.000000000000 kJ/mol
CAP-water Coulomb: 0.000000000000 kJ/mol
Decision: FULL_R1_STATIC_CAP_WATER_MODEL_VALIDATED
Energy minimization authorized: YES
MD execution authorized: NO
Required next step: PREPARE_AND_RUN_R1_FROZEN_SOLUTE_ENERGY_MINIMIZATION
Wrote: runs/phase1A/day023_confinement_design/05_r1_full_static_scan/r1_full_static_cap_water_scan.csv
Wrote: runs/phase1A/day023_confinement_design/05_r1_full_static_scan/r1_full_static_pair_validation.csv
Wrote: runs/phase1A/day023_confinement_design/05_r1_full_static_scan/r1_selected_cap_model.json
Wrote: runs/phase1A/day023_confinement_design/05_r1_full_static_scan/R1_FULL_STATIC_CAP_WATER_VALIDATION_DAY023.md
Wrote: runs/phase1A/day023_confinement_design/05_r1_full_static_scan/selected/r1_selected_cap_model.top
Wrote: runs/phase1A/day023_confinement_design/05_r1_full_static_scan/selected/r1_selected_static_validation.tpr
Wrote: runs/phase1A/day023_confinement_design/05_r1_full_static_scan/selected/r1_selected_groups.ndx
