                      :-) GROMACS - gmx mdrun, 2025.4 (-:

Copyright 1991-2025 The GROMACS Authors.
GROMACS is free software; you can redistribute it and/or modify it
under the terms of the GNU Lesser General Public License
as published by the Free Software Foundation; either version 2.1
of the License, or (at your option) any later version.

                         Current GROMACS contributors:
       Mark Abraham           Andrey Alekseenko           Brian Andrews       
      Vladimir Basov              Paul Bauer                Hugh Bird         
      Eliane Briand               Ania Brown              Mahesh Doijade      
      Giacomo Fiorin          Stefan Fleischmann          Sergey Gorelov      
   Gilles Gouaillardet            Alan Gray              M. Eric Irrgang      
   Farzaneh Jalalypour         Petter Johansson          Carsten Kutzner      
    Grzegorz Łazarski         Justin A. Lemkul          Magnus Lundborg      
       Pascal Merz             Vedran Miletić            Dmitry Morozov      
     Lukas Müllender            Julien Nabet             Szilárd Páll      
 Andrea Pasquadibisceglie     Michele Pellegrino         Nicola Piasentin     
     Daniele Rapetti         Muhammad Umair Sadiq         Hubert Santuz       
      Roland Schulz             Michael Shirts           Tatiana Shugaeva     
     Alexey Shvetsov            Philip Turner            Alessandra Villa     
 Sebastian Wingbermühle  

                         Previous GROMACS contributors:
        Emile Apol             Rossen Apostolov           James Barnett       
  Herman J.C. Berendsen         Cathrine Bergh             Par Bjelkmar       
      Christian Blau          Viacheslav Bolnykh            Kevin Boyd        
    Aldert van Buuren          Carlo Camilloni           Rudi van Drunen      
      Anton Feenstra           Oliver Fleetwood            Vytas Gapsys       
       Gaurav Garg             Gerrit Groenhof            Bert de Groot       
      Anca Hamuraru           Vincent Hindriksen          Victor Holanda      
     Aleksei Iupinov              Joe Jordan            Christoph Junghans    
    Prashanth Kanduri        Dimitrios Karkoulis           Peter Kasson       
      Sebastian Kehl           Sebastian Keller             Jiri Kraus        
       Per Larsson              Viveca Lindahl            Erik Marklund       
    Pieter Meulenhoff           Teemu Murtola              Sander Pronk       
      Alfons Sijbers            Balint Soproni         David van der Spoel    
      Peter Tieleman            Carsten Uphoff             Jon Vincent        
     Teemu Virolainen         Christian Wennberg           Maarten Wolf       
      Artem Zhmurov       

                  Coordinated by the GROMACS project leaders:
                           Berk Hess and Erik Lindahl

GROMACS:      gmx mdrun, version 2025.4
Executable:   /usr/local/gromacs/bin/gmx
Data prefix:  /usr/local/gromacs
Working dir:  /Users/alejandro/projects/Multiscale-Simulation-Project/Microtubule_Inspired_Phase0
Process ID:   11430
Command line:
  gmx mdrun -deffnm runs/phase2/day048_f46k_bulk_npt_continuation/npt_continue_25ps

GROMACS version:     2025.4
Precision:           mixed
Memory model:        64 bit
MPI library:         thread_mpi
OpenMP support:      enabled (GMX_OPENMP_MAX_THREADS = 128)
GPU support:         disabled
SIMD instructions:   AVX2_256
CPU FFT library:     fftw-3.3.10-sse2
GPU FFT library:     none
Multi-GPU FFT:       none
RDTSCP usage:        enabled
TNG support:         enabled
Hwloc support:       disabled
Tracing support:     disabled
C compiler:          /usr/bin/gcc AppleClang 14.0.0.14000029
C compiler flags:    -mavx2 -mfma -Wno-missing-field-initializers -fno-stack-check -O3 -DNDEBUG
C++ compiler:        /usr/bin/g++ AppleClang 14.0.0.14000029
C++ compiler flags:  -mavx2 -mfma -Wno-reserved-identifier -Wno-missing-field-initializers -fno-stack-check -Weverything -Wno-c++98-compat -Wno-c++98-compat-pedantic -Wno-source-uses-openmp -Wno-c++17-extensions -Wno-documentation-unknown-command -Wno-covered-switch-default -Wno-switch-enum -Wno-switch-default -Wno-extra-semi-stmt -Wno-weak-vtables -Wno-shadow -Wno-padded -Wno-reserved-id-macro -Wno-double-promotion -Wno-exit-time-destructors -Wno-global-constructors -Wno-documentation -Wno-format-nonliteral -Wno-used-but-marked-unused -Wno-float-equal -Wno-conditional-uninitialized -Wno-conversion -Wno-disabled-macro-expansion -Wno-unused-macros SHELL:-Xpreprocessor -fopenmp -I/usr/local/opt/libomp/include -O3 -DNDEBUG
BLAS library:        External - detected on the system
LAPACK library:      External - detected on the system


Running on 1 node with total 0 processing units
Hardware detected on host Alejandros-MacBook-Pro-2.local:
  CPU info:
    Vendor: Intel
    Brand:  Intel(R) Core(TM) i7-9750H CPU @ 2.60GHz
    Family: 6   Model: 158   Stepping: 10
    Features: aes apic avx avx2 clfsh cmov cx8 cx16 f16c fma htt intel lahf mmx msr nonstop_tsc pcid pclmuldq pdcm pdpe1gb popcnt pse rdrnd rdtscp sse2 sse3 sse4.1 sse4.2 ssse3 tdt x2apic
  Hardware topology: Only logical processor count
    CPU limit set by OS: -1   Recommended max number of threads: 12


++++ PLEASE READ AND CITE THE FOLLOWING REFERENCE ++++
M. J. Abraham, T. Murtola, R. Schulz, S. Páll, J. C. Smith, B. Hess, E.
Lindahl
GROMACS: High performance molecular simulations through multi-level
parallelism from laptops to supercomputers
SoftwareX (2015)
DOI: 10.1016/j.softx.2015.06.001
-------- -------- --- Thank You --- -------- --------


++++ PLEASE READ AND CITE THE FOLLOWING REFERENCE ++++
S. Páll, M. J. Abraham, C. Kutzner, B. Hess, E. Lindahl
Tackling Exascale Software Challenges in Molecular Dynamics Simulations with
GROMACS
In S. Markidis & E. Laure (Eds.), Solving Software Challenges for Exascale (2015)
DOI: 10.1007/978-3-319-15976-8_1
-------- -------- --- Thank You --- -------- --------


++++ PLEASE READ AND CITE THE FOLLOWING REFERENCE ++++
S. Pronk, S. Páll, R. Schulz, P. Larsson, P. Bjelkmar, R. Apostolov, M. R.
Shirts, J. C. Smith, P. M. Kasson, D. van der Spoel, B. Hess, E. Lindahl
GROMACS 4.5: a high-throughput and highly parallel open source molecular
simulation toolkit
Bioinformatics (2013)
DOI: 10.1093/bioinformatics/btt055
-------- -------- --- Thank You --- -------- --------


++++ PLEASE READ AND CITE THE FOLLOWING REFERENCE ++++
B. Hess, C. Kutzner, D. van der Spoel, E. Lindahl
GROMACS 4: Algorithms for highly efficient, load-balanced, and scalable
molecular simulation
J. Chem. Theory Comput. (2008)
DOI: 10.1021/ct700301q
-------- -------- --- Thank You --- -------- --------


++++ PLEASE READ AND CITE THE FOLLOWING REFERENCE ++++
D. van der Spoel, E. Lindahl, B. Hess, G. Groenhof, A. E. Mark, H. J. C.
Berendsen
GROMACS: Fast, Flexible and Free
J. Comp. Chem. (2005)
DOI: 10.1002/jcc.20291
-------- -------- --- Thank You --- -------- --------


++++ PLEASE READ AND CITE THE FOLLOWING REFERENCE ++++
E. Lindahl, B. Hess, D. van der Spoel
GROMACS 3.0: A package for molecular simulation and trajectory analysis
J. Mol. Mod. (2001)
DOI: 10.1007/s008940100045
-------- -------- --- Thank You --- -------- --------


++++ PLEASE READ AND CITE THE FOLLOWING REFERENCE ++++
H. J. C. Berendsen, D. van der Spoel and R. van Drunen
GROMACS: A message-passing parallel molecular dynamics implementation
Comp. Phys. Comm. (1995)
DOI: 10.1016/0010-4655(95)00042-E
-------- -------- --- Thank You --- -------- --------


++++ PLEASE CITE THE DOI FOR THIS VERSION OF GROMACS ++++
https://doi.org/10.5281/zenodo.17671793
-------- -------- --- Thank You --- -------- --------

Input Parameters:
   integrator                     = md
   tinit                          = 0
   dt                             = 0.0005
   nsteps                         = 50000
   init-step                      = 0
   simulation-part                = 1
   mts                            = false
   mass-repartition-factor        = 1
   comm-mode                      = Linear
   nstcomm                        = 100
   bd-fric                        = 0
   ld-seed                        = -675420721
   emtol                          = 10
   emstep                         = 0.01
   niter                          = 20
   fcstep                         = 0
   nstcgsteep                     = 1000
   nbfgscorr                      = 10
   rtpi                           = 0.05
   nstxout                        = 0
   nstvout                        = 0
   nstfout                        = 0
   nstlog                         = 500
   nstcalcenergy                  = 100
   nstenergy                      = 500
   nstxout-compressed             = 1000
   compressed-x-precision         = 1000
   cutoff-scheme                  = Verlet
   nstlist                        = 20
   pbc                            = xyz
   periodic-molecules             = false
   verlet-buffer-tolerance        = 0.005
   verlet-buffer-pressure-tolerance = 0.5
   rlist                          = 1.2
   coulombtype                    = PME
   coulomb-modifier               = Potential-shift
   rcoulomb-switch                = 0
   rcoulomb                       = 1.2
   epsilon-r                      = 1
   epsilon-rf                     = inf
   vdw-type                       = Cut-off
   vdw-modifier                   = Potential-shift
   rvdw-switch                    = 0
   rvdw                           = 1.2
   DispCorr                       = No
   table-extension                = 1
   fourierspacing                 = 0.12
   fourier-nx                     = 64
   fourier-ny                     = 64
   fourier-nz                     = 84
   pme-order                      = 4
   ewald-rtol                     = 1e-05
   ewald-rtol-lj                  = 0.001
   lj-pme-comb-rule               = Geometric
   ewald-geometry                 = 3d
   epsilon-surface                = 0
   ensemble-temperature-setting   = constant
   ensemble-temperature           = 300
   tcoupl                         = V-rescale
   nsttcouple                     = 100
   nh-chain-length                = 0
   print-nose-hoover-chain-variables = false
   pcoupl                         = C-rescale
   pcoupltype                     = Isotropic
   nstpcouple                     = 100
   tau-p                          = 5
   compressibility (3x3):
      compressibility[    0]={ 4.50000e-05,  0.00000e+00,  0.00000e+00}
      compressibility[    1]={ 0.00000e+00,  4.50000e-05,  0.00000e+00}
      compressibility[    2]={ 0.00000e+00,  0.00000e+00,  4.50000e-05}
   ref-p (3x3):
      ref-p[    0]={ 1.00000e+00,  0.00000e+00,  0.00000e+00}
      ref-p[    1]={ 0.00000e+00,  1.00000e+00,  0.00000e+00}
      ref-p[    2]={ 0.00000e+00,  0.00000e+00,  1.00000e+00}
   refcoord-scaling               = No
   posres-com: not available
   posres-comB: not available
   QMMM                           = false
qm-opts:
   ngQM                           = 0
   constraint-algorithm           = Lincs
   continuation                   = true
   Shake-SOR                      = false
   shake-tol                      = 0.0001
   lincs-order                    = 4
   lincs-iter                     = 1
   lincs-warnangle                = 30
   nwall                          = 0
   wall-type                      = 9-3
   wall-r-linpot                  = -1
   wall-atomtype[0]               = -1
   wall-atomtype[1]               = -1
   wall-density[0]                = 0
   wall-density[1]                = 0
   wall-ewald-zfac                = 3
   pull                           = false
   awh                            = false
   rotation                       = false
   interactiveMD                  = false
   disre                          = No
   disre-weighting                = Conservative
   disre-mixed                    = false
   dr-fc                          = 1000
   dr-tau                         = 0
   nstdisreout                    = 100
   orire-fc                       = 0
   orire-tau                      = 0
   nstorireout                    = 100
   free-energy                    = no
   cos-acceleration               = 0
   deform (3x3):
      deform[    0]={ 0.00000e+00,  0.00000e+00,  0.00000e+00}
      deform[    1]={ 0.00000e+00,  0.00000e+00,  0.00000e+00}
      deform[    2]={ 0.00000e+00,  0.00000e+00,  0.00000e+00}
   simulated-tempering            = false
   swapcoords                     = no
   userint1                       = 0
   userint2                       = 0
   userint3                       = 0
   userint4                       = 0
   userreal1                      = 0
   userreal2                      = 0
   userreal3                      = 0
   userreal4                      = 0
   applied-forces:
     electric-field:
       x:
         E0                       = 0
         omega                    = 0
         t0                       = 0
         sigma                    = 0
       y:
         E0                       = 0
         omega                    = 0
         t0                       = 0
         sigma                    = 0
       z:
         E0                       = 0
         omega                    = 0
         t0                       = 0
         sigma                    = 0
     density-guided-simulation:
       active                     = false
       group                      = protein
       similarity-measure         = inner-product
       atom-spreading-weight      = unity
       force-constant             = 1e+09
       gaussian-transform-spreading-width = 0.2
       gaussian-transform-spreading-range-in-multiples-of-width = 4
       reference-density-filename = reference.mrc
       nst                        = 1
       normalize-densities        = true
       adaptive-force-scaling     = false
       adaptive-force-scaling-time-constant = 4
       shift-vector               = 
       transformation-matrix      = 
     qmmm-cp2k:
       active                     = false
       qmgroup                    = System
       qmmethod                   = PBE
       qmfilenames                = 
       qmcharge                   = 0
       qmmultiplicity             = 1
     colvars:
       active                     = false
       configfile                 = 
       seed                       = -1
     nnpot:
       active                     = false
       modelfile                  = model.pt
       input-group                = System
       model-input1               = 
       model-input2               = 
       model-input3               = 
       model-input4               = 
grpopts:
   nrdf:       99801
   ref-t:         300
   tau-t:           1
annealing:          No
annealing-npoints:           0
   acc:	           0           0           0
   nfreeze:           N           N           N
   energygrp-flags[  0]: 0

Changing nstlist from 20 to 100, rlist from 1.2 to 1.255


Initializing Domain Decomposition on 1 ranks
Dynamic load balancing: auto
Using update groups, nr 16634, average size 4.0 atoms, max. radius 0.078 nm
Minimum cell size due to atom displacement: 0.182 nm
Using 0 separate PME ranks because: there are too few total ranks for efficient splitting
Optimizing the DD grid for 1 cells with a minimum initial size of 0.182 nm
The maximum allowed number of cells is: X 39 Y 39 Z 53
Domain decomposition grid 1 x 1 x 1, separate PME ranks 0
PME domain decomposition: 1 x 1 x 1

The initial number of communication pulses is:
The initial domain decomposition cell size is:

When dynamic load balancing gets turned on, these settings will change to:
The maximum number of communication pulses is:
The minimum size for domain decomposition cells is 1.411 nm
The requested allowed shrink of DD cells (option -dds) is: 0.80
The allowed shrink of domain decomposition cells is:

Local state does not use filler particles

Using 1 MPI thread
Using 12 OpenMP threads 

System total charge: 0.000
Will do PME sum in reciprocal space for electrostatic interactions.

++++ PLEASE READ AND CITE THE FOLLOWING REFERENCE ++++
U. Essmann, L. Perera, M. L. Berkowitz, T. Darden, H. Lee, L. G. Pedersen 
A smooth particle mesh Ewald method
J. Chem. Phys. (1995)
DOI: 10.1063/1.470117
-------- -------- --- Thank You --- -------- --------

Using a Gaussian width (1/beta) of 0.384195 nm for Ewald
Potential shift: LJ r^-12: -1.122e-01 r^-6: -3.349e-01, Ewald -8.333e-06
Initialized non-bonded Coulomb Ewald tables, spacing: 1.02e-03 size: 1176



Using SIMD4xM 4x8 nonbonded short-range kernels

Using a dual 4x8 pair-list setup updated with dynamic pruning:
  outer list: updated every 100 steps, buffer 0.055 nm, rlist 1.255 nm
  inner list: updated every  34 steps, buffer 0.000 nm, rlist 1.200 nm
At tolerance 0.005 kJ/mol/ps per atom, equivalent classical 1x1 list would be:
  outer list: updated every 100 steps, buffer 0.141 nm, rlist 1.341 nm
  inner list: updated every  34 steps, buffer 0.035 nm, rlist 1.235 nm

The average pressure is off by at most 0.17 bar due to missing LJ interactions

Using Geometric Lennard-Jones combination rule

Linking all bonded interactions to atoms


++++ PLEASE READ AND CITE THE FOLLOWING REFERENCE ++++
S. Miyamoto, P. A. Kollman
SETTLE: An Analytical Version of the SHAKE and RATTLE Algorithms for Rigid
Water Models
J. Comp. Chem. (1992)
DOI: 10.1002/jcc.540130805
-------- -------- --- Thank You --- -------- --------


++++ PLEASE READ AND CITE THE FOLLOWING REFERENCE ++++
G. Bussi, D. Donadio, M. Parrinello
Canonical sampling through velocity rescaling
J. Chem. Phys. (2007)
DOI: 10.1063/1.2408420
-------- -------- --- Thank You --- -------- --------


++++ PLEASE READ AND CITE THE FOLLOWING REFERENCE ++++
M. Bernetti, G. Bussi
Pressure control using stochastic cell rescaling
J. Chem. Phys. (2020)
DOI: 10.1063/5.0020514
-------- -------- --- Thank You --- -------- --------

There are: 49902 Atoms
There are: 16634 VSites

Atom distribution over 1 domains: av 66536 stddev 0 min 66536 max 66536
Center of mass motion removal mode is Linear
We have the following groups for center of mass motion removal:
  0:  rest

Started mdrun on rank 0 Sat Sep  5 12:58:07 2026

           Step           Time
              0        0.00000

   Energies (kJ/mol)
        LJ (SR)   Coulomb (SR)   Coul. recip.      Potential    Kinetic En.
    1.40107e+05   -9.28880e+05    2.22520e+03   -7.86548e+05    1.25705e+05
   Total Energy  Conserved En.    Temperature Pressure (bar)
   -6.60843e+05   -6.60848e+05    3.02979e+02   -1.86789e+02

           Step           Time
            500        0.25000

   Energies (kJ/mol)
        LJ (SR)   Coulomb (SR)   Coul. recip.      Potential    Kinetic En.
    1.39296e+05   -9.27854e+05    2.11345e+03   -7.86444e+05    1.25146e+05
   Total Energy  Conserved En.    Temperature Pressure (bar)
   -6.61298e+05   -6.60799e+05    3.01633e+02   -2.72921e+02

           Step           Time
           1000        0.50000

   Energies (kJ/mol)
        LJ (SR)   Coulomb (SR)   Coul. recip.      Potential    Kinetic En.
    1.40038e+05   -9.28756e+05    2.19912e+03   -7.86518e+05    1.25188e+05
   Total Energy  Conserved En.    Temperature Pressure (bar)
   -6.61330e+05   -6.60744e+05    3.01733e+02   -2.10188e+02

           Step           Time
           1500        0.75000

   Energies (kJ/mol)
        LJ (SR)   Coulomb (SR)   Coul. recip.      Potential    Kinetic En.
    1.39807e+05   -9.28779e+05    2.23389e+03   -7.86738e+05    1.25312e+05
   Total Energy  Conserved En.    Temperature Pressure (bar)
   -6.61427e+05   -6.60649e+05    3.02031e+02   -2.27904e+02

           Step           Time
           2000        1.00000

   Energies (kJ/mol)
        LJ (SR)   Coulomb (SR)   Coul. recip.      Potential    Kinetic En.
    1.38090e+05   -9.26604e+05    2.16296e+03   -7.86351e+05    1.25086e+05
   Total Energy  Conserved En.    Temperature Pressure (bar)
   -6.61265e+05   -6.60530e+05    3.01487e+02   -3.75153e+02

           Step           Time
           2500        1.25000

   Energies (kJ/mol)
        LJ (SR)   Coulomb (SR)   Coul. recip.      Potential    Kinetic En.
    1.39591e+05   -9.27754e+05    2.20077e+03   -7.85963e+05    1.25044e+05
   Total Energy  Conserved En.    Temperature Pressure (bar)
   -6.60919e+05   -6.60452e+05    3.01386e+02   -2.02273e+02

           Step           Time
           3000        1.50000

   Energies (kJ/mol)
        LJ (SR)   Coulomb (SR)   Coul. recip.      Potential    Kinetic En.
    1.38943e+05   -9.26543e+05    2.14270e+03   -7.85457e+05    1.24498e+05
   Total Energy  Conserved En.    Temperature Pressure (bar)
   -6.60959e+05   -6.60405e+05    3.00070e+02   -2.35116e+02

           Step           Time
           3500        1.75000

   Energies (kJ/mol)
        LJ (SR)   Coulomb (SR)   Coul. recip.      Potential    Kinetic En.
    1.38496e+05   -9.26018e+05    2.23426e+03   -7.85287e+05    1.24279e+05
   Total Energy  Conserved En.    Temperature Pressure (bar)
   -6.61008e+05   -6.60377e+05    2.99543e+02   -2.64698e+02

           Step           Time
           4000        2.00000

   Energies (kJ/mol)
        LJ (SR)   Coulomb (SR)   Coul. recip.      Potential    Kinetic En.
    1.39521e+05   -9.27505e+05    2.18693e+03   -7.85797e+05    1.24149e+05
   Total Energy  Conserved En.    Temperature Pressure (bar)
   -6.61648e+05   -6.60340e+05    2.99230e+02   -2.14064e+02

           Step           Time
           4500        2.25000

   Energies (kJ/mol)
        LJ (SR)   Coulomb (SR)   Coul. recip.      Potential    Kinetic En.
    1.39208e+05   -9.27657e+05    2.17675e+03   -7.86272e+05    1.24868e+05
   Total Energy  Conserved En.    Temperature Pressure (bar)
   -6.61404e+05   -6.60326e+05    3.00963e+02   -2.18893e+02

           Step           Time
           5000        2.50000

   Energies (kJ/mol)
        LJ (SR)   Coulomb (SR)   Coul. recip.      Potential    Kinetic En.
    1.41524e+05   -9.30706e+05    2.13980e+03   -7.87042e+05    1.25097e+05
   Total Energy  Conserved En.    Temperature Pressure (bar)
   -6.61945e+05   -6.60281e+05    3.01515e+02   -2.01136e+01

           Step           Time
           5500        2.75000

   Energies (kJ/mol)
        LJ (SR)   Coulomb (SR)   Coul. recip.      Potential    Kinetic En.
    1.39876e+05   -9.28314e+05    2.14238e+03   -7.86296e+05    1.23592e+05
   Total Energy  Conserved En.    Temperature Pressure (bar)
   -6.62704e+05   -6.60269e+05    2.97887e+02   -1.89933e+02

           Step           Time
           6000        3.00000

   Energies (kJ/mol)
        LJ (SR)   Coulomb (SR)   Coul. recip.      Potential    Kinetic En.
    1.40672e+05   -9.29808e+05    2.24406e+03   -7.86892e+05    1.24012e+05
   Total Energy  Conserved En.    Temperature Pressure (bar)
   -6.62880e+05   -6.60185e+05    2.98898e+02   -1.32647e+02

           Step           Time
           6500        3.25000

   Energies (kJ/mol)
        LJ (SR)   Coulomb (SR)   Coul. recip.      Potential    Kinetic En.
    1.39993e+05   -9.30463e+05    2.14691e+03   -7.88323e+05    1.25545e+05
   Total Energy  Conserved En.    Temperature Pressure (bar)
   -6.62778e+05   -6.60184e+05    3.02595e+02   -2.50816e+02

           Step           Time
           7000        3.50000

   Energies (kJ/mol)
        LJ (SR)   Coulomb (SR)   Coul. recip.      Potential    Kinetic En.
    1.40199e+05   -9.29854e+05    2.08156e+03   -7.87573e+05    1.24481e+05
   Total Energy  Conserved En.    Temperature Pressure (bar)
   -6.63093e+05   -6.60220e+05    3.00029e+02   -2.00742e+02

           Step           Time
           7500        3.75000

   Energies (kJ/mol)
        LJ (SR)   Coulomb (SR)   Coul. recip.      Potential    Kinetic En.
    1.39252e+05   -9.29310e+05    2.13543e+03   -7.87923e+05    1.25453e+05
   Total Energy  Conserved En.    Temperature Pressure (bar)
   -6.62470e+05   -6.60138e+05    3.02373e+02   -3.22467e+02

           Step           Time
           8000        4.00000

   Energies (kJ/mol)
        LJ (SR)   Coulomb (SR)   Coul. recip.      Potential    Kinetic En.
    1.41078e+05   -9.30746e+05    2.17494e+03   -7.87494e+05    1.24578e+05
   Total Energy  Conserved En.    Temperature Pressure (bar)
   -6.62916e+05   -6.60052e+05    3.00263e+02   -1.07822e+02

           Step           Time
           8500        4.25000

   Energies (kJ/mol)
        LJ (SR)   Coulomb (SR)   Coul. recip.      Potential    Kinetic En.
    1.40217e+05   -9.30081e+05    2.18834e+03   -7.87676e+05    1.24287e+05
   Total Energy  Conserved En.    Temperature Pressure (bar)
   -6.63389e+05   -6.59982e+05    2.99562e+02   -2.00131e+02

           Step           Time
           9000        4.50000

   Energies (kJ/mol)
        LJ (SR)   Coulomb (SR)   Coul. recip.      Potential    Kinetic En.
    1.40664e+05   -9.31503e+05    2.08786e+03   -7.88751e+05    1.25115e+05
   Total Energy  Conserved En.    Temperature Pressure (bar)
   -6.63636e+05   -6.59927e+05    3.01558e+02   -1.94804e+02

           Step           Time
           9500        4.75000

   Energies (kJ/mol)
        LJ (SR)   Coulomb (SR)   Coul. recip.      Potential    Kinetic En.
    1.40723e+05   -9.31210e+05    2.14369e+03   -7.88343e+05    1.24291e+05
   Total Energy  Conserved En.    Temperature Pressure (bar)
   -6.64052e+05   -6.59903e+05    2.99570e+02   -1.87036e+02

           Step           Time
          10000        5.00000

   Energies (kJ/mol)
        LJ (SR)   Coulomb (SR)   Coul. recip.      Potential    Kinetic En.
    1.40104e+05   -9.30371e+05    2.13406e+03   -7.88132e+05    1.23788e+05
   Total Energy  Conserved En.    Temperature Pressure (bar)
   -6.64344e+05   -6.59824e+05    2.98360e+02   -2.44947e+02

           Step           Time
          10500        5.25000

   Energies (kJ/mol)
        LJ (SR)   Coulomb (SR)   Coul. recip.      Potential    Kinetic En.
    1.41201e+05   -9.31931e+05    2.10748e+03   -7.88622e+05    1.23901e+05
   Total Energy  Conserved En.    Temperature Pressure (bar)
   -6.64721e+05   -6.59777e+05    2.98630e+02   -1.63311e+02

           Step           Time
          11000        5.50000

   Energies (kJ/mol)
        LJ (SR)   Coulomb (SR)   Coul. recip.      Potential    Kinetic En.
    1.39545e+05   -9.30839e+05    2.14947e+03   -7.89144e+05    1.24593e+05
   Total Energy  Conserved En.    Temperature Pressure (bar)
   -6.64551e+05   -6.59673e+05    3.00301e+02   -3.04673e+02

           Step           Time
          11500        5.75000

   Energies (kJ/mol)
        LJ (SR)   Coulomb (SR)   Coul. recip.      Potential    Kinetic En.
    1.41000e+05   -9.32652e+05    2.11681e+03   -7.89535e+05    1.24684e+05
   Total Energy  Conserved En.    Temperature Pressure (bar)
   -6.64851e+05   -6.59553e+05    3.00518e+02   -1.61691e+02

           Step           Time
          12000        6.00000

   Energies (kJ/mol)
        LJ (SR)   Coulomb (SR)   Coul. recip.      Potential    Kinetic En.
    1.41377e+05   -9.32416e+05    2.09711e+03   -7.88942e+05    1.23887e+05
   Total Energy  Conserved En.    Temperature Pressure (bar)
   -6.65055e+05   -6.59496e+05    2.98597e+02   -7.83917e+01

           Step           Time
          12500        6.25000

   Energies (kJ/mol)
        LJ (SR)   Coulomb (SR)   Coul. recip.      Potential    Kinetic En.
    1.41225e+05   -9.32633e+05    2.16620e+03   -7.89242e+05    1.24756e+05
   Total Energy  Conserved En.    Temperature Pressure (bar)
   -6.64486e+05   -6.59430e+05    3.00692e+02   -1.13766e+02

           Step           Time
          13000        6.50000

   Energies (kJ/mol)
        LJ (SR)   Coulomb (SR)   Coul. recip.      Potential    Kinetic En.
    1.41050e+05   -9.31599e+05    2.12126e+03   -7.88428e+05    1.23960e+05
   Total Energy  Conserved En.    Temperature Pressure (bar)
   -6.64468e+05   -6.59377e+05    2.98773e+02   -1.19387e+02

           Step           Time
          13500        6.75000

   Energies (kJ/mol)
        LJ (SR)   Coulomb (SR)   Coul. recip.      Potential    Kinetic En.
    1.39945e+05   -9.30730e+05    2.15706e+03   -7.88628e+05    1.23807e+05
   Total Energy  Conserved En.    Temperature Pressure (bar)
   -6.64821e+05   -6.59341e+05    2.98404e+02   -1.92310e+02

           Step           Time
          14000        7.00000

   Energies (kJ/mol)
        LJ (SR)   Coulomb (SR)   Coul. recip.      Potential    Kinetic En.
    1.40034e+05   -9.29979e+05    2.17047e+03   -7.87775e+05    1.23968e+05
   Total Energy  Conserved En.    Temperature Pressure (bar)
   -6.63807e+05   -6.59278e+05    2.98793e+02   -1.22009e+02

           Step           Time
          14500        7.25000

   Energies (kJ/mol)
        LJ (SR)   Coulomb (SR)   Coul. recip.      Potential    Kinetic En.
    1.41240e+05   -9.31642e+05    2.16734e+03   -7.88234e+05    1.24624e+05
   Total Energy  Conserved En.    Temperature Pressure (bar)
   -6.63611e+05   -6.59156e+05    3.00373e+02   -4.51110e+01

           Step           Time
          15000        7.50000

   Energies (kJ/mol)
        LJ (SR)   Coulomb (SR)   Coul. recip.      Potential    Kinetic En.
    1.40654e+05   -9.30852e+05    2.08801e+03   -7.88109e+05    1.25038e+05
   Total Energy  Conserved En.    Temperature Pressure (bar)
   -6.63071e+05   -6.59115e+05    3.01373e+02   -6.06052e+01

           Step           Time
          15500        7.75000

   Energies (kJ/mol)
        LJ (SR)   Coulomb (SR)   Coul. recip.      Potential    Kinetic En.
    1.40299e+05   -9.31791e+05    2.11066e+03   -7.89381e+05    1.25300e+05
   Total Energy  Conserved En.    Temperature Pressure (bar)
   -6.64081e+05   -6.59064e+05    3.02004e+02   -1.60635e+02

           Step           Time
          16000        8.00000

   Energies (kJ/mol)
        LJ (SR)   Coulomb (SR)   Coul. recip.      Potential    Kinetic En.
    1.42134e+05   -9.32199e+05    2.16903e+03   -7.87895e+05    1.23740e+05
   Total Energy  Conserved En.    Temperature Pressure (bar)
   -6.64155e+05   -6.58952e+05    2.98244e+02    8.00514e+01

           Step           Time
          16500        8.25000

   Energies (kJ/mol)
        LJ (SR)   Coulomb (SR)   Coul. recip.      Potential    Kinetic En.
    1.40041e+05   -9.30271e+05    2.13067e+03   -7.88099e+05    1.24015e+05
   Total Energy  Conserved En.    Temperature Pressure (bar)
   -6.64084e+05   -6.58982e+05    2.98906e+02   -1.50890e+02

           Step           Time
          17000        8.50000

   Energies (kJ/mol)
        LJ (SR)   Coulomb (SR)   Coul. recip.      Potential    Kinetic En.
    1.41441e+05   -9.31900e+05    2.20101e+03   -7.88258e+05    1.24613e+05
   Total Energy  Conserved En.    Temperature Pressure (bar)
   -6.63645e+05   -6.58923e+05    3.00347e+02   -7.36415e-01

           Step           Time
          17500        8.75000

   Energies (kJ/mol)
        LJ (SR)   Coulomb (SR)   Coul. recip.      Potential    Kinetic En.
    1.40717e+05   -9.30677e+05    2.13267e+03   -7.87827e+05    1.24550e+05
   Total Energy  Conserved En.    Temperature Pressure (bar)
   -6.63277e+05   -6.58874e+05    3.00196e+02   -2.63072e+01

           Step           Time
          18000        9.00000

   Energies (kJ/mol)
        LJ (SR)   Coulomb (SR)   Coul. recip.      Potential    Kinetic En.
    1.40538e+05   -9.31245e+05    2.12052e+03   -7.88587e+05    1.25031e+05
   Total Energy  Conserved En.    Temperature Pressure (bar)
   -6.63556e+05   -6.58850e+05    3.01355e+02   -8.79714e+01

           Step           Time
          18500        9.25000

   Energies (kJ/mol)
        LJ (SR)   Coulomb (SR)   Coul. recip.      Potential    Kinetic En.
    1.41373e+05   -9.32328e+05    2.00682e+03   -7.88948e+05    1.25063e+05
   Total Energy  Conserved En.    Temperature Pressure (bar)
   -6.63885e+05   -6.58871e+05    3.01431e+02   -2.27023e+01

           Step           Time
          19000        9.50000

   Energies (kJ/mol)
        LJ (SR)   Coulomb (SR)   Coul. recip.      Potential    Kinetic En.
    1.41537e+05   -9.32526e+05    2.17407e+03   -7.88815e+05    1.24555e+05
   Total Energy  Conserved En.    Temperature Pressure (bar)
   -6.64260e+05   -6.58809e+05    3.00208e+02   -1.87677e+01

           Step           Time
          19500        9.75000

   Energies (kJ/mol)
        LJ (SR)   Coulomb (SR)   Coul. recip.      Potential    Kinetic En.
    1.39631e+05   -9.30626e+05    2.05725e+03   -7.88938e+05    1.24599e+05
   Total Energy  Conserved En.    Temperature Pressure (bar)
   -6.64338e+05   -6.58837e+05    3.00315e+02   -2.02130e+02

           Step           Time
          20000       10.00000

   Energies (kJ/mol)
        LJ (SR)   Coulomb (SR)   Coul. recip.      Potential    Kinetic En.
    1.41878e+05   -9.32323e+05    2.13442e+03   -7.88310e+05    1.24442e+05
   Total Energy  Conserved En.    Temperature Pressure (bar)
   -6.63868e+05   -6.58735e+05    2.99935e+02    4.92713e+01

           Step           Time
          20500       10.25000

   Energies (kJ/mol)
        LJ (SR)   Coulomb (SR)   Coul. recip.      Potential    Kinetic En.
    1.40823e+05   -9.31679e+05    2.14891e+03   -7.88707e+05    1.24777e+05
   Total Energy  Conserved En.    Temperature Pressure (bar)
   -6.63930e+05   -6.58679e+05    3.00744e+02   -4.64696e+01

           Step           Time
          21000       10.50000

   Energies (kJ/mol)
        LJ (SR)   Coulomb (SR)   Coul. recip.      Potential    Kinetic En.
    1.42173e+05   -9.32692e+05    2.04608e+03   -7.88472e+05    1.24322e+05
   Total Energy  Conserved En.    Temperature Pressure (bar)
   -6.64150e+05   -6.58622e+05    2.99647e+02    9.96289e+01

           Step           Time
          21500       10.75000

   Energies (kJ/mol)
        LJ (SR)   Coulomb (SR)   Coul. recip.      Potential    Kinetic En.
    1.40677e+05   -9.30753e+05    2.11409e+03   -7.87962e+05    1.23930e+05
   Total Energy  Conserved En.    Temperature Pressure (bar)
   -6.64032e+05   -6.58563e+05    2.98703e+02   -3.69328e+01

           Step           Time
          22000       11.00000

   Energies (kJ/mol)
        LJ (SR)   Coulomb (SR)   Coul. recip.      Potential    Kinetic En.
    1.40403e+05   -9.30991e+05    2.19468e+03   -7.88393e+05    1.24698e+05
   Total Energy  Conserved En.    Temperature Pressure (bar)
   -6.63695e+05   -6.58533e+05    3.00552e+02   -7.31414e+01

           Step           Time
          22500       11.25000

   Energies (kJ/mol)
        LJ (SR)   Coulomb (SR)   Coul. recip.      Potential    Kinetic En.
    1.41948e+05   -9.33247e+05    2.11161e+03   -7.89188e+05    1.25651e+05
   Total Energy  Conserved En.    Temperature Pressure (bar)
   -6.63537e+05   -6.58546e+05    3.02849e+02    3.78780e+01

           Step           Time
          23000       11.50000

   Energies (kJ/mol)
        LJ (SR)   Coulomb (SR)   Coul. recip.      Potential    Kinetic En.
    1.40095e+05   -9.30947e+05    2.13413e+03   -7.88718e+05    1.25092e+05
   Total Energy  Conserved En.    Temperature Pressure (bar)
   -6.63626e+05   -6.58537e+05    3.01502e+02   -1.16622e+02

           Step           Time
          23500       11.75000

   Energies (kJ/mol)
        LJ (SR)   Coulomb (SR)   Coul. recip.      Potential    Kinetic En.
    1.40169e+05   -9.31688e+05    2.15245e+03   -7.89367e+05    1.24655e+05
   Total Energy  Conserved En.    Temperature Pressure (bar)
   -6.64712e+05   -6.58515e+05    3.00449e+02   -1.70155e+02

           Step           Time
          24000       12.00000

   Energies (kJ/mol)
        LJ (SR)   Coulomb (SR)   Coul. recip.      Potential    Kinetic En.
    1.41428e+05   -9.31748e+05    2.16226e+03   -7.88157e+05    1.24082e+05
   Total Energy  Conserved En.    Temperature Pressure (bar)
   -6.64075e+05   -6.58561e+05    2.99068e+02   -1.47234e+00

           Step           Time
          24500       12.25000

   Energies (kJ/mol)
        LJ (SR)   Coulomb (SR)   Coul. recip.      Potential    Kinetic En.
    1.42912e+05   -9.34136e+05    2.07710e+03   -7.89147e+05    1.24738e+05
   Total Energy  Conserved En.    Temperature Pressure (bar)
   -6.64409e+05   -6.58558e+05    3.00648e+02    1.45257e+02

           Step           Time
          25000       12.50000

   Energies (kJ/mol)
        LJ (SR)   Coulomb (SR)   Coul. recip.      Potential    Kinetic En.
    1.40890e+05   -9.31084e+05    2.16680e+03   -7.88027e+05    1.23906e+05
   Total Energy  Conserved En.    Temperature Pressure (bar)
   -6.64121e+05   -6.58551e+05    2.98643e+02   -4.62328e+01

           Step           Time
          25500       12.75000

   Energies (kJ/mol)
        LJ (SR)   Coulomb (SR)   Coul. recip.      Potential    Kinetic En.
    1.41717e+05   -9.32419e+05    2.22003e+03   -7.88482e+05    1.24442e+05
   Total Energy  Conserved En.    Temperature Pressure (bar)
   -6.64040e+05   -6.58540e+05    2.99936e+02    3.12327e+01

           Step           Time
          26000       13.00000

   Energies (kJ/mol)
        LJ (SR)   Coulomb (SR)   Coul. recip.      Potential    Kinetic En.
    1.40045e+05   -9.30595e+05    2.12624e+03   -7.88423e+05    1.24422e+05
   Total Energy  Conserved En.    Temperature Pressure (bar)
   -6.64001e+05   -6.58563e+05    2.99888e+02   -1.24479e+02

           Step           Time
          26500       13.25000

   Energies (kJ/mol)
        LJ (SR)   Coulomb (SR)   Coul. recip.      Potential    Kinetic En.
    1.40629e+05   -9.31201e+05    2.12554e+03   -7.88447e+05    1.24623e+05
   Total Energy  Conserved En.    Temperature Pressure (bar)
   -6.63824e+05   -6.58555e+05    3.00372e+02   -8.78471e+01

           Step           Time
          27000       13.50000

   Energies (kJ/mol)
        LJ (SR)   Coulomb (SR)   Coul. recip.      Potential    Kinetic En.
    1.39947e+05   -9.29463e+05    2.19078e+03   -7.87325e+05    1.23761e+05
   Total Energy  Conserved En.    Temperature Pressure (bar)
   -6.63564e+05   -6.58570e+05    2.98293e+02   -1.19703e+02

           Step           Time
          27500       13.75000

   Energies (kJ/mol)
        LJ (SR)   Coulomb (SR)   Coul. recip.      Potential    Kinetic En.
    1.40779e+05   -9.31845e+05    2.15045e+03   -7.88916e+05    1.24798e+05
   Total Energy  Conserved En.    Temperature Pressure (bar)
   -6.64118e+05   -6.58492e+05    3.00793e+02   -9.31549e+01

           Step           Time
          28000       14.00000

   Energies (kJ/mol)
        LJ (SR)   Coulomb (SR)   Coul. recip.      Potential    Kinetic En.
    1.41052e+05   -9.30867e+05    2.13124e+03   -7.87684e+05    1.23807e+05
   Total Energy  Conserved En.    Temperature Pressure (bar)
   -6.63876e+05   -6.58548e+05    2.98405e+02   -4.00133e+01

           Step           Time
          28500       14.25000

   Energies (kJ/mol)
        LJ (SR)   Coulomb (SR)   Coul. recip.      Potential    Kinetic En.
    1.40055e+05   -9.30759e+05    2.19050e+03   -7.88513e+05    1.24149e+05
   Total Energy  Conserved En.    Temperature Pressure (bar)
   -6.64365e+05   -6.58579e+05    2.99228e+02   -1.65779e+02

           Step           Time
          29000       14.50000

   Energies (kJ/mol)
        LJ (SR)   Coulomb (SR)   Coul. recip.      Potential    Kinetic En.
    1.41818e+05   -9.32774e+05    2.11049e+03   -7.88846e+05    1.24861e+05
   Total Energy  Conserved En.    Temperature Pressure (bar)
   -6.63984e+05   -6.58483e+05    3.00946e+02    1.42448e+01

           Step           Time
          29500       14.75000

   Energies (kJ/mol)
        LJ (SR)   Coulomb (SR)   Coul. recip.      Potential    Kinetic En.
    1.40496e+05   -9.30334e+05    2.06781e+03   -7.87769e+05    1.24254e+05
   Total Energy  Conserved En.    Temperature Pressure (bar)
   -6.63515e+05   -6.58382e+05    2.99483e+02   -5.61175e+01

           Step           Time
          30000       15.00000

   Energies (kJ/mol)
        LJ (SR)   Coulomb (SR)   Coul. recip.      Potential    Kinetic En.
    1.39242e+05   -9.29261e+05    2.08796e+03   -7.87931e+05    1.24382e+05
   Total Energy  Conserved En.    Temperature Pressure (bar)
   -6.63549e+05   -6.58488e+05    2.99791e+02   -1.97499e+02

           Step           Time
          30500       15.25000

   Energies (kJ/mol)
        LJ (SR)   Coulomb (SR)   Coul. recip.      Potential    Kinetic En.
    1.39443e+05   -9.30156e+05    2.09667e+03   -7.88616e+05    1.24411e+05
   Total Energy  Conserved En.    Temperature Pressure (bar)
   -6.64205e+05   -6.58340e+05    2.99860e+02   -1.91072e+02

           Step           Time
          31000       15.50000

   Energies (kJ/mol)
        LJ (SR)   Coulomb (SR)   Coul. recip.      Potential    Kinetic En.
    1.39768e+05   -9.29864e+05    2.14966e+03   -7.87946e+05    1.24068e+05
   Total Energy  Conserved En.    Temperature Pressure (bar)
   -6.63879e+05   -6.58340e+05    2.99033e+02   -9.52159e+01

           Step           Time
          31500       15.75000

   Energies (kJ/mol)
        LJ (SR)   Coulomb (SR)   Coul. recip.      Potential    Kinetic En.
    1.39174e+05   -9.29290e+05    2.11701e+03   -7.87999e+05    1.24817e+05
   Total Energy  Conserved En.    Temperature Pressure (bar)
   -6.63183e+05   -6.58244e+05    3.00839e+02   -1.89378e+02

           Step           Time
          32000       16.00000

   Energies (kJ/mol)
        LJ (SR)   Coulomb (SR)   Coul. recip.      Potential    Kinetic En.
    1.40466e+05   -9.30722e+05    2.14071e+03   -7.88115e+05    1.25065e+05
   Total Energy  Conserved En.    Temperature Pressure (bar)
   -6.63051e+05   -6.58172e+05    3.01436e+02   -1.88205e+01

           Step           Time
          32500       16.25000

   Energies (kJ/mol)
        LJ (SR)   Coulomb (SR)   Coul. recip.      Potential    Kinetic En.
    1.40826e+05   -9.31035e+05    2.15347e+03   -7.88055e+05    1.25474e+05
   Total Energy  Conserved En.    Temperature Pressure (bar)
   -6.62582e+05   -6.58097e+05    3.02422e+02    1.28937e+01

           Step           Time
          33000       16.50000

   Energies (kJ/mol)
        LJ (SR)   Coulomb (SR)   Coul. recip.      Potential    Kinetic En.
    1.40108e+05   -9.30416e+05    2.13979e+03   -7.88168e+05    1.25146e+05
   Total Energy  Conserved En.    Temperature Pressure (bar)
   -6.63022e+05   -6.58103e+05    3.01632e+02   -7.16313e+01

           Step           Time
          33500       16.75000

   Energies (kJ/mol)
        LJ (SR)   Coulomb (SR)   Coul. recip.      Potential    Kinetic En.
    1.40494e+05   -9.30797e+05    2.12630e+03   -7.88176e+05    1.25157e+05
   Total Energy  Conserved En.    Temperature Pressure (bar)
   -6.63020e+05   -6.58068e+05    3.01658e+02   -3.97420e+01

           Step           Time
          34000       17.00000

   Energies (kJ/mol)
        LJ (SR)   Coulomb (SR)   Coul. recip.      Potential    Kinetic En.
    1.41045e+05   -9.32456e+05    2.10323e+03   -7.89308e+05    1.25815e+05
   Total Energy  Conserved En.    Temperature Pressure (bar)
   -6.63493e+05   -6.58008e+05    3.03244e+02   -1.29197e+01

           Step           Time
          34500       17.25000

   Energies (kJ/mol)
        LJ (SR)   Coulomb (SR)   Coul. recip.      Potential    Kinetic En.
    1.41377e+05   -9.32187e+05    2.09854e+03   -7.88712e+05    1.25442e+05
   Total Energy  Conserved En.    Temperature Pressure (bar)
   -6.63270e+05   -6.57942e+05    3.02345e+02    9.39594e+01

           Step           Time
          35000       17.50000

   Energies (kJ/mol)
        LJ (SR)   Coulomb (SR)   Coul. recip.      Potential    Kinetic En.
    1.40846e+05   -9.31339e+05    2.13110e+03   -7.88361e+05    1.24906e+05
   Total Energy  Conserved En.    Temperature Pressure (bar)
   -6.63455e+05   -6.57953e+05    3.01055e+02    4.01908e+01

           Step           Time
          35500       17.75000

   Energies (kJ/mol)
        LJ (SR)   Coulomb (SR)   Coul. recip.      Potential    Kinetic En.
    1.41758e+05   -9.32419e+05    2.17071e+03   -7.88490e+05    1.24941e+05
   Total Energy  Conserved En.    Temperature Pressure (bar)
   -6.63549e+05   -6.58031e+05    3.01138e+02    1.14456e+02

           Step           Time
          36000       18.00000

   Energies (kJ/mol)
        LJ (SR)   Coulomb (SR)   Coul. recip.      Potential    Kinetic En.
    1.40533e+05   -9.30066e+05    2.12878e+03   -7.87405e+05    1.23754e+05
   Total Energy  Conserved En.    Temperature Pressure (bar)
   -6.63651e+05   -6.58063e+05    2.98277e+02   -1.43116e+01

           Step           Time
          36500       18.25000

   Energies (kJ/mol)
        LJ (SR)   Coulomb (SR)   Coul. recip.      Potential    Kinetic En.
    1.40859e+05   -9.31354e+05    2.19278e+03   -7.88302e+05    1.24699e+05
   Total Energy  Conserved En.    Temperature Pressure (bar)
   -6.63604e+05   -6.57965e+05    3.00554e+02   -4.02927e+00

           Step           Time
          37000       18.50000

   Energies (kJ/mol)
        LJ (SR)   Coulomb (SR)   Coul. recip.      Potential    Kinetic En.
    1.41029e+05   -9.31910e+05    2.21792e+03   -7.88664e+05    1.24694e+05
   Total Energy  Conserved En.    Temperature Pressure (bar)
   -6.63970e+05   -6.57950e+05    3.00543e+02    8.37410e+00

           Step           Time
          37500       18.75000

   Energies (kJ/mol)
        LJ (SR)   Coulomb (SR)   Coul. recip.      Potential    Kinetic En.
    1.39207e+05   -9.29027e+05    2.09702e+03   -7.87723e+05    1.23888e+05
   Total Energy  Conserved En.    Temperature Pressure (bar)
   -6.63835e+05   -6.57870e+05    2.98600e+02   -1.52401e+02

           Step           Time
          38000       19.00000

   Energies (kJ/mol)
        LJ (SR)   Coulomb (SR)   Coul. recip.      Potential    Kinetic En.
    1.40466e+05   -9.31926e+05    2.14456e+03   -7.89315e+05    1.25597e+05
   Total Energy  Conserved En.    Temperature Pressure (bar)
   -6.63718e+05   -6.57859e+05    3.02719e+02   -3.03313e+01

           Step           Time
          38500       19.25000

   Energies (kJ/mol)
        LJ (SR)   Coulomb (SR)   Coul. recip.      Potential    Kinetic En.
    1.39132e+05   -9.30060e+05    2.09274e+03   -7.88836e+05    1.24536e+05
   Total Energy  Conserved En.    Temperature Pressure (bar)
   -6.64299e+05   -6.57895e+05    3.00163e+02   -1.86925e+02

           Step           Time
          39000       19.50000

   Energies (kJ/mol)
        LJ (SR)   Coulomb (SR)   Coul. recip.      Potential    Kinetic En.
    1.41376e+05   -9.32916e+05    2.09391e+03   -7.89446e+05    1.25226e+05
   Total Energy  Conserved En.    Temperature Pressure (bar)
   -6.64220e+05   -6.57864e+05    3.01826e+02    1.55919e+01

           Step           Time
          39500       19.75000

   Energies (kJ/mol)
        LJ (SR)   Coulomb (SR)   Coul. recip.      Potential    Kinetic En.
    1.38507e+05   -9.29461e+05    2.11939e+03   -7.88835e+05    1.25003e+05
   Total Energy  Conserved En.    Temperature Pressure (bar)
   -6.63832e+05   -6.57895e+05    3.01288e+02   -2.60809e+02

           Step           Time
          40000       20.00000

   Energies (kJ/mol)
        LJ (SR)   Coulomb (SR)   Coul. recip.      Potential    Kinetic En.
    1.41278e+05   -9.32333e+05    2.17530e+03   -7.88880e+05    1.24967e+05
   Total Energy  Conserved En.    Temperature Pressure (bar)
   -6.63913e+05   -6.57941e+05    3.01202e+02    5.98558e+00

           Step           Time
          40500       20.25000

   Energies (kJ/mol)
        LJ (SR)   Coulomb (SR)   Coul. recip.      Potential    Kinetic En.
    1.39852e+05   -9.31335e+05    2.11055e+03   -7.89372e+05    1.25296e+05
   Total Energy  Conserved En.    Temperature Pressure (bar)
   -6.64076e+05   -6.58017e+05    3.01994e+02   -1.63871e+02

           Step           Time
          41000       20.50000

   Energies (kJ/mol)
        LJ (SR)   Coulomb (SR)   Coul. recip.      Potential    Kinetic En.
    1.42345e+05   -9.33165e+05    2.09859e+03   -7.88722e+05    1.24871e+05
   Total Energy  Conserved En.    Temperature Pressure (bar)
   -6.63851e+05   -6.58103e+05    3.00970e+02    1.03627e+02

           Step           Time
          41500       20.75000

   Energies (kJ/mol)
        LJ (SR)   Coulomb (SR)   Coul. recip.      Potential    Kinetic En.
    1.41022e+05   -9.31664e+05    2.15159e+03   -7.88490e+05    1.25020e+05
   Total Energy  Conserved En.    Temperature Pressure (bar)
   -6.63470e+05   -6.58058e+05    3.01329e+02   -3.96724e+01

           Step           Time
          42000       21.00000

   Energies (kJ/mol)
        LJ (SR)   Coulomb (SR)   Coul. recip.      Potential    Kinetic En.
    1.40598e+05   -9.32131e+05    2.09264e+03   -7.89441e+05    1.25656e+05
   Total Energy  Conserved En.    Temperature Pressure (bar)
   -6.63785e+05   -6.57931e+05    3.02860e+02   -6.07211e+01

           Step           Time
          42500       21.25000

   Energies (kJ/mol)
        LJ (SR)   Coulomb (SR)   Coul. recip.      Potential    Kinetic En.
    1.41893e+05   -9.32274e+05    2.12917e+03   -7.88253e+05    1.24080e+05
   Total Energy  Conserved En.    Temperature Pressure (bar)
   -6.64173e+05   -6.57833e+05    2.99063e+02    1.14037e+02

           Step           Time
          43000       21.50000

   Energies (kJ/mol)
        LJ (SR)   Coulomb (SR)   Coul. recip.      Potential    Kinetic En.
    1.42557e+05   -9.33809e+05    2.10138e+03   -7.89150e+05    1.24888e+05
   Total Energy  Conserved En.    Temperature Pressure (bar)
   -6.64263e+05   -6.57773e+05    3.01010e+02    1.75195e+02

           Step           Time
          43500       21.75000

   Energies (kJ/mol)
        LJ (SR)   Coulomb (SR)   Coul. recip.      Potential    Kinetic En.
    1.41487e+05   -9.33292e+05    2.17156e+03   -7.89634e+05    1.25205e+05
   Total Energy  Conserved En.    Temperature Pressure (bar)
   -6.64430e+05   -6.57741e+05    3.01774e+02    1.72068e+01

           Step           Time
          44000       22.00000

   Energies (kJ/mol)
        LJ (SR)   Coulomb (SR)   Coul. recip.      Potential    Kinetic En.
    1.43178e+05   -9.35145e+05    2.07006e+03   -7.89896e+05    1.25029e+05
   Total Energy  Conserved En.    Temperature Pressure (bar)
   -6.64867e+05   -6.57678e+05    3.01351e+02    1.97702e+02

           Step           Time
          44500       22.25000

   Energies (kJ/mol)
        LJ (SR)   Coulomb (SR)   Coul. recip.      Potential    Kinetic En.
    1.42327e+05   -9.33845e+05    2.09671e+03   -7.89422e+05    1.25008e+05
   Total Energy  Conserved En.    Temperature Pressure (bar)
   -6.64414e+05   -6.57696e+05    3.01300e+02    1.49174e+02

           Step           Time
          45000       22.50000

   Energies (kJ/mol)
        LJ (SR)   Coulomb (SR)   Coul. recip.      Potential    Kinetic En.
    1.39383e+05   -9.30573e+05    2.09892e+03   -7.89092e+05    1.25443e+05
   Total Energy  Conserved En.    Temperature Pressure (bar)
   -6.63649e+05   -6.57649e+05    3.02348e+02   -1.25260e+02

           Step           Time
          45500       22.75000

   Energies (kJ/mol)
        LJ (SR)   Coulomb (SR)   Coul. recip.      Potential    Kinetic En.
    1.42721e+05   -9.34316e+05    2.08351e+03   -7.89511e+05    1.25397e+05
   Total Energy  Conserved En.    Temperature Pressure (bar)
   -6.64115e+05   -6.57636e+05    3.02236e+02    2.08551e+02

           Step           Time
          46000       23.00000

   Energies (kJ/mol)
        LJ (SR)   Coulomb (SR)   Coul. recip.      Potential    Kinetic En.
    1.41298e+05   -9.33695e+05    2.17487e+03   -7.90223e+05    1.25053e+05
   Total Energy  Conserved En.    Temperature Pressure (bar)
   -6.65170e+05   -6.57516e+05    3.01408e+02   -1.07414e+01

           Step           Time
          46500       23.25000

   Energies (kJ/mol)
        LJ (SR)   Coulomb (SR)   Coul. recip.      Potential    Kinetic En.
    1.39827e+05   -9.31431e+05    2.12263e+03   -7.89481e+05    1.24273e+05
   Total Energy  Conserved En.    Temperature Pressure (bar)
   -6.65207e+05   -6.57395e+05    2.99529e+02   -6.22904e+01

           Step           Time
          47000       23.50000

   Energies (kJ/mol)
        LJ (SR)   Coulomb (SR)   Coul. recip.      Potential    Kinetic En.
    1.40789e+05   -9.31821e+05    2.11142e+03   -7.88921e+05    1.23696e+05
   Total Energy  Conserved En.    Temperature Pressure (bar)
   -6.65226e+05   -6.57387e+05    2.98136e+02    6.52012e+01

           Step           Time
          47500       23.75000

   Energies (kJ/mol)
        LJ (SR)   Coulomb (SR)   Coul. recip.      Potential    Kinetic En.
    1.39548e+05   -9.31534e+05    2.17059e+03   -7.89815e+05    1.24719e+05
   Total Energy  Conserved En.    Temperature Pressure (bar)
   -6.65097e+05   -6.57385e+05    3.00602e+02   -1.41940e+02

           Step           Time
          48000       24.00000

   Energies (kJ/mol)
        LJ (SR)   Coulomb (SR)   Coul. recip.      Potential    Kinetic En.
    1.42038e+05   -9.32669e+05    2.03975e+03   -7.88590e+05    1.24296e+05
   Total Energy  Conserved En.    Temperature Pressure (bar)
   -6.64294e+05   -6.57377e+05    2.99585e+02    2.26668e+02

           Step           Time
          48500       24.25000

   Energies (kJ/mol)
        LJ (SR)   Coulomb (SR)   Coul. recip.      Potential    Kinetic En.
    1.41171e+05   -9.31898e+05    2.08578e+03   -7.88640e+05    1.23796e+05
   Total Energy  Conserved En.    Temperature Pressure (bar)
   -6.64844e+05   -6.57391e+05    2.98378e+02    7.29377e+01

           Step           Time
          49000       24.50000

   Energies (kJ/mol)
        LJ (SR)   Coulomb (SR)   Coul. recip.      Potential    Kinetic En.
    1.38708e+05   -9.29623e+05    2.09890e+03   -7.88816e+05    1.23227e+05
   Total Energy  Conserved En.    Temperature Pressure (bar)
   -6.65589e+05   -6.57469e+05    2.97007e+02   -1.66696e+02

           Step           Time
          49500       24.75000

   Energies (kJ/mol)
        LJ (SR)   Coulomb (SR)   Coul. recip.      Potential    Kinetic En.
    1.40581e+05   -9.31871e+05    2.12027e+03   -7.89170e+05    1.23762e+05
   Total Energy  Conserved En.    Temperature Pressure (bar)
   -6.65408e+05   -6.57470e+05    2.98295e+02   -2.94198e+01

           Step           Time
          50000       25.00000

Writing checkpoint, step 50000 at Sat Sep  5 13:12:56 2026


   Energies (kJ/mol)
        LJ (SR)   Coulomb (SR)   Coul. recip.      Potential    Kinetic En.
    1.40853e+05   -9.32884e+05    2.05265e+03   -7.89978e+05    1.24176e+05
   Total Energy  Conserved En.    Temperature Pressure (bar)
   -6.65802e+05   -6.57411e+05    2.99295e+02    1.84430e+01


Energy conservation over simulation part #1 of length 25 ps, time 0 to 25 ps
  Conserved energy drift: 2.07e-03 kJ/mol/ps per atom


	<======  ###############  ==>
	<====  A V E R A G E S  ====>
	<==  ###############  ======>

	Statistics over 50001 steps using 501 frames

   Energies (kJ/mol)
        LJ (SR)   Coulomb (SR)   Coul. recip.      Potential    Kinetic En.
    1.40568e+05   -9.30971e+05    2.13880e+03   -7.88265e+05    1.24573e+05
   Total Energy  Conserved En.    Temperature Pressure (bar)
   -6.63692e+05   -6.58748e+05    3.00252e+02   -8.10662e+01

          Box-X          Box-Y          Box-Z
    7.20028e+00    7.20028e+00    9.75434e+00

   Total Virial (kJ/mol)
    4.24261e+04    3.84521e+02    8.13404e+01
    3.82346e+02    4.30014e+04    2.04801e+01
    7.60573e+01    1.95834e+01    4.28740e+04

   Pressure (bar)
   -5.73822e+01   -2.65324e+01   -3.90035e+00
   -2.63895e+01   -9.81756e+01   -7.32926e-01
   -3.55357e+00   -6.75258e-01   -8.76409e+01


	M E G A - F L O P S   A C C O U N T I N G

 NB=Group-cutoff nonbonded kernels    NxN=N-by-N cluster Verlet kernels
 RF=Reaction-Field  VdW=Van der Waals  QSTab=quadratic-spline table
 W3=SPC/TIP3p  W4=TIP4p (single or pairs)
 V&F=Potential and force  V=Potential only  F=Force only

 Computing:                               M-Number         M-Flops  % Flops
-----------------------------------------------------------------------------
 Pair Search distance check           18275.013526      164475.122     0.1
 NxN Ewald Elec. + LJ [F]           1388225.939760    91622912.024    49.0
 NxN Ewald Elec. + LJ [V&F]           14050.713680     1503426.364     0.8
 NxN Ewald Elec. [F]                1387702.861776    84649874.568    45.2
 NxN Ewald Elec. [V&F]                14045.414576     1179814.824     0.6
 Calc Weights                          9980.599608      359301.586     0.2
 Spread Q Bspline                    212919.458304      425838.917     0.2
 Gather F Bspline                    212919.458304     1277516.750     0.7
 3D-FFT                              632826.056268     5062608.450     2.7
 Solve PME                             8806.576128      563620.872     0.3
 Reset In Box                            33.268000          99.804     0.0
 CG-CoM                                  33.334536         100.004     0.0
 Virial                                  33.357081         600.427     0.0
 Stop-CM                                 33.334536         333.345     0.0
 P-Coupling                              33.334536         200.007     0.0
 Calc-Ekin                               66.669072        1800.065     0.0
 Constraint-V                          2495.149902       22456.349     0.0
 Constraint-Vir                          25.000902         600.022     0.0
 Settle                                 831.716634      307735.155     0.2
 Virtual Site 3                         840.050268       31081.860     0.0
-----------------------------------------------------------------------------
 Total                                               187174396.515   100.0
-----------------------------------------------------------------------------


    D O M A I N   D E C O M P O S I T I O N   S T A T I S T I C S

 av. #atoms communicated per step for force:  2 x 0.0


      R E A L   C Y C L E   A N D   T I M E   A C C O U N T I N G

On 1 MPI rank, each using 12 OpenMP threads

 Activity:              Num   Num      Call    Wall time         Giga-Cycles
                        Ranks Threads  Count      (s)         total sum    %
--------------------------------------------------------------------------------
 Domain decomp.            1   12        500       2.347         72.999   0.3
 Vsite constr.             1   12      50001       2.410         74.956   0.3
 Neighbor search           1   12        501       9.871        307.023   1.1
 Force                     1   12      50001     694.150      21590.731  78.0
 PME mesh                  1   12      50001     149.444       4648.298  16.8
 NB X/F buffer ops.        1   12     100002      11.811        367.366   1.3
 Vsite spread              1   12      50502       3.730        116.014   0.4
 Write traj.               1   12         51       0.466         14.502   0.1
 Update                    1   12      50001       9.002        279.989   1.0
 Constraints               1   12      50001       5.068        157.639   0.6
 Kinetic energy            1   12       1001       0.130          4.056   0.0
 Rest                                              0.961         29.905   0.1
--------------------------------------------------------------------------------
 Total                                           889.391      27663.480 100.0
--------------------------------------------------------------------------------
 Breakdown of PME mesh activities
--------------------------------------------------------------------------------
 PME spread                1   12      50001      58.280       1812.729   6.6
 PME gather                1   12      50001      37.294       1159.982   4.2
 PME 3D-FFT                1   12     100002      50.674       1576.165   5.7
 PME solve Elec            1   12      50001       2.974         92.513   0.3
--------------------------------------------------------------------------------

               Core t (s)   Wall t (s)        (%)
       Time:    10672.688      889.391     1200.0
                 (ns/day)    (hour/ns)
Performance:        2.429        9.882
Finished mdrun on rank 0 Sat Sep  5 13:12:56 2026

