============================================================================
F46R — 0-200 ps COLLECTIVE POLARIZATION ANALYSIS
============================================================================
ENGINEERED_EXTENSION_XTC=/Users/alejandro/projects/Multiscale-Simulation-Project/Microtubule_Inspired_Phase0/runs/phase2/day048_f46q_collective_200ps_extension/engineered/engineered_extend_100ps.part0002.xtc
BULK_EXTENSION_XTC=/Users/alejandro/projects/Multiscale-Simulation-Project/Microtubule_Inspired_Phase0/runs/phase2/day048_f46q_collective_200ps_extension/bulk/bulk_extend_100ps.part0002.xtc

LOADING_ENGINEERED=YES
ENGINEERED_N_WATER=16634
ENGINEERED_N_FRAMES=401
ENGINEERED_FIRST_PS=0.0
ENGINEERED_LAST_PS=200.0
ENGINEERED_TRAJECTORY_GATE=PASS

LOADING_BULK=YES
BULK_N_WATER=16634
BULK_N_FRAMES=401
BULK_FIRST_PS=0.0
BULK_LAST_PS=200.0
BULK_TRAJECTORY_GATE=PASS

============================================================================
F46R FULL 0-200 ps RESULTS
============================================================================

ENGINEERED
XX=70.95153644058249
YY=38.63119763065464
ZZ=42.79482951151442
XY=-13.962019433356053
XZ=-22.190701756863493
YZ=4.186480237891706
TRACE=152.37756358275155
DIAG_CV=0.3461514504820315
DIAG_MAX_MIN_RATIO=1.8366382818088198
FIRST_ZERO_INTEGRAL_PS=7.621186409526426
FIRST_ZERO_TIME_PS=25.0
C_M_2PS=0.7852267196307705
C_M_5PS=0.5561202395846986
C_M_10PS=0.30543201829575733

BULK
XX=104.76798692271593
YY=35.58799004150063
ZZ=51.19970216494394
XY=-7.000401021567952
XZ=-4.4837227157617905
YZ=-1.5387928025581155
TRACE=191.5556791291605
DIAG_CV=0.5682520559716832
DIAG_MAX_MIN_RATIO=2.943914135092812
FIRST_ZERO_INTEGRAL_PS=8.133712853610739
FIRST_ZERO_TIME_PS=23.0
C_M_2PS=0.8107113107424765
C_M_5PS=0.5859663948738086
C_M_10PS=0.3576252967684677

============================================================================
F46R BULK CUMULATIVE ISOTROPY
============================================================================
 end_ps         XX        YY        ZZ      trace  diag_cv  diag_max_min_ratio
     25  77.379458 27.072780 13.941574 118.393811 0.848487            5.550267
     50 162.546404 20.503319 41.029400 224.079122 1.027838            7.927810
     75 126.645064 26.945608 34.752681 188.343353 0.883154            4.700026
    100 111.538485 34.232970 35.071467 180.842921 0.736423            3.258218
    125 141.532274 31.899586 34.721151 208.153011 0.900749            4.436806
    150 131.463137 35.507745 32.450810 199.421692 0.846995            4.051151
    175 117.662089 35.552128 48.901581 202.115798 0.653997            3.309565
    200 104.767987 35.587990 51.199702 191.555679 0.568252            2.943914

============================================================================
F46R INDEPENDENT 100 ps BLOCKS
============================================================================
    system  start_ps  end_ps         XX        YY        ZZ      trace  diag_cv  diag_max_min_ratio
engineered         0     100  66.698213 28.943849 49.203510 144.845573 0.391328            2.304400
engineered       100     200  28.363095 44.577959 36.212669 109.153723 0.222864            1.571689
      bulk         0     100 111.538485 34.232970 35.071467 180.842921 0.736423            3.258218
      bulk       100     200  57.357827 35.148785 62.453978 154.960590 0.281082            1.776846

============================================================================
F46R COLLECTIVE CORRELATION STATIONARITY
============================================================================
    system  start_ps  end_ps  duration_ps    C_2ps    C_5ps    C_10ps  integral_5ps  integral_10ps  first_zero_integral_ps  first_zero_time_ps
engineered         0     200          200 0.785227 0.556120  0.305432      3.742538       5.793570                7.621186                25.0
engineered        50     200          150 0.735972 0.457090  0.179968      3.453494       4.909242                5.794424                19.5
engineered       100     200          100 0.698292 0.399728  0.100126      3.276260       4.316491                4.782732                18.5
engineered       150     200           50 0.694461 0.404258  0.075752      3.258070       4.273714                4.490660                14.5
      bulk         0     200          200 0.810711 0.585966  0.357625      3.881649       6.165881                8.133713                23.0
      bulk        50     200          150 0.790704 0.574272  0.313758      3.806579       5.969851                7.689967                23.0
      bulk       100     200          100 0.786462 0.526359  0.264428      3.735519       5.660769                6.489131                16.0
      bulk       150     200           50 0.729467 0.374126 -0.003821      3.400334       4.258581                4.258581                10.0

============================================================================
F46R ENGINEERED / BULK
============================================================================
TRACE_RATIO_ENGINEERED_OVER_BULK=0.795474006699
XX_RATIO_ENGINEERED_OVER_BULK=0.677225348359
YY_RATIO_ENGINEERED_OVER_BULK=1.085512207506
ZZ_RATIO_ENGINEERED_OVER_BULK=0.835841376062
BULK_200PS_ISOTROPY_GATE=FAIL
F46R_DECISION=M3P5_COLLECTIVE_SAMPLING_STILL_NOT_CONVERGED

F46R_ANALYSIS_COMPLETE=YES
