                      :-) GROMACS - gmx mdrun, 2025.4 (-:

Executable:   /usr/local/gromacs/bin/gmx
Data prefix:  /usr/local/gromacs
Working dir:  /Users/alejandro/projects/Multiscale-Simulation-Project/Microtubule_Inspired_Phase0/runs/phase1A/day023_confinement_design/16_r2_frozen_solute_nvt_20ps
Command line:
  gmx mdrun -s /Users/alejandro/projects/Multiscale-Simulation-Project/Microtubule_Inspired_Phase0/runs/phase1A/day023_confinement_design/15_r2_frozen_solute_nvt_20ps_preparation/r2_frozen_solute_nvt_20ps.tpr -deffnm /Users/alejandro/projects/Multiscale-Simulation-Project/Microtubule_Inspired_Phase0/runs/phase1A/day023_confinement_design/16_r2_frozen_solute_nvt_20ps/r2_frozen_solute_nvt_20ps -ntmpi 1 -ntomp 4

Reading file /Users/alejandro/projects/Multiscale-Simulation-Project/Microtubule_Inspired_Phase0/runs/phase1A/day023_confinement_design/15_r2_frozen_solute_nvt_20ps_preparation/r2_frozen_solute_nvt_20ps.tpr, VERSION 2025.4 (single precision)
Multiple energy groups is not implemented for GPUs, falling back to the CPU. For better performance, run on the GPU without energy groups and then do gmx mdrun -rerun option on the trajectory with an energy group .tpr file.
Changing nstlist from 20 to 100, rlist from 1.2 to 1.252


Update groups can not be used for this system because atoms that are (in)directly constrained together are interdispersed with other atoms

Using 1 MPI thread
Using 4 OpenMP threads 

starting mdrun 'h-BN fixed dummy scaffold + 4 pyrenes + TIP4P/2005 water'
40000 steps,     20.0 ps.

Writing final coordinates.

               Core t (s)   Wall t (s)        (%)
       Time:     4865.215     1216.304      400.0
                 (ns/day)    (hour/ns)
Performance:        1.421       16.893

GROMACS reminds you: "What's Your Definition Of Dirty ?" (G. Michael)

