Starting R2 frozen-solute NVT screening run.
HBN, all PYR molecules, and both partial caps are frozen.
Only TIP4P/2005 water is mobile and thermostatted.
Expected steps / duration / frames: 40000 / 20.0 ps / 41
                      :-) GROMACS - gmx mdrun, 2025.4 (-:

Executable:   /usr/local/gromacs/bin/gmx
Data prefix:  /usr/local/gromacs
Working dir:  /Users/alejandro/projects/Multiscale-Simulation-Project/Microtubule_Inspired_Phase0/runs/phase1A/day023_confinement_design/16_r2_frozen_solute_nvt_20ps
Command line:
  gmx mdrun -s /Users/alejandro/projects/Multiscale-Simulation-Project/Microtubule_Inspired_Phase0/runs/phase1A/day023_confinement_design/15_r2_frozen_solute_nvt_20ps_preparation/r2_frozen_solute_nvt_20ps.tpr -deffnm /Users/alejandro/projects/Multiscale-Simulation-Project/Microtubule_Inspired_Phase0/runs/phase1A/day023_confinement_design/16_r2_frozen_solute_nvt_20ps/r2_frozen_solute_nvt_20ps -ntmpi 1 -ntomp 4

Reading file /Users/alejandro/projects/Multiscale-Simulation-Project/Microtubule_Inspired_Phase0/runs/phase1A/day023_confinement_design/15_r2_frozen_solute_nvt_20ps_preparation/r2_frozen_solute_nvt_20ps.tpr, VERSION 2025.4 (single precision)
Multiple energy groups is not implemented for GPUs, falling back to the CPU. For better performance, run on the GPU without energy groups and then do gmx mdrun -rerun option on the trajectory with an energy group .tpr file.
Changing nstlist from 20 to 100, rlist from 1.2 to 1.252


Update groups can not be used for this system because atoms that are (in)directly constrained together are interdispersed with other atoms

Using 1 MPI thread
Using 4 OpenMP threads 

starting mdrun 'h-BN fixed dummy scaffold + 4 pyrenes + TIP4P/2005 water'
40000 steps,     20.0 ps.

Writing final coordinates.

               Core t (s)   Wall t (s)        (%)
       Time:     4865.215     1216.304      400.0
                 (ns/day)    (hour/ns)
Performance:        1.421       16.893

GROMACS reminds you: "What's Your Definition Of Dirty ?" (G. Michael)


Day023 R2 frozen-solute NVT 20 ps execution and validation completed.
Mdrun / trajectory-check return codes: 0/0
Finished / checkpoint / instabilities: YES / YES / NONE
Trajectory frames / time range / interval: 41 / 0.000-20.000 ps / 0.500000 ps
Full temperature mean/std/min/max: 298.1977/10.9859/179.1389/303.7430 K
Post-5ps temperature mean/std/min/max/slope: 299.7600/1.2273/296.2640/303.7430/-0.046683 K / K / K / K / K ps^-1
Theoretical canonical temperature std: 1.345772 K
Maximum HBN/PYR/CAPS displacement: 0.000000000000/0.000000000000/0.000000000000 nm
Water-O final RMS/max displacement: 0.563030/2.998818 nm
Lumen occupancy initial/mean/min/max/endpoint: 428/420.8537/414/429/416
Second-half occupancy mean/slope: 416.7619/-0.509091 waters / waters ps^-1
Endpoint initial-lumen identity retention: 414/428 (0.967290)
Minimum CAP-OW distance: 0.169759 nm
Potential initial/final/change: -904577.625000/-767611.562500/136966.062500 kJ/mol
CAP-SOL LJ initial/final/maximum: 14.025614/30.687595/74.219818 kJ/mol
Decision: R2_FROZEN_SOLUTE_NVT_20PS_REQUIRES_REVIEW
Failed gates: second_half_occupancy_slope_is_acceptable
Checkpoint-continuation preparation authorized: NO
Checkpoint-continuation execution authorized: NO
Long mobile MD authorized: NO
Multitemperature MD authorized: NO
QM recalculation authorized: NO
Required next step: REVIEW_R2_FROZEN_SOLUTE_NVT_20PS_GATE_FAILURES
Wrote: runs/phase1A/day023_confinement_design/16_r2_frozen_solute_nvt_20ps/r2_frozen_solute_nvt_20ps.gro
Wrote: runs/phase1A/day023_confinement_design/16_r2_frozen_solute_nvt_20ps/r2_frozen_solute_nvt_20ps.xtc
Wrote: runs/phase1A/day023_confinement_design/16_r2_frozen_solute_nvt_20ps/r2_frozen_solute_nvt_20ps.edr
Wrote: runs/phase1A/day023_confinement_design/16_r2_frozen_solute_nvt_20ps/r2_frozen_solute_nvt_20ps.cpt
Wrote: runs/phase1A/day023_confinement_design/16_r2_frozen_solute_nvt_20ps/r2_frozen_solute_nvt_20ps_lumen_occupancy.csv
Wrote: runs/phase1A/day023_confinement_design/16_r2_frozen_solute_nvt_20ps/r2_frozen_solute_nvt_20ps_energy_series.csv
Wrote: runs/phase1A/day023_confinement_design/16_r2_frozen_solute_nvt_20ps/r2_frozen_solute_nvt_20ps_summary.csv
Wrote: runs/phase1A/day023_confinement_design/16_r2_frozen_solute_nvt_20ps/r2_frozen_solute_nvt_20ps_gates.csv
Wrote: runs/phase1A/day023_confinement_design/16_r2_frozen_solute_nvt_20ps/R2_FROZEN_SOLUTE_NVT_20PS_VALIDATION_DAY023.md
Traceback (most recent call last):
  File "/Users/alejandro/projects/Multiscale-Simulation-Project/Microtubule_Inspired_Phase0/scripts/phase1A/run_and_validate_day023_r2_frozen_solute_nvt_20ps.py", line 2302, in <module>
    main()
  File "/Users/alejandro/projects/Multiscale-Simulation-Project/Microtubule_Inspired_Phase0/scripts/phase1A/run_and_validate_day023_r2_frozen_solute_nvt_20ps.py", line 2295, in main
    raise RuntimeError(
RuntimeError: R2 frozen-solute NVT 20 ps requires review.
