========================================================================================
F46AE — FINAL ENGINEERED 3×500 ps CONVERGENCE
========================================================================================
F46R_VALIDATED_METHOD_IMPORT=PASS
ENGINEERED_R1_500PS_INPUT_GATE=PASS
ENGINEERED_R2_500PS_INPUT_GATE=PASS
ENGINEERED_R3_500PS_INPUT_GATE=PASS
F46AE_ENGINEERED_INPUT_GATE=PASS

========================================================================================
ENGINEERED INDIVIDUAL TENSORS — 0-500 ps
========================================================================================
replica        XX        YY        ZZ      trace      eig1      eig2      eig3
     R1 51.626330 46.335482 49.696015 147.657828 67.422464 41.699270 38.536094
     R2 42.625660 47.296384 52.242041 142.164084 61.026704 49.049889 32.087491
     R3 64.241634 61.305226 50.723097 176.269957 87.073673 58.450715 30.745569

========================================================================================
ENGINEERED EQUAL-WEIGHT ENSEMBLE — CONVERGENCE WINDOWS
========================================================================================
 window        XX        YY        ZZ      trace      eig1      eig2      eig3  diag_cv
  0_300 59.144043 46.083648 42.698903 147.926594 66.853043 44.726599 36.346953 0.176115
  0_400 52.943337 47.785845 54.937406 155.666588 68.227212 47.452243 39.987133 0.071124
  0_500 52.831208 51.645697 50.887051 155.363956 63.102995 50.470097 41.790864 0.018921
200_500 42.436387 55.252036 52.004313 149.692737 65.226893 44.267165 40.198679 0.133524
300_500 41.439395 55.995713 62.150434 159.585542 74.480463 44.706585 40.398494 0.199938
400_500 42.111439 41.663071 31.285404 115.059914 49.244519 41.614451 24.200944 0.159702

========================================================================================
PRIMARY TENSOR CONVERGENCE — 0-400 -> 0-500
========================================================================================
observable  ensemble_0_400  ensemble_0_500  absolute_change  relative_change_percent  between_replica_sd_0_500  change_over_sd  gate
     trace      155.666588      155.363956         0.302632                 0.194410                 18.312317        0.016526  True
      eig1       68.227212       63.102995         5.124217                 7.510518                 13.573997        0.377502  True
      eig2       47.452243       50.470097         3.017853                 6.359769                  8.396607        0.359413  True
      eig3       39.987133       41.790864         1.803732                 4.510780                  4.164883        0.433081  True
F46AE_PRIMARY_TENSOR_CONVERGENCE_GATE=PASS

========================================================================================
FULL 0-500 ps EFFECTIVE SAMPLE SIZE
========================================================================================
replica window observable  tau_int_ps      Neff
     R1  0_500        Mx2    6.237668 40.119160
     R1  0_500        My2    3.597934 69.553796
     R1  0_500        Mz2    3.867370 64.708054
     R1  0_500   M2_trace    5.493632 45.552743
     R2  0_500        Mx2    3.252488 76.941094
     R2  0_500        My2    3.648339 68.592854
     R2  0_500        Mz2    3.699656 67.641420
     R2  0_500   M2_trace    3.106244 80.563525
     R3  0_500        Mx2    4.815318 51.969568
     R3  0_500        My2    3.469840 72.121487
     R3  0_500        Mz2    5.361234 46.677683
     R3  0_500   M2_trace    3.397714 73.652452
MIN_FULL500_NEFF=40.1191603218886
F46AE_NEFF_GATE=PASS

========================================================================================
COLLECTIVE-CORRELATION CONVERGENCE
========================================================================================
            observable  mean_0_400  mean_0_500  absolute_change  sd_between_replica_0_500  change_over_sd  gate
          integral_5ps    3.877053    3.877026         0.000027                  0.096878        0.000277  True
         integral_10ps    6.274575    6.322325         0.047750                  0.273422        0.174639  True
first_zero_integral_ps    9.364720   10.273474         0.908753                  1.868252        0.486419  True
F46AE_CORRELATION_SUPPORT_GATE=PASS

========================================================================================
PRINCIPAL AXES — ENGINEERED 0-500 ps
========================================================================================
window  eigen_index replica  ensemble_gap_fraction  angle_deg interpretation
 0_500            1      R1               0.200195  10.877403  INTERPRETABLE
 0_500            1      R2               0.200195  70.343576  INTERPRETABLE
 0_500            1      R3               0.200195   8.424327  INTERPRETABLE
 0_500            2      R1               0.171968  28.686278  INTERPRETABLE
 0_500            2      R2               0.171968  55.726622  INTERPRETABLE
 0_500            2      R3               0.171968  16.657900  INTERPRETABLE
 0_500            3      R1               0.171968  26.559790  INTERPRETABLE
 0_500            3      R2               0.171968  89.525149  INTERPRETABLE
 0_500            3      R3               0.171968  14.797336  INTERPRETABLE

========================================================================================
MATCHED ENGINEERED vs BULK — 0-300 ps
========================================================================================
observable  engineered       bulk  percent_difference  same_sign_replica_count  difference_over_combined_sd
        XX   59.144043  60.781078           -2.693330                        2                     0.063129
        YY   46.083648  47.307605           -2.587230                        2                     0.061157
        ZZ   42.698903  60.628049          -29.572362                        3                     0.825517
     trace  147.926594 168.716732          -12.322511                        2                     0.567767
      eig1   66.853043  67.669847           -1.207043                        2                     0.029452
      eig2   44.726599  56.012187          -20.148451                        2                     1.360484
      eig3   36.346953  45.034698          -19.291226                        3                     1.407222

========================================================================================
MATCHED ENGINEERED vs BULK — LATE 200-300 ps
========================================================================================
observable  engineered       bulk  percent_difference  same_sign_replica_count  difference_over_combined_sd
        XX   43.502963  52.060395          -16.437510                        3                     0.483226
        YY   53.268215  29.205672           82.389969                        2                     1.395198
        ZZ   30.388855  55.777110          -45.517337                        3                     0.785496
     trace  127.160034 137.043177           -7.211701                        2                     0.217355
      eig1   61.595439  65.416345           -5.840905                        2                     0.145237
      eig2   35.930876  44.943513          -20.053256                        2                     0.452259
      eig3   29.633719  26.683319           11.057097                        2                     0.471105

========================================================================================
PERSISTENT / TRANSIENT CLASSIFICATION
========================================================================================
observable  full_0_300_percent_difference  late_200_300_percent_difference  late_same_sign_replica_count  late_difference_over_combined_sd     classification
        XX                      -2.693330                       -16.437510                             3                          0.483226 UNRESOLVED_OR_WEAK
        YY                      -2.587230                        82.389969                             2                          1.395198 UNRESOLVED_OR_WEAK
        ZZ                     -29.572362                       -45.517337                             3                          0.785496 UNRESOLVED_OR_WEAK
     trace                     -12.322511                        -7.211701                             2                          0.217355 UNRESOLVED_OR_WEAK
      eig1                      -1.207043                        -5.840905                             2                          0.145237 UNRESOLVED_OR_WEAK
      eig2                     -20.148451                       -20.053256                             2                          0.452259 UNRESOLVED_OR_WEAK
      eig3                     -19.291226                        11.057097                             2                          0.471105 UNRESOLVED_OR_WEAK

========================================================================================
FINAL F46AE ADJUDICATION
========================================================================================
F46AE_ENGINEERED_CONVERGENCE_GATE=PASS
F46AE_DECISION=ENGINEERED_COLLECTIVE_RESPONSE_CONVERGED
NO_COHERENCE_LIFETIME_INFERRED=YES
F46AE_FINAL_ANALYSIS_COMPLETE=YES
