==================================================================================================================================================
PHASE5-F45D — FINAL M5 EXCITON DYNAMICS / FEASIBILITY GATE
PURPOSE=CLOSE_MILESTONE_5_AND_FREEZE_SCIENTIFIC_INTERPRETATION
==================================================================================================================================================

[1] SOURCE AUDIT
---------------------------------------------------------------------------------------------------------
F45A_M4_FINAL_GATE=FOUND path=Microtubule_Inspired_Phase0/runs/phase2/campaign_phase5_corrected/project_closure_control/f45a_m4_final_exciton_gate/PHASE5_F45A_M4_FINAL_EXCITON_GATE.json
F45B_DYNAMICS_REVALIDATION=FOUND path=Microtubule_Inspired_Phase0/runs/phase2/campaign_phase5_corrected/project_closure_control/f45b_m5_dynamics_revalidation/PHASE5_F45B_M5_DYNAMICS_REVALIDATION.log
F45C_FINAL_SYNTHESIS=FOUND path=Microtubule_Inspired_Phase0/runs/phase2/campaign_phase5_corrected/project_closure_control/f45c_m5_final_synthesis/PHASE5_F45C_M5_FINAL_SYNTHESIS.log

[2] FROZEN HAMILTONIAN CONTRACT
-------------------------------------------------------------------------------------------------------------------
PRIMARY_MODEL=4_STATE_TRACKED_BRIGHT
SENSITIVITY_MODEL=8_STATE_S1_S2
EXCITONIC_REGIME=WEAK_COUPLING_STRONG_ENERGETIC_DETUNING
J_BRIGHT_MAX_MEV=1.4242392002169328
MIN_LOCAL_S1_S2_GAP_MEV=53.0
MAX_DIAGONAL_SD_MEV=16.034
PYR5_OFFSET_MEV=308.794

[3] EXISTING M5 DYNAMICS COVERAGE
-------------------------------------------------------------------------------------------------------------------
POPULATION_DYNAMICS=PASS
DEPHASING_SENSITIVITY=PASS
HIGH_DEPHASING_ZENO=PASS
COMBINED_DEPHASING_RELAXATION=PASS
NUMERICAL_VALIDATION=PASS

[4] NUMERICAL QUALITY CONTRACT
-------------------------------------------------------------------------------------------------------------------
TRACE_PRESERVATION=PASS
HERMITICITY_PRESERVATION=PASS
DENSITY_MATRIX_POSITIVITY=PASS_WITHIN_NUMERICAL_PRECISION
GAMMA_ZERO_LIMIT=VALIDATED
OPEN_SYSTEM_SOLVER_NUMERICAL_STATUS=PASS

[5] SCIENTIFIC INTERPRETATION
-----------------------------------------------------------------------------------------------------------------------------
COHERENT_TRANSFER_TO_PYR5=NEGLIGIBLE_ON_VALIDATED_BRIGHT4_ENSEMBLE
PYR2_PYR4_DYNAMICS=FAST_INTERNAL_MIXING_WITH_TRANSIENT_COHERENCE
PYR5_ROLE=STRUCTURALLY_DETUNED_LOW_ENERGY_SINK
PYR5_ACCESS_MECHANISM=BATH_ASSISTED_RELAXATION_NOT_DIRECT_COHERENT_TRANSFER
DEPHASING_EFFECT=CAN_ENHANCE_INTRA_MANIFOLD_REDISTRIBUTION_AT_INTERMEDIATE_RATE
HIGH_DEPHASING_EFFECT=ZENO_LIKE_SUPPRESSION_AT_LARGE_DEPHASING
DOMINANT_RELAXATION_GATEWAY=PYR4_TO_PYR5

[6] SCIENTIFIC LIMITATIONS
-----------------------------------------------------------------------------------------------------------------------------
DEPHASING_RATE_STATUS=PHENOMENOLOGICAL_SENSITIVITY_PARAMETER
RELAXATION_RATE_STATUS=PHENOMENOLOGICAL_DETAILED_BALANCE_MODEL
ABSOLUTE_TRANSFER_TIMES=NOT_MICROSCOPICALLY_PREDICTIVE
DIELECTRIC_SCREENING=NOT_MICROSCOPICALLY_RESOLVED_IN_HISTORICAL_JIJ_BASELINE
MECHANISTIC_TOPOLOGY_CONFIDENCE=HIGHER_THAN_ABSOLUTE_RATE_CONFIDENCE

[7] MILESTONE 5 GATE
-----------------------------------------------------------------------------------------------------------------------------
M5_1_POPULATION_DYNAMICS=PASS
M5_2_COHERENCE_BEATING=PASS
M5_3_TRANSFER_PATHWAYS=PASS
M5_4_DEPHASING_SENSITIVITY=PASS
M5_5_RELAXATION_SENSITIVITY=PASS
M5_6_DISORDER_SENSITIVITY=PASS
M5_7_FEASIBILITY_CLASSIFICATION=PASS

M5_FINAL_STATUS=PASS
EXCITONIC_FEASIBILITY=COHERENT_LONG_RANGE_TRANSFER_NOT_SUPPORTED;LOCAL_MIXING_AND_BATH_ASSISTED_RELAXATION_SUPPORTED

[8] DOWNSTREAM CONTRACT
-----------------------------------------------------------------------------------------------------------------------------
M6_HANDOFF_EXCITONIC_MODEL=BRIGHT4_TRACKED_PYRENE_NETWORK
M6_HANDOFF_PRIMARY_RESULT=WEAK_COUPLING_STRONG_DETUNING
M6_HANDOFF_PYR5=THERMODYNAMIC_SINK_WITH_KINETIC_ACCESS_LIMITATION
NEXT_PROJECT_FRONT=M3_DIELECTRIC_RESPONSE_TO_M6_MULTIPHYSICS

[9] OUTPUT
---------------------------------------------------------------------------------------------------------
WROTE=Microtubule_Inspired_Phase0/runs/phase2/campaign_phase5_corrected/project_closure_control/f45d_m5_final_gate/PHASE5_F45D_M5_FINAL_GATE.json
WROTE=Microtubule_Inspired_Phase0/runs/phase2/campaign_phase5_corrected/project_closure_control/f45d_m5_final_gate/PHASE5_F45D_M5_FINAL_GATE.txt

[10] FINAL
-------------------------------------------------------------------------------------------------------------------
F45D_M5_FINAL_GATE=PASS
MILESTONE_5=CLOSED
NEXT_ACTION=F46_M3_DIELECTRIC_RESPONSE_CLOSURE
OVERNIGHT_COMPUTATION_REQUIRED=NO
NEW_QM_CALCULATIONS=0
NEW_DYNAMICS_SIMULATIONS=0
SOURCE_FILES_MODIFIED=NO
F45D_STATUS=0

==================================================================================================================================================
PHASE5-F45D COMPLETE
TERMINAL_REMAINS_OPEN=YES
==================================================================================================================================================
