                      :-) GROMACS - gmx mdrun, 2025.4 (-:

Executable:   /usr/local/gromacs/bin/gmx
Data prefix:  /usr/local/gromacs
Working dir:  /Users/alejandro/projects/Multiscale-Simulation-Project/Microtubule_Inspired_Phase0/runs/phase1A/day023_confinement_design/14_r2_water_only_em
Command line:
  gmx mdrun -s /Users/alejandro/projects/Multiscale-Simulation-Project/Microtubule_Inspired_Phase0/runs/phase1A/day023_confinement_design/14_r2_water_only_em/selected/r2_water_only_em.tpr -deffnm /Users/alejandro/projects/Multiscale-Simulation-Project/Microtubule_Inspired_Phase0/runs/phase1A/day023_confinement_design/14_r2_water_only_em/r2_water_only_em -ntmpi 1 -ntomp 4

Reading file /Users/alejandro/projects/Multiscale-Simulation-Project/Microtubule_Inspired_Phase0/runs/phase1A/day023_confinement_design/14_r2_water_only_em/selected/r2_water_only_em.tpr, VERSION 2025.4 (single precision)
Multiple energy groups is not implemented for GPUs, falling back to the CPU. For better performance, run on the GPU without energy groups and then do gmx mdrun -rerun option on the trajectory with an energy group .tpr file.

Update groups can not be used for this system because atoms that are (in)directly constrained together are interdispersed with other atoms

Using 1 MPI thread
Using 4 OpenMP threads 


Steepest Descents:
   Tolerance (Fmax)   =  5.00000e+02
   Number of steps    =         5000

writing lowest energy coordinates.

Steepest Descents converged to Fmax < 500 in 1 steps
Potential Energy  = -9.0458531e+05
Maximum force     =  3.8290878e+02 on atom 44727
Norm of force     =  1.6557585e+01

GROMACS reminds you: "As we all know, blinking lights means science." (Joss Whedon)

