==============================================================================
QM_F06 UPPER BOUNDARY V3-A ORCA PREFLIGHT
==============================================================================
ORCA: /Users/alejandro/projects/orca_6_1_1_macosx_intel_openmpi411/orca
ORCA SHA256: f9043192a31496e4931fa60df69b513f3922c7510c462e3934e3e2dd16d3e5f0
Input: /Users/alejandro/projects/Multiscale-Simulation-Project/Microtubule_Inspired_Phase0/runs/phase1A/day028_qm_f06_upper_transferability/QM_F06_UPPER_BOUNDARY_V3/orca_v3_workflow/v3a_boundary_relax.inp
Input SHA256: b934f05de887505f9c944862168405d4f58c148da5c8d793b02c0149d00c9823
Execution requested: False

Input checks:
  atom_count_30                             : True
  charge_zero                               : True
  multiplicity_one                          : True
  constraint_count_20                       : True
  constraint_indices_unique                 : True
  constraint_indices_in_range               : True
  nprocs_8                                  : True
  maxcore_2500                              : True
  contains_pbe0                             : True
  contains_d4                               : True
  contains_def2_tzvp                        : True
  contains_def2_j                           : True
  contains_rijcosx                          : True
  contains_tightscf                         : True
  contains_opt                              : True
  contains_defgrid3                         : True
  no_obsolete_grid                          : True

Workflow-state checks:
  pre_qm_gate_pass                          : True
  v3a_input_prepared                        : True
  v3a_not_executed                          : True
  fixed_atom_count_20                       : True
  mobile_atom_count_10                      : True
  nprocs_8                                  : True
  maxcore_2500                              : True
  nominal_total_maxcore_20000               : True
  input_hash_matches_state                  : True
  memory_gate_pass                          : True

Preflight decision: PASS

DRY PREFLIGHT COMPLETE — ORCA WAS NOT EXECUTED.
