==============================================================================
QM_F06 UPPER V3-A RESTART4 PREFLIGHT
==============================================================================
ORCA: /Users/alejandro/projects/orca_6_1_1_macosx_intel_openmpi411/orca
Input: /Users/alejandro/projects/Multiscale-Simulation-Project/Microtubule_Inspired_Phase0/runs/phase1A/day028_qm_f06_upper_transferability/QM_F06_UPPER_BOUNDARY_V3/orca_v3_workflow/restart4/v3a_restart4.inp
Input SHA256: 6267fac0b2059f4587140eb260592fc33b47d35f6f1d96d28ebacb44cadf52d6
Execution requested: False

nprocs_4                              : True
maxcore_2500                          : True
contains_opt                          : True
contains_pbe0_d4                      : True
contains_def2_tzvp                    : True
contains_rijcosx                      : True
fresh_scf_guess                       : True
gbw_not_reused                        : True
restart_prepared                      : True
restart_not_executed                  : True
input_hash_matches                    : True

Preflight decision: PASS

DRY PREFLIGHT COMPLETE — ORCA WAS NOT EXECUTED.
