                     :-) GROMACS - gmx trjconv, 2025.4 (-:

Executable:   /usr/local/gromacs/bin/gmx
Data prefix:  /usr/local/gromacs
Working dir:  /Users/alejandro/projects/Multiscale-Simulation-Project/Microtubule_Inspired_Phase0/runs/phase1A/accepted/hybrid_hydrated_gap45_pyr5shift_clean032_nvt_100ps_frozenSolute
Command line:
  gmx trjconv -f /Users/alejandro/projects/Multiscale-Simulation-Project/Microtubule_Inspired_Phase0/runs/phase1A/accepted/hybrid_hydrated_gap45_pyr5shift_clean032_nvt_100ps_frozenSolute/nvt_100ps_frozenSolute.xtc -s /Users/alejandro/projects/Multiscale-Simulation-Project/Microtubule_Inspired_Phase0/runs/phase1A/accepted/hybrid_hydrated_gap45_pyr5shift_clean032_nvt_100ps_frozenSolute/nvt_100ps_frozenSolute.tpr -n /Users/alejandro/projects/Multiscale-Simulation-Project/Microtubule_Inspired_Phase0/runs/phase1A/day021_mobile_restraint_protocol/execution/08_nvt_mobile_100ps/rmsf_tube_frozen_comparison/solute_index.ndx -o /Users/alejandro/projects/Multiscale-Simulation-Project/Microtubule_Inspired_Phase0/runs/phase1A/day021_mobile_restraint_protocol/execution/08_nvt_mobile_100ps/rmsf_tube_frozen_comparison/frozen_solute_frames/frozen_solute.gro -sep -pbc atom

Will write gro: Coordinate file in Gromos-87 format
Reading file /Users/alejandro/projects/Multiscale-Simulation-Project/Microtubule_Inspired_Phase0/runs/phase1A/accepted/hybrid_hydrated_gap45_pyr5shift_clean032_nvt_100ps_frozenSolute/nvt_100ps_frozenSolute.tpr, VERSION 2025.4 (single precision)
Reading file /Users/alejandro/projects/Multiscale-Simulation-Project/Microtubule_Inspired_Phase0/runs/phase1A/accepted/hybrid_hydrated_gap45_pyr5shift_clean032_nvt_100ps_frozenSolute/nvt_100ps_frozenSolute.tpr, VERSION 2025.4 (single precision)
Group     0 (         SOLUTE) has  1784 elements
There is one group in the index

Reading frame       0 time    0.000   
Precision of /Users/alejandro/projects/Multiscale-Simulation-Project/Microtubule_Inspired_Phase0/runs/phase1A/accepted/hybrid_hydrated_gap45_pyr5shift_clean032_nvt_100ps_frozenSolute/nvt_100ps_frozenSolute.xtc is 0.001 (nm)

Reading frame       1 time    0.500    ->  frame      0 time    0.000      

Reading frame       2 time    1.000    ->  frame      1 time    0.500      

Reading frame       3 time    1.500    ->  frame      2 time    1.000      

Reading frame       4 time    2.000    ->  frame      3 time    1.500      

Reading frame       5 time    2.500    ->  frame      4 time    2.000      

Reading frame       6 time    3.000    ->  frame      5 time    2.500      

Reading frame       7 time    3.500    ->  frame      6 time    3.000      

Reading frame       8 time    4.000    ->  frame      7 time    3.500      

Reading frame       9 time    4.500    ->  frame      8 time    4.000      

Reading frame      10 time    5.000    ->  frame      9 time    4.500      

Reading frame      11 time    5.500    ->  frame     10 time    5.000      

Reading frame      12 time    6.000    ->  frame     11 time    5.500      

Reading frame      13 time    6.500    ->  frame     12 time    6.000      

Reading frame      14 time    7.000    ->  frame     13 time    6.500      

Reading frame      15 time    7.500    ->  frame     14 time    7.000      

Reading frame      16 time    8.000    ->  frame     15 time    7.500      

Reading frame      17 time    8.500    ->  frame     16 time    8.000      

Reading frame      18 time    9.000    ->  frame     17 time    8.500      

Reading frame      19 time    9.500    ->  frame     18 time    9.000      

Reading frame      20 time   10.000    ->  frame     19 time    9.500      

Reading frame      30 time   15.000    ->  frame     29 time   14.500      

Reading frame      40 time   20.000    ->  frame     39 time   19.500      

Reading frame      50 time   25.000    ->  frame     49 time   24.500      

Reading frame      60 time   30.000    ->  frame     59 time   29.500      

Reading frame      70 time   35.000    ->  frame     69 time   34.500      

Reading frame      80 time   40.000    ->  frame     79 time   39.500      

Reading frame      90 time   45.000    ->  frame     89 time   44.500      

Reading frame     100 time   50.000    ->  frame     99 time   49.500      

Reading frame     110 time   55.000    ->  frame    109 time   54.500      

Reading frame     120 time   60.000    ->  frame    119 time   59.500      

Reading frame     130 time   65.000    ->  frame    129 time   64.500      

Reading frame     140 time   70.000    ->  frame    139 time   69.500      

Reading frame     150 time   75.000    ->  frame    149 time   74.500      

Reading frame     160 time   80.000    ->  frame    159 time   79.500      

Reading frame     170 time   85.000    ->  frame    169 time   84.500      

Reading frame     180 time   90.000    ->  frame    179 time   89.500      

Reading frame     190 time   95.000    ->  frame    189 time   94.500      

Reading frame     200 time  100.000    ->  frame    199 time   99.500      

Last frame        200 time  100.000   
 ->  frame    200 time  100.000      
Last written: frame    200 time  100.000


GROMACS reminds you: "It's Not Your Fault" (Pulp Fiction)

Note that major changes are planned in future for trjconv, to improve usability and utility.
Select group for output
