====================================================================================
F46X PRELIMINARY — R1/R2 BULK REPLICA COMPARISON
Matched 300 ps production duration
====================================================================================

R1
N_FRAMES=601
FIRST_PS=0.0
LAST_PS=300.0
DURATION_PS=300.0
DT_PS=0.5
R1_MATCHED_300PS_GATE=PASS

R2
N_WATER=16634
N_FRAMES=601
FIRST_PS=0.0
LAST_PS=300.0
DURATION_PS=300.0
DT_PS=0.5
R2_300PS_GATE=PASS

====================================================================================
INDIVIDUAL 300 ps REPLICA TENSORS
====================================================================================
 replica        XX       YY        ZZ      trace  diag_cv  diag_max_min_ratio
R1_300ps 83.615076 32.64184 50.144002 166.400917 0.466947            2.561592
R2_300ps 46.082952 62.84271 85.450803 194.376466 0.304916            1.854282

====================================================================================
PRELIMINARY R1/R2 EQUAL-WEIGHT TENSOR
====================================================================================
R1_R2_MEAN_XX=64.84901413056556
R1_R2_MEAN_YY=47.742275078709525
R1_R2_MEAN_ZZ=67.7974022004787
R1_R2_MEAN_XY=-4.873515594272421
R1_R2_MEAN_XZ=-3.015733846755481
R1_R2_MEAN_YZ=8.39299204709053
R1_R2_MEAN_TRACE=180.3886914097538
R1_R2_MEAN_DIAG_CV=0.18008652750942797
R1_R2_MEAN_DIAG_MAX_MIN_RATIO=1.4200706206125622
R1_R2_PRELIM_ISOTROPY_GATE=PASS

====================================================================================
BETWEEN-REPLICA DIAGNOSTICS
====================================================================================
observable  mean_R1_R2  sd_between_replicas  sem_between_replicas  relative_difference_percent
        XX   64.849014            26.539219             18.766062                    57.876166
        YY   47.742275            21.355240             15.100435                    63.258130
        ZZ   67.797402            24.965679             17.653401                    52.076924
     trace  180.388691            19.781700             13.987774                    15.508482

F46X_PRELIMINARY_STATUS=R1_R2_COMPLETE_R3_PENDING
F46X_PRELIMINARY_ANALYSIS_COMPLETE=YES
