Day025 R2 functionalized h-BN fixed-topology primary-source audit completed.
Priority sources / found in curated ledgers: 3/3
Sources with verified / partial local artifacts: 0/3
Domain rows / primary-relevance rows / directly validated R2 domains: 15/5/0
Artifact requirements / R2 mapping rows: 9/360
Decision: R2_FUNCTIONALIZED_HBN_FIXED_TOPOLOGY_PRIMARY_SOURCES_AUDITED_ARTIFACTS_STILL_REQUIRED
Failed gates: NONE
Fixed-topology route selected: NO
Parameter adoption authorized: NO
Topology generation authorized: NO
Formal charge assignment authorized: NO
Force-field parameterization authorized: NO
Energy minimization authorized: NO
MD authorized: NO
QM calculation authorized: NO
Required next step: RETRIEVE_AND_CONTENT_AUDIT_GHORAI_IFF_R_AND_RAJAN_PRIMARY_ARTIFACTS

SOURCE ASSESSMENT
- Ghorai 2025: found=True artifact=PARTIAL_OR_AMBIGUOUS_LOCAL_ARTIFACT verified_local=PARTIAL
- Bamane/IFF-R 2023: found=True artifact=PARTIAL_OR_AMBIGUOUS_LOCAL_ARTIFACT verified_local=PARTIAL
- Rajan 2018: found=True artifact=PARTIAL_OR_AMBIGUOUS_LOCAL_ARTIFACT verified_local=PARTIAL
Wrote: runs/phase1A/day025_force_field_route_comparison/40_r2_functionalized_hbn_fixed_topology_primary_source_audit/r2_functionalized_hbn_primary_source_records.csv
Wrote: runs/phase1A/day025_force_field_route_comparison/40_r2_functionalized_hbn_fixed_topology_primary_source_audit/r2_functionalized_hbn_source_domain_matrix.csv
Wrote: runs/phase1A/day025_force_field_route_comparison/40_r2_functionalized_hbn_fixed_topology_primary_source_audit/r2_functionalized_hbn_source_artifact_gap_matrix.csv
Wrote: runs/phase1A/day025_force_field_route_comparison/40_r2_functionalized_hbn_fixed_topology_primary_source_audit/r2_functionalized_hbn_source_to_R2_scope_mapping.csv
Wrote: runs/phase1A/day025_force_field_route_comparison/40_r2_functionalized_hbn_fixed_topology_primary_source_audit/r2_functionalized_hbn_fixed_topology_route_assessment.csv
Wrote: runs/phase1A/day025_force_field_route_comparison/40_r2_functionalized_hbn_fixed_topology_primary_source_audit/r2_functionalized_hbn_fixed_topology_primary_source_audit_summary.csv
Wrote: runs/phase1A/day025_force_field_route_comparison/40_r2_functionalized_hbn_fixed_topology_primary_source_audit/r2_functionalized_hbn_fixed_topology_primary_source_audit_gates.csv
Wrote: runs/phase1A/day025_force_field_route_comparison/40_r2_functionalized_hbn_fixed_topology_primary_source_audit/r2_functionalized_hbn_fixed_topology_primary_source_audit_manifest.csv
Wrote: runs/phase1A/day025_force_field_route_comparison/40_r2_functionalized_hbn_fixed_topology_primary_source_audit/r2_functionalized_hbn_fixed_topology_primary_source_audit.json
Wrote: runs/phase1A/day025_force_field_route_comparison/40_r2_functionalized_hbn_fixed_topology_primary_source_audit/R2_FUNCTIONALIZED_HBN_FIXED_TOPOLOGY_PRIMARY_SOURCE_AUDIT_DAY025.md
