====================================================================================
F46T — BULK 0–500 ps COLLECTIVE-POLARIZATION CONVERGENCE
====================================================================================
F46R_FUNCTION_REUSE_GATE=PASS

LOADING_SEGMENT=0_100
N_WATER=16634
N_FRAMES=201
FIRST_PS=0.0
LAST_PS=100.0
DT_PS=0.5

LOADING_SEGMENT=100_200
N_WATER=16634
N_FRAMES=201
FIRST_PS=100.0
LAST_PS=200.0
DT_PS=0.5

LOADING_SEGMENT=200_500
N_WATER=16634
N_FRAMES=601
FIRST_PS=200.0
LAST_PS=500.0
DT_PS=0.5

====================================================================================
F46T COMBINED TRAJECTORY
====================================================================================
BULK_N_WATER=16634
BULK_N_FRAMES=1001
BULK_FIRST_PS=0.0
BULK_LAST_PS=500.0
BULK_DT_PS=0.5
BULK_0_500_TRAJECTORY_GATE=PASS

====================================================================================
F46T BULK CUMULATIVE ISOTROPY
====================================================================================
 end_ps         XX        YY        ZZ      trace  diag_cv  diag_max_min_ratio
    100 111.538507 34.232977 35.071473 180.842956 0.736423            3.258218
    200 104.768001 35.587995 51.199709 191.555705 0.568252            2.943914
    300  83.615076 32.641840 50.144002 166.400917 0.466947            2.561592
    400  73.615691 34.985674 57.490719 166.092084 0.350455            2.104167
    500  82.706226 38.047865 58.764349 179.518440 0.373476            2.173742

====================================================================================
F46T INDEPENDENT 100 ps BLOCKS
====================================================================================
 start_ps  end_ps         XX        YY        ZZ      trace  diag_cv  diag_max_min_ratio
        0     100 111.538507 34.232977 35.071473 180.842956 0.736423            3.258218
      100     200  57.357838 35.148792 62.453990 154.960620 0.281082            1.776846
      200     300  39.856439 26.961929 40.524077 107.342445 0.213653            1.503011
      300     400  42.866155 25.027465 35.996432 103.890052 0.259818            1.712765
      400     500 116.476539 44.649790 45.674848 206.801177 0.597334            2.608669

====================================================================================
F46T LATE WINDOWS
====================================================================================
 start_ps  end_ps         XX        YY        ZZ      trace  diag_cv  diag_max_min_ratio
      200     500  67.745592 39.241045 60.563456 167.550093 0.265448            1.726396
      300     500  81.095187 44.431440 41.177757 166.704384 0.398913            1.969393
      350     500  92.446558 45.512871 44.320904 182.280333 0.451739            2.085846
      400     500 116.476539 44.649790 45.674848 206.801177 0.597334            2.608669

====================================================================================
F46T COLLECTIVE CORRELATION WINDOWS
====================================================================================
 start_ps  end_ps  duration_ps  n_frames    C_2ps    C_5ps   C_10ps  integral_5ps  integral_10ps  first_zero_integral_ps  first_zero_time_ps
        0     500          500      1001 0.800215 0.604990 0.386772      3.871551       6.300579                9.839842                35.0
      100     500          400       801 0.792706 0.601380 0.380258      3.844413       6.260968               10.451083                38.0
      200     500          300       601 0.791206 0.620116 0.413650      3.861892       6.416064               11.873611                45.0
      300     500          200       401 0.791922 0.627101 0.399461      3.874024       6.426840               10.172729                32.5
      400     500          100       201 0.833100 0.723339 0.469890      4.153465       7.118996               12.021786                30.0

====================================================================================
F46T FINAL BULK 500 ps GATE
====================================================================================
BULK_500PS_XX=82.70622637497846
BULK_500PS_YY=38.047864871011996
BULK_500PS_ZZ=58.76434850366583
BULK_500PS_TRACE=179.5184397496563
BULK_500PS_DIAG_CV=0.37347558596895275
BULK_500PS_DIAG_MAX_MIN_RATIO=2.1737415924747694
BULK_500PS_CV_GATE=FAIL
BULK_500PS_MAXMIN_GATE=FAIL
BULK_500PS_ISOTROPY_GATE=FAIL

LATE_200_500_TRACE_CV=0.41942537374121286
LATE_100PS_BLOCK_XX_CV=0.653525533538566
LATE_100PS_BLOCK_YY_CV=0.33569818025410686
LATE_100PS_BLOCK_ZZ_CV=0.11888873054090092

F46T_DECISION=BULK_NOT_YET_CONVERGED_ADJUDICATE_SAMPLING_STRATEGY
F46T_ANALYSIS_COMPLETE=YES
