                      :-) GROMACS - gmx mdrun, 2025.4 (-:

Copyright 1991-2025 The GROMACS Authors.
GROMACS is free software; you can redistribute it and/or modify it
under the terms of the GNU Lesser General Public License
as published by the Free Software Foundation; either version 2.1
of the License, or (at your option) any later version.

                         Current GROMACS contributors:
       Mark Abraham           Andrey Alekseenko           Brian Andrews       
      Vladimir Basov              Paul Bauer                Hugh Bird         
      Eliane Briand               Ania Brown              Mahesh Doijade      
      Giacomo Fiorin          Stefan Fleischmann          Sergey Gorelov      
   Gilles Gouaillardet            Alan Gray              M. Eric Irrgang      
   Farzaneh Jalalypour         Petter Johansson          Carsten Kutzner      
    Grzegorz Łazarski         Justin A. Lemkul          Magnus Lundborg      
       Pascal Merz             Vedran Miletić            Dmitry Morozov      
     Lukas Müllender            Julien Nabet             Szilárd Páll      
 Andrea Pasquadibisceglie     Michele Pellegrino         Nicola Piasentin     
     Daniele Rapetti         Muhammad Umair Sadiq         Hubert Santuz       
      Roland Schulz             Michael Shirts           Tatiana Shugaeva     
     Alexey Shvetsov            Philip Turner            Alessandra Villa     
 Sebastian Wingbermühle  

                         Previous GROMACS contributors:
        Emile Apol             Rossen Apostolov           James Barnett       
  Herman J.C. Berendsen         Cathrine Bergh             Par Bjelkmar       
      Christian Blau          Viacheslav Bolnykh            Kevin Boyd        
    Aldert van Buuren          Carlo Camilloni           Rudi van Drunen      
      Anton Feenstra           Oliver Fleetwood            Vytas Gapsys       
       Gaurav Garg             Gerrit Groenhof            Bert de Groot       
      Anca Hamuraru           Vincent Hindriksen          Victor Holanda      
     Aleksei Iupinov              Joe Jordan            Christoph Junghans    
    Prashanth Kanduri        Dimitrios Karkoulis           Peter Kasson       
      Sebastian Kehl           Sebastian Keller             Jiri Kraus        
       Per Larsson              Viveca Lindahl            Erik Marklund       
    Pieter Meulenhoff           Teemu Murtola              Sander Pronk       
      Alfons Sijbers            Balint Soproni         David van der Spoel    
      Peter Tieleman            Carsten Uphoff             Jon Vincent        
     Teemu Virolainen         Christian Wennberg           Maarten Wolf       
      Artem Zhmurov       

                  Coordinated by the GROMACS project leaders:
                           Berk Hess and Erik Lindahl

GROMACS:      gmx mdrun, version 2025.4
Executable:   /usr/local/gromacs/bin/gmx
Data prefix:  /usr/local/gromacs
Working dir:  /Users/alejandro/projects/Multiscale-Simulation-Project/Microtubule_Inspired_Phase0/runs/phase1A/day021_mobile_restraint_protocol/execution/03b_nvt_k1000_hold_2ps
Process ID:   51085
Command line:
  gmx mdrun -deffnm 03b_nvt_k1000_hold_2ps

GROMACS version:     2025.4
Precision:           mixed
Memory model:        64 bit
MPI library:         thread_mpi
OpenMP support:      enabled (GMX_OPENMP_MAX_THREADS = 128)
GPU support:         disabled
SIMD instructions:   AVX2_256
CPU FFT library:     fftw-3.3.10-sse2
GPU FFT library:     none
Multi-GPU FFT:       none
RDTSCP usage:        enabled
TNG support:         enabled
Hwloc support:       disabled
Tracing support:     disabled
C compiler:          /usr/bin/gcc AppleClang 14.0.0.14000029
C compiler flags:    -mavx2 -mfma -Wno-missing-field-initializers -fno-stack-check -O3 -DNDEBUG
C++ compiler:        /usr/bin/g++ AppleClang 14.0.0.14000029
C++ compiler flags:  -mavx2 -mfma -Wno-reserved-identifier -Wno-missing-field-initializers -fno-stack-check -Weverything -Wno-c++98-compat -Wno-c++98-compat-pedantic -Wno-source-uses-openmp -Wno-c++17-extensions -Wno-documentation-unknown-command -Wno-covered-switch-default -Wno-switch-enum -Wno-switch-default -Wno-extra-semi-stmt -Wno-weak-vtables -Wno-shadow -Wno-padded -Wno-reserved-id-macro -Wno-double-promotion -Wno-exit-time-destructors -Wno-global-constructors -Wno-documentation -Wno-format-nonliteral -Wno-used-but-marked-unused -Wno-float-equal -Wno-conditional-uninitialized -Wno-conversion -Wno-disabled-macro-expansion -Wno-unused-macros SHELL:-Xpreprocessor -fopenmp -I/usr/local/opt/libomp/include -O3 -DNDEBUG
BLAS library:        External - detected on the system
LAPACK library:      External - detected on the system


Running on 1 node with total 0 processing units
Hardware detected on host Alejandros-MacBook-Pro-2.local:
  CPU info:
    Vendor: Intel
    Brand:  Intel(R) Core(TM) i7-9750H CPU @ 2.60GHz
    Family: 6   Model: 158   Stepping: 10
    Features: aes apic avx avx2 clfsh cmov cx8 cx16 f16c fma htt intel lahf mmx msr nonstop_tsc pcid pclmuldq pdcm pdpe1gb popcnt pse rdrnd rdtscp sse2 sse3 sse4.1 sse4.2 ssse3 tdt x2apic
  Hardware topology: Only logical processor count
    CPU limit set by OS: -1   Recommended max number of threads: 12


++++ PLEASE READ AND CITE THE FOLLOWING REFERENCE ++++
M. J. Abraham, T. Murtola, R. Schulz, S. Páll, J. C. Smith, B. Hess, E.
Lindahl
GROMACS: High performance molecular simulations through multi-level
parallelism from laptops to supercomputers
SoftwareX (2015)
DOI: 10.1016/j.softx.2015.06.001
-------- -------- --- Thank You --- -------- --------


++++ PLEASE READ AND CITE THE FOLLOWING REFERENCE ++++
S. Páll, M. J. Abraham, C. Kutzner, B. Hess, E. Lindahl
Tackling Exascale Software Challenges in Molecular Dynamics Simulations with
GROMACS
In S. Markidis & E. Laure (Eds.), Solving Software Challenges for Exascale (2015)
DOI: 10.1007/978-3-319-15976-8_1
-------- -------- --- Thank You --- -------- --------


++++ PLEASE READ AND CITE THE FOLLOWING REFERENCE ++++
S. Pronk, S. Páll, R. Schulz, P. Larsson, P. Bjelkmar, R. Apostolov, M. R.
Shirts, J. C. Smith, P. M. Kasson, D. van der Spoel, B. Hess, E. Lindahl
GROMACS 4.5: a high-throughput and highly parallel open source molecular
simulation toolkit
Bioinformatics (2013)
DOI: 10.1093/bioinformatics/btt055
-------- -------- --- Thank You --- -------- --------


++++ PLEASE READ AND CITE THE FOLLOWING REFERENCE ++++
B. Hess, C. Kutzner, D. van der Spoel, E. Lindahl
GROMACS 4: Algorithms for highly efficient, load-balanced, and scalable
molecular simulation
J. Chem. Theory Comput. (2008)
DOI: 10.1021/ct700301q
-------- -------- --- Thank You --- -------- --------


++++ PLEASE READ AND CITE THE FOLLOWING REFERENCE ++++
D. van der Spoel, E. Lindahl, B. Hess, G. Groenhof, A. E. Mark, H. J. C.
Berendsen
GROMACS: Fast, Flexible and Free
J. Comp. Chem. (2005)
DOI: 10.1002/jcc.20291
-------- -------- --- Thank You --- -------- --------


++++ PLEASE READ AND CITE THE FOLLOWING REFERENCE ++++
E. Lindahl, B. Hess, D. van der Spoel
GROMACS 3.0: A package for molecular simulation and trajectory analysis
J. Mol. Mod. (2001)
DOI: 10.1007/s008940100045
-------- -------- --- Thank You --- -------- --------


++++ PLEASE READ AND CITE THE FOLLOWING REFERENCE ++++
H. J. C. Berendsen, D. van der Spoel and R. van Drunen
GROMACS: A message-passing parallel molecular dynamics implementation
Comp. Phys. Comm. (1995)
DOI: 10.1016/0010-4655(95)00042-E
-------- -------- --- Thank You --- -------- --------


++++ PLEASE CITE THE DOI FOR THIS VERSION OF GROMACS ++++
https://doi.org/10.5281/zenodo.17671793
-------- -------- --- Thank You --- -------- --------

Input Parameters:
   integrator                     = md
   tinit                          = 0
   dt                             = 0.00025
   nsteps                         = 8000
   init-step                      = 0
   simulation-part                = 1
   mts                            = false
   mass-repartition-factor        = 1
   comm-mode                      = None
   nstcomm                        = 0
   bd-fric                        = 0
   ld-seed                        = -353894402
   emtol                          = 10
   emstep                         = 0.01
   niter                          = 20
   fcstep                         = 0
   nstcgsteep                     = 1000
   nbfgscorr                      = 10
   rtpi                           = 0.05
   nstxout                        = 0
   nstvout                        = 0
   nstfout                        = 0
   nstlog                         = 400
   nstcalcenergy                  = 100
   nstenergy                      = 400
   nstxout-compressed             = 400
   compressed-x-precision         = 1000
   cutoff-scheme                  = Verlet
   nstlist                        = 20
   pbc                            = xyz
   periodic-molecules             = false
   verlet-buffer-tolerance        = 0.005
   verlet-buffer-pressure-tolerance = 0.5
   rlist                          = 1.2
   coulombtype                    = PME
   coulomb-modifier               = Potential-shift
   rcoulomb-switch                = 0
   rcoulomb                       = 1.2
   epsilon-r                      = 1
   epsilon-rf                     = inf
   vdw-type                       = Cut-off
   vdw-modifier                   = Potential-shift
   rvdw-switch                    = 0
   rvdw                           = 1.2
   DispCorr                       = No
   table-extension                = 1
   fourierspacing                 = 0.12
   fourier-nx                     = 64
   fourier-ny                     = 64
   fourier-nz                     = 84
   pme-order                      = 4
   ewald-rtol                     = 1e-05
   ewald-rtol-lj                  = 0.001
   lj-pme-comb-rule               = Geometric
   ewald-geometry                 = 3d
   epsilon-surface                = 0
   ensemble-temperature-setting   = constant
   ensemble-temperature           = 300
   tcoupl                         = V-rescale
   nsttcouple                     = 100
   nh-chain-length                = 0
   print-nose-hoover-chain-variables = false
   pcoupl                         = No
   refcoord-scaling               = No
   posres-com: not available
   posres-comB: not available
   QMMM                           = false
qm-opts:
   ngQM                           = 0
   constraint-algorithm           = Lincs
   continuation                   = true
   Shake-SOR                      = false
   shake-tol                      = 0.0001
   lincs-order                    = 4
   lincs-iter                     = 1
   lincs-warnangle                = 30
   nwall                          = 0
   wall-type                      = 9-3
   wall-r-linpot                  = -1
   wall-atomtype[0]               = -1
   wall-atomtype[1]               = -1
   wall-density[0]                = 0
   wall-density[1]                = 0
   wall-ewald-zfac                = 3
   pull                           = false
   awh                            = false
   rotation                       = false
   interactiveMD                  = false
   disre                          = No
   disre-weighting                = Conservative
   disre-mixed                    = false
   dr-fc                          = 1000
   dr-tau                         = 0
   nstdisreout                    = 100
   orire-fc                       = 0
   orire-tau                      = 0
   nstorireout                    = 100
   free-energy                    = no
   cos-acceleration               = 0
   deform (3x3):
      deform[    0]={ 0.00000e+00,  0.00000e+00,  0.00000e+00}
      deform[    1]={ 0.00000e+00,  0.00000e+00,  0.00000e+00}
      deform[    2]={ 0.00000e+00,  0.00000e+00,  0.00000e+00}
   simulated-tempering            = false
   swapcoords                     = no
   userint1                       = 0
   userint2                       = 0
   userint3                       = 0
   userint4                       = 0
   userreal1                      = 0
   userreal2                      = 0
   userreal3                      = 0
   userreal4                      = 0
   applied-forces:
     electric-field:
       x:
         E0                       = 0
         omega                    = 0
         t0                       = 0
         sigma                    = 0
       y:
         E0                       = 0
         omega                    = 0
         t0                       = 0
         sigma                    = 0
       z:
         E0                       = 0
         omega                    = 0
         t0                       = 0
         sigma                    = 0
     density-guided-simulation:
       active                     = false
       group                      = protein
       similarity-measure         = inner-product
       atom-spreading-weight      = unity
       force-constant             = 1e+09
       gaussian-transform-spreading-width = 0.2
       gaussian-transform-spreading-range-in-multiples-of-width = 4
       reference-density-filename = reference.mrc
       nst                        = 1
       normalize-densities        = true
       adaptive-force-scaling     = false
       adaptive-force-scaling-time-constant = 4
       shift-vector               = 
       transformation-matrix      = 
     qmmm-cp2k:
       active                     = false
       qmgroup                    = System
       qmmethod                   = PBE
       qmfilenames                = 
       qmcharge                   = 0
       qmmultiplicity             = 1
     colvars:
       active                     = false
       configfile                 = 
       seed                       = -1
     nnpot:
       active                     = false
       modelfile                  = model.pt
       input-group                = System
       model-input1               = 
       model-input2               = 
       model-input3               = 
       model-input4               = 
grpopts:
   nrdf:      105156
   ref-t:         300
   tau-t:           1
annealing:          No
annealing-npoints:           0
   acc:	           0           0           0
   nfreeze:           N           N           N
   energygrp-flags[  0]: 0

Changing nstlist from 20 to 100, rlist from 1.2 to 1.211


Initializing Domain Decomposition on 1 ranks
Dynamic load balancing: auto
Using update groups, nr 18418, average size 3.7 atoms, max. radius 0.078 nm
Minimum cell size due to atom displacement: 0.219 nm
Initial maximum distances in bonded interactions:
    two-body bonded interactions: 0.382 nm, LJ-14, atoms 1683 1692
  multi-body bonded interactions: 0.382 nm, Proper Dih., atoms 1683 1692
Minimum cell size due to bonded interactions: 0.420 nm
Using 0 separate PME ranks because: there are too few total ranks for efficient splitting
Optimizing the DD grid for 1 cells with a minimum initial size of 0.420 nm
The maximum allowed number of cells is: X 17 Y 17 Z 23
Domain decomposition grid 1 x 1 x 1, separate PME ranks 0
PME domain decomposition: 1 x 1 x 1

The initial number of communication pulses is:
The initial domain decomposition cell size is:

The maximum allowed distance for atom groups involved in interactions is:
                 non-bonded interactions           1.367 nm
            two-body bonded interactions  (-rdd)   1.367 nm
          multi-body bonded interactions  (-rdd)   1.367 nm

When dynamic load balancing gets turned on, these settings will change to:
The maximum number of communication pulses is:
The minimum size for domain decomposition cells is 1.367 nm
The requested allowed shrink of DD cells (option -dds) is: 0.80
The allowed shrink of domain decomposition cells is:
The maximum allowed distance for atom groups involved in interactions is:
                 non-bonded interactions           1.367 nm
            two-body bonded interactions  (-rdd)   1.367 nm
          multi-body bonded interactions  (-rdd)   1.367 nm

Local state does not use filler particles

Using 1 MPI thread
Using 12 OpenMP threads 

System total charge: -0.000
Will do PME sum in reciprocal space for electrostatic interactions.

++++ PLEASE READ AND CITE THE FOLLOWING REFERENCE ++++
U. Essmann, L. Perera, M. L. Berkowitz, T. Darden, H. Lee, L. G. Pedersen 
A smooth particle mesh Ewald method
J. Chem. Phys. (1995)
DOI: 10.1063/1.470117
-------- -------- --- Thank You --- -------- --------

Using a Gaussian width (1/beta) of 0.384195 nm for Ewald
Potential shift: LJ r^-12: -1.122e-01 r^-6: -3.349e-01, Ewald -8.333e-06
Initialized non-bonded Coulomb Ewald tables, spacing: 1.02e-03 size: 1176

Generated table with 1105 data points for 1-4 COUL.
Tabscale = 500 points/nm
Generated table with 1105 data points for 1-4 LJ6.
Tabscale = 500 points/nm
Generated table with 1105 data points for 1-4 LJ12.
Tabscale = 500 points/nm


Using SIMD4xM 4x8 nonbonded short-range kernels

Using a 4x8 pair-list setup:
  updated every 100 steps, buffer 0.011 nm, rlist 1.211 nm
At tolerance 0.005 kJ/mol/ps per atom, equivalent classical 1x1 list would be:
  updated every 100 steps, buffer 0.060 nm, rlist 1.260 nm

The average pressure is off by at most 0.04 bar due to missing LJ interactions

Using Lorentz-Berthelot Lennard-Jones combination rule

Linking all bonded interactions to atoms


++++ PLEASE READ AND CITE THE FOLLOWING REFERENCE ++++
S. Miyamoto, P. A. Kollman
SETTLE: An Analytical Version of the SHAKE and RATTLE Algorithms for Rigid
Water Models
J. Comp. Chem. (1992)
DOI: 10.1002/jcc.540130805
-------- -------- --- Thank You --- -------- --------


++++ PLEASE READ AND CITE THE FOLLOWING REFERENCE ++++
G. Bussi, D. Donadio, M. Parrinello
Canonical sampling through velocity rescaling
J. Chem. Phys. (2007)
DOI: 10.1063/1.2408420
-------- -------- --- Thank You --- -------- --------

There are: 51686 Atoms
There are: 16634 VSites

Atom distribution over 1 domains: av 68320 stddev 0 min 68320 max 68320

Started mdrun on rank 0 Mon Jul  6 11:43:05 2026

           Step           Time
              0        0.00000

   Energies (kJ/mol)
           Bond          Angle    Proper Dih.  Improper Dih. Per. Imp. Dih.
    1.40283e+03    1.30533e+03    7.64651e+01    4.19204e+03    6.79734e+00
          LJ-14     Coulomb-14        LJ (SR)   Coulomb (SR)   Coul. recip.
    1.76829e+02    5.09960e+01    1.51495e+05   -9.29976e+05    2.26989e+03
 Position Rest.      Potential    Kinetic En.   Total Energy  Conserved En.
    3.32169e+02   -7.68668e+05    1.28697e+05   -6.39970e+05   -6.39970e+05
    Temperature Pressure (bar)
    2.94395e+02    4.14097e+02

           Step           Time
            400        0.10000

   Energies (kJ/mol)
           Bond          Angle    Proper Dih.  Improper Dih. Per. Imp. Dih.
    1.70638e+03    1.35609e+03    5.92965e+01    4.20461e+03    4.18234e+00
          LJ-14     Coulomb-14        LJ (SR)   Coulomb (SR)   Coul. recip.
    1.84998e+02    4.79610e+01    1.50867e+05   -9.28959e+05    2.20790e+03
 Position Rest.      Potential    Kinetic En.   Total Energy  Conserved En.
    4.96068e+02   -7.67825e+05    1.28186e+05   -6.39639e+05   -6.39971e+05
    Temperature Pressure (bar)
    2.93226e+02   -4.81873e+00

           Step           Time
            800        0.20000

   Energies (kJ/mol)
           Bond          Angle    Proper Dih.  Improper Dih. Per. Imp. Dih.
    2.03460e+03    1.31022e+03    7.05062e+01    4.22108e+03    6.11732e+00
          LJ-14     Coulomb-14        LJ (SR)   Coulomb (SR)   Coul. recip.
    1.70755e+02    5.10640e+01    1.51542e+05   -9.30436e+05    2.31201e+03
 Position Rest.      Potential    Kinetic En.   Total Energy  Conserved En.
    6.57312e+02   -7.68060e+05    1.28960e+05   -6.39100e+05   -6.39973e+05
    Temperature Pressure (bar)
    2.94997e+02   -4.13221e+02

           Step           Time
           1200        0.30000

   Energies (kJ/mol)
           Bond          Angle    Proper Dih.  Improper Dih. Per. Imp. Dih.
    1.68797e+03    1.34025e+03    6.65602e+01    4.19357e+03    5.54482e+00
          LJ-14     Coulomb-14        LJ (SR)   Coulomb (SR)   Coul. recip.
    1.79297e+02    4.93067e+01    1.51704e+05   -9.29898e+05    2.23573e+03
 Position Rest.      Potential    Kinetic En.   Total Energy  Conserved En.
    4.77917e+02   -7.67958e+05    1.29294e+05   -6.38664e+05   -6.39973e+05
    Temperature Pressure (bar)
    2.95761e+02    3.95535e+02

           Step           Time
           1600        0.40000

   Energies (kJ/mol)
           Bond          Angle    Proper Dih.  Improper Dih. Per. Imp. Dih.
    1.45373e+03    1.34394e+03    7.09065e+01    4.17931e+03    7.03833e+00
          LJ-14     Coulomb-14        LJ (SR)   Coulomb (SR)   Coul. recip.
    1.79752e+02    4.71233e+01    1.50956e+05   -9.28616e+05    2.25748e+03
 Position Rest.      Potential    Kinetic En.   Total Energy  Conserved En.
    3.31449e+02   -7.67789e+05    1.29643e+05   -6.38146e+05   -6.39974e+05
    Temperature Pressure (bar)
    2.96560e+02    9.21580e+02

           Step           Time
           2000        0.50000

   Energies (kJ/mol)
           Bond          Angle    Proper Dih.  Improper Dih. Per. Imp. Dih.
    1.64854e+03    1.35646e+03    6.94296e+01    4.21784e+03    5.55197e+00
          LJ-14     Coulomb-14        LJ (SR)   Coulomb (SR)   Coul. recip.
    1.75838e+02    5.12530e+01    1.49264e+05   -9.26723e+05    2.24377e+03
 Position Rest.      Potential    Kinetic En.   Total Energy  Conserved En.
    3.77962e+02   -7.67313e+05    1.29204e+05   -6.38109e+05   -6.39973e+05
    Temperature Pressure (bar)
    2.95555e+02   -1.18462e+02

           Step           Time
           2400        0.60000

   Energies (kJ/mol)
           Bond          Angle    Proper Dih.  Improper Dih. Per. Imp. Dih.
    1.98841e+03    1.34013e+03    8.26735e+01    4.24607e+03    6.90689e+00
          LJ-14     Coulomb-14        LJ (SR)   Coulomb (SR)   Coul. recip.
    1.76135e+02    5.01896e+01    1.49526e+05   -9.27848e+05    2.33624e+03
 Position Rest.      Potential    Kinetic En.   Total Energy  Conserved En.
    6.47091e+02   -7.67448e+05    1.29356e+05   -6.38092e+05   -6.39974e+05
    Temperature Pressure (bar)
    2.95903e+02   -9.99413e+02

           Step           Time
           2800        0.70000

   Energies (kJ/mol)
           Bond          Angle    Proper Dih.  Improper Dih. Per. Imp. Dih.
    1.70390e+03    1.35718e+03    7.46482e+01    4.21615e+03    6.45716e+00
          LJ-14     Coulomb-14        LJ (SR)   Coulomb (SR)   Coul. recip.
    1.83267e+02    4.98932e+01    1.49199e+05   -9.26658e+05    2.23786e+03
 Position Rest.      Potential    Kinetic En.   Total Energy  Conserved En.
    5.52300e+02   -7.67077e+05    1.28840e+05   -6.38237e+05   -6.39975e+05
    Temperature Pressure (bar)
    2.94721e+02   -5.04125e+02

           Step           Time
           3200        0.80000

   Energies (kJ/mol)
           Bond          Angle    Proper Dih.  Improper Dih. Per. Imp. Dih.
    1.60374e+03    1.38890e+03    6.34320e+01    4.19239e+03    5.69646e+00
          LJ-14     Coulomb-14        LJ (SR)   Coulomb (SR)   Coul. recip.
    1.74055e+02    5.36646e+01    1.50241e+05   -9.27544e+05    2.25525e+03
 Position Rest.      Potential    Kinetic En.   Total Energy  Conserved En.
    3.85796e+02   -7.67180e+05    1.29290e+05   -6.37890e+05   -6.39974e+05
    Temperature Pressure (bar)
    2.95752e+02    2.90168e+02

           Step           Time
           3600        0.90000

   Energies (kJ/mol)
           Bond          Angle    Proper Dih.  Improper Dih. Per. Imp. Dih.
    1.76645e+03    1.41532e+03    6.63154e+01    4.23823e+03    4.62168e+00
          LJ-14     Coulomb-14        LJ (SR)   Coulomb (SR)   Coul. recip.
    1.78508e+02    4.95510e+01    1.50368e+05   -9.27342e+05    2.17585e+03
 Position Rest.      Potential    Kinetic En.   Total Energy  Conserved En.
    4.14715e+02   -7.66664e+05    1.28801e+05   -6.37863e+05   -6.39975e+05
    Temperature Pressure (bar)
    2.94633e+02    4.57616e+02

           Step           Time
           4000        1.00000

   Energies (kJ/mol)
           Bond          Angle    Proper Dih.  Improper Dih. Per. Imp. Dih.
    1.65405e+03    1.39333e+03    5.66103e+01    4.17953e+03    4.33848e+00
          LJ-14     Coulomb-14        LJ (SR)   Coulomb (SR)   Coul. recip.
    1.75177e+02    4.83330e+01    1.49490e+05   -9.27543e+05    2.26633e+03
 Position Rest.      Potential    Kinetic En.   Total Energy  Conserved En.
    4.03272e+02   -7.67872e+05    1.30365e+05   -6.37507e+05   -6.39975e+05
    Temperature Pressure (bar)
    2.98211e+02    2.96264e+02

           Step           Time
           4400        1.10000

   Energies (kJ/mol)
           Bond          Angle    Proper Dih.  Improper Dih. Per. Imp. Dih.
    1.72284e+03    1.33530e+03    6.22427e+01    4.24445e+03    5.24529e+00
          LJ-14     Coulomb-14        LJ (SR)   Coulomb (SR)   Coul. recip.
    1.71331e+02    4.93458e+01    1.49781e+05   -9.26560e+05    2.26003e+03
 Position Rest.      Potential    Kinetic En.   Total Energy  Conserved En.
    5.77996e+02   -7.66350e+05    1.29376e+05   -6.36974e+05   -6.39976e+05
    Temperature Pressure (bar)
    2.95949e+02   -3.90669e+01

           Step           Time
           4800        1.20000

   Energies (kJ/mol)
           Bond          Angle    Proper Dih.  Improper Dih. Per. Imp. Dih.
    1.88059e+03    1.40936e+03    6.77649e+01    4.23775e+03    5.12427e+00
          LJ-14     Coulomb-14        LJ (SR)   Coulomb (SR)   Coul. recip.
    1.87807e+02    4.56266e+01    1.49486e+05   -9.27108e+05    2.30890e+03
 Position Rest.      Potential    Kinetic En.   Total Energy  Conserved En.
    5.56767e+02   -7.66923e+05    1.30125e+05   -6.36798e+05   -6.39976e+05
    Temperature Pressure (bar)
    2.97661e+02   -4.84760e+02

           Step           Time
           5200        1.30000

   Energies (kJ/mol)
           Bond          Angle    Proper Dih.  Improper Dih. Per. Imp. Dih.
    1.76042e+03    1.40553e+03    7.15395e+01    4.20779e+03    4.43651e+00
          LJ-14     Coulomb-14        LJ (SR)   Coulomb (SR)   Coul. recip.
    1.71263e+02    4.83117e+01    1.50470e+05   -9.27140e+05    2.24944e+03
 Position Rest.      Potential    Kinetic En.   Total Energy  Conserved En.
    4.21254e+02   -7.66329e+05    1.29614e+05   -6.36716e+05   -6.39976e+05
    Temperature Pressure (bar)
    2.96492e+02   -9.17011e+01

           Step           Time
           5600        1.40000

   Energies (kJ/mol)
           Bond          Angle    Proper Dih.  Improper Dih. Per. Imp. Dih.
    1.46045e+03    1.37500e+03    5.50293e+01    4.23346e+03    5.01695e+00
          LJ-14     Coulomb-14        LJ (SR)   Coulomb (SR)   Coul. recip.
    1.82488e+02    5.14481e+01    1.50881e+05   -9.27016e+05    2.34112e+03
 Position Rest.      Potential    Kinetic En.   Total Energy  Conserved En.
    3.48422e+02   -7.66083e+05    1.29417e+05   -6.36665e+05   -6.39977e+05
    Temperature Pressure (bar)
    2.96042e+02    5.04797e+02

           Step           Time
           6000        1.50000

   Energies (kJ/mol)
           Bond          Angle    Proper Dih.  Improper Dih. Per. Imp. Dih.
    1.58688e+03    1.38846e+03    7.33403e+01    4.21767e+03    6.37897e+00
          LJ-14     Coulomb-14        LJ (SR)   Coulomb (SR)   Coul. recip.
    1.81892e+02    4.89131e+01    1.49223e+05   -9.25090e+05    2.30865e+03
 Position Rest.      Potential    Kinetic En.   Total Energy  Conserved En.
    4.02313e+02   -7.65653e+05    1.29341e+05   -6.36312e+05   -6.39978e+05
    Temperature Pressure (bar)
    2.95867e+02    8.25691e+01

           Step           Time
           6400        1.60000

   Energies (kJ/mol)
           Bond          Angle    Proper Dih.  Improper Dih. Per. Imp. Dih.
    2.00930e+03    1.38986e+03    6.06710e+01    4.24527e+03    4.58063e+00
          LJ-14     Coulomb-14        LJ (SR)   Coulomb (SR)   Coul. recip.
    1.66805e+02    5.05221e+01    1.49037e+05   -9.25904e+05    2.34598e+03
 Position Rest.      Potential    Kinetic En.   Total Energy  Conserved En.
    6.36342e+02   -7.65957e+05    1.30082e+05   -6.35875e+05   -6.39978e+05
    Temperature Pressure (bar)
    2.97564e+02   -4.52616e+02

           Step           Time
           6800        1.70000

   Energies (kJ/mol)
           Bond          Angle    Proper Dih.  Improper Dih. Per. Imp. Dih.
    1.71001e+03    1.34544e+03    6.85566e+01    4.25308e+03    4.67700e+00
          LJ-14     Coulomb-14        LJ (SR)   Coulomb (SR)   Coul. recip.
    1.89868e+02    4.89444e+01    1.50153e+05   -9.26761e+05    2.28756e+03
 Position Rest.      Potential    Kinetic En.   Total Energy  Conserved En.
    4.84653e+02   -7.66215e+05    1.30718e+05   -6.35498e+05   -6.39979e+05
    Temperature Pressure (bar)
    2.99018e+02    1.06520e+02

           Step           Time
           7200        1.80000

   Energies (kJ/mol)
           Bond          Angle    Proper Dih.  Improper Dih. Per. Imp. Dih.
    1.57931e+03    1.37852e+03    6.61394e+01    4.22608e+03    4.46949e+00
          LJ-14     Coulomb-14        LJ (SR)   Coulomb (SR)   Coul. recip.
    1.69976e+02    4.68632e+01    1.49438e+05   -9.24974e+05    2.28181e+03
 Position Rest.      Potential    Kinetic En.   Total Energy  Conserved En.
    3.45490e+02   -7.65438e+05    1.30035e+05   -6.35402e+05   -6.39979e+05
    Temperature Pressure (bar)
    2.97456e+02    5.10103e+02

           Step           Time
           7600        1.90000

   Energies (kJ/mol)
           Bond          Angle    Proper Dih.  Improper Dih. Per. Imp. Dih.
    1.68451e+03    1.36556e+03    6.43242e+01    4.22718e+03    4.85632e+00
          LJ-14     Coulomb-14        LJ (SR)   Coulomb (SR)   Coul. recip.
    1.78951e+02    5.00987e+01    1.50096e+05   -9.25502e+05    2.32221e+03
 Position Rest.      Potential    Kinetic En.   Total Energy  Conserved En.
    4.08964e+02   -7.65099e+05    1.29577e+05   -6.35522e+05   -6.39980e+05
    Temperature Pressure (bar)
    2.96409e+02    1.38515e+02

           Step           Time
           8000        2.00000

Writing checkpoint, step 8000 at Mon Jul  6 11:45:28 2026


   Energies (kJ/mol)
           Bond          Angle    Proper Dih.  Improper Dih. Per. Imp. Dih.
    1.77923e+03    1.37417e+03    6.06682e+01    4.23155e+03    5.18442e+00
          LJ-14     Coulomb-14        LJ (SR)   Coulomb (SR)   Coul. recip.
    1.86030e+02    4.95969e+01    1.49337e+05   -9.25876e+05    2.33742e+03
 Position Rest.      Potential    Kinetic En.   Total Energy  Conserved En.
    5.01850e+02   -7.66014e+05    1.30520e+05   -6.35494e+05   -6.39981e+05
    Temperature Pressure (bar)
    2.98566e+02   -5.32870e+02


Energy conservation over simulation part #1 of length 2 ps, time 0 to 2 ps
  Conserved energy drift: -7.46e-05 kJ/mol/ps per atom


	<======  ###############  ==>
	<====  A V E R A G E S  ====>
	<==  ###############  ======>

	Statistics over 8001 steps using 81 frames

   Energies (kJ/mol)
           Bond          Angle    Proper Dih.  Improper Dih. Per. Imp. Dih.
    1.70513e+03    1.37084e+03    7.03216e+01    4.22002e+03    5.47411e+00
          LJ-14     Coulomb-14        LJ (SR)   Coulomb (SR)   Coul. recip.
    1.77856e+02    4.94967e+01    1.50242e+05   -9.27385e+05    2.28511e+03
 Position Rest.      Potential    Kinetic En.   Total Energy  Conserved En.
    4.65813e+02   -7.66793e+05    1.29455e+05   -6.37338e+05   -6.39976e+05
    Temperature Pressure (bar)
    2.96128e+02    4.17439e+01

   Total Virial (kJ/mol)
    4.27368e+04   -7.86381e+02   -1.20803e+01
   -8.00722e+02    4.17435e+04   -8.07746e+01
    2.19731e+01   -4.98614e+01    4.29088e+04

   Pressure (bar)
    2.51780e+01    4.70329e+01   -2.49818e-01
    4.79024e+01    9.12757e+01    9.99038e+00
   -2.31453e+00    8.11606e+00    8.77811e+00


	M E G A - F L O P S   A C C O U N T I N G

 NB=Group-cutoff nonbonded kernels    NxN=N-by-N cluster Verlet kernels
 RF=Reaction-Field  VdW=Van der Waals  QSTab=quadratic-spline table
 W3=SPC/TIP3p  W4=TIP4p (single or pairs)
 V&F=Potential and force  V=Potential only  F=Force only

 Computing:                               M-Number         M-Flops  % Flops
-----------------------------------------------------------------------------
 Pair Search distance check            2853.941896       25685.477     0.1
 NxN Ewald Elec. + LJ [F]            202755.104640    13381836.906    48.4
 NxN Ewald Elec. + LJ [V&F]            2073.647104      221880.240     0.8
 NxN LJ [F]                            7409.685888      244519.634     0.9
 NxN LJ [V&F]                            75.773088        3258.243     0.0
 NxN Ewald Elec. [F]                 201862.444608    12313609.121    44.5
 NxN Ewald Elec. [V&F]                 2064.535808      173421.008     0.6
 1,4 nonbonded interactions               2.048256         184.343     0.0
 Calc Weights                          1639.884960       59035.859     0.2
 Spread Q Bspline                     34984.212480       69968.425     0.3
 Gather F Bspline                     34984.212480      209905.275     0.8
 3D-FFT                              101262.800268      810102.402     2.9
 Solve PME                             1409.200128       90188.808     0.3
 Reset In Box                             5.465600          16.397     0.0
 CG-CoM                                   5.533920          16.602     0.0
 Bonds                                   20.610576        1216.024     0.0
 Angles                                  40.421052        6790.737     0.0
 Propers                                  2.432304         556.998     0.0
 Impropers                               13.473684        2802.526     0.0
 Pos. Restr.                             14.273784         713.689     0.0
 Virial                                   5.537565          99.676     0.0
 Calc-Ekin                               11.067840         298.832     0.0
 Constraint-V                           399.265902        3593.393     0.0
 Constraint-Vir                           4.042062          97.009     0.0
 Settle                                 133.088634       49242.795     0.2
 Virtual Site 3                         134.435988        4974.132     0.0
-----------------------------------------------------------------------------
 Total                                                27674014.550   100.0
-----------------------------------------------------------------------------


    D O M A I N   D E C O M P O S I T I O N   S T A T I S T I C S

 av. #atoms communicated per step for force:  2 x 0.0


      R E A L   C Y C L E   A N D   T I M E   A C C O U N T I N G

On 1 MPI rank, each using 12 OpenMP threads

 Activity:              Num   Num      Call    Wall time         Giga-Cycles
                        Ranks Threads  Count      (s)         total sum    %
--------------------------------------------------------------------------------
 Domain decomp.            1   12         80       0.442         13.746   0.3
 Vsite constr.             1   12       8001       0.296          9.208   0.2
 Neighbor search           1   12         81       1.620         50.400   1.1
 Force                     1   12       8001     114.017       3546.422  80.0
 PME mesh                  1   12       8001      21.734        676.019  15.3
 NB X/F buffer ops.        1   12      16002       1.469         45.705   1.0
 Vsite spread              1   12       8082       0.432         13.446   0.3
 Write traj.               1   12         21       0.349         10.843   0.2
 Update                    1   12       8001       1.313         40.832   0.9
 Constraints               1   12       8001       0.683         21.245   0.5
 Kinetic energy            1   12        161       0.018          0.553   0.0
 Rest                                              0.123          3.822   0.1
--------------------------------------------------------------------------------
 Total                                           142.496       4432.242 100.0
--------------------------------------------------------------------------------
 Breakdown of PME mesh activities
--------------------------------------------------------------------------------
 PME spread                1   12       8001       8.674        269.790   6.1
 PME gather                1   12       8001       5.256        163.481   3.7
 PME 3D-FFT                1   12      16002       7.291        226.792   5.1
 PME solve Elec            1   12       8001       0.481         14.950   0.3
--------------------------------------------------------------------------------

               Core t (s)   Wall t (s)        (%)
       Time:     1709.948      142.496     1200.0
                 (ns/day)    (hour/ns)
Performance:        1.213       19.789
Finished mdrun on rank 0 Mon Jul  6 11:45:28 2026

