Day021 NVT stage: 03b_nvt_k1000_hold_2ps
Previous stage authorization: REVISE -> adaptive continuation
Verified protocol-manifest files: 19
Starting coordinates: runs/phase1A/day021_mobile_restraint_protocol/execution/03_nvt_k1000_2ps/03_nvt_k1000_2ps.gro
Checkpoint input: runs/phase1A/day021_mobile_restraint_protocol/execution/03_nvt_k1000_2ps/03_nvt_k1000_2ps.cpt

===== GROMPP =====
                      :-) GROMACS - gmx grompp, 2025.4 (-:

Executable:   /usr/local/gromacs/bin/gmx
Data prefix:  /usr/local/gromacs
Working dir:  /Users/alejandro/projects/Multiscale-Simulation-Project/Microtubule_Inspired_Phase0/runs/phase1A/day021_mobile_restraint_protocol/protocol_inputs/topology
Command line:
  gmx grompp -f /Users/alejandro/projects/Multiscale-Simulation-Project/Microtubule_Inspired_Phase0/runs/phase1A/day021_mobile_restraint_protocol/protocol_inputs/mdp/03b_nvt_k1000_hold_2ps.mdp -c /Users/alejandro/projects/Multiscale-Simulation-Project/Microtubule_Inspired_Phase0/runs/phase1A/day021_mobile_restraint_protocol/execution/03_nvt_k1000_2ps/03_nvt_k1000_2ps.gro -r /Users/alejandro/projects/Multiscale-Simulation-Project/Microtubule_Inspired_Phase0/runs/phase1A/accepted/hybrid_hydrated_gap45_pyr5shift_clean032_nvt_100ps_frozenSolute/nvt_100ps_frozenSolute.gro -p /Users/alejandro/projects/Multiscale-Simulation-Project/Microtubule_Inspired_Phase0/runs/phase1A/day021_mobile_restraint_protocol/protocol_inputs/topology/hbn_pyrene_mobile_release.top -n /Users/alejandro/projects/Multiscale-Simulation-Project/Microtubule_Inspired_Phase0/runs/phase1A/day021_mobile_restraint_protocol/protocol_inputs/mobile_release_index.ndx -o /Users/alejandro/projects/Multiscale-Simulation-Project/Microtubule_Inspired_Phase0/runs/phase1A/day021_mobile_restraint_protocol/execution/03b_nvt_k1000_hold_2ps/03b_nvt_k1000_hold_2ps.tpr -po /Users/alejandro/projects/Multiscale-Simulation-Project/Microtubule_Inspired_Phase0/runs/phase1A/day021_mobile_restraint_protocol/execution/03b_nvt_k1000_hold_2ps/03b_nvt_k1000_hold_2ps_mdout.mdp -pp /Users/alejandro/projects/Multiscale-Simulation-Project/Microtubule_Inspired_Phase0/runs/phase1A/day021_mobile_restraint_protocol/execution/03b_nvt_k1000_hold_2ps/03b_nvt_k1000_hold_2ps_processed.top -maxwarn 0 -t /Users/alejandro/projects/Multiscale-Simulation-Project/Microtubule_Inspired_Phase0/runs/phase1A/day021_mobile_restraint_protocol/execution/03_nvt_k1000_2ps/03_nvt_k1000_2ps.cpt

Generating 1-4 interactions: fudge = 0.5
Number of degrees of freedom in T-Coupling group System is 105156.00

Last frame         -1 time    2.000   

GROMACS reminds you: "Your Bones Got a Little Machine" (Pixies)

Setting the LD random seed to -353894402

Generated 28 of the 28 non-bonded parameter combinations

Generated 28 of the 28 1-4 parameter combinations

Excluding 1 bonded neighbours molecule type 'HBN'

Excluding 3 bonded neighbours molecule type 'PYR'

Excluding 2 bonded neighbours molecule type 'SOL'

Taking velocities from '/Users/alejandro/projects/Multiscale-Simulation-Project/Microtubule_Inspired_Phase0/runs/phase1A/day021_mobile_restraint_protocol/execution/03_nvt_k1000_2ps/03_nvt_k1000_2ps.gro'

Cleaning up constraints and constant bonded interactions with virtual sites

The largest distance between excluded atoms is 0.382 nm between atom 1683 and 1692

Determining Verlet buffer for a tolerance of 0.005 kJ/mol/ps at 300 K

Calculated rlist for 1x1 atom pair-list as 1.205 nm, buffer size 0.005 nm

Set rlist, assuming 4x4 atom pair-list, to 1.200 nm, buffer size 0.000 nm

Note that mdrun will redetermine rlist based on the actual pair-list setup

Reading Coordinates, Velocities and Box size from old trajectory

Will read whole trajectory

Using frame at t = 2 ps

Starting time for run is 0 ps
Calculating fourier grid dimensions for X Y Z
Using a fourier grid of 64x64x84, spacing 0.116 0.116 0.119

Estimate for the relative computational load of the PME mesh part: 0.14

This run will generate roughly 12 Mb of data

===== MDRUN =====
                      :-) GROMACS - gmx mdrun, 2025.4 (-:

Executable:   /usr/local/gromacs/bin/gmx
Data prefix:  /usr/local/gromacs
Working dir:  /Users/alejandro/projects/Multiscale-Simulation-Project/Microtubule_Inspired_Phase0/runs/phase1A/day021_mobile_restraint_protocol/execution/03b_nvt_k1000_hold_2ps
Command line:
  gmx mdrun -deffnm 03b_nvt_k1000_hold_2ps

Reading file 03b_nvt_k1000_hold_2ps.tpr, VERSION 2025.4 (single precision)
Changing nstlist from 20 to 100, rlist from 1.2 to 1.211

Using 1 MPI thread
Using 12 OpenMP threads 

starting mdrun 'h-BN fixed dummy scaffold + 4 pyrenes + TIP4P/2005 water'
8000 steps,      2.0 ps.

Writing final coordinates.

               Core t (s)   Wall t (s)        (%)
       Time:     1709.948      142.496     1200.0
                 (ns/day)    (hour/ns)
Performance:        1.213       19.789

GROMACS reminds you: "We mathematicians are all a bit crazy." (Lev Landau)


===== NVT ANALYSIS =====
Temperature mean/std/min/max/last: 296.2256/1.4257/293.2257/299.0176/298.5658 K
Potential energy first/last: -768667.6875/-766014.0625 kJ/mol
Pressure mean/min/max: 22.7005/-999.4128/921.5803 bar
HBN incremental RMS/max: 0.02203817/0.11379807 nm
PYR incremental RMS/max: 0.04088974/0.07339619 nm
HBN cumulative RMS/max: 0.02354707/0.14006784 nm
PYR cumulative RMS/max: 0.02620518/0.05522681 nm
HBN nonzero velocities: 1680/1680 (1.000000)
PYR nonzero velocities: 104/104 (1.000000)
SOL nonzero velocities: 66536/66536 (1.000000)
Instability signatures: NONE
Atom count: 68320/68320
Finite-coordinate and box checks: PASS
Stage decision: REVISE
Subsequent stages executed: NO
Wrote: runs/phase1A/day021_mobile_restraint_protocol/execution/03b_nvt_k1000_hold_2ps
