====================================================================================
F46U — BULK COLLECTIVE SAMPLING-STRATEGY DIAGNOSTIC
====================================================================================
N_FRAMES=1001
FIRST_PS=0.0
LAST_PS=500.0
DT_PS=0.5
INPUT_TRAJECTORY_GATE=PASS

====================================================================================
F46U ROLLING 100 ps TENSORS
====================================================================================
 start_ps  end_ps         XX        YY        ZZ      trace  diag_cv  diag_max_min_ratio
      0.0   100.0 111.538507 34.232977 35.071473 180.842956 0.736423            3.258218
     25.0   125.0 120.296730 31.397744 39.470179 191.164653 0.771505            3.831381
     50.0   150.0 115.065567 35.476133 27.987370 178.529070 0.810932            4.111339
     75.0   175.0 103.727876 33.322916 54.096269 191.147061 0.567753            3.112809
    100.0   200.0  57.357838 35.148792 62.453990 154.960620 0.281082            1.776846
    125.0   225.0  41.305194 33.437096 66.319845 141.062134 0.365165            1.983421
    150.0   250.0  29.724132 29.561377 75.796538 135.082047 0.591796            2.564040
    175.0   275.0  32.064801 30.728511 53.466023 116.259335 0.329245            1.739948
    200.0   300.0  39.856439 26.961929 40.524077 107.342445 0.213653            1.503011
    225.0   325.0  30.105941 30.394674 60.483723 120.984338 0.432846            2.009029
    250.0   350.0  31.346782 34.859352 53.179765 119.385899 0.294597            1.696498
    275.0   375.0  32.785590 32.967924 44.882381 110.635895 0.187969            1.368967
    300.0   400.0  42.866155 25.027465 35.996432 103.890052 0.259818            1.712765
    325.0   425.0  64.576209 27.944014 35.236976 127.757199 0.455323            2.310914
    350.0   450.0  53.014337 34.496894 29.013149 116.524380 0.323793            1.827252
    375.0   475.0 106.373078 43.057923 43.934341 193.365341 0.563255            2.470465
    400.0   500.0 116.476539 44.649790 45.674848 206.801177 0.597334            2.608669

====================================================================================
F46U ROLLING 200 ps TENSORS
====================================================================================
 start_ps  end_ps         XX        YY        ZZ      trace  diag_cv  diag_max_min_ratio
      0.0   200.0 104.768001 35.587995 51.199709 191.555705 0.568252            2.943914
     25.0   225.0  86.036012 33.150770 54.261110 173.447891 0.460448            2.595295
     50.0   250.0  73.371926 32.447148 52.492338 158.311412 0.387789            2.261275
     75.0   275.0  68.814946 33.078686 55.943910 157.837541 0.344016            2.080341
    100.0   300.0  51.111542 31.184972 57.501255 139.797769 0.294557            1.843877
    125.0   325.0  37.330111 32.144022 64.015298 133.489431 0.384334            1.991515
    150.0   350.0  35.983080 32.392169 64.454626 132.829874 0.396748            1.989821
    175.0   375.0  35.392977 35.608725 61.180541 132.182243 0.336503            1.728607
    200.0   400.0  41.434398 31.620479 62.635444 135.690321 0.350476            1.980851
    225.0   425.0  54.356088 30.957650 62.678688 147.992426 0.333397            2.024659
    250.0   450.0  64.525202 35.307558 53.025456 152.858215 0.288869            1.827518
    275.0   475.0  80.690294 42.082934 45.836868 168.610096 0.378789            1.917411
    300.0   500.0  81.095187 44.431440 41.177757 166.704384 0.398913            1.969393

====================================================================================
F46U POLARIZATION MEAN — 50 ps WINDOWS
====================================================================================
 start_ps  end_ps   Mx_mean   My_mean   Mz_mean  Mnorm_mean
        0      50 -1.285166 -3.500836  2.247145    4.353982
       50     100 -7.124478  1.191354  1.530370    7.383735
      100     150  7.787592 -0.246565  2.556404    8.200158
      150     200 -0.949281  1.071462 -3.903791    4.157974
      200     250 -1.411230  0.287778  4.735265    4.949456
      250     300  2.909435 -1.115200  2.253686    3.845462
      300     350  2.597836  3.591259 -3.875650    5.887831
      350     400 -1.170777  3.638920 -5.920275    7.047135
      400     450 -9.239081  1.361673 -7.277539   11.839651
      450     500  6.756534 -4.607521 -0.920137    8.229621

====================================================================================
F46U AUTOCORRELATION / EFFECTIVE SAMPLE SIZE
====================================================================================
observable  tau_int_ps  positive_cutoff_ps  effective_samples  acf_2ps   acf_5ps  acf_10ps  acf_20ps  acf_50ps
        Mx   10.563790                25.0          23.665749 0.856862  0.736789  0.506203  0.113366 -0.065147
        My    7.234381                31.0          34.557207 0.695144  0.378232  0.194577  0.167554 -0.078919
        Mz   12.109217                44.0          20.645431 0.788518  0.566309  0.343121  0.181854 -0.030924
       Mx2    4.572060                12.5          54.679949 0.616473  0.433179  0.101132 -0.005658  0.010230
       My2    1.559931                 4.0         160.263480 0.346574 -0.040433 -0.045616 -0.021777  0.027857
       Mz2    2.812833                12.5          88.878367 0.514804  0.147708  0.037911 -0.120652  0.028378
      MxMy    4.418660                20.5          56.578238 0.585575  0.271632  0.111606  0.029389 -0.001816
      MxMz    8.360677                38.5          29.901883 0.644542  0.316555  0.135957  0.197738 -0.003263
      MyMz    3.048140                 8.0          82.017219 0.583040  0.234861 -0.122152 -0.096994 -0.022667

====================================================================================
F46U LATE-WINDOW STABILITY
====================================================================================
LATE_ROLLING100_XX_CV=0.567251473650426
LATE_ROLLING100_YY_CV=0.20479233528899485
LATE_ROLLING100_ZZ_CV=0.22128456341978406
LATE_ROLLING100_trace_CV=0.2854091977808186
LATE_ROLLING200_XX_CV=0.34121046699029456
LATE_ROLLING200_YY_CV=0.14138188433212814
LATE_ROLLING200_ZZ_CV=0.14916949799767323
LATE_ROLLING200_trace_CV=0.09880099736825976
MAX_TENSOR_OBSERVABLE_TAU_INT_PS=4.572059855761051
MIN_TENSOR_OBSERVABLE_EFFECTIVE_SAMPLES=54.67994905731298

F46U_SAMPLING_RECOMMENDATION=INDEPENDENT_REPLICAS_PREFERRED
F46U_ANALYSIS_COMPLETE=YES
