                      :-) GROMACS - gmx energy, 2025.4 (-:

Executable:   /usr/local/gromacs/bin/gmx
Data prefix:  /usr/local/gromacs
Working dir:  /Users/alejandro/projects/Multiscale-Simulation-Project/Microtubule_Inspired_Phase0/runs/phase1A/day021_mobile_restraint_protocol/execution/08_nvt_mobile_100ps
Command line:
  gmx energy -f /Users/alejandro/projects/Multiscale-Simulation-Project/Microtubule_Inspired_Phase0/runs/phase1A/day021_mobile_restraint_protocol/execution/08_nvt_mobile_100ps/08_nvt_mobile_100ps.edr -o /Users/alejandro/projects/Multiscale-Simulation-Project/Microtubule_Inspired_Phase0/runs/phase1A/day021_mobile_restraint_protocol/execution/08_nvt_mobile_100ps/08_nvt_mobile_100ps_pressure.xvg

Opened /Users/alejandro/projects/Multiscale-Simulation-Project/Microtubule_Inspired_Phase0/runs/phase1A/day021_mobile_restraint_protocol/execution/08_nvt_mobile_100ps/08_nvt_mobile_100ps.edr as single precision energy file

Select the terms you want from the following list by
selecting either (part of) the name or the number or a combination.
End your selection with an empty line or a zero.
-------------------------------------------------------------------
  1  Bond             2  Angle            3  Proper-Dih.      4  Improper-Dih. 
  5  Per.-Imp.-Dih.   6  LJ-14            7  Coulomb-14       8  LJ-(SR)       
  9  Coulomb-(SR)    10  Coul.-recip.    11  Potential       12  Kinetic-En.   
 13  Total-Energy    14  Conserved-En.   15  Temperature     16  Pressure      
 17  Vir-XX          18  Vir-XY          19  Vir-XZ          20  Vir-YX        
 21  Vir-YY          22  Vir-YZ          23  Vir-ZX          24  Vir-ZY        
 25  Vir-ZZ          26  Pres-XX         27  Pres-XY         28  Pres-XZ       
 29  Pres-YX         30  Pres-YY         31  Pres-YZ         32  Pres-ZX       
 33  Pres-ZY         34  Pres-ZZ         35  #Surf*SurfTen   36  T-System      
 37  Lamb-System   


Reading energy frame      0 time    0.000         
Reading energy frame      1 time    0.100         
Reading energy frame      2 time    0.200         
Reading energy frame      3 time    0.300         
Reading energy frame      4 time    0.400         
Reading energy frame      5 time    0.500         
Reading energy frame      6 time    0.600         
Reading energy frame      7 time    0.700         
Reading energy frame      8 time    0.800         
Reading energy frame      9 time    0.900         
Reading energy frame     10 time    1.000         
Reading energy frame     11 time    1.100         
Reading energy frame     12 time    1.200         
Reading energy frame     13 time    1.300         
Reading energy frame     14 time    1.400         
Reading energy frame     15 time    1.500         
Reading energy frame     16 time    1.600         
Reading energy frame     17 time    1.700         
Reading energy frame     18 time    1.800         
Reading energy frame     19 time    1.900         
Reading energy frame     20 time    2.000         
Reading energy frame     30 time    3.000         
Reading energy frame     40 time    4.000         
Reading energy frame     50 time    5.000         
Reading energy frame     60 time    6.000         
Reading energy frame     70 time    7.000         
Reading energy frame     80 time    8.000         
Reading energy frame     90 time    9.000         
Reading energy frame    100 time   10.000         
Reading energy frame    110 time   11.000         
Reading energy frame    120 time   12.000         
Reading energy frame    130 time   13.000         
Reading energy frame    140 time   14.000         
Reading energy frame    150 time   15.000         
Reading energy frame    160 time   16.000         
Reading energy frame    170 time   17.000         
Reading energy frame    180 time   18.000         
Reading energy frame    190 time   19.000         
Reading energy frame    200 time   20.000         
Reading energy frame    300 time   30.000         
Reading energy frame    400 time   40.000         
Reading energy frame    500 time   50.000         
Reading energy frame    600 time   60.000         
Reading energy frame    700 time   70.000         
Reading energy frame    800 time   80.000         
Reading energy frame    900 time   90.000         
Reading energy frame   1000 time  100.000         
Last energy frame read 1000 time  100.000         

GROMACS reminds you: "FORTRAN, the infantile disorder, by now nearly 20 years old, is hopelessly inadequate for whatever computer application you have in mind today: it is now too clumsy, too risky, and too expensive to use." (Edsger Dijkstra, 1970)


Statistics over 200001 steps [ 0.0000 through 100.0000 ps ], 1 data sets
All statistics are over 2001 points

Energy                      Average   Err.Est.       RMSD  Tot-Drift
-------------------------------------------------------------------------------
Pressure                    6.53351        6.3    107.104    17.3827  (bar)
