Day021 NVT stage: 08_nvt_mobile_100ps
Previous stage authorization: PASS
Verified protocol-manifest files: 20
Starting coordinates: runs/phase1A/day021_mobile_restraint_protocol/execution/07_nvt_unrestrained_25ps/07_nvt_unrestrained_25ps.gro
Checkpoint input: runs/phase1A/day021_mobile_restraint_protocol/execution/07_nvt_unrestrained_25ps/07_nvt_unrestrained_25ps.cpt

===== GROMPP =====
                      :-) GROMACS - gmx grompp, 2025.4 (-:

Executable:   /usr/local/gromacs/bin/gmx
Data prefix:  /usr/local/gromacs
Working dir:  /Users/alejandro/projects/Multiscale-Simulation-Project/Microtubule_Inspired_Phase0/runs/phase1A/day021_mobile_restraint_protocol/protocol_inputs/topology
Command line:
  gmx grompp -f /Users/alejandro/projects/Multiscale-Simulation-Project/Microtubule_Inspired_Phase0/runs/phase1A/day021_mobile_restraint_protocol/protocol_inputs/mdp/08_nvt_mobile_100ps.mdp -c /Users/alejandro/projects/Multiscale-Simulation-Project/Microtubule_Inspired_Phase0/runs/phase1A/day021_mobile_restraint_protocol/execution/07_nvt_unrestrained_25ps/07_nvt_unrestrained_25ps.gro -r /Users/alejandro/projects/Multiscale-Simulation-Project/Microtubule_Inspired_Phase0/runs/phase1A/accepted/hybrid_hydrated_gap45_pyr5shift_clean032_nvt_100ps_frozenSolute/nvt_100ps_frozenSolute.gro -p /Users/alejandro/projects/Multiscale-Simulation-Project/Microtubule_Inspired_Phase0/runs/phase1A/day021_mobile_restraint_protocol/protocol_inputs/topology/hbn_pyrene_mobile_release.top -n /Users/alejandro/projects/Multiscale-Simulation-Project/Microtubule_Inspired_Phase0/runs/phase1A/day021_mobile_restraint_protocol/protocol_inputs/mobile_release_index.ndx -o /Users/alejandro/projects/Multiscale-Simulation-Project/Microtubule_Inspired_Phase0/runs/phase1A/day021_mobile_restraint_protocol/execution/08_nvt_mobile_100ps/08_nvt_mobile_100ps.tpr -po /Users/alejandro/projects/Multiscale-Simulation-Project/Microtubule_Inspired_Phase0/runs/phase1A/day021_mobile_restraint_protocol/execution/08_nvt_mobile_100ps/08_nvt_mobile_100ps_mdout.mdp -pp /Users/alejandro/projects/Multiscale-Simulation-Project/Microtubule_Inspired_Phase0/runs/phase1A/day021_mobile_restraint_protocol/execution/08_nvt_mobile_100ps/08_nvt_mobile_100ps_processed.top -maxwarn 0 -t /Users/alejandro/projects/Multiscale-Simulation-Project/Microtubule_Inspired_Phase0/runs/phase1A/day021_mobile_restraint_protocol/execution/07_nvt_unrestrained_25ps/07_nvt_unrestrained_25ps.cpt

Generating 1-4 interactions: fudge = 0.5
Number of degrees of freedom in T-Coupling group System is 105153.00

Last frame         -1 time   25.000   

GROMACS reminds you: "If you have any trouble sounding condescending, find a UNIX user to show you how it's done." (Scott Adams, Dilbert Cartoonist)

Setting the LD random seed to -119550018

Generated 28 of the 28 non-bonded parameter combinations

Generated 28 of the 28 1-4 parameter combinations

Excluding 1 bonded neighbours molecule type 'HBN'

Excluding 3 bonded neighbours molecule type 'PYR'

Excluding 2 bonded neighbours molecule type 'SOL'

Taking velocities from '/Users/alejandro/projects/Multiscale-Simulation-Project/Microtubule_Inspired_Phase0/runs/phase1A/day021_mobile_restraint_protocol/execution/07_nvt_unrestrained_25ps/07_nvt_unrestrained_25ps.gro'

Cleaning up constraints and constant bonded interactions with virtual sites

The largest distance between excluded atoms is 0.380 nm between atom 1685 and 1688

Determining Verlet buffer for a tolerance of 0.005 kJ/mol/ps at 300 K

Calculated rlist for 1x1 atom pair-list as 1.215 nm, buffer size 0.015 nm

Set rlist, assuming 4x4 atom pair-list, to 1.200 nm, buffer size 0.000 nm

Note that mdrun will redetermine rlist based on the actual pair-list setup

Reading Coordinates, Velocities and Box size from old trajectory

Will read whole trajectory

Using frame at t = 25 ps

Starting time for run is 0 ps
Calculating fourier grid dimensions for X Y Z
Using a fourier grid of 64x64x84, spacing 0.116 0.116 0.119

Estimate for the relative computational load of the PME mesh part: 0.14

This run will generate roughly 72 Mb of data

===== MDRUN =====
                      :-) GROMACS - gmx mdrun, 2025.4 (-:

Executable:   /usr/local/gromacs/bin/gmx
Data prefix:  /usr/local/gromacs
Working dir:  /Users/alejandro/projects/Multiscale-Simulation-Project/Microtubule_Inspired_Phase0/runs/phase1A/day021_mobile_restraint_protocol/execution/08_nvt_mobile_100ps
Command line:
  gmx mdrun -deffnm 08_nvt_mobile_100ps

Reading file 08_nvt_mobile_100ps.tpr, VERSION 2025.4 (single precision)
Changing nstlist from 20 to 100, rlist from 1.2 to 1.253

Using 1 MPI thread
Using 12 OpenMP threads 

starting mdrun 'h-BN fixed dummy scaffold + 4 pyrenes + TIP4P/2005 water'
200000 steps,    100.0 ps.

Writing final coordinates.

               Core t (s)   Wall t (s)        (%)
       Time:    42753.247     3562.771     1200.0
                         59:22
                 (ns/day)    (hour/ns)
Performance:        2.425        9.897

GROMACS reminds you: "FORTRAN, the infantile disorder, by now nearly 20 years old, is hopelessly inadequate for whatever computer application you have in mind today: it is now too clumsy, too risky, and too expensive to use." (Edsger Dijkstra, 1970)


===== NVT ANALYSIS =====
Temperature mean/std/min/max/last: 300.0529/1.3246/295.4536/304.0683/301.2741 K
Potential energy first/last: -764229.0/-763948.8125 kJ/mol
Pressure mean/min/max: 6.1414/-339.7696/358.0741 bar
HBN incremental RMS/max: 0.19898046/0.40706511 nm
PYR incremental RMS/max: 1.13614310/1.73567768 nm
HBN cumulative RMS/max: 0.52646379/0.86669545 nm
PYR cumulative RMS/max: 1.26776401/2.08497938 nm
HBN nonzero velocities: 1680/1680 (1.000000)
PYR nonzero velocities: 104/104 (1.000000)
SOL nonzero velocities: 66536/66536 (1.000000)
Instability signatures: NONE
Atom count: 68320/68320
Finite-coordinate and box checks: PASS
Stage decision: PASS
Subsequent stages executed: NO
Wrote: runs/phase1A/day021_mobile_restraint_protocol/execution/08_nvt_mobile_100ps
