                      :-) GROMACS - gmx mdrun, 2025.4 (-:

Copyright 1991-2025 The GROMACS Authors.
GROMACS is free software; you can redistribute it and/or modify it
under the terms of the GNU Lesser General Public License
as published by the Free Software Foundation; either version 2.1
of the License, or (at your option) any later version.

                         Current GROMACS contributors:
       Mark Abraham           Andrey Alekseenko           Brian Andrews       
      Vladimir Basov              Paul Bauer                Hugh Bird         
      Eliane Briand               Ania Brown              Mahesh Doijade      
      Giacomo Fiorin          Stefan Fleischmann          Sergey Gorelov      
   Gilles Gouaillardet            Alan Gray              M. Eric Irrgang      
   Farzaneh Jalalypour         Petter Johansson          Carsten Kutzner      
    Grzegorz Łazarski         Justin A. Lemkul          Magnus Lundborg      
       Pascal Merz             Vedran Miletić            Dmitry Morozov      
     Lukas Müllender            Julien Nabet             Szilárd Páll      
 Andrea Pasquadibisceglie     Michele Pellegrino         Nicola Piasentin     
     Daniele Rapetti         Muhammad Umair Sadiq         Hubert Santuz       
      Roland Schulz             Michael Shirts           Tatiana Shugaeva     
     Alexey Shvetsov            Philip Turner            Alessandra Villa     
 Sebastian Wingbermühle  

                         Previous GROMACS contributors:
        Emile Apol             Rossen Apostolov           James Barnett       
  Herman J.C. Berendsen         Cathrine Bergh             Par Bjelkmar       
      Christian Blau          Viacheslav Bolnykh            Kevin Boyd        
    Aldert van Buuren          Carlo Camilloni           Rudi van Drunen      
      Anton Feenstra           Oliver Fleetwood            Vytas Gapsys       
       Gaurav Garg             Gerrit Groenhof            Bert de Groot       
      Anca Hamuraru           Vincent Hindriksen          Victor Holanda      
     Aleksei Iupinov              Joe Jordan            Christoph Junghans    
    Prashanth Kanduri        Dimitrios Karkoulis           Peter Kasson       
      Sebastian Kehl           Sebastian Keller             Jiri Kraus        
       Per Larsson              Viveca Lindahl            Erik Marklund       
    Pieter Meulenhoff           Teemu Murtola              Sander Pronk       
      Alfons Sijbers            Balint Soproni         David van der Spoel    
      Peter Tieleman            Carsten Uphoff             Jon Vincent        
     Teemu Virolainen         Christian Wennberg           Maarten Wolf       
      Artem Zhmurov       

                  Coordinated by the GROMACS project leaders:
                           Berk Hess and Erik Lindahl

GROMACS:      gmx mdrun, version 2025.4
Executable:   /usr/local/gromacs/bin/gmx
Data prefix:  /usr/local/gromacs
Working dir:  /Users/alejandro/projects/Multiscale-Simulation-Project/Microtubule_Inspired_Phase0/runs/phase1A/day021_mobile_restraint_protocol/execution/07_nvt_unrestrained_25ps
Process ID:   1897
Command line:
  gmx mdrun -deffnm 07_nvt_unrestrained_25ps

GROMACS version:     2025.4
Precision:           mixed
Memory model:        64 bit
MPI library:         thread_mpi
OpenMP support:      enabled (GMX_OPENMP_MAX_THREADS = 128)
GPU support:         disabled
SIMD instructions:   AVX2_256
CPU FFT library:     fftw-3.3.10-sse2
GPU FFT library:     none
Multi-GPU FFT:       none
RDTSCP usage:        enabled
TNG support:         enabled
Hwloc support:       disabled
Tracing support:     disabled
C compiler:          /usr/bin/gcc AppleClang 14.0.0.14000029
C compiler flags:    -mavx2 -mfma -Wno-missing-field-initializers -fno-stack-check -O3 -DNDEBUG
C++ compiler:        /usr/bin/g++ AppleClang 14.0.0.14000029
C++ compiler flags:  -mavx2 -mfma -Wno-reserved-identifier -Wno-missing-field-initializers -fno-stack-check -Weverything -Wno-c++98-compat -Wno-c++98-compat-pedantic -Wno-source-uses-openmp -Wno-c++17-extensions -Wno-documentation-unknown-command -Wno-covered-switch-default -Wno-switch-enum -Wno-switch-default -Wno-extra-semi-stmt -Wno-weak-vtables -Wno-shadow -Wno-padded -Wno-reserved-id-macro -Wno-double-promotion -Wno-exit-time-destructors -Wno-global-constructors -Wno-documentation -Wno-format-nonliteral -Wno-used-but-marked-unused -Wno-float-equal -Wno-conditional-uninitialized -Wno-conversion -Wno-disabled-macro-expansion -Wno-unused-macros SHELL:-Xpreprocessor -fopenmp -I/usr/local/opt/libomp/include -O3 -DNDEBUG
BLAS library:        External - detected on the system
LAPACK library:      External - detected on the system


Running on 1 node with total 0 processing units
Hardware detected on host Alejandros-MacBook-Pro-2.local:
  CPU info:
    Vendor: Intel
    Brand:  Intel(R) Core(TM) i7-9750H CPU @ 2.60GHz
    Family: 6   Model: 158   Stepping: 10
    Features: aes apic avx avx2 clfsh cmov cx8 cx16 f16c fma htt intel lahf mmx msr nonstop_tsc pcid pclmuldq pdcm pdpe1gb popcnt pse rdrnd rdtscp sse2 sse3 sse4.1 sse4.2 ssse3 tdt x2apic
  Hardware topology: Only logical processor count
    CPU limit set by OS: -1   Recommended max number of threads: 12


++++ PLEASE READ AND CITE THE FOLLOWING REFERENCE ++++
M. J. Abraham, T. Murtola, R. Schulz, S. Páll, J. C. Smith, B. Hess, E.
Lindahl
GROMACS: High performance molecular simulations through multi-level
parallelism from laptops to supercomputers
SoftwareX (2015)
DOI: 10.1016/j.softx.2015.06.001
-------- -------- --- Thank You --- -------- --------


++++ PLEASE READ AND CITE THE FOLLOWING REFERENCE ++++
S. Páll, M. J. Abraham, C. Kutzner, B. Hess, E. Lindahl
Tackling Exascale Software Challenges in Molecular Dynamics Simulations with
GROMACS
In S. Markidis & E. Laure (Eds.), Solving Software Challenges for Exascale (2015)
DOI: 10.1007/978-3-319-15976-8_1
-------- -------- --- Thank You --- -------- --------


++++ PLEASE READ AND CITE THE FOLLOWING REFERENCE ++++
S. Pronk, S. Páll, R. Schulz, P. Larsson, P. Bjelkmar, R. Apostolov, M. R.
Shirts, J. C. Smith, P. M. Kasson, D. van der Spoel, B. Hess, E. Lindahl
GROMACS 4.5: a high-throughput and highly parallel open source molecular
simulation toolkit
Bioinformatics (2013)
DOI: 10.1093/bioinformatics/btt055
-------- -------- --- Thank You --- -------- --------


++++ PLEASE READ AND CITE THE FOLLOWING REFERENCE ++++
B. Hess, C. Kutzner, D. van der Spoel, E. Lindahl
GROMACS 4: Algorithms for highly efficient, load-balanced, and scalable
molecular simulation
J. Chem. Theory Comput. (2008)
DOI: 10.1021/ct700301q
-------- -------- --- Thank You --- -------- --------


++++ PLEASE READ AND CITE THE FOLLOWING REFERENCE ++++
D. van der Spoel, E. Lindahl, B. Hess, G. Groenhof, A. E. Mark, H. J. C.
Berendsen
GROMACS: Fast, Flexible and Free
J. Comp. Chem. (2005)
DOI: 10.1002/jcc.20291
-------- -------- --- Thank You --- -------- --------


++++ PLEASE READ AND CITE THE FOLLOWING REFERENCE ++++
E. Lindahl, B. Hess, D. van der Spoel
GROMACS 3.0: A package for molecular simulation and trajectory analysis
J. Mol. Mod. (2001)
DOI: 10.1007/s008940100045
-------- -------- --- Thank You --- -------- --------


++++ PLEASE READ AND CITE THE FOLLOWING REFERENCE ++++
H. J. C. Berendsen, D. van der Spoel and R. van Drunen
GROMACS: A message-passing parallel molecular dynamics implementation
Comp. Phys. Comm. (1995)
DOI: 10.1016/0010-4655(95)00042-E
-------- -------- --- Thank You --- -------- --------


++++ PLEASE CITE THE DOI FOR THIS VERSION OF GROMACS ++++
https://doi.org/10.5281/zenodo.17671793
-------- -------- --- Thank You --- -------- --------

Input Parameters:
   integrator                     = md
   tinit                          = 0
   dt                             = 0.0005
   nsteps                         = 50000
   init-step                      = 0
   simulation-part                = 1
   mts                            = false
   mass-repartition-factor        = 1
   comm-mode                      = Linear
   nstcomm                        = 100
   bd-fric                        = 0
   ld-seed                        = -1744896509
   emtol                          = 10
   emstep                         = 0.01
   niter                          = 20
   fcstep                         = 0
   nstcgsteep                     = 1000
   nbfgscorr                      = 10
   rtpi                           = 0.05
   nstxout                        = 0
   nstvout                        = 0
   nstfout                        = 0
   nstlog                         = 1000
   nstcalcenergy                  = 100
   nstenergy                      = 200
   nstxout-compressed             = 1000
   compressed-x-precision         = 1000
   cutoff-scheme                  = Verlet
   nstlist                        = 20
   pbc                            = xyz
   periodic-molecules             = false
   verlet-buffer-tolerance        = 0.005
   verlet-buffer-pressure-tolerance = 0.5
   rlist                          = 1.2
   coulombtype                    = PME
   coulomb-modifier               = Potential-shift
   rcoulomb-switch                = 0
   rcoulomb                       = 1.2
   epsilon-r                      = 1
   epsilon-rf                     = inf
   vdw-type                       = Cut-off
   vdw-modifier                   = Potential-shift
   rvdw-switch                    = 0
   rvdw                           = 1.2
   DispCorr                       = No
   table-extension                = 1
   fourierspacing                 = 0.12
   fourier-nx                     = 64
   fourier-ny                     = 64
   fourier-nz                     = 84
   pme-order                      = 4
   ewald-rtol                     = 1e-05
   ewald-rtol-lj                  = 0.001
   lj-pme-comb-rule               = Geometric
   ewald-geometry                 = 3d
   epsilon-surface                = 0
   ensemble-temperature-setting   = constant
   ensemble-temperature           = 300
   tcoupl                         = V-rescale
   nsttcouple                     = 100
   nh-chain-length                = 0
   print-nose-hoover-chain-variables = false
   pcoupl                         = No
   refcoord-scaling               = No
   posres-com: not available
   posres-comB: not available
   QMMM                           = false
qm-opts:
   ngQM                           = 0
   constraint-algorithm           = Lincs
   continuation                   = true
   Shake-SOR                      = false
   shake-tol                      = 0.0001
   lincs-order                    = 4
   lincs-iter                     = 1
   lincs-warnangle                = 30
   nwall                          = 0
   wall-type                      = 9-3
   wall-r-linpot                  = -1
   wall-atomtype[0]               = -1
   wall-atomtype[1]               = -1
   wall-density[0]                = 0
   wall-density[1]                = 0
   wall-ewald-zfac                = 3
   pull                           = false
   awh                            = false
   rotation                       = false
   interactiveMD                  = false
   disre                          = No
   disre-weighting                = Conservative
   disre-mixed                    = false
   dr-fc                          = 1000
   dr-tau                         = 0
   nstdisreout                    = 100
   orire-fc                       = 0
   orire-tau                      = 0
   nstorireout                    = 100
   free-energy                    = no
   cos-acceleration               = 0
   deform (3x3):
      deform[    0]={ 0.00000e+00,  0.00000e+00,  0.00000e+00}
      deform[    1]={ 0.00000e+00,  0.00000e+00,  0.00000e+00}
      deform[    2]={ 0.00000e+00,  0.00000e+00,  0.00000e+00}
   simulated-tempering            = false
   swapcoords                     = no
   userint1                       = 0
   userint2                       = 0
   userint3                       = 0
   userint4                       = 0
   userreal1                      = 0
   userreal2                      = 0
   userreal3                      = 0
   userreal4                      = 0
   applied-forces:
     electric-field:
       x:
         E0                       = 0
         omega                    = 0
         t0                       = 0
         sigma                    = 0
       y:
         E0                       = 0
         omega                    = 0
         t0                       = 0
         sigma                    = 0
       z:
         E0                       = 0
         omega                    = 0
         t0                       = 0
         sigma                    = 0
     density-guided-simulation:
       active                     = false
       group                      = protein
       similarity-measure         = inner-product
       atom-spreading-weight      = unity
       force-constant             = 1e+09
       gaussian-transform-spreading-width = 0.2
       gaussian-transform-spreading-range-in-multiples-of-width = 4
       reference-density-filename = reference.mrc
       nst                        = 1
       normalize-densities        = true
       adaptive-force-scaling     = false
       adaptive-force-scaling-time-constant = 4
       shift-vector               = 
       transformation-matrix      = 
     qmmm-cp2k:
       active                     = false
       qmgroup                    = System
       qmmethod                   = PBE
       qmfilenames                = 
       qmcharge                   = 0
       qmmultiplicity             = 1
     colvars:
       active                     = false
       configfile                 = 
       seed                       = -1
     nnpot:
       active                     = false
       modelfile                  = model.pt
       input-group                = System
       model-input1               = 
       model-input2               = 
       model-input3               = 
       model-input4               = 
grpopts:
   nrdf:      105153
   ref-t:         300
   tau-t:           1
annealing:          No
annealing-npoints:           0
   acc:	           0           0           0
   nfreeze:           N           N           N
   energygrp-flags[  0]: 0

Changing nstlist from 20 to 100, rlist from 1.2 to 1.253


Initializing Domain Decomposition on 1 ranks
Dynamic load balancing: auto
Using update groups, nr 18418, average size 3.7 atoms, max. radius 0.078 nm
Minimum cell size due to atom displacement: 0.446 nm
Initial maximum distances in bonded interactions:
    two-body bonded interactions: 0.380 nm, LJ-14, atoms 1685 1688
  multi-body bonded interactions: 0.380 nm, Proper Dih., atoms 1685 1688
Minimum cell size due to bonded interactions: 0.418 nm
Using 0 separate PME ranks because: there are too few total ranks for efficient splitting
Optimizing the DD grid for 1 cells with a minimum initial size of 0.446 nm
The maximum allowed number of cells is: X 16 Y 16 Z 22
Domain decomposition grid 1 x 1 x 1, separate PME ranks 0
PME domain decomposition: 1 x 1 x 1

The initial number of communication pulses is:
The initial domain decomposition cell size is:

The maximum allowed distance for atom groups involved in interactions is:
                 non-bonded interactions           1.409 nm
            two-body bonded interactions  (-rdd)   1.409 nm
          multi-body bonded interactions  (-rdd)   1.409 nm

When dynamic load balancing gets turned on, these settings will change to:
The maximum number of communication pulses is:
The minimum size for domain decomposition cells is 1.409 nm
The requested allowed shrink of DD cells (option -dds) is: 0.80
The allowed shrink of domain decomposition cells is:
The maximum allowed distance for atom groups involved in interactions is:
                 non-bonded interactions           1.409 nm
            two-body bonded interactions  (-rdd)   1.409 nm
          multi-body bonded interactions  (-rdd)   1.409 nm

Local state does not use filler particles

Using 1 MPI thread
Using 12 OpenMP threads 

System total charge: -0.000
Will do PME sum in reciprocal space for electrostatic interactions.

++++ PLEASE READ AND CITE THE FOLLOWING REFERENCE ++++
U. Essmann, L. Perera, M. L. Berkowitz, T. Darden, H. Lee, L. G. Pedersen 
A smooth particle mesh Ewald method
J. Chem. Phys. (1995)
DOI: 10.1063/1.470117
-------- -------- --- Thank You --- -------- --------

Using a Gaussian width (1/beta) of 0.384195 nm for Ewald
Potential shift: LJ r^-12: -1.122e-01 r^-6: -3.349e-01, Ewald -8.333e-06
Initialized non-bonded Coulomb Ewald tables, spacing: 1.02e-03 size: 1176

Generated table with 1126 data points for 1-4 COUL.
Tabscale = 500 points/nm
Generated table with 1126 data points for 1-4 LJ6.
Tabscale = 500 points/nm
Generated table with 1126 data points for 1-4 LJ12.
Tabscale = 500 points/nm


Using SIMD4xM 4x8 nonbonded short-range kernels

Using a dual 4x8 pair-list setup updated with dynamic pruning:
  outer list: updated every 100 steps, buffer 0.053 nm, rlist 1.253 nm
  inner list: updated every  34 steps, buffer 0.000 nm, rlist 1.200 nm
At tolerance 0.005 kJ/mol/ps per atom, equivalent classical 1x1 list would be:
  outer list: updated every 100 steps, buffer 0.139 nm, rlist 1.339 nm
  inner list: updated every  34 steps, buffer 0.034 nm, rlist 1.234 nm

The average pressure is off by at most 0.16 bar due to missing LJ interactions

Using Lorentz-Berthelot Lennard-Jones combination rule

Linking all bonded interactions to atoms


++++ PLEASE READ AND CITE THE FOLLOWING REFERENCE ++++
S. Miyamoto, P. A. Kollman
SETTLE: An Analytical Version of the SHAKE and RATTLE Algorithms for Rigid
Water Models
J. Comp. Chem. (1992)
DOI: 10.1002/jcc.540130805
-------- -------- --- Thank You --- -------- --------


++++ PLEASE READ AND CITE THE FOLLOWING REFERENCE ++++
G. Bussi, D. Donadio, M. Parrinello
Canonical sampling through velocity rescaling
J. Chem. Phys. (2007)
DOI: 10.1063/1.2408420
-------- -------- --- Thank You --- -------- --------

There are: 51686 Atoms
There are: 16634 VSites

Atom distribution over 1 domains: av 68320 stddev 0 min 68320 max 68320
Center of mass motion removal mode is Linear
We have the following groups for center of mass motion removal:
  0:  System

Started mdrun on rank 0 Tue Jul  7 09:27:33 2026

           Step           Time
              0        0.00000

   Energies (kJ/mol)
           Bond          Angle    Proper Dih.  Improper Dih. Per. Imp. Dih.
    2.27660e+03    1.58848e+03    1.30825e+02    4.31563e+03    1.01248e+01
          LJ-14     Coulomb-14        LJ (SR)   Coulomb (SR)   Coul. recip.
    1.88997e+02    4.79554e+01    1.47933e+05   -9.21194e+05    2.29860e+03
      Potential    Kinetic En.   Total Energy  Conserved En.    Temperature
   -7.62404e+05    1.31636e+05   -6.30768e+05   -6.30768e+05    3.01126e+02
 Pressure (bar)
    1.30018e+02

           Step           Time
           1000        0.50000

   Energies (kJ/mol)
           Bond          Angle    Proper Dih.  Improper Dih. Per. Imp. Dih.
    2.43142e+03    1.61163e+03    8.87818e+01    4.29027e+03    7.36710e+00
          LJ-14     Coulomb-14        LJ (SR)   Coulomb (SR)   Coul. recip.
    1.82313e+02    4.69231e+01    1.48783e+05   -9.22556e+05    2.26550e+03
      Potential    Kinetic En.   Total Energy  Conserved En.    Temperature
   -7.62848e+05    1.32380e+05   -6.30469e+05   -6.30746e+05    3.02827e+02
 Pressure (bar)
    7.93267e+01

           Step           Time
           2000        1.00000

   Energies (kJ/mol)
           Bond          Angle    Proper Dih.  Improper Dih. Per. Imp. Dih.
    2.34290e+03    1.60464e+03    1.16634e+02    4.30648e+03    8.77129e+00
          LJ-14     Coulomb-14        LJ (SR)   Coulomb (SR)   Coul. recip.
    1.81003e+02    5.30542e+01    1.47984e+05   -9.20312e+05    2.31860e+03
      Potential    Kinetic En.   Total Energy  Conserved En.    Temperature
   -7.61395e+05    1.30762e+05   -6.30633e+05   -6.30725e+05    2.99128e+02
 Pressure (bar)
    1.30787e+02

           Step           Time
           3000        1.50000

   Energies (kJ/mol)
           Bond          Angle    Proper Dih.  Improper Dih. Per. Imp. Dih.
    2.31099e+03    1.66352e+03    9.66459e+01    4.36487e+03    8.70720e+00
          LJ-14     Coulomb-14        LJ (SR)   Coulomb (SR)   Coul. recip.
    1.81702e+02    5.01486e+01    1.48080e+05   -9.20845e+05    2.39475e+03
      Potential    Kinetic En.   Total Energy  Conserved En.    Temperature
   -7.61694e+05    1.31658e+05   -6.30036e+05   -6.30700e+05    3.01176e+02
 Pressure (bar)
    1.43332e+02

           Step           Time
           4000        2.00000

   Energies (kJ/mol)
           Bond          Angle    Proper Dih.  Improper Dih. Per. Imp. Dih.
    2.38700e+03    1.60507e+03    8.48853e+01    4.36052e+03    5.47371e+00
          LJ-14     Coulomb-14        LJ (SR)   Coulomb (SR)   Coul. recip.
    1.83762e+02    4.64594e+01    1.47860e+05   -9.21528e+05    2.38797e+03
      Potential    Kinetic En.   Total Energy  Conserved En.    Temperature
   -7.62607e+05    1.32159e+05   -6.30448e+05   -6.30681e+05    3.02323e+02
 Pressure (bar)
    3.42086e+01

           Step           Time
           5000        2.50000

   Energies (kJ/mol)
           Bond          Angle    Proper Dih.  Improper Dih. Per. Imp. Dih.
    2.34097e+03    1.55627e+03    9.61114e+01    4.28494e+03    7.71870e+00
          LJ-14     Coulomb-14        LJ (SR)   Coulomb (SR)   Coul. recip.
    1.79384e+02    4.89658e+01    1.47205e+05   -9.19866e+05    2.39331e+03
      Potential    Kinetic En.   Total Energy  Conserved En.    Temperature
   -7.61754e+05    1.30488e+05   -6.31266e+05   -6.30659e+05    2.98500e+02
 Pressure (bar)
    3.15829e+01

           Step           Time
           6000        3.00000

   Energies (kJ/mol)
           Bond          Angle    Proper Dih.  Improper Dih. Per. Imp. Dih.
    2.36949e+03    1.64734e+03    8.75589e+01    4.30885e+03    6.28354e+00
          LJ-14     Coulomb-14        LJ (SR)   Coulomb (SR)   Coul. recip.
    1.87254e+02    5.03109e+01    1.47373e+05   -9.22421e+05    2.37893e+03
      Potential    Kinetic En.   Total Energy  Conserved En.    Temperature
   -7.64011e+05    1.31814e+05   -6.32197e+05   -6.30637e+05    3.01533e+02
 Pressure (bar)
   -3.06461e+01

           Step           Time
           7000        3.50000

   Energies (kJ/mol)
           Bond          Angle    Proper Dih.  Improper Dih. Per. Imp. Dih.
    2.32974e+03    1.61718e+03    8.33227e+01    4.35468e+03    6.04542e+00
          LJ-14     Coulomb-14        LJ (SR)   Coulomb (SR)   Coul. recip.
    1.95171e+02    4.59827e+01    1.46198e+05   -9.19665e+05    2.30224e+03
      Potential    Kinetic En.   Total Energy  Conserved En.    Temperature
   -7.62533e+05    1.30950e+05   -6.31582e+05   -6.30613e+05    2.99558e+02
 Pressure (bar)
   -7.81176e+01

           Step           Time
           8000        4.00000

   Energies (kJ/mol)
           Bond          Angle    Proper Dih.  Improper Dih. Per. Imp. Dih.
    2.38414e+03    1.66786e+03    9.80025e+01    4.35101e+03    8.77314e+00
          LJ-14     Coulomb-14        LJ (SR)   Coulomb (SR)   Coul. recip.
    1.87846e+02    5.00391e+01    1.46794e+05   -9.20479e+05    2.38059e+03
      Potential    Kinetic En.   Total Energy  Conserved En.    Temperature
   -7.62556e+05    1.31931e+05   -6.30625e+05   -6.30591e+05    3.01801e+02
 Pressure (bar)
   -2.77288e+01

           Step           Time
           9000        4.50000

   Energies (kJ/mol)
           Bond          Angle    Proper Dih.  Improper Dih. Per. Imp. Dih.
    2.37533e+03    1.57204e+03    1.07024e+02    4.31710e+03    9.17740e+00
          LJ-14     Coulomb-14        LJ (SR)   Coulomb (SR)   Coul. recip.
    1.76251e+02    5.18049e+01    1.46654e+05   -9.19852e+05    2.31239e+03
      Potential    Kinetic En.   Total Energy  Conserved En.    Temperature
   -7.62277e+05    1.30652e+05   -6.31625e+05   -6.30570e+05    2.98875e+02
 Pressure (bar)
   -4.54652e+01

           Step           Time
          10000        5.00000

   Energies (kJ/mol)
           Bond          Angle    Proper Dih.  Improper Dih. Per. Imp. Dih.
    2.40382e+03    1.64533e+03    9.94434e+01    4.31587e+03    6.45605e+00
          LJ-14     Coulomb-14        LJ (SR)   Coulomb (SR)   Coul. recip.
    1.77664e+02    4.89212e+01    1.47149e+05   -9.20698e+05    2.31116e+03
      Potential    Kinetic En.   Total Energy  Conserved En.    Temperature
   -7.62540e+05    1.30700e+05   -6.31840e+05   -6.30549e+05    2.98985e+02
 Pressure (bar)
   -4.58047e+01

           Step           Time
          11000        5.50000

   Energies (kJ/mol)
           Bond          Angle    Proper Dih.  Improper Dih. Per. Imp. Dih.
    2.30752e+03    1.61825e+03    9.55247e+01    4.37610e+03    7.04848e+00
          LJ-14     Coulomb-14        LJ (SR)   Coulomb (SR)   Coul. recip.
    1.81378e+02    5.14704e+01    1.46282e+05   -9.19967e+05    2.33761e+03
      Potential    Kinetic En.   Total Energy  Conserved En.    Temperature
   -7.62710e+05    1.30898e+05   -6.31812e+05   -6.30526e+05    2.99438e+02
 Pressure (bar)
   -9.75952e+01

           Step           Time
          12000        6.00000

   Energies (kJ/mol)
           Bond          Angle    Proper Dih.  Improper Dih. Per. Imp. Dih.
    2.32155e+03    1.63122e+03    9.90430e+01    4.41275e+03    8.11206e+00
          LJ-14     Coulomb-14        LJ (SR)   Coulomb (SR)   Coul. recip.
    1.81046e+02    5.00988e+01    1.49158e+05   -9.23795e+05    2.35058e+03
      Potential    Kinetic En.   Total Energy  Conserved En.    Temperature
   -7.63583e+05    1.32110e+05   -6.31473e+05   -6.30504e+05    3.02211e+02
 Pressure (bar)
    1.25352e+02

           Step           Time
          13000        6.50000

   Energies (kJ/mol)
           Bond          Angle    Proper Dih.  Improper Dih. Per. Imp. Dih.
    2.40884e+03    1.68502e+03    1.04021e+02    4.38929e+03    7.88216e+00
          LJ-14     Coulomb-14        LJ (SR)   Coulomb (SR)   Coul. recip.
    1.82664e+02    4.82944e+01    1.47971e+05   -9.22694e+05    2.37764e+03
      Potential    Kinetic En.   Total Energy  Conserved En.    Temperature
   -7.63520e+05    1.31381e+05   -6.32139e+05   -6.30481e+05    3.00542e+02
 Pressure (bar)
   -2.42111e+01

           Step           Time
          14000        7.00000

   Energies (kJ/mol)
           Bond          Angle    Proper Dih.  Improper Dih. Per. Imp. Dih.
    2.49717e+03    1.59016e+03    1.14567e+02    4.34494e+03    8.42954e+00
          LJ-14     Coulomb-14        LJ (SR)   Coulomb (SR)   Coul. recip.
    1.70725e+02    5.07440e+01    1.49576e+05   -9.23952e+05    2.32181e+03
      Potential    Kinetic En.   Total Energy  Conserved En.    Temperature
   -7.63277e+05    1.30891e+05   -6.32386e+05   -6.30459e+05    2.99422e+02
 Pressure (bar)
    1.48608e+02

           Step           Time
          15000        7.50000

   Energies (kJ/mol)
           Bond          Angle    Proper Dih.  Improper Dih. Per. Imp. Dih.
    2.39116e+03    1.67331e+03    1.19733e+02    4.32373e+03    8.89536e+00
          LJ-14     Coulomb-14        LJ (SR)   Coulomb (SR)   Coul. recip.
    1.84630e+02    5.25173e+01    1.47213e+05   -9.22170e+05    2.34856e+03
      Potential    Kinetic En.   Total Energy  Conserved En.    Temperature
   -7.63855e+05    1.31167e+05   -6.32688e+05   -6.30439e+05    3.00053e+02
 Pressure (bar)
   -3.23109e+01

           Step           Time
          16000        8.00000

   Energies (kJ/mol)
           Bond          Angle    Proper Dih.  Improper Dih. Per. Imp. Dih.
    2.41527e+03    1.68033e+03    1.11262e+02    4.38188e+03    8.91877e+00
          LJ-14     Coulomb-14        LJ (SR)   Coulomb (SR)   Coul. recip.
    1.86855e+02    4.77653e+01    1.48245e+05   -9.22444e+05    2.34662e+03
      Potential    Kinetic En.   Total Energy  Conserved En.    Temperature
   -7.63020e+05    1.29945e+05   -6.33075e+05   -6.30415e+05    2.97259e+02
 Pressure (bar)
    5.09406e+01

           Step           Time
          17000        8.50000

   Energies (kJ/mol)
           Bond          Angle    Proper Dih.  Improper Dih. Per. Imp. Dih.
    2.38829e+03    1.63360e+03    1.10473e+02    4.35786e+03    8.43056e+00
          LJ-14     Coulomb-14        LJ (SR)   Coulomb (SR)   Coul. recip.
    1.85608e+02    5.11034e+01    1.46472e+05   -9.20480e+05    2.29288e+03
      Potential    Kinetic En.   Total Energy  Conserved En.    Temperature
   -7.62980e+05    1.30790e+05   -6.32190e+05   -6.30395e+05    2.99190e+02
 Pressure (bar)
   -1.11908e+02

           Step           Time
          18000        9.00000

   Energies (kJ/mol)
           Bond          Angle    Proper Dih.  Improper Dih. Per. Imp. Dih.
    2.41093e+03    1.70538e+03    9.69971e+01    4.42133e+03    7.51134e+00
          LJ-14     Coulomb-14        LJ (SR)   Coulomb (SR)   Coul. recip.
    1.88392e+02    5.19083e+01    1.46710e+05   -9.21062e+05    2.32195e+03
      Potential    Kinetic En.   Total Energy  Conserved En.    Temperature
   -7.63148e+05    1.31622e+05   -6.31526e+05   -6.30372e+05    3.01094e+02
 Pressure (bar)
   -5.19140e+01

           Step           Time
          19000        9.50000

   Energies (kJ/mol)
           Bond          Angle    Proper Dih.  Improper Dih. Per. Imp. Dih.
    2.33941e+03    1.62631e+03    9.53984e+01    4.34806e+03    8.35358e+00
          LJ-14     Coulomb-14        LJ (SR)   Coulomb (SR)   Coul. recip.
    1.87709e+02    4.67147e+01    1.45595e+05   -9.19877e+05    2.31779e+03
      Potential    Kinetic En.   Total Energy  Conserved En.    Temperature
   -7.63312e+05    1.31190e+05   -6.32122e+05   -6.30350e+05    3.00107e+02
 Pressure (bar)
   -1.74906e+02

           Step           Time
          20000       10.00000

   Energies (kJ/mol)
           Bond          Angle    Proper Dih.  Improper Dih. Per. Imp. Dih.
    2.45234e+03    1.63947e+03    1.17534e+02    4.48224e+03    7.84088e+00
          LJ-14     Coulomb-14        LJ (SR)   Coulomb (SR)   Coul. recip.
    1.82889e+02    4.87828e+01    1.48857e+05   -9.23551e+05    2.35116e+03
      Potential    Kinetic En.   Total Energy  Conserved En.    Temperature
   -7.63412e+05    1.31324e+05   -6.32088e+05   -6.30328e+05    3.00412e+02
 Pressure (bar)
    6.76798e+01

           Step           Time
          21000       10.50000

   Energies (kJ/mol)
           Bond          Angle    Proper Dih.  Improper Dih. Per. Imp. Dih.
    2.42500e+03    1.67905e+03    1.30448e+02    4.34245e+03    9.53798e+00
          LJ-14     Coulomb-14        LJ (SR)   Coulomb (SR)   Coul. recip.
    1.85374e+02    5.27412e+01    1.47400e+05   -9.21146e+05    2.37790e+03
      Potential    Kinetic En.   Total Energy  Conserved En.    Temperature
   -7.62544e+05    1.30372e+05   -6.32171e+05   -6.30304e+05    2.98236e+02
 Pressure (bar)
    6.04665e+00

           Step           Time
          22000       11.00000

   Energies (kJ/mol)
           Bond          Angle    Proper Dih.  Improper Dih. Per. Imp. Dih.
    2.35336e+03    1.76812e+03    1.06223e+02    4.40860e+03    7.78702e+00
          LJ-14     Coulomb-14        LJ (SR)   Coulomb (SR)   Coul. recip.
    1.77739e+02    4.87341e+01    1.46949e+05   -9.21192e+05    2.24604e+03
      Potential    Kinetic En.   Total Energy  Conserved En.    Temperature
   -7.63127e+05    1.30257e+05   -6.32870e+05   -6.30283e+05    2.97972e+02
 Pressure (bar)
   -1.32371e+01

           Step           Time
          23000       11.50000

   Energies (kJ/mol)
           Bond          Angle    Proper Dih.  Improper Dih. Per. Imp. Dih.
    2.49590e+03    1.68683e+03    7.68990e+01    4.40952e+03    7.67912e+00
          LJ-14     Coulomb-14        LJ (SR)   Coulomb (SR)   Coul. recip.
    1.70372e+02    5.02951e+01    1.46790e+05   -9.22595e+05    2.27942e+03
      Potential    Kinetic En.   Total Energy  Conserved En.    Temperature
   -7.64628e+05    1.31459e+05   -6.33169e+05   -6.30263e+05    3.00722e+02
 Pressure (bar)
   -1.89277e+02

           Step           Time
          24000       12.00000

   Energies (kJ/mol)
           Bond          Angle    Proper Dih.  Improper Dih. Per. Imp. Dih.
    2.47273e+03    1.82367e+03    9.08775e+01    4.47683e+03    7.83052e+00
          LJ-14     Coulomb-14        LJ (SR)   Coulomb (SR)   Coul. recip.
    1.72296e+02    5.16856e+01    1.47129e+05   -9.22995e+05    2.28366e+03
      Potential    Kinetic En.   Total Energy  Conserved En.    Temperature
   -7.64486e+05    1.31374e+05   -6.33112e+05   -6.30241e+05    3.00526e+02
 Pressure (bar)
   -1.88245e+02

           Step           Time
          25000       12.50000

   Energies (kJ/mol)
           Bond          Angle    Proper Dih.  Improper Dih. Per. Imp. Dih.
    2.40165e+03    1.70148e+03    8.51443e+01    4.42810e+03    6.67626e+00
          LJ-14     Coulomb-14        LJ (SR)   Coulomb (SR)   Coul. recip.
    1.73619e+02    4.96087e+01    1.48171e+05   -9.23097e+05    2.26845e+03
      Potential    Kinetic En.   Total Energy  Conserved En.    Temperature
   -7.63812e+05    1.30629e+05   -6.33183e+05   -6.30220e+05    2.98823e+02
 Pressure (bar)
   -1.40624e+01

           Step           Time
          26000       13.00000

   Energies (kJ/mol)
           Bond          Angle    Proper Dih.  Improper Dih. Per. Imp. Dih.
    2.36487e+03    1.69622e+03    9.27216e+01    4.31568e+03    7.06869e+00
          LJ-14     Coulomb-14        LJ (SR)   Coulomb (SR)   Coul. recip.
    1.82606e+02    4.86279e+01    1.49366e+05   -9.23438e+05    2.32291e+03
      Potential    Kinetic En.   Total Energy  Conserved En.    Temperature
   -7.63041e+05    1.30403e+05   -6.32639e+05   -6.30199e+05    2.98305e+02
 Pressure (bar)
    2.02791e+02

           Step           Time
          27000       13.50000

   Energies (kJ/mol)
           Bond          Angle    Proper Dih.  Improper Dih. Per. Imp. Dih.
    2.50914e+03    1.66946e+03    1.05597e+02    4.35048e+03    7.69092e+00
          LJ-14     Coulomb-14        LJ (SR)   Coulomb (SR)   Coul. recip.
    1.87899e+02    4.78094e+01    1.48015e+05   -9.23151e+05    2.28525e+03
      Potential    Kinetic En.   Total Energy  Conserved En.    Temperature
   -7.63973e+05    1.32130e+05   -6.31844e+05   -6.30177e+05    3.02256e+02
 Pressure (bar)
    6.57055e+00

           Step           Time
          28000       14.00000

   Energies (kJ/mol)
           Bond          Angle    Proper Dih.  Improper Dih. Per. Imp. Dih.
    2.35091e+03    1.77606e+03    8.30512e+01    4.36424e+03    7.23246e+00
          LJ-14     Coulomb-14        LJ (SR)   Coulomb (SR)   Coul. recip.
    1.84290e+02    4.86042e+01    1.47670e+05   -9.21853e+05    2.34450e+03
      Potential    Kinetic En.   Total Energy  Conserved En.    Temperature
   -7.63024e+05    1.31971e+05   -6.31053e+05   -6.30154e+05    3.01892e+02
 Pressure (bar)
    6.13689e+00

           Step           Time
          29000       14.50000

   Energies (kJ/mol)
           Bond          Angle    Proper Dih.  Improper Dih. Per. Imp. Dih.
    2.47283e+03    1.69128e+03    9.26625e+01    4.35264e+03    7.72914e+00
          LJ-14     Coulomb-14        LJ (SR)   Coulomb (SR)   Coul. recip.
    1.87407e+02    5.33240e+01    1.46955e+05   -9.20006e+05    2.32704e+03
      Potential    Kinetic En.   Total Energy  Conserved En.    Temperature
   -7.61866e+05    1.30805e+05   -6.31060e+05   -6.30131e+05    2.99227e+02
 Pressure (bar)
   -1.25323e+01

           Step           Time
          30000       15.00000

   Energies (kJ/mol)
           Bond          Angle    Proper Dih.  Improper Dih. Per. Imp. Dih.
    2.42442e+03    1.74573e+03    9.74214e+01    4.47976e+03    5.97344e+00
          LJ-14     Coulomb-14        LJ (SR)   Coulomb (SR)   Coul. recip.
    1.88029e+02    4.70675e+01    1.46898e+05   -9.20776e+05    2.37690e+03
      Potential    Kinetic En.   Total Energy  Conserved En.    Temperature
   -7.62512e+05    1.31365e+05   -6.31146e+05   -6.30112e+05    3.00507e+02
 Pressure (bar)
   -2.52373e+01

           Step           Time
          31000       15.50000

   Energies (kJ/mol)
           Bond          Angle    Proper Dih.  Improper Dih. Per. Imp. Dih.
    2.41158e+03    1.75280e+03    8.62779e+01    4.45643e+03    6.28754e+00
          LJ-14     Coulomb-14        LJ (SR)   Coulomb (SR)   Coul. recip.
    1.88336e+02    4.80849e+01    1.45736e+05   -9.19143e+05    2.29567e+03
      Potential    Kinetic En.   Total Energy  Conserved En.    Temperature
   -7.62162e+05    1.30962e+05   -6.31200e+05   -6.30090e+05    2.99584e+02
 Pressure (bar)
   -1.05207e+02

           Step           Time
          32000       16.00000

   Energies (kJ/mol)
           Bond          Angle    Proper Dih.  Improper Dih. Per. Imp. Dih.
    2.38422e+03    1.73642e+03    8.26261e+01    4.45035e+03    5.64733e+00
          LJ-14     Coulomb-14        LJ (SR)   Coulomb (SR)   Coul. recip.
    1.86607e+02    5.05408e+01    1.48259e+05   -9.21667e+05    2.37175e+03
      Potential    Kinetic En.   Total Energy  Conserved En.    Temperature
   -7.62140e+05    1.31237e+05   -6.30903e+05   -6.30065e+05    3.00214e+02
 Pressure (bar)
    1.14690e+02

           Step           Time
          33000       16.50000

   Energies (kJ/mol)
           Bond          Angle    Proper Dih.  Improper Dih. Per. Imp. Dih.
    2.52443e+03    1.80814e+03    8.31952e+01    4.43338e+03    5.86404e+00
          LJ-14     Coulomb-14        LJ (SR)   Coulomb (SR)   Coul. recip.
    1.80093e+02    5.14715e+01    1.47143e+05   -9.20880e+05    2.34254e+03
      Potential    Kinetic En.   Total Energy  Conserved En.    Temperature
   -7.62308e+05    1.31320e+05   -6.30988e+05   -6.30044e+05    3.00404e+02
 Pressure (bar)
   -2.77258e+01

           Step           Time
          34000       17.00000

   Energies (kJ/mol)
           Bond          Angle    Proper Dih.  Improper Dih. Per. Imp. Dih.
    2.45909e+03    1.74729e+03    1.02294e+02    4.42087e+03    7.01069e+00
          LJ-14     Coulomb-14        LJ (SR)   Coulomb (SR)   Coul. recip.
    1.78530e+02    4.75686e+01    1.47469e+05   -9.19881e+05    2.28253e+03
      Potential    Kinetic En.   Total Energy  Conserved En.    Temperature
   -7.61166e+05    1.31523e+05   -6.29644e+05   -6.30022e+05    3.00867e+02
 Pressure (bar)
    9.73125e+01

           Step           Time
          35000       17.50000

   Energies (kJ/mol)
           Bond          Angle    Proper Dih.  Improper Dih. Per. Imp. Dih.
    2.43513e+03    1.84062e+03    8.80680e+01    4.43116e+03    6.02437e+00
          LJ-14     Coulomb-14        LJ (SR)   Coulomb (SR)   Coul. recip.
    1.70657e+02    4.86896e+01    1.47593e+05   -9.20773e+05    2.31619e+03
      Potential    Kinetic En.   Total Energy  Conserved En.    Temperature
   -7.61843e+05    1.31977e+05   -6.29866e+05   -6.29998e+05    3.01907e+02
 Pressure (bar)
    1.04460e+02

           Step           Time
          36000       18.00000

   Energies (kJ/mol)
           Bond          Angle    Proper Dih.  Improper Dih. Per. Imp. Dih.
    2.55177e+03    1.77115e+03    8.72753e+01    4.45115e+03    6.50926e+00
          LJ-14     Coulomb-14        LJ (SR)   Coulomb (SR)   Coul. recip.
    1.69793e+02    5.17301e+01    1.48384e+05   -9.21663e+05    2.37750e+03
      Potential    Kinetic En.   Total Energy  Conserved En.    Temperature
   -7.61812e+05    1.31208e+05   -6.30604e+05   -6.29978e+05    3.00147e+02
 Pressure (bar)
    7.71985e+01

           Step           Time
          37000       18.50000

   Energies (kJ/mol)
           Bond          Angle    Proper Dih.  Improper Dih. Per. Imp. Dih.
    2.51239e+03    1.79259e+03    1.03857e+02    4.40420e+03    8.94765e+00
          LJ-14     Coulomb-14        LJ (SR)   Coulomb (SR)   Coul. recip.
    1.82516e+02    4.81774e+01    1.48785e+05   -9.23161e+05    2.35400e+03
      Potential    Kinetic En.   Total Energy  Conserved En.    Temperature
   -7.62969e+05    1.32028e+05   -6.30941e+05   -6.29954e+05    3.02024e+02
 Pressure (bar)
    1.28370e+02

           Step           Time
          38000       19.00000

   Energies (kJ/mol)
           Bond          Angle    Proper Dih.  Improper Dih. Per. Imp. Dih.
    2.46118e+03    1.79529e+03    8.28833e+01    4.44791e+03    6.60435e+00
          LJ-14     Coulomb-14        LJ (SR)   Coulomb (SR)   Coul. recip.
    1.79565e+02    4.69813e+01    1.48015e+05   -9.22248e+05    2.32409e+03
      Potential    Kinetic En.   Total Energy  Conserved En.    Temperature
   -7.62888e+05    1.31147e+05   -6.31742e+05   -6.29934e+05    3.00007e+02
 Pressure (bar)
    8.22000e+01

           Step           Time
          39000       19.50000

   Energies (kJ/mol)
           Bond          Angle    Proper Dih.  Improper Dih. Per. Imp. Dih.
    2.46552e+03    1.81804e+03    9.35805e+01    4.40679e+03    6.33592e+00
          LJ-14     Coulomb-14        LJ (SR)   Coulomb (SR)   Coul. recip.
    1.79604e+02    5.06714e+01    1.47668e+05   -9.22260e+05    2.26187e+03
      Potential    Kinetic En.   Total Energy  Conserved En.    Temperature
   -7.63310e+05    1.31548e+05   -6.31763e+05   -6.29911e+05    3.00924e+02
 Pressure (bar)
    6.43718e+01

           Step           Time
          40000       20.00000

   Energies (kJ/mol)
           Bond          Angle    Proper Dih.  Improper Dih. Per. Imp. Dih.
    2.52685e+03    1.83782e+03    9.40627e+01    4.37103e+03    6.92960e+00
          LJ-14     Coulomb-14        LJ (SR)   Coulomb (SR)   Coul. recip.
    1.80880e+02    5.14073e+01    1.46993e+05   -9.21541e+05    2.39840e+03
      Potential    Kinetic En.   Total Energy  Conserved En.    Temperature
   -7.63081e+05    1.31255e+05   -6.31826e+05   -6.29890e+05    3.00254e+02
 Pressure (bar)
   -6.86562e+01

           Step           Time
          41000       20.50000

   Energies (kJ/mol)
           Bond          Angle    Proper Dih.  Improper Dih. Per. Imp. Dih.
    2.57906e+03    1.74812e+03    1.07484e+02    4.39413e+03    7.78979e+00
          LJ-14     Coulomb-14        LJ (SR)   Coulomb (SR)   Coul. recip.
    1.70402e+02    4.73518e+01    1.47239e+05   -9.22860e+05    2.34393e+03
      Potential    Kinetic En.   Total Energy  Conserved En.    Temperature
   -7.64222e+05    1.31800e+05   -6.32423e+05   -6.29869e+05    3.01501e+02
 Pressure (bar)
   -1.74720e+02

           Step           Time
          42000       21.00000

   Energies (kJ/mol)
           Bond          Angle    Proper Dih.  Improper Dih. Per. Imp. Dih.
    2.52758e+03    1.75832e+03    1.21612e+02    4.32917e+03    1.02719e+01
          LJ-14     Coulomb-14        LJ (SR)   Coulomb (SR)   Coul. recip.
    1.71562e+02    4.76288e+01    1.46437e+05   -9.21043e+05    2.33584e+03
      Potential    Kinetic En.   Total Energy  Conserved En.    Temperature
   -7.63305e+05    1.31055e+05   -6.32250e+05   -6.29846e+05    2.99797e+02
 Pressure (bar)
   -9.28809e+01

           Step           Time
          43000       21.50000

   Energies (kJ/mol)
           Bond          Angle    Proper Dih.  Improper Dih. Per. Imp. Dih.
    2.50470e+03    1.73382e+03    1.14073e+02    4.45760e+03    8.62107e+00
          LJ-14     Coulomb-14        LJ (SR)   Coulomb (SR)   Coul. recip.
    1.85094e+02    4.90408e+01    1.47086e+05   -9.20867e+05    2.27721e+03
      Potential    Kinetic En.   Total Energy  Conserved En.    Temperature
   -7.62452e+05    1.30535e+05   -6.31916e+05   -6.29826e+05    2.98608e+02
 Pressure (bar)
    3.63443e+01

           Step           Time
          44000       22.00000

   Energies (kJ/mol)
           Bond          Angle    Proper Dih.  Improper Dih. Per. Imp. Dih.
    2.55053e+03    1.82824e+03    1.17574e+02    4.44186e+03    7.36332e+00
          LJ-14     Coulomb-14        LJ (SR)   Coulomb (SR)   Coul. recip.
    1.84327e+02    4.93548e+01    1.48512e+05   -9.22346e+05    2.28143e+03
      Potential    Kinetic En.   Total Energy  Conserved En.    Temperature
   -7.62374e+05    1.30660e+05   -6.31714e+05   -6.29803e+05    2.98894e+02
 Pressure (bar)
    1.14448e+02

           Step           Time
          45000       22.50000

   Energies (kJ/mol)
           Bond          Angle    Proper Dih.  Improper Dih. Per. Imp. Dih.
    2.56105e+03    1.86892e+03    1.04728e+02    4.38600e+03    8.02292e+00
          LJ-14     Coulomb-14        LJ (SR)   Coulomb (SR)   Coul. recip.
    1.88288e+02    4.95703e+01    1.48485e+05   -9.23803e+05    2.28714e+03
      Potential    Kinetic En.   Total Energy  Conserved En.    Temperature
   -7.63864e+05    1.31964e+05   -6.31900e+05   -6.29782e+05    3.01877e+02
 Pressure (bar)
    2.84184e+01

           Step           Time
          46000       23.00000

   Energies (kJ/mol)
           Bond          Angle    Proper Dih.  Improper Dih. Per. Imp. Dih.
    2.54773e+03    1.77227e+03    1.17557e+02    4.46122e+03    1.02439e+01
          LJ-14     Coulomb-14        LJ (SR)   Coulomb (SR)   Coul. recip.
    1.86084e+02    4.89873e+01    1.47595e+05   -9.22748e+05    2.33578e+03
      Potential    Kinetic En.   Total Energy  Conserved En.    Temperature
   -7.63673e+05    1.30964e+05   -6.32709e+05   -6.29759e+05    2.99589e+02
 Pressure (bar)
    7.38205e+00

           Step           Time
          47000       23.50000

   Energies (kJ/mol)
           Bond          Angle    Proper Dih.  Improper Dih. Per. Imp. Dih.
    2.48776e+03    1.80064e+03    1.03548e+02    4.39663e+03    7.96245e+00
          LJ-14     Coulomb-14        LJ (SR)   Coulomb (SR)   Coul. recip.
    1.81503e+02    4.88459e+01    1.46445e+05   -9.21785e+05    2.34756e+03
      Potential    Kinetic En.   Total Energy  Conserved En.    Temperature
   -7.63965e+05    1.30376e+05   -6.33590e+05   -6.29738e+05    2.98243e+02
 Pressure (bar)
   -9.36157e+01

           Step           Time
          48000       24.00000

   Energies (kJ/mol)
           Bond          Angle    Proper Dih.  Improper Dih. Per. Imp. Dih.
    2.55451e+03    1.77493e+03    1.07455e+02    4.47724e+03    5.55916e+00
          LJ-14     Coulomb-14        LJ (SR)   Coulomb (SR)   Coul. recip.
    1.74323e+02    4.92297e+01    1.48515e+05   -9.24196e+05    2.31396e+03
      Potential    Kinetic En.   Total Energy  Conserved En.    Temperature
   -7.64224e+05    1.30841e+05   -6.33383e+05   -6.29715e+05    2.99309e+02
 Pressure (bar)
    6.09197e+00

           Step           Time
          49000       24.50000

   Energies (kJ/mol)
           Bond          Angle    Proper Dih.  Improper Dih. Per. Imp. Dih.
    2.64877e+03    1.81804e+03    1.29279e+02    4.47162e+03    1.10944e+01
          LJ-14     Coulomb-14        LJ (SR)   Coulomb (SR)   Coul. recip.
    1.81030e+02    5.19359e+01    1.49498e+05   -9.25694e+05    2.34510e+03
      Potential    Kinetic En.   Total Energy  Conserved En.    Temperature
   -7.64539e+05    1.31676e+05   -6.32863e+05   -6.29694e+05    3.01219e+02
 Pressure (bar)
    5.52050e+01

           Step           Time
          50000       25.00000

Writing checkpoint, step 50000 at Tue Jul  7 09:41:42 2026


   Energies (kJ/mol)
           Bond          Angle    Proper Dih.  Improper Dih. Per. Imp. Dih.
    2.49935e+03    1.83229e+03    1.07874e+02    4.42007e+03    7.75981e+00
          LJ-14     Coulomb-14        LJ (SR)   Coulomb (SR)   Coul. recip.
    1.82525e+02    4.96840e+01    1.48187e+05   -9.23896e+05    2.38064e+03
      Potential    Kinetic En.   Total Energy  Conserved En.    Temperature
   -7.64229e+05    1.30651e+05   -6.33578e+05   -6.29673e+05    2.98872e+02
 Pressure (bar)
    4.07539e+01


Energy conservation over simulation part #1 of length 25 ps, time 0 to 25 ps
  Conserved energy drift: 6.41e-04 kJ/mol/ps per atom


	<======  ###############  ==>
	<====  A V E R A G E S  ====>
	<==  ###############  ======>

	Statistics over 50001 steps using 501 frames

   Energies (kJ/mol)
           Bond          Angle    Proper Dih.  Improper Dih. Per. Imp. Dih.
    2.44543e+03    1.71035e+03    9.88555e+01    4.38813e+03    7.45496e+00
          LJ-14     Coulomb-14        LJ (SR)   Coulomb (SR)   Coul. recip.
    1.79999e+02    4.96491e+01    1.47735e+05   -9.21895e+05    2.32346e+03
      Potential    Kinetic En.   Total Energy  Conserved En.    Temperature
   -7.62956e+05    1.31190e+05   -6.31767e+05   -6.30219e+05    3.00105e+02
 Pressure (bar)
    1.83239e+01

   Total Virial (kJ/mol)
    4.35579e+04   -5.52464e+01   -1.99135e+02
   -5.60961e+01    4.33651e+04    7.45768e+01
   -1.97154e+02    7.98079e+01    4.33599e+04

   Pressure (bar)
    1.13462e+01    4.46425e+00    1.26565e+01
    4.51578e+00    2.63299e+01   -6.84189e+00
    1.25364e+01   -7.15906e+00    1.72955e+01


	M E G A - F L O P S   A C C O U N T I N G

 NB=Group-cutoff nonbonded kernels    NxN=N-by-N cluster Verlet kernels
 RF=Reaction-Field  VdW=Van der Waals  QSTab=quadratic-spline table
 W3=SPC/TIP3p  W4=TIP4p (single or pairs)
 V&F=Potential and force  V=Potential only  F=Force only

 Computing:                               M-Number         M-Flops  % Flops
-----------------------------------------------------------------------------
 Pair Search distance check           18594.161680      167347.455     0.1
 NxN Ewald Elec. + LJ [F]           1387848.399696    91597994.380    48.7
 NxN Ewald Elec. + LJ [V&F]           14046.743360     1503001.540     0.8
 NxN LJ [F]                           45553.641408     1503270.166     0.8
 NxN LJ [V&F]                           461.061664       19825.652     0.0
 NxN Ewald Elec. [F]                1376741.328336    83981221.028    44.6
 NxN Ewald Elec. [V&F]                13934.330368     1170483.751     0.6
 1,4 nonbonded interactions              12.800256        1152.023     0.0
 Calc Weights                         10248.204960      368935.379     0.2
 Spread Q Bspline                    218628.372480      437256.745     0.2
 Gather F Bspline                    218628.372480     1311770.235     0.7
 3D-FFT                              632826.056268     5062608.450     2.7
 Solve PME                             8806.576128      563620.872     0.3
 Reset In Box                            34.160000         102.480     0.0
 CG-CoM                                  34.228320         102.685     0.0
 Bonds                                  128.802576        7599.352     0.0
 Angles                                 252.605052       42437.649     0.0
 Propers                                 15.200304        3480.870     0.0
 Impropers                               84.201684       17513.950     0.0
 Virial                                  34.250865         616.516     0.0
 Stop-CM                                 34.228320         342.283     0.0
 Calc-Ekin                               68.456640        1848.329     0.0
 Constraint-V                          2495.149902       22456.349     0.0
 Constraint-Vir                          25.000902         600.022     0.0
 Settle                                 831.716634      307735.155     0.2
 Virtual Site 3                         840.050268       31081.860     0.0
-----------------------------------------------------------------------------
 Total                                               188124405.175   100.0
-----------------------------------------------------------------------------


    D O M A I N   D E C O M P O S I T I O N   S T A T I S T I C S

 av. #atoms communicated per step for force:  2 x 0.0


      R E A L   C Y C L E   A N D   T I M E   A C C O U N T I N G

On 1 MPI rank, each using 12 OpenMP threads

 Activity:              Num   Num      Call    Wall time         Giga-Cycles
                        Ranks Threads  Count      (s)         total sum    %
--------------------------------------------------------------------------------
 Domain decomp.            1   12        500       2.589         80.517   0.3
 Vsite constr.             1   12      50001       1.680         52.246   0.2
 Neighbor search           1   12        501      10.441        324.746   1.2
 Force                     1   12      50001     677.556      21074.794  79.7
 PME mesh                  1   12      50001     132.679       4126.881  15.6
 NB X/F buffer ops.        1   12     100002       9.141        284.311   1.1
 Vsite spread              1   12      50502       2.378         73.977   0.3
 Write traj.               1   12         51       0.478         14.863   0.1
 Update                    1   12      50001       7.900        245.718   0.9
 Constraints               1   12      50001       4.046        125.849   0.5
 Kinetic energy            1   12       1001       0.108          3.348   0.0
 Rest                                              0.820         25.501   0.1
--------------------------------------------------------------------------------
 Total                                           849.814      26432.751 100.0
--------------------------------------------------------------------------------
 Breakdown of PME mesh activities
--------------------------------------------------------------------------------
 PME spread                1   12      50001      53.458       1662.771   6.3
 PME gather                1   12      50001      31.253        972.113   3.7
 PME 3D-FFT                1   12     100002      44.713       1390.759   5.3
 PME solve Elec            1   12      50001       3.037         94.474   0.4
--------------------------------------------------------------------------------

               Core t (s)   Wall t (s)        (%)
       Time:    10197.749      849.814     1200.0
                 (ns/day)    (hour/ns)
Performance:        2.542        9.442
Finished mdrun on rank 0 Tue Jul  7 09:41:43 2026

