                      :-) GROMACS - gmx grompp, 2025.4 (-:

Executable:   /usr/local/gromacs/bin/gmx
Data prefix:  /usr/local/gromacs
Working dir:  /Users/alejandro/projects/Multiscale-Simulation-Project/Microtubule_Inspired_Phase0/runs/phase1A/day021_mobile_restraint_protocol/protocol_inputs/topology
Command line:
  gmx grompp -f /Users/alejandro/projects/Multiscale-Simulation-Project/Microtubule_Inspired_Phase0/runs/phase1A/day021_mobile_restraint_protocol/protocol_inputs/mdp/07_nvt_unrestrained_25ps.mdp -c /Users/alejandro/projects/Multiscale-Simulation-Project/Microtubule_Inspired_Phase0/runs/phase1A/day021_mobile_restraint_protocol/execution/06_nvt_unrestrained_10ps/06_nvt_unrestrained_10ps.gro -r /Users/alejandro/projects/Multiscale-Simulation-Project/Microtubule_Inspired_Phase0/runs/phase1A/accepted/hybrid_hydrated_gap45_pyr5shift_clean032_nvt_100ps_frozenSolute/nvt_100ps_frozenSolute.gro -p /Users/alejandro/projects/Multiscale-Simulation-Project/Microtubule_Inspired_Phase0/runs/phase1A/day021_mobile_restraint_protocol/protocol_inputs/topology/hbn_pyrene_mobile_release.top -n /Users/alejandro/projects/Multiscale-Simulation-Project/Microtubule_Inspired_Phase0/runs/phase1A/day021_mobile_restraint_protocol/protocol_inputs/mobile_release_index.ndx -o /Users/alejandro/projects/Multiscale-Simulation-Project/Microtubule_Inspired_Phase0/runs/phase1A/day021_mobile_restraint_protocol/execution/07_nvt_unrestrained_25ps/07_nvt_unrestrained_25ps.tpr -po /Users/alejandro/projects/Multiscale-Simulation-Project/Microtubule_Inspired_Phase0/runs/phase1A/day021_mobile_restraint_protocol/execution/07_nvt_unrestrained_25ps/07_nvt_unrestrained_25ps_mdout.mdp -pp /Users/alejandro/projects/Multiscale-Simulation-Project/Microtubule_Inspired_Phase0/runs/phase1A/day021_mobile_restraint_protocol/execution/07_nvt_unrestrained_25ps/07_nvt_unrestrained_25ps_processed.top -maxwarn 0 -t /Users/alejandro/projects/Multiscale-Simulation-Project/Microtubule_Inspired_Phase0/runs/phase1A/day021_mobile_restraint_protocol/execution/06_nvt_unrestrained_10ps/06_nvt_unrestrained_10ps.cpt

Generating 1-4 interactions: fudge = 0.5
Number of degrees of freedom in T-Coupling group System is 105153.00

Last frame         -1 time   10.000   

GROMACS reminds you: "It is not critical to add the next quote to a patch release" (Paul Bauer)

Setting the LD random seed to -1744896509

Generated 28 of the 28 non-bonded parameter combinations

Generated 28 of the 28 1-4 parameter combinations

Excluding 1 bonded neighbours molecule type 'HBN'

Excluding 3 bonded neighbours molecule type 'PYR'

Excluding 2 bonded neighbours molecule type 'SOL'

Taking velocities from '/Users/alejandro/projects/Multiscale-Simulation-Project/Microtubule_Inspired_Phase0/runs/phase1A/day021_mobile_restraint_protocol/execution/06_nvt_unrestrained_10ps/06_nvt_unrestrained_10ps.gro'

Cleaning up constraints and constant bonded interactions with virtual sites

The largest distance between excluded atoms is 0.380 nm between atom 1685 and 1688

Determining Verlet buffer for a tolerance of 0.005 kJ/mol/ps at 300 K

Calculated rlist for 1x1 atom pair-list as 1.215 nm, buffer size 0.015 nm

Set rlist, assuming 4x4 atom pair-list, to 1.200 nm, buffer size 0.000 nm

Note that mdrun will redetermine rlist based on the actual pair-list setup

Reading Coordinates, Velocities and Box size from old trajectory

Will read whole trajectory

Using frame at t = 10 ps

Starting time for run is 0 ps
Calculating fourier grid dimensions for X Y Z
Using a fourier grid of 64x64x84, spacing 0.116 0.116 0.119

Estimate for the relative computational load of the PME mesh part: 0.14

This run will generate roughly 22 Mb of data
