                      :-) GROMACS - gmx energy, 2025.4 (-:

Executable:   /usr/local/gromacs/bin/gmx
Data prefix:  /usr/local/gromacs
Working dir:  /Users/alejandro/projects/Multiscale-Simulation-Project/Microtubule_Inspired_Phase0/runs/phase1A/day021_mobile_restraint_protocol/execution/02_nvt_k10000_1ps
Command line:
  gmx energy -f /Users/alejandro/projects/Multiscale-Simulation-Project/Microtubule_Inspired_Phase0/runs/phase1A/day021_mobile_restraint_protocol/execution/02_nvt_k10000_1ps/02_nvt_k10000_1ps.edr -o /Users/alejandro/projects/Multiscale-Simulation-Project/Microtubule_Inspired_Phase0/runs/phase1A/day021_mobile_restraint_protocol/execution/02_nvt_k10000_1ps/02_nvt_k10000_1ps_total_energy.xvg

Opened /Users/alejandro/projects/Multiscale-Simulation-Project/Microtubule_Inspired_Phase0/runs/phase1A/day021_mobile_restraint_protocol/execution/02_nvt_k10000_1ps/02_nvt_k10000_1ps.edr as single precision energy file

Select the terms you want from the following list by
selecting either (part of) the name or the number or a combination.
End your selection with an empty line or a zero.
-------------------------------------------------------------------
  1  Bond             2  Angle            3  Proper-Dih.      4  Improper-Dih. 
  5  Per.-Imp.-Dih.   6  LJ-14            7  Coulomb-14       8  LJ-(SR)       
  9  Coulomb-(SR)    10  Coul.-recip.    11  Position-Rest.  12  Potential     
 13  Kinetic-En.     14  Total-Energy    15  Conserved-En.   16  Temperature   
 17  Pressure        18  Vir-XX          19  Vir-XY          20  Vir-XZ        
 21  Vir-YX          22  Vir-YY          23  Vir-YZ          24  Vir-ZX        
 25  Vir-ZY          26  Vir-ZZ          27  Pres-XX         28  Pres-XY       
 29  Pres-XZ         30  Pres-YX         31  Pres-YY         32  Pres-YZ       
 33  Pres-ZX         34  Pres-ZY         35  Pres-ZZ         36  #Surf*SurfTen 
 37  T-System        38  Lamb-System   


Reading energy frame      0 time    0.000         
Reading energy frame      1 time    0.100         
Reading energy frame      2 time    0.200         
Reading energy frame      3 time    0.300         
Reading energy frame      4 time    0.400         
Reading energy frame      5 time    0.500         
Reading energy frame      6 time    0.600         
Reading energy frame      7 time    0.700         
Reading energy frame      8 time    0.800         
Reading energy frame      9 time    0.900         
Reading energy frame     10 time    1.000         
Last energy frame read 10 time    1.000         

GROMACS reminds you: "This Puke Stinks Like Beer" (LIVE)


Statistics over 4001 steps [ 0.0000 through 1.0000 ps ], 1 data sets
All statistics are over 41 points

Energy                      Average   Err.Est.       RMSD  Tot-Drift
-------------------------------------------------------------------------------
Total Energy                -652518       1100    2389.79    7948.28  (kJ/mol)
