                      :-) GROMACS - gmx grompp, 2025.4 (-:

Executable:   /usr/local/gromacs/bin/gmx
Data prefix:  /usr/local/gromacs
Working dir:  /Users/alejandro/projects/Multiscale-Simulation-Project/Microtubule_Inspired_Phase0/runs/phase1A/day023_confinement_design/13_r2_topology_static_scan
Command line:
  gmx grompp -f /Users/alejandro/projects/Multiscale-Simulation-Project/Microtubule_Inspired_Phase0/runs/phase1A/day023_confinement_design/13_r2_topology_static_scan/selected/r2_static_single_point.mdp -c /Users/alejandro/projects/Multiscale-Simulation-Project/Microtubule_Inspired_Phase0/runs/phase1A/day023_confinement_design/12_r2_partial_cap_geometry_design/selected/r2_selected_partial_cap_geometry_only.gro -p /Users/alejandro/projects/Multiscale-Simulation-Project/Microtubule_Inspired_Phase0/runs/phase1A/day023_confinement_design/13_r2_topology_static_scan/selected/r2_selected_cap_model.top -n /Users/alejandro/projects/Multiscale-Simulation-Project/Microtubule_Inspired_Phase0/runs/phase1A/day023_confinement_design/13_r2_topology_static_scan/selected/r2_static_energy_groups.ndx -o /Users/alejandro/projects/Multiscale-Simulation-Project/Microtubule_Inspired_Phase0/runs/phase1A/day023_confinement_design/13_r2_topology_static_scan/selected/r2_static_single_point.tpr -po /Users/alejandro/projects/Multiscale-Simulation-Project/Microtubule_Inspired_Phase0/runs/phase1A/day023_confinement_design/13_r2_topology_static_scan/r2_static_single_point_processed.mdp -maxwarn 0


NOTE 1 [file /Users/alejandro/projects/Multiscale-Simulation-Project/Microtubule_Inspired_Phase0/runs/phase1A/day023_confinement_design/13_r2_topology_static_scan/selected/r2_static_single_point.mdp]:
  Setting nstcalcenergy (100) equal to nstenergy (1)

Generating 1-4 interactions: fudge = 0.5

NOTE 2 [file r2_selected_cap_model.top, line 11308]:
  For energy conservation with LINCS, lincs_iter should be 2 or larger.



NOTE 3 [file r2_selected_cap_model.top, line 11308]:
  In moleculetype 'CAPL' 144 atoms are not bound by a potential or
  constraint to any other atom in the same moleculetype. Although
  technically this might not cause issues in a simulation, this often means
  that the user forgot to add a bond/potential/constraint or put multiple
  molecules in the same moleculetype definition by mistake. Run with -v to
  get information for each atom.


NOTE 4 [file r2_selected_cap_model.top, line 11308]:
  In moleculetype 'CAPU' 144 atoms are not bound by a potential or
  constraint to any other atom in the same moleculetype. Although
  technically this might not cause issues in a simulation, this often means
  that the user forgot to add a bond/potential/constraint or put multiple
  molecules in the same moleculetype definition by mistake. Run with -v to
  get information for each atom.

Number of degrees of freedom in T-Coupling group rest is 105563.00
The integrator does not provide a ensemble temperature, there is no system ensemble temperature

NOTE 5 [file /Users/alejandro/projects/Multiscale-Simulation-Project/Microtubule_Inspired_Phase0/runs/phase1A/day023_confinement_design/13_r2_topology_static_scan/selected/r2_static_single_point.mdp]:
  NVE simulation with an initial temperature of zero: will use a Verlet
  buffer of 10%. Check your energy drift!


There were 5 NOTEs

GROMACS reminds you: "Water is just water" (Berk Hess)

Setting the LD random seed to -163603497

Generated 35 of the 36 non-bonded parameter combinations

Generated 36 of the 36 1-4 parameter combinations

Excluding 1 bonded neighbours molecule type 'HBN'

turning H bonds into constraints...

Excluding 3 bonded neighbours molecule type 'PYR'

turning H bonds into constraints...

Excluding 2 bonded neighbours molecule type 'SOL'

turning H bonds into constraints...

Excluding 0 bonded neighbours molecule type 'CAPL'

turning H bonds into constraints...

Excluding 0 bonded neighbours molecule type 'CAPU'

turning H bonds into constraints...

Taking velocities from '/Users/alejandro/projects/Multiscale-Simulation-Project/Microtubule_Inspired_Phase0/runs/phase1A/day023_confinement_design/12_r2_partial_cap_geometry_design/selected/r2_selected_partial_cap_geometry_only.gro', all velocities are zero

Cleaning up constraints and constant bonded interactions with virtual sites

The largest distance between excluded atoms is 0.387 nm between atom 1760 and 1774
Calculating fourier grid dimensions for X Y Z
Using a fourier grid of 64x64x84, spacing 0.116 0.116 0.119

Estimate for the relative computational load of the PME mesh part: 0.11

This run will generate roughly 5 Mb of data
