======================================================================
F46P — COLLECTIVE POLARIZATION CONVERGENCE / ISOTROPY AUDIT
POSTPROCESSING ONLY
======================================================================

============================================================================
F46P — 25 ps INDEPENDENT BLOCKS
============================================================================
    system      window        XX        YY        ZZ      trace  diag_cv  diag_max_min_ratio  drift_Mx_D_per_ps  drift_My_D_per_ps  drift_Mz_D_per_ps
engineered 25ps_block1 50.931899 12.078041 17.254977  80.264917 0.788535            4.216901          38.330461          -8.027649         -16.309443
engineered 25ps_block2 23.193657 25.739111 11.597111  60.529878 0.373615            2.219442          -9.248827         -20.781006           5.470712
engineered 25ps_block3 23.898838 20.074847 31.783961  75.757647 0.236443            1.583273         -18.055174          20.554088          11.939537
engineered 25ps_block4 18.692395 28.048246 18.286842  65.027483 0.254772            1.533794          -0.863824         -22.991038          -1.348343
      bulk 25ps_block1 77.379443 27.072775 13.941571 118.393790 0.848487            5.550267         -42.566214          -6.047821          -3.707703
      bulk 25ps_block2 18.292889 13.539467 60.302433  92.134789 0.838002            4.453826         -13.065616          -6.569617          33.487943
      bulk 25ps_block3 40.781553 29.792316 19.722106  90.295976 0.349951            2.067809         -16.580510          13.719511           2.311153
      bulk 25ps_block4 23.838351 28.312371 23.557484  75.708206 0.105716            1.201842          17.295037          -4.646319         -15.678129

============================================================================
F46P — 50 ps INDEPENDENT BLOCKS
============================================================================
    system      window         XX        YY        ZZ      trace  diag_cv  diag_max_min_ratio
engineered 50ps_block1  83.136987 20.129246 48.031284 151.297516 0.626033            4.130159
engineered 50ps_block2  29.376847 25.589896 32.374182  87.340925 0.116777            1.265116
      bulk 50ps_block1 162.546384 20.503316 41.029395 224.079095 1.027838            7.927810
      bulk 50ps_block2  36.683792 32.275238 28.482848  97.441878 0.126362            1.287926

============================================================================
F46P — CUMULATIVE CONVERGENCE
============================================================================
    system    window         XX        YY        ZZ      trace  diag_cv  diag_max_min_ratio
engineered  cum_0_25  50.931899 12.078041 17.254977  80.264917 0.788535            4.216901
engineered  cum_0_50  83.136987 20.129246 48.031284 151.297516 0.626033            4.130159
engineered  cum_0_75  82.477709 22.335318 59.451940 164.264967 0.554197            3.692704
engineered cum_0_100  66.698213 28.943849 49.203510 144.845573 0.391328            2.304400
      bulk  cum_0_25  77.379443 27.072775 13.941571 118.393790 0.848487            5.550267
      bulk  cum_0_50 162.546384 20.503316 41.029395 224.079095 1.027838            7.927810
      bulk  cum_0_75 126.645048 26.945604 34.752677 188.343330 0.883154            4.700026
      bulk cum_0_100 111.538485 34.232970 35.071467 180.842921 0.736423            3.258218

============================================================================
F46P — ENGINEERED/BULK RATIOS AT MATCHED WINDOWS
============================================================================
     window  XX_ratio  YY_ratio  ZZ_ratio  trace_ratio
25ps_block1  0.658210  0.446132  1.237664     0.677949
25ps_block2  1.267906  1.901043  0.192316     0.656971
25ps_block3  0.586021  0.673826  1.611591     0.838993
25ps_block4  0.784131  0.990671  0.776265     0.858923
50ps_block1  0.511466  0.981756  1.170655     0.675197
50ps_block2  0.800813  0.792865  1.136620     0.896339
   cum_0_25  0.658210  0.446132  1.237664     0.677949
   cum_0_50  0.511466  0.981756  1.170655     0.675197
   cum_0_75  0.651251  0.828904  1.710715     0.872157
  cum_0_100  0.597984  0.845496  1.402950     0.800947

============================================================================
F46P — BULK ISOTROPY CONVERGENCE
============================================================================
cum_0_25: CV=0.848487 MAX_MIN=5.550267 TRACE=118.393790
cum_0_50: CV=1.027838 MAX_MIN=7.927810 TRACE=224.079095
cum_0_75: CV=0.883154 MAX_MIN=4.700026 TRACE=188.343330
cum_0_100: CV=0.736423 MAX_MIN=3.258218 TRACE=180.842921

BULK_ISOTROPY_MAXMIN_GATE=FAIL
BULK_ISOTROPY_CV_GATE=FAIL
FULL_TRACE_RATIO_ENGINEERED_OVER_BULK=0.800946874934
F46P_DECISION=LONGER_COLLECTIVE_SAMPLING_REQUIRED
F46P_ANALYSIS_COMPLETE=YES

F46P_ANALYSIS_STATUS=0
F46P_GATE=PASS

======================================================================
F46P SAFE ANALYSIS FINISHED
NEW_MD_SIMULATIONS=0
NEW_QM_CALCULATIONS=0
NEW_EXCITON_DYNAMICS=0
======================================================================
