                     :-) GROMACS - gmx trjconv, 2025.4 (-:

Executable:   /usr/local/gromacs/bin/gmx
Data prefix:  /usr/local/gromacs
Working dir:  /Users/alejandro/projects/Multiscale-Simulation-Project/Microtubule_Inspired_Phase0/runs/phase1A/day023_confinement_design/01_r0_t0_reference
Command line:
  gmx trjconv -f /Users/alejandro/projects/Multiscale-Simulation-Project/Microtubule_Inspired_Phase0/runs/phase1A/accepted/hybrid_hydrated_gap45_pyr5shift_clean032_nvt_100ps_frozenSolute/nvt_100ps_frozenSolute.xtc -s /Users/alejandro/projects/Multiscale-Simulation-Project/Microtubule_Inspired_Phase0/runs/phase1A/accepted/hybrid_hydrated_gap45_pyr5shift_clean032_nvt_100ps_frozenSolute/nvt_100ps_frozenSolute.tpr -o /Users/alejandro/projects/Multiscale-Simulation-Project/Microtubule_Inspired_Phase0/runs/phase1A/day023_confinement_design/01_r0_t0_reference/r0_accepted_t0_hydrated_system.gro -dump 0

Will write gro: Coordinate file in Gromos-87 format
Reading file /Users/alejandro/projects/Multiscale-Simulation-Project/Microtubule_Inspired_Phase0/runs/phase1A/accepted/hybrid_hydrated_gap45_pyr5shift_clean032_nvt_100ps_frozenSolute/nvt_100ps_frozenSolute.tpr, VERSION 2025.4 (single precision)
Reading file /Users/alejandro/projects/Multiscale-Simulation-Project/Microtubule_Inspired_Phase0/runs/phase1A/accepted/hybrid_hydrated_gap45_pyr5shift_clean032_nvt_100ps_frozenSolute/nvt_100ps_frozenSolute.tpr, VERSION 2025.4 (single precision)
Group     0 (         System) has 68320 elements
Group     1 (          Other) has  1784 elements
Group     2 (            HBN) has  1680 elements
Group     3 (            PYR) has   104 elements
Group     4 (          Water) has 66536 elements
Group     5 (            SOL) has 66536 elements
Group     6 (      non-Water) has  1784 elements
Select a group: 
Reading frame       0 time    0.000   
Precision of /Users/alejandro/projects/Multiscale-Simulation-Project/Microtubule_Inspired_Phase0/runs/phase1A/accepted/hybrid_hydrated_gap45_pyr5shift_clean032_nvt_100ps_frozenSolute/nvt_100ps_frozenSolute.xtc is 0.001 (nm)

Reading frame       1 time    0.500   
Dumping frame at t= 0 ps
 ->  frame      0 time    0.000      
Last written: frame      0 time    0.000


GROMACS reminds you: "Above all, don't fear difficult moments. The best comes from them." (Rita Levi-Montalcini)

Note that major changes are planned in future for trjconv, to improve usability and utility.
Select group for output
Selected 0: 'System'
