========================================================================================
F46X PRELIMINARY — R1/R2/R3 MATCHED 200 ps BULK COMPARISON
========================================================================================

R1
N_FRAMES=401
FIRST_PS=0.0
LAST_PS=200.0
DT_PS=0.5
R1_200PS_GATE=PASS

R2
N_FRAMES=401
FIRST_PS=0.0
LAST_PS=200.0
DT_PS=0.5
R2_200PS_GATE=PASS

R3
N_FRAMES=401
FIRST_PS=0.0
LAST_PS=200.0
DT_PS=0.5
R3_200PS_GATE=PASS

========================================================================================
INDIVIDUAL 200 ps TENSORS
========================================================================================
 replica         XX        YY        ZZ      trace  diag_cv  diag_max_min_ratio
R1_200ps 104.768001 35.587995 51.199709 191.555705 0.568252            2.943914
R2_200ps  33.751024 75.560506 72.112938 181.424468 0.383756            2.238762
R3_200ps  48.530741 55.146438 52.013104 155.690283 0.063769            1.136320

========================================================================================
R1+R2 MATCHED 200 ps
========================================================================================
R1_R2_200_XX=69.25951262139657
R1_R2_200_YY=55.574250437282885
R1_R2_200_ZZ=61.656323307564534
R1_R2_200_TRACE=186.490086366244
R1_R2_200_DIAG_CV=0.11030140132938865
R1_R2_200_DIAG_MAX_MIN_RATIO=1.2462518536270297
R1_R2_200_ISOTROPY_GATE=PASS

========================================================================================
R1+R2+R3 MATCHED 200 ps
========================================================================================
R1_R2_R3_200_XX=62.34992197123281
R1_R2_R3_200_YY=55.43164635897113
R1_R2_R3_200_ZZ=58.44191696282877
R1_R2_R3_200_XY=-2.391311140835304
R1_R2_R3_200_XZ=-0.15008678542452802
R1_R2_R3_200_YZ=3.440770482106094
R1_R2_R3_200_TRACE=176.2234852930327
R1_R2_R3_200_DIAG_CV=0.059052831517213876
R1_R2_R3_200_DIAG_MAX_MIN_RATIO=1.124807326981765
R1_R2_R3_200_ISOTROPY_GATE=PASS

========================================================================================
BETWEEN-REPLICA STATISTICS
========================================================================================
observable       mean        sd       sem  cv_between_replicas
        XX  62.349922 37.471056 21.633924             0.600980
        YY  55.431646 19.987782 11.539951             0.360584
        ZZ  58.441917 11.846434  6.839542             0.202704
     trace 176.223485 18.489721 10.675045             0.104922

F46X_PRELIM_200PS_STATUS=R1_R2_R3_COMPLETE_AT_MATCHED_200PS
FINAL_300PS_ANALYSIS_PENDING=YES
