                      :-) GROMACS - gmx check, 2025.4 (-:

Executable:   /usr/local/gromacs/bin/gmx
Data prefix:  /usr/local/gromacs
Working dir:  /Users/alejandro/projects/Multiscale-Simulation-Project/Microtubule_Inspired_Phase0/runs/phase1A/day023_confinement_design/08_r1_frozen_solute_nvt_20ps
Command line:
  gmx check -f /Users/alejandro/projects/Multiscale-Simulation-Project/Microtubule_Inspired_Phase0/runs/phase1A/day023_confinement_design/08_r1_frozen_solute_nvt_20ps/r1_frozen_solute_nvt_20ps.xtc


Reading frame       0 time    0.000   
# Atoms  68314
Precision 0.001 (nm)

Reading frame       1 time    0.500   
Reading frame       2 time    1.000   
Reading frame       3 time    1.500   
Reading frame       4 time    2.000   
Reading frame       5 time    2.500   
Reading frame       6 time    3.000   
Reading frame       7 time    3.500   
Reading frame       8 time    4.000   
Reading frame       9 time    4.500   
Reading frame      10 time    5.000   
Reading frame      11 time    5.500   
Reading frame      12 time    6.000   
Reading frame      13 time    6.500   
Reading frame      14 time    7.000   
Reading frame      15 time    7.500   
Reading frame      16 time    8.000   
Reading frame      17 time    8.500   
Reading frame      18 time    9.000   
Reading frame      19 time    9.500   
Reading frame      20 time   10.000   
Reading frame      30 time   15.000   
Reading frame      40 time   20.000   
Last frame         40 time   20.000   


Item        #frames Timestep (ps)
Step            41    0.5
Time            41    0.5
Lambda           0
Coords          41    0.5
Velocities       0
Forces           0
Box             41    0.5

GROMACS reminds you: "Why is it that programmers always confuse Halloween with Christmas? Because 31 OCT = 25 DEC." (Anonymous)

Checking file /Users/alejandro/projects/Multiscale-Simulation-Project/Microtubule_Inspired_Phase0/runs/phase1A/day023_confinement_design/08_r1_frozen_solute_nvt_20ps/r1_frozen_solute_nvt_20ps.xtc
