Starting R1 frozen-solute NVT 20 ps.
HBN, PYR, and both caps remain frozen; only TIP4P/2005 water is mobile.
Expected steps / duration / frames: 40000 / 20.0 ps / 41
                      :-) GROMACS - gmx mdrun, 2025.4 (-:

Executable:   /usr/local/gromacs/bin/gmx
Data prefix:  /usr/local/gromacs
Working dir:  /Users/alejandro/projects/Multiscale-Simulation-Project/Microtubule_Inspired_Phase0/runs/phase1A/day023_confinement_design/08_r1_frozen_solute_nvt_20ps
Command line:
  gmx mdrun -s /Users/alejandro/projects/Multiscale-Simulation-Project/Microtubule_Inspired_Phase0/runs/phase1A/day023_confinement_design/08_r1_frozen_solute_nvt_20ps/r1_frozen_solute_nvt_20ps.tpr -deffnm /Users/alejandro/projects/Multiscale-Simulation-Project/Microtubule_Inspired_Phase0/runs/phase1A/day023_confinement_design/08_r1_frozen_solute_nvt_20ps/r1_frozen_solute_nvt_20ps -ntmpi 1 -ntomp 4

Reading file /Users/alejandro/projects/Multiscale-Simulation-Project/Microtubule_Inspired_Phase0/runs/phase1A/day023_confinement_design/08_r1_frozen_solute_nvt_20ps/r1_frozen_solute_nvt_20ps.tpr, VERSION 2025.4 (single precision)
Multiple energy groups is not implemented for GPUs, falling back to the CPU. For better performance, run on the GPU without energy groups and then do gmx mdrun -rerun option on the trajectory with an energy group .tpr file.
Changing nstlist from 20 to 100, rlist from 1.2 to 1.252


Using 1 MPI thread
Using 4 OpenMP threads 

starting mdrun 'h-BN fixed dummy scaffold + 4 pyrenes + TIP4P/2005 water'
40000 steps,     20.0 ps.

Writing final coordinates.

               Core t (s)   Wall t (s)        (%)
       Time:     4482.021     1120.506      400.0
                 (ns/day)    (hour/ns)
Performance:        1.542       15.562

GROMACS reminds you: "Suzy is a headbanger, her mother is a geek" (The Ramones)


Day023 R1 frozen-solute NVT 20 ps execution and validation completed.
Mdrun / trajectory-check return codes: 0/0
Finished / instability signatures: YES / NONE
Frames / time range: 41/0.0-20.0 ps
Temperature mean/std/min/max: 298.4674/10.9928/179.0396/303.4521 K
Potential initial/final/change: -899823.062500/-765130.250000/134692.812500 kJ/mol
CAP-SOL LJ initial/final/maximum: 14.305803/15.390732/45.470341 kJ/mol
HBN final RMS/max displacement: 0.000000000000/0.000000000000 nm
PYR final RMS/max displacement: 0.000000000000/0.000000000000 nm
CAPS final RMS/max displacement: 0.000000000000/0.000000000000 nm
Maximum trajectory displacement HBN/PYR/CAPS: 0.000000/0.000000/0.000000 nm
Water-O final RMS/max displacement: 0.544019/2.019448 nm
Lumen occupancy initial/mean/min/max/endpoint: 428/427.8293/426/428/428
Endpoint initial-lumen retention: 428/428 (1.000000)
Second-half occupancy mean/slope: 427.8571/-0.046753 waters/ps
Minimum CAP-OW distance: 0.170798 nm
Decision: R1_FROZEN_SOLUTE_NVT_20PS_REQUIRES_REVIEW
Failed gates: temperature_standard_deviation_is_acceptable
50 ps frozen-solute extension preparation authorized: NO
Long mobile MD authorized: NO
Multitemperature MD authorized: NO
QM recalculation authorized: NO
Required next step: REVIEW_R1_NVT_20PS_GATE_FAILURES
Wrote: runs/phase1A/day023_confinement_design/08_r1_frozen_solute_nvt_20ps/r1_frozen_solute_nvt_20ps.gro
Wrote: runs/phase1A/day023_confinement_design/08_r1_frozen_solute_nvt_20ps/r1_frozen_solute_nvt_20ps.xtc
Wrote: runs/phase1A/day023_confinement_design/08_r1_frozen_solute_nvt_20ps/r1_frozen_solute_nvt_20ps.edr
Wrote: runs/phase1A/day023_confinement_design/08_r1_frozen_solute_nvt_20ps/r1_frozen_solute_nvt_20ps_lumen_occupancy.csv
Wrote: runs/phase1A/day023_confinement_design/08_r1_frozen_solute_nvt_20ps/r1_frozen_solute_nvt_20ps_energy_series.csv
Wrote: runs/phase1A/day023_confinement_design/08_r1_frozen_solute_nvt_20ps/r1_frozen_solute_nvt_20ps_summary.csv
Wrote: runs/phase1A/day023_confinement_design/08_r1_frozen_solute_nvt_20ps/r1_frozen_solute_nvt_20ps_gates.csv
Wrote: runs/phase1A/day023_confinement_design/08_r1_frozen_solute_nvt_20ps/R1_FROZEN_SOLUTE_NVT_20PS_VALIDATION_DAY023.md
Traceback (most recent call last):
  File "/Users/alejandro/projects/Multiscale-Simulation-Project/Microtubule_Inspired_Phase0/scripts/phase1A/run_and_validate_day023_r1_frozen_solute_nvt_20ps.py", line 2624, in <module>
    main()
  File "/Users/alejandro/projects/Multiscale-Simulation-Project/Microtubule_Inspired_Phase0/scripts/phase1A/run_and_validate_day023_r1_frozen_solute_nvt_20ps.py", line 2617, in main
    raise RuntimeError(
RuntimeError: R1 frozen-solute 20 ps NVT requires review.
