============================================================================================
F46X FINAL — BULK THREE-REPLICA COLLECTIVE-POLARIZATION CONVERGENCE
Matched duration: 300 ps per replica
============================================================================================

R1
N_WATER=16634
N_FRAMES=601
FIRST_PS=0.0
LAST_PS=300.0
DT_PS=0.5
R1_300PS_GATE=PASS

R2
N_WATER=16634
N_FRAMES=601
FIRST_PS=0.0
LAST_PS=300.0
DT_PS=0.5
R2_300PS_GATE=PASS

R3
N_WATER=16634
N_FRAMES=601
FIRST_PS=0.0
LAST_PS=300.0
DT_PS=0.5
R3_300PS_GATE=PASS

F46X_MATCHED_TRAJECTORY_GATE=PASS

============================================================================================
INDIVIDUAL REPLICA TENSORS — MATCHED 300 ps
============================================================================================
replica        XX        YY        ZZ      trace  diag_cv  diag_max_min_ratio
     R1 83.615076 32.641840 50.144002 166.400917 0.466947            2.561592
     R2 46.082952 62.842710 85.450803 194.376466 0.304916            1.854282
     R3 52.645206 46.438264 46.289342 145.372812 0.074856            1.137307

============================================================================================
THREE-REPLICA EQUAL-WEIGHT ENSEMBLE TENSOR
============================================================================================
ENSEMBLE_XX=60.78107808389157
ENSEMBLE_YY=47.30760460176898
ENSEMBLE_ZZ=60.62804883516797
ENSEMBLE_XY=-4.7201911316119025
ENSEMBLE_XZ=-4.694138561668152
ENSEMBLE_YZ=4.896823870361548
ENSEMBLE_TRACE=168.71673152082852
ENSEMBLE_DIAG_CV=0.13754029333160112
ENSEMBLE_DIAG_MAX_MIN_RATIO=1.2848056585308227
ENSEMBLE_ISOTROPY_GATE=PASS

============================================================================================
BETWEEN-REPLICA STATISTICS
============================================================================================
observable       mean  sd_between_replicas  sem_between_replicas  cv_between_replicas
        XX  60.781078            20.045184             11.573092             0.329793
        YY  47.307605            15.119192              8.729069             0.319593
        ZZ  60.628049            21.583360             12.461159             0.355996
        XY  -4.720191             1.494430              0.862810             0.316604
        XZ  -4.694139             4.572976              2.640209             0.974189
        YZ   4.896824             8.986241              5.188209             1.835116
     trace 168.716732            24.583770             14.193446             0.145710

TRACE_BETWEEN_REPLICA_CV=0.1457103290378888
MAX_OFFDIAG_OVER_MEAN_DIAG=0.0870718124910514

============================================================================================
ENSEMBLE STABILITY — 200 ps vs 300 ps
============================================================================================
observable  value_200ps  value_300ps  relative_change_percent
        XX    62.349922    60.781078                 2.516192
        YY    55.431646    47.307605                14.655963
        ZZ    58.441917    60.628049                 3.740692
     trace   176.223485   168.716732                 4.259792
CHANGE_200_TO_300_XX_PERCENT=2.516192222445885
CHANGE_200_TO_300_YY_PERCENT=14.655963318483224
CHANGE_200_TO_300_ZZ_PERCENT=3.7406915891031725
CHANGE_200_TO_300_trace_PERCENT=4.25979191123226

============================================================================================
F46X FINAL DECISION
============================================================================================
F46X_BULK_COLLECTIVE_CONVERGENCE=PASS
F46X_DECISION=BULK_REFERENCE_CONVERGED
F46X_FINAL_ANALYSIS_COMPLETE=YES
