
ANALYZING_ENGINEERED=YES
engineered_N_WATER=16634
engineered_N_FRAMES=201
engineered_DURATION_PS=100.0

ANALYZING_BULK=YES
bulk_N_WATER=16634
bulk_N_FRAMES=201
bulk_DURATION_PS=100.0

========================================================================
F46M BULK NVT DENSITY
========================================================================
BULK_BOX_NM=7.18046000,7.18046000,9.72750000
BULK_VOLUME_NM3=501.540229032
BULK_DENSITY_KG_M3=992.158454

========================================================================
F46M FULL-TRAJECTORY RESULTS
========================================================================

ENGINEERED
C1_KWW_TAU_PS=4.996633661038
C1_BETA=0.807471596366
C1_INTEGRATED_KWW_PS=5.624045365930
C1_DELTA_AIC_MONO_MINUS_KWW=93.986722182360
C1_NUMERIC_INT_10PS=4.291810264082
C1_NUMERIC_INT_20PS=5.185568345223
C1_NUMERIC_INT_40PS=5.426674316197
C2_KWW_TAU_PS=1.444430310841
C2_BETA=0.640293946449
C2_INTEGRATED_KWW_PS=2.007253749784
C2_DELTA_AIC_MONO_MINUS_KWW=127.052092708671
C2_NUMERIC_INT_10PS=1.878039392599
C2_NUMERIC_INT_20PS=1.955436303200
C2_NUMERIC_INT_40PS=1.973168620662

BULK
C1_KWW_TAU_PS=4.562582108405
C1_BETA=0.808490568229
C1_INTEGRATED_KWW_PS=5.130959292712
C1_DELTA_AIC_MONO_MINUS_KWW=98.042391693756
C1_NUMERIC_INT_10PS=4.061565004516
C1_NUMERIC_INT_20PS=4.803046109886
C1_NUMERIC_INT_40PS=4.979686008150
C2_KWW_TAU_PS=1.303084846014
C2_BETA=0.647759949062
C2_INTEGRATED_KWW_PS=1.787234447094
C2_DELTA_AIC_MONO_MINUS_KWW=131.237042183198
C2_NUMERIC_INT_10PS=1.706777541355
C2_NUMERIC_INT_20PS=1.756755058874
C2_NUMERIC_INT_40PS=1.750237100004

========================================================================
ENGINEERED vs BULK — FULL TRAJECTORY
========================================================================
C1_RATIO_ENGINEERED_OVER_BULK=1.096100172519
C1_PERCENT_CHANGE=9.610017
C2_RATIO_ENGINEERED_OVER_BULK=1.123106010545
C2_PERCENT_CHANGE=12.310601

========================================================================
MATCHED 25-PS BLOCK RESULTS
========================================================================
    system  block  start_ps  end_ps  C1_tau_integrated_ps  C1_tau_kww_ps  C1_beta  C1_integral_10ps  C2_tau_integrated_ps  C2_tau_kww_ps  C2_beta  C2_integral_10ps
engineered      1         0      25              7.077936       6.044290 0.765630          4.715295              2.517151       1.749339 0.621658          2.197853
engineered      2        25      50              5.821052       4.933675 0.758424          4.222875              1.948303       1.368477 0.627170          1.805306
engineered      3        50      75              5.702819       4.860078 0.763658          4.187192              1.938440       1.357342 0.625550          1.796650
engineered      4        75     100              5.492636       4.716334 0.771025          4.115691              1.875032       1.324901 0.630333          1.753733
      bulk      1         0      25              5.301915       4.585983 0.778401          4.047821              1.804201       1.294744 0.638760          1.703372
      bulk      2        25      50              5.218005       4.533121 0.782906          4.019355              1.783508       1.287708 0.642167          1.687712
      bulk      3        50      75              5.309149       4.586701 0.777168          4.048125              1.798738       1.295497 0.640777          1.698651
      bulk      4        75     100              5.490435       4.700800 0.768163          4.108089              1.839991       1.312597 0.635483          1.730710

========================================================================
BLOCK ROBUSTNESS COMPARISON
========================================================================

METRIC=C1_tau_integrated_ps
ENGINEERED_MEAN=6.023610911517849
ENGINEERED_SD=0.7158848097827003
BULK_MEAN=5.329875916390418
BULK_SD=0.11475474350243854
PERCENT_CHANGE=13.015968964569314
HEDGES_G=1.176680114012841
EXACT_PERMUTATION_P=0.02857142857142857

METRIC=C1_integral_10ps
ENGINEERED_MEAN=4.310263249829362
ENGINEERED_SD=0.27367400711540907
BULK_MEAN=4.055847382013705
BULK_SD=0.037349341865715736
PERCENT_CHANGE=6.272816599162567
HEDGES_G=1.1327148976284773
EXACT_PERMUTATION_P=0.02857142857142857

METRIC=C2_tau_integrated_ps
ENGINEERED_MEAN=2.0697316567139237
ENGINEERED_SD=0.3000414016372435
BULK_MEAN=1.8066094578156733
BULK_SD=0.023914800996975006
PERCENT_CHANGE=14.564420537042079
HEDGES_G=1.075024379192728
EXACT_PERMUTATION_P=0.02857142857142857

METRIC=C2_integral_10ps
ENGINEERED_MEAN=1.888385673248893
ENGINEERED_SD=0.20754031997533928
BULK_MEAN=1.7051111463196706
BULK_SD=0.01828281341819163
PERCENT_CHANGE=10.748538435444743
HEDGES_G=1.0817780122849578
EXACT_PERMUTATION_P=0.02857142857142857

SUMMARY_FILE=runs/phase2/day048_f46l_bulk_100ps_orientation/F46M_summary.json
F46M_ANALYSIS_COMPLETE=YES
