============================================================================
QM_F06 ORCA STAGE-2 PREFLIGHT
============================================================================
Fragment: QM_F06_LOWER_CAPPED_REPAIRED
ORCA: /Users/alejandro/projects/orca_6_1_1_macosx_intel_openmpi411/orca
ORCA SHA256: f9043192a31496e4931fa60df69b513f3922c7510c462e3934e3e2dd16d3e5f0
Input: /Users/alejandro/projects/Multiscale-Simulation-Project/Microtubule_Inspired_Phase0/runs/phase1A/day026_qm_reference_catalog/QM_F06/orca_workflow/QM_F06_LOWER_CAPPED_REPAIRED/stage2.inp
Input SHA256: 46d230db358a02e3bff6eded9ca2ec816eb212fe4ba478f2fd43a5e5a06b3e32
Execution requested: True

Input checks:
  atom_count_22                     : True
  charge_zero                       : True
  multiplicity_one                  : True
  constraints_expected              : True
  promoted_from_stage1              : True
  contains_pbe0                     : True
  contains_d4                       : True
  contains_def2_tzvp                : True
  contains_tightscf                 : True
  contains_opt                      : True
  contains_defgrid3                 : True
  no_obsolete_grid                  : True

Workflow-state checks:
  stage1_executed                   : True
  stage1_validation_pass            : True
  stage1_geometry_promoted          : True
  stage2_input_generated            : True
  stage2_not_executed               : True

Preflight decision: PASS

============================================================================
EXECUTING QM_F06 STAGE 2
============================================================================
Fragment: QM_F06_LOWER_CAPPED_REPAIRED
Execution directory: /Users/alejandro/projects/Multiscale-Simulation-Project/Microtubule_Inspired_Phase0/runs/phase1A/day027_qm_f06_orca_executions/QM_F06_LOWER_CAPPED_REPAIRED/stage2_20260716T112154
Return code: 0
Normal termination: True
SCF converged: True
Geometry converged: True
Optimized XYZ: /Users/alejandro/projects/Multiscale-Simulation-Project/Microtubule_Inspired_Phase0/runs/phase1A/day027_qm_f06_orca_executions/QM_F06_LOWER_CAPPED_REPAIRED/stage2_20260716T112154/stage2.xyz
Stage-2 gate: PASS
