========================================================================
QM_F06 ORCA STAGE-1 PREFLIGHT
========================================================================
ORCA: /Users/alejandro/projects/orca_6_1_1_macosx_intel_openmpi411/orca
ORCA SHA256: f9043192a31496e4931fa60df69b513f3922c7510c462e3934e3e2dd16d3e5f0
Execution requested: True

{'end': 'LOWER', 'fragment': 'QM_F06_LOWER_CAPPED_REPAIRED', 'input': 'runs/phase1A/day026_qm_reference_catalog/QM_F06/orca_workflow/QM_F06_LOWER_CAPPED_REPAIRED/stage1.inp', 'input_sha256': '399e4ab3c189bdca05ad21ed74285615892f7e1ed414474f0498ef2c2f625d1b', 'atom_count': 22, 'charge': 0, 'multiplicity': 1, 'constraint_count': 11, 'preflight_pass': True}

Preflight decision: PASS

========================================================================
EXECUTING: QM_F06_LOWER_CAPPED_REPAIRED STAGE 1
Directory: /Users/alejandro/projects/Multiscale-Simulation-Project/Microtubule_Inspired_Phase0/runs/phase1A/day026_qm_reference_catalog/QM_F06/orca_executions/QM_F06_LOWER_CAPPED_REPAIRED/stage1_20260715T161721
========================================================================
Return code: 4
Normal termination: False
SCF converged: False
Geometry converged: False
Optimized XYZ: None
Stage-1 gate: FAIL
Traceback (most recent call last):
  File "/Users/alejandro/projects/Multiscale-Simulation-Project/Microtubule_Inspired_Phase0/scripts/phase1A/run_day026_qm_f06_orca_stage1.py", line 472, in <module>
    main()
  File "/Users/alejandro/projects/Multiscale-Simulation-Project/Microtubule_Inspired_Phase0/scripts/phase1A/run_day026_qm_f06_orca_stage1.py", line 446, in main
    raise RuntimeError(
RuntimeError: QM_F06_LOWER_CAPPED_REPAIRED: Stage-1 execution failed validation. Inspect /Users/alejandro/projects/Multiscale-Simulation-Project/Microtubule_Inspired_Phase0/runs/phase1A/day026_qm_reference_catalog/QM_F06/orca_executions/QM_F06_LOWER_CAPPED_REPAIRED/stage1_20260715T161721
