                      :-) GROMACS - gmx mdrun, 2025.4 (-:

Copyright 1991-2025 The GROMACS Authors.
GROMACS is free software; you can redistribute it and/or modify it
under the terms of the GNU Lesser General Public License
as published by the Free Software Foundation; either version 2.1
of the License, or (at your option) any later version.

                         Current GROMACS contributors:
       Mark Abraham           Andrey Alekseenko           Brian Andrews       
      Vladimir Basov              Paul Bauer                Hugh Bird         
      Eliane Briand               Ania Brown              Mahesh Doijade      
      Giacomo Fiorin          Stefan Fleischmann          Sergey Gorelov      
   Gilles Gouaillardet            Alan Gray              M. Eric Irrgang      
   Farzaneh Jalalypour         Petter Johansson          Carsten Kutzner      
    Grzegorz Łazarski         Justin A. Lemkul          Magnus Lundborg      
       Pascal Merz             Vedran Miletić            Dmitry Morozov      
     Lukas Müllender            Julien Nabet             Szilárd Páll      
 Andrea Pasquadibisceglie     Michele Pellegrino         Nicola Piasentin     
     Daniele Rapetti         Muhammad Umair Sadiq         Hubert Santuz       
      Roland Schulz             Michael Shirts           Tatiana Shugaeva     
     Alexey Shvetsov            Philip Turner            Alessandra Villa     
 Sebastian Wingbermühle  

                         Previous GROMACS contributors:
        Emile Apol             Rossen Apostolov           James Barnett       
  Herman J.C. Berendsen         Cathrine Bergh             Par Bjelkmar       
      Christian Blau          Viacheslav Bolnykh            Kevin Boyd        
    Aldert van Buuren          Carlo Camilloni           Rudi van Drunen      
      Anton Feenstra           Oliver Fleetwood            Vytas Gapsys       
       Gaurav Garg             Gerrit Groenhof            Bert de Groot       
      Anca Hamuraru           Vincent Hindriksen          Victor Holanda      
     Aleksei Iupinov              Joe Jordan            Christoph Junghans    
    Prashanth Kanduri        Dimitrios Karkoulis           Peter Kasson       
      Sebastian Kehl           Sebastian Keller             Jiri Kraus        
       Per Larsson              Viveca Lindahl            Erik Marklund       
    Pieter Meulenhoff           Teemu Murtola              Sander Pronk       
      Alfons Sijbers            Balint Soproni         David van der Spoel    
      Peter Tieleman            Carsten Uphoff             Jon Vincent        
     Teemu Virolainen         Christian Wennberg           Maarten Wolf       
      Artem Zhmurov       

                  Coordinated by the GROMACS project leaders:
                           Berk Hess and Erik Lindahl

GROMACS:      gmx mdrun, version 2025.4
Executable:   /usr/local/gromacs/bin/gmx
Data prefix:  /usr/local/gromacs
Working dir:  /Users/alejandro/projects/Multiscale-Simulation-Project/Microtubule_Inspired_Phase0
Process ID:   34258
Command line:
  gmx mdrun -s runs/phase2/day049_f46w_bulk_independent_replicas/R3/equil_20ps.tpr -deffnm runs/phase2/day049_f46w_bulk_independent_replicas/R3/equil_20ps

GROMACS version:     2025.4
Precision:           mixed
Memory model:        64 bit
MPI library:         thread_mpi
OpenMP support:      enabled (GMX_OPENMP_MAX_THREADS = 128)
GPU support:         disabled
SIMD instructions:   AVX2_256
CPU FFT library:     fftw-3.3.10-sse2
GPU FFT library:     none
Multi-GPU FFT:       none
RDTSCP usage:        enabled
TNG support:         enabled
Hwloc support:       disabled
Tracing support:     disabled
C compiler:          /usr/bin/gcc AppleClang 14.0.0.14000029
C compiler flags:    -mavx2 -mfma -Wno-missing-field-initializers -fno-stack-check -O3 -DNDEBUG
C++ compiler:        /usr/bin/g++ AppleClang 14.0.0.14000029
C++ compiler flags:  -mavx2 -mfma -Wno-reserved-identifier -Wno-missing-field-initializers -fno-stack-check -Weverything -Wno-c++98-compat -Wno-c++98-compat-pedantic -Wno-source-uses-openmp -Wno-c++17-extensions -Wno-documentation-unknown-command -Wno-covered-switch-default -Wno-switch-enum -Wno-switch-default -Wno-extra-semi-stmt -Wno-weak-vtables -Wno-shadow -Wno-padded -Wno-reserved-id-macro -Wno-double-promotion -Wno-exit-time-destructors -Wno-global-constructors -Wno-documentation -Wno-format-nonliteral -Wno-used-but-marked-unused -Wno-float-equal -Wno-conditional-uninitialized -Wno-conversion -Wno-disabled-macro-expansion -Wno-unused-macros SHELL:-Xpreprocessor -fopenmp -I/usr/local/opt/libomp/include -O3 -DNDEBUG
BLAS library:        External - detected on the system
LAPACK library:      External - detected on the system


Running on 1 node with total 0 processing units
Hardware detected on host Alejandros-MacBook-Pro-2.local:
  CPU info:
    Vendor: Intel
    Brand:  Intel(R) Core(TM) i7-9750H CPU @ 2.60GHz
    Family: 6   Model: 158   Stepping: 10
    Features: aes apic avx avx2 clfsh cmov cx8 cx16 f16c fma htt intel lahf mmx msr nonstop_tsc pcid pclmuldq pdcm pdpe1gb popcnt pse rdrnd rdtscp sse2 sse3 sse4.1 sse4.2 ssse3 tdt x2apic
  Hardware topology: Only logical processor count
    CPU limit set by OS: -1   Recommended max number of threads: 12


++++ PLEASE READ AND CITE THE FOLLOWING REFERENCE ++++
M. J. Abraham, T. Murtola, R. Schulz, S. Páll, J. C. Smith, B. Hess, E.
Lindahl
GROMACS: High performance molecular simulations through multi-level
parallelism from laptops to supercomputers
SoftwareX (2015)
DOI: 10.1016/j.softx.2015.06.001
-------- -------- --- Thank You --- -------- --------


++++ PLEASE READ AND CITE THE FOLLOWING REFERENCE ++++
S. Páll, M. J. Abraham, C. Kutzner, B. Hess, E. Lindahl
Tackling Exascale Software Challenges in Molecular Dynamics Simulations with
GROMACS
In S. Markidis & E. Laure (Eds.), Solving Software Challenges for Exascale (2015)
DOI: 10.1007/978-3-319-15976-8_1
-------- -------- --- Thank You --- -------- --------


++++ PLEASE READ AND CITE THE FOLLOWING REFERENCE ++++
S. Pronk, S. Páll, R. Schulz, P. Larsson, P. Bjelkmar, R. Apostolov, M. R.
Shirts, J. C. Smith, P. M. Kasson, D. van der Spoel, B. Hess, E. Lindahl
GROMACS 4.5: a high-throughput and highly parallel open source molecular
simulation toolkit
Bioinformatics (2013)
DOI: 10.1093/bioinformatics/btt055
-------- -------- --- Thank You --- -------- --------


++++ PLEASE READ AND CITE THE FOLLOWING REFERENCE ++++
B. Hess, C. Kutzner, D. van der Spoel, E. Lindahl
GROMACS 4: Algorithms for highly efficient, load-balanced, and scalable
molecular simulation
J. Chem. Theory Comput. (2008)
DOI: 10.1021/ct700301q
-------- -------- --- Thank You --- -------- --------


++++ PLEASE READ AND CITE THE FOLLOWING REFERENCE ++++
D. van der Spoel, E. Lindahl, B. Hess, G. Groenhof, A. E. Mark, H. J. C.
Berendsen
GROMACS: Fast, Flexible and Free
J. Comp. Chem. (2005)
DOI: 10.1002/jcc.20291
-------- -------- --- Thank You --- -------- --------


++++ PLEASE READ AND CITE THE FOLLOWING REFERENCE ++++
E. Lindahl, B. Hess, D. van der Spoel
GROMACS 3.0: A package for molecular simulation and trajectory analysis
J. Mol. Mod. (2001)
DOI: 10.1007/s008940100045
-------- -------- --- Thank You --- -------- --------


++++ PLEASE READ AND CITE THE FOLLOWING REFERENCE ++++
H. J. C. Berendsen, D. van der Spoel and R. van Drunen
GROMACS: A message-passing parallel molecular dynamics implementation
Comp. Phys. Comm. (1995)
DOI: 10.1016/0010-4655(95)00042-E
-------- -------- --- Thank You --- -------- --------


++++ PLEASE CITE THE DOI FOR THIS VERSION OF GROMACS ++++
https://doi.org/10.5281/zenodo.17671793
-------- -------- --- Thank You --- -------- --------

Input Parameters:
   integrator                     = md
   tinit                          = 0
   dt                             = 0.0005
   nsteps                         = 40000
   init-step                      = 0
   simulation-part                = 1
   mts                            = false
   mass-repartition-factor        = 1
   comm-mode                      = Linear
   nstcomm                        = 100
   bd-fric                        = 0
   ld-seed                        = -582115434
   emtol                          = 10
   emstep                         = 0.01
   niter                          = 20
   fcstep                         = 0
   nstcgsteep                     = 1000
   nbfgscorr                      = 10
   rtpi                           = 0.05
   nstxout                        = 0
   nstvout                        = 0
   nstfout                        = 0
   nstlog                         = 500
   nstcalcenergy                  = 100
   nstenergy                      = 500
   nstxout-compressed             = 1000
   compressed-x-precision         = 1000
   cutoff-scheme                  = Verlet
   nstlist                        = 20
   pbc                            = xyz
   periodic-molecules             = false
   verlet-buffer-tolerance        = 0.005
   verlet-buffer-pressure-tolerance = 0.5
   rlist                          = 1.2
   coulombtype                    = PME
   coulomb-modifier               = Potential-shift
   rcoulomb-switch                = 0
   rcoulomb                       = 1.2
   epsilon-r                      = 1
   epsilon-rf                     = inf
   vdw-type                       = Cut-off
   vdw-modifier                   = Potential-shift
   rvdw-switch                    = 0
   rvdw                           = 1.2
   DispCorr                       = No
   table-extension                = 1
   fourierspacing                 = 0.12
   fourier-nx                     = 60
   fourier-ny                     = 60
   fourier-nz                     = 84
   pme-order                      = 4
   ewald-rtol                     = 1e-05
   ewald-rtol-lj                  = 0.001
   lj-pme-comb-rule               = Geometric
   ewald-geometry                 = 3d
   epsilon-surface                = 0
   ensemble-temperature-setting   = constant
   ensemble-temperature           = 300
   tcoupl                         = V-rescale
   nsttcouple                     = 100
   nh-chain-length                = 0
   print-nose-hoover-chain-variables = false
   pcoupl                         = No
   refcoord-scaling               = No
   posres-com: not available
   posres-comB: not available
   QMMM                           = false
qm-opts:
   ngQM                           = 0
   constraint-algorithm           = Lincs
   continuation                   = false
   Shake-SOR                      = false
   shake-tol                      = 0.0001
   lincs-order                    = 4
   lincs-iter                     = 1
   lincs-warnangle                = 30
   nwall                          = 0
   wall-type                      = 9-3
   wall-r-linpot                  = -1
   wall-atomtype[0]               = -1
   wall-atomtype[1]               = -1
   wall-density[0]                = 0
   wall-density[1]                = 0
   wall-ewald-zfac                = 3
   pull                           = false
   awh                            = false
   rotation                       = false
   interactiveMD                  = false
   disre                          = No
   disre-weighting                = Conservative
   disre-mixed                    = false
   dr-fc                          = 1000
   dr-tau                         = 0
   nstdisreout                    = 100
   orire-fc                       = 0
   orire-tau                      = 0
   nstorireout                    = 100
   free-energy                    = no
   cos-acceleration               = 0
   deform (3x3):
      deform[    0]={ 0.00000e+00,  0.00000e+00,  0.00000e+00}
      deform[    1]={ 0.00000e+00,  0.00000e+00,  0.00000e+00}
      deform[    2]={ 0.00000e+00,  0.00000e+00,  0.00000e+00}
   simulated-tempering            = false
   swapcoords                     = no
   userint1                       = 0
   userint2                       = 0
   userint3                       = 0
   userint4                       = 0
   userreal1                      = 0
   userreal2                      = 0
   userreal3                      = 0
   userreal4                      = 0
   applied-forces:
     electric-field:
       x:
         E0                       = 0
         omega                    = 0
         t0                       = 0
         sigma                    = 0
       y:
         E0                       = 0
         omega                    = 0
         t0                       = 0
         sigma                    = 0
       z:
         E0                       = 0
         omega                    = 0
         t0                       = 0
         sigma                    = 0
     density-guided-simulation:
       active                     = false
       group                      = protein
       similarity-measure         = inner-product
       atom-spreading-weight      = unity
       force-constant             = 1e+09
       gaussian-transform-spreading-width = 0.2
       gaussian-transform-spreading-range-in-multiples-of-width = 4
       reference-density-filename = reference.mrc
       nst                        = 1
       normalize-densities        = true
       adaptive-force-scaling     = false
       adaptive-force-scaling-time-constant = 4
       shift-vector               = 
       transformation-matrix      = 
     qmmm-cp2k:
       active                     = false
       qmgroup                    = System
       qmmethod                   = PBE
       qmfilenames                = 
       qmcharge                   = 0
       qmmultiplicity             = 1
     colvars:
       active                     = false
       configfile                 = 
       seed                       = -1
     nnpot:
       active                     = false
       modelfile                  = model.pt
       input-group                = System
       model-input1               = 
       model-input2               = 
       model-input3               = 
       model-input4               = 
grpopts:
   nrdf:       99801
   ref-t:         300
   tau-t:           1
annealing:          No
annealing-npoints:           0
   acc:	           0           0           0
   nfreeze:           N           N           N
   energygrp-flags[  0]: 0

Changing nstlist from 20 to 100, rlist from 1.2 to 1.256


Initializing Domain Decomposition on 1 ranks
Dynamic load balancing: auto
Using update groups, nr 16634, average size 4.0 atoms, max. radius 0.078 nm
Minimum cell size due to atom displacement: 0.182 nm
Using 0 separate PME ranks because: there are too few total ranks for efficient splitting
Optimizing the DD grid for 1 cells with a minimum initial size of 0.182 nm
The maximum allowed number of cells is: X 39 Y 39 Z 53
Domain decomposition grid 1 x 1 x 1, separate PME ranks 0
PME domain decomposition: 1 x 1 x 1

The initial number of communication pulses is:
The initial domain decomposition cell size is:

When dynamic load balancing gets turned on, these settings will change to:
The maximum number of communication pulses is:
The minimum size for domain decomposition cells is 1.412 nm
The requested allowed shrink of DD cells (option -dds) is: 0.80
The allowed shrink of domain decomposition cells is:

Local state does not use filler particles

Using 1 MPI thread
Using 12 OpenMP threads 

System total charge: 0.000
Will do PME sum in reciprocal space for electrostatic interactions.

++++ PLEASE READ AND CITE THE FOLLOWING REFERENCE ++++
U. Essmann, L. Perera, M. L. Berkowitz, T. Darden, H. Lee, L. G. Pedersen 
A smooth particle mesh Ewald method
J. Chem. Phys. (1995)
DOI: 10.1063/1.470117
-------- -------- --- Thank You --- -------- --------

Using a Gaussian width (1/beta) of 0.384195 nm for Ewald
Potential shift: LJ r^-12: -1.122e-01 r^-6: -3.349e-01, Ewald -8.333e-06
Initialized non-bonded Coulomb Ewald tables, spacing: 1.02e-03 size: 1176



Using SIMD4xM 4x8 nonbonded short-range kernels

Using a dual 4x8 pair-list setup updated with dynamic pruning:
  outer list: updated every 100 steps, buffer 0.056 nm, rlist 1.256 nm
  inner list: updated every  34 steps, buffer 0.001 nm, rlist 1.201 nm
At tolerance 0.005 kJ/mol/ps per atom, equivalent classical 1x1 list would be:
  outer list: updated every 100 steps, buffer 0.142 nm, rlist 1.342 nm
  inner list: updated every  34 steps, buffer 0.036 nm, rlist 1.236 nm

The average pressure is off by at most 0.14 bar due to missing LJ interactions

Using Geometric Lennard-Jones combination rule
Removing pbc first time

Linking all bonded interactions to atoms


++++ PLEASE READ AND CITE THE FOLLOWING REFERENCE ++++
S. Miyamoto, P. A. Kollman
SETTLE: An Analytical Version of the SHAKE and RATTLE Algorithms for Rigid
Water Models
J. Comp. Chem. (1992)
DOI: 10.1002/jcc.540130805
-------- -------- --- Thank You --- -------- --------


++++ PLEASE READ AND CITE THE FOLLOWING REFERENCE ++++
G. Bussi, D. Donadio, M. Parrinello
Canonical sampling through velocity rescaling
J. Chem. Phys. (2007)
DOI: 10.1063/1.2408420
-------- -------- --- Thank You --- -------- --------

There are: 49902 Atoms
There are: 16634 VSites

Atom distribution over 1 domains: av 66536 stddev 0 min 66536 max 66536

Constraining the starting coordinates (step 0)

Constraining the coordinates at t0-dt (step 0)
Center of mass motion removal mode is Linear
We have the following groups for center of mass motion removal:
  0:  rest
RMS relative constraint deviation after constraining: 0.00e+00
Initial temperature: 299.18 K

Started mdrun on rank 0 Mon Sep  7 15:10:27 2026

           Step           Time
              0        0.00000

   Energies (kJ/mol)
        LJ (SR)   Coulomb (SR)   Coul. recip.      Potential    Kinetic En.
    1.40891e+05   -9.32863e+05    2.05334e+03   -7.89918e+05    1.24235e+05
   Total Energy  Conserved En.    Temperature Pressure (bar)
   -6.65684e+05   -6.65684e+05    2.99436e+02    1.69022e+01

           Step           Time
            500        0.25000

   Energies (kJ/mol)
        LJ (SR)   Coulomb (SR)   Coul. recip.      Potential    Kinetic En.
    1.40216e+05   -9.32007e+05    2.17531e+03   -7.89615e+05    1.24081e+05
   Total Energy  Conserved En.    Temperature Pressure (bar)
   -6.65534e+05   -6.65672e+05    2.99065e+02   -6.76198e+01

           Step           Time
           1000        0.50000

   Energies (kJ/mol)
        LJ (SR)   Coulomb (SR)   Coul. recip.      Potential    Kinetic En.
    1.41948e+05   -9.33804e+05    2.08695e+03   -7.89769e+05    1.24028e+05
   Total Energy  Conserved En.    Temperature Pressure (bar)
   -6.65741e+05   -6.65661e+05    2.98939e+02    1.26649e+02

           Step           Time
           1500        0.75000

   Energies (kJ/mol)
        LJ (SR)   Coulomb (SR)   Coul. recip.      Potential    Kinetic En.
    1.39135e+05   -9.30923e+05    2.07085e+03   -7.89717e+05    1.24301e+05
   Total Energy  Conserved En.    Temperature Pressure (bar)
   -6.65416e+05   -6.65650e+05    2.99595e+02   -1.59258e+02

           Step           Time
           2000        1.00000

   Energies (kJ/mol)
        LJ (SR)   Coulomb (SR)   Coul. recip.      Potential    Kinetic En.
    1.42886e+05   -9.34992e+05    2.09871e+03   -7.90008e+05    1.24363e+05
   Total Energy  Conserved En.    Temperature Pressure (bar)
   -6.65644e+05   -6.65639e+05    2.99746e+02    1.85770e+02

           Step           Time
           2500        1.25000

   Energies (kJ/mol)
        LJ (SR)   Coulomb (SR)   Coul. recip.      Potential    Kinetic En.
    1.40775e+05   -9.33170e+05    2.08674e+03   -7.90308e+05    1.24263e+05
   Total Energy  Conserved En.    Temperature Pressure (bar)
   -6.66045e+05   -6.65627e+05    2.99504e+02   -3.14488e+01

           Step           Time
           3000        1.50000

   Energies (kJ/mol)
        LJ (SR)   Coulomb (SR)   Coul. recip.      Potential    Kinetic En.
    1.41010e+05   -9.33480e+05    2.10928e+03   -7.90361e+05    1.23904e+05
   Total Energy  Conserved En.    Temperature Pressure (bar)
   -6.66457e+05   -6.65616e+05    2.98638e+02   -2.81945e+01

           Step           Time
           3500        1.75000

   Energies (kJ/mol)
        LJ (SR)   Coulomb (SR)   Coul. recip.      Potential    Kinetic En.
    1.41852e+05   -9.33601e+05    2.12980e+03   -7.89619e+05    1.23191e+05
   Total Energy  Conserved En.    Temperature Pressure (bar)
   -6.66428e+05   -6.65603e+05    2.96921e+02    1.31124e+02

           Step           Time
           4000        2.00000

   Energies (kJ/mol)
        LJ (SR)   Coulomb (SR)   Coul. recip.      Potential    Kinetic En.
    1.40593e+05   -9.32983e+05    2.11785e+03   -7.90272e+05    1.23839e+05
   Total Energy  Conserved En.    Temperature Pressure (bar)
   -6.66434e+05   -6.65593e+05    2.98481e+02   -2.76091e+01

           Step           Time
           4500        2.25000

   Energies (kJ/mol)
        LJ (SR)   Coulomb (SR)   Coul. recip.      Potential    Kinetic En.
    1.40959e+05   -9.33508e+05    2.18476e+03   -7.90364e+05    1.24664e+05
   Total Energy  Conserved En.    Temperature Pressure (bar)
   -6.65701e+05   -6.65581e+05    3.00470e+02   -2.42628e+01

           Step           Time
           5000        2.50000

   Energies (kJ/mol)
        LJ (SR)   Coulomb (SR)   Coul. recip.      Potential    Kinetic En.
    1.40994e+05   -9.32458e+05    2.08589e+03   -7.89378e+05    1.24541e+05
   Total Energy  Conserved En.    Temperature Pressure (bar)
   -6.64837e+05   -6.65571e+05    3.00173e+02    2.15376e+01

           Step           Time
           5500        2.75000

   Energies (kJ/mol)
        LJ (SR)   Coulomb (SR)   Coul. recip.      Potential    Kinetic En.
    1.41944e+05   -9.34169e+05    2.14908e+03   -7.90076e+05    1.24878e+05
   Total Energy  Conserved En.    Temperature Pressure (bar)
   -6.65198e+05   -6.65560e+05    3.00986e+02    1.20122e+02

           Step           Time
           6000        3.00000

   Energies (kJ/mol)
        LJ (SR)   Coulomb (SR)   Coul. recip.      Potential    Kinetic En.
    1.40011e+05   -9.31555e+05    2.11366e+03   -7.89430e+05    1.23907e+05
   Total Energy  Conserved En.    Temperature Pressure (bar)
   -6.65523e+05   -6.65547e+05    2.98647e+02   -7.80333e+01

           Step           Time
           6500        3.25000

   Energies (kJ/mol)
        LJ (SR)   Coulomb (SR)   Coul. recip.      Potential    Kinetic En.
    1.42168e+05   -9.34130e+05    2.00061e+03   -7.89961e+05    1.24468e+05
   Total Energy  Conserved En.    Temperature Pressure (bar)
   -6.65493e+05   -6.65537e+05    2.99998e+02    1.16804e+02

           Step           Time
           7000        3.50000

   Energies (kJ/mol)
        LJ (SR)   Coulomb (SR)   Coul. recip.      Potential    Kinetic En.
    1.40300e+05   -9.31866e+05    2.12632e+03   -7.89440e+05    1.23730e+05
   Total Energy  Conserved En.    Temperature Pressure (bar)
   -6.65710e+05   -6.65526e+05    2.98219e+02   -5.84996e+01

           Step           Time
           7500        3.75000

   Energies (kJ/mol)
        LJ (SR)   Coulomb (SR)   Coul. recip.      Potential    Kinetic En.
    1.40170e+05   -9.31855e+05    2.13475e+03   -7.89550e+05    1.24183e+05
   Total Energy  Conserved En.    Temperature Pressure (bar)
   -6.65367e+05   -6.65515e+05    2.99312e+02   -6.26075e+01

           Step           Time
           8000        4.00000

   Energies (kJ/mol)
        LJ (SR)   Coulomb (SR)   Coul. recip.      Potential    Kinetic En.
    1.41909e+05   -9.33596e+05    2.10202e+03   -7.89585e+05    1.23619e+05
   Total Energy  Conserved En.    Temperature Pressure (bar)
   -6.65966e+05   -6.65504e+05    2.97952e+02    1.12957e+02

           Step           Time
           8500        4.25000

   Energies (kJ/mol)
        LJ (SR)   Coulomb (SR)   Coul. recip.      Potential    Kinetic En.
    1.42130e+05   -9.34893e+05    2.14406e+03   -7.90619e+05    1.24505e+05
   Total Energy  Conserved En.    Temperature Pressure (bar)
   -6.66114e+05   -6.65492e+05    3.00087e+02    8.52595e+01

           Step           Time
           9000        4.50000

   Energies (kJ/mol)
        LJ (SR)   Coulomb (SR)   Coul. recip.      Potential    Kinetic En.
    1.41933e+05   -9.34485e+05    2.12931e+03   -7.90423e+05    1.23925e+05
   Total Energy  Conserved En.    Temperature Pressure (bar)
   -6.66498e+05   -6.65481e+05    2.98690e+02    3.90654e+01

           Step           Time
           9500        4.75000

   Energies (kJ/mol)
        LJ (SR)   Coulomb (SR)   Coul. recip.      Potential    Kinetic En.
    1.40873e+05   -9.33058e+05    2.14647e+03   -7.90038e+05    1.24080e+05
   Total Energy  Conserved En.    Temperature Pressure (bar)
   -6.65959e+05   -6.65470e+05    2.99063e+02   -2.09152e+01

           Step           Time
          10000        5.00000

   Energies (kJ/mol)
        LJ (SR)   Coulomb (SR)   Coul. recip.      Potential    Kinetic En.
    1.41297e+05   -9.33416e+05    2.11672e+03   -7.90002e+05    1.23961e+05
   Total Energy  Conserved En.    Temperature Pressure (bar)
   -6.66041e+05   -6.65457e+05    2.98777e+02    2.39301e+01

           Step           Time
          10500        5.25000

   Energies (kJ/mol)
        LJ (SR)   Coulomb (SR)   Coul. recip.      Potential    Kinetic En.
    1.41167e+05   -9.32639e+05    2.11954e+03   -7.89353e+05    1.23454e+05
   Total Energy  Conserved En.    Temperature Pressure (bar)
   -6.65899e+05   -6.65447e+05    2.97554e+02    3.25296e+01

           Step           Time
          11000        5.50000

   Energies (kJ/mol)
        LJ (SR)   Coulomb (SR)   Coul. recip.      Potential    Kinetic En.
    1.41778e+05   -9.34570e+05    2.18685e+03   -7.90605e+05    1.25342e+05
   Total Energy  Conserved En.    Temperature Pressure (bar)
   -6.65263e+05   -6.65436e+05    3.02105e+02    7.23076e+01

           Step           Time
          11500        5.75000

   Energies (kJ/mol)
        LJ (SR)   Coulomb (SR)   Coul. recip.      Potential    Kinetic En.
    1.42171e+05   -9.33998e+05    2.11094e+03   -7.89716e+05    1.24463e+05
   Total Energy  Conserved En.    Temperature Pressure (bar)
   -6.65253e+05   -6.65425e+05    2.99986e+02    1.43522e+02

           Step           Time
          12000        6.00000

   Energies (kJ/mol)
        LJ (SR)   Coulomb (SR)   Coul. recip.      Potential    Kinetic En.
    1.42600e+05   -9.34261e+05    2.10608e+03   -7.89555e+05    1.24798e+05
   Total Energy  Conserved En.    Temperature Pressure (bar)
   -6.64757e+05   -6.65414e+05    3.00794e+02    1.77308e+02

           Step           Time
          12500        6.25000

   Energies (kJ/mol)
        LJ (SR)   Coulomb (SR)   Coul. recip.      Potential    Kinetic En.
    1.42050e+05   -9.32525e+05    2.15745e+03   -7.88317e+05    1.23971e+05
   Total Energy  Conserved En.    Temperature Pressure (bar)
   -6.64346e+05   -6.65403e+05    2.98801e+02    1.96837e+02

           Step           Time
          13000        6.50000

   Energies (kJ/mol)
        LJ (SR)   Coulomb (SR)   Coul. recip.      Potential    Kinetic En.
    1.41754e+05   -9.32551e+05    2.10888e+03   -7.88689e+05    1.24068e+05
   Total Energy  Conserved En.    Temperature Pressure (bar)
   -6.64620e+05   -6.65391e+05    2.99035e+02    1.34310e+02

           Step           Time
          13500        6.75000

   Energies (kJ/mol)
        LJ (SR)   Coulomb (SR)   Coul. recip.      Potential    Kinetic En.
    1.41409e+05   -9.32725e+05    2.11242e+03   -7.89204e+05    1.24657e+05
   Total Energy  Conserved En.    Temperature Pressure (bar)
   -6.64548e+05   -6.65381e+05    3.00453e+02    8.14326e+01

           Step           Time
          14000        7.00000

   Energies (kJ/mol)
        LJ (SR)   Coulomb (SR)   Coul. recip.      Potential    Kinetic En.
    1.40688e+05   -9.31755e+05    2.12600e+03   -7.88941e+05    1.24480e+05
   Total Energy  Conserved En.    Temperature Pressure (bar)
   -6.64461e+05   -6.65369e+05    3.00027e+02    2.21204e+01

           Step           Time
          14500        7.25000

   Energies (kJ/mol)
        LJ (SR)   Coulomb (SR)   Coul. recip.      Potential    Kinetic En.
    1.39457e+05   -9.30428e+05    2.14707e+03   -7.88824e+05    1.24508e+05
   Total Energy  Conserved En.    Temperature Pressure (bar)
   -6.64316e+05   -6.65358e+05    3.00094e+02   -1.01292e+02

           Step           Time
          15000        7.50000

   Energies (kJ/mol)
        LJ (SR)   Coulomb (SR)   Coul. recip.      Potential    Kinetic En.
    1.41118e+05   -9.31360e+05    2.09956e+03   -7.88142e+05    1.24093e+05
   Total Energy  Conserved En.    Temperature Pressure (bar)
   -6.64049e+05   -6.65348e+05    2.99095e+02    9.09808e+01

           Step           Time
          15500        7.75000

   Energies (kJ/mol)
        LJ (SR)   Coulomb (SR)   Coul. recip.      Potential    Kinetic En.
    1.40316e+05   -9.31289e+05    2.14846e+03   -7.88824e+05    1.24482e+05
   Total Energy  Conserved En.    Temperature Pressure (bar)
   -6.64343e+05   -6.65336e+05    3.00031e+02   -3.04808e+01

           Step           Time
          16000        8.00000

   Energies (kJ/mol)
        LJ (SR)   Coulomb (SR)   Coul. recip.      Potential    Kinetic En.
    1.41609e+05   -9.32759e+05    2.05204e+03   -7.89098e+05    1.24317e+05
   Total Energy  Conserved En.    Temperature Pressure (bar)
   -6.64780e+05   -6.65325e+05    2.99635e+02    9.18149e+01

           Step           Time
          16500        8.25000

   Energies (kJ/mol)
        LJ (SR)   Coulomb (SR)   Coul. recip.      Potential    Kinetic En.
    1.39350e+05   -9.30541e+05    2.08102e+03   -7.89110e+05    1.24139e+05
   Total Energy  Conserved En.    Temperature Pressure (bar)
   -6.64971e+05   -6.65314e+05    2.99206e+02   -1.49420e+02

           Step           Time
          17000        8.50000

   Energies (kJ/mol)
        LJ (SR)   Coulomb (SR)   Coul. recip.      Potential    Kinetic En.
    1.41216e+05   -9.33511e+05    2.13918e+03   -7.90156e+05    1.25142e+05
   Total Energy  Conserved En.    Temperature Pressure (bar)
   -6.65014e+05   -6.65303e+05    3.01623e+02    4.84914e+00

           Step           Time
          17500        8.75000

   Energies (kJ/mol)
        LJ (SR)   Coulomb (SR)   Coul. recip.      Potential    Kinetic En.
    1.40855e+05   -9.31206e+05    2.04677e+03   -7.88304e+05    1.23387e+05
   Total Energy  Conserved En.    Temperature Pressure (bar)
   -6.64917e+05   -6.65291e+05    2.97393e+02    7.16010e+01

           Step           Time
          18000        9.00000

   Energies (kJ/mol)
        LJ (SR)   Coulomb (SR)   Coul. recip.      Potential    Kinetic En.
    1.42364e+05   -9.33389e+05    2.09728e+03   -7.88928e+05    1.24392e+05
   Total Energy  Conserved En.    Temperature Pressure (bar)
   -6.64535e+05   -6.65280e+05    2.99816e+02    2.03911e+02

           Step           Time
          18500        9.25000

   Energies (kJ/mol)
        LJ (SR)   Coulomb (SR)   Coul. recip.      Potential    Kinetic En.
    1.41714e+05   -9.32062e+05    2.12511e+03   -7.88223e+05    1.23746e+05
   Total Energy  Conserved En.    Temperature Pressure (bar)
   -6.64477e+05   -6.65270e+05    2.98257e+02    1.49805e+02

           Step           Time
          19000        9.50000

   Energies (kJ/mol)
        LJ (SR)   Coulomb (SR)   Coul. recip.      Potential    Kinetic En.
    1.41117e+05   -9.32090e+05    2.10205e+03   -7.88871e+05    1.24829e+05
   Total Energy  Conserved En.    Temperature Pressure (bar)
   -6.64042e+05   -6.65260e+05    3.00868e+02    5.95244e+01

           Step           Time
          19500        9.75000

   Energies (kJ/mol)
        LJ (SR)   Coulomb (SR)   Coul. recip.      Potential    Kinetic En.
    1.41798e+05   -9.32206e+05    2.11142e+03   -7.88296e+05    1.24433e+05
   Total Energy  Conserved En.    Temperature Pressure (bar)
   -6.63863e+05   -6.65246e+05    2.99913e+02    1.39642e+02

           Step           Time
          20000       10.00000

   Energies (kJ/mol)
        LJ (SR)   Coulomb (SR)   Coul. recip.      Potential    Kinetic En.
    1.40863e+05   -9.32152e+05    2.17452e+03   -7.89115e+05    1.24778e+05
   Total Energy  Conserved En.    Temperature Pressure (bar)
   -6.64337e+05   -6.65236e+05    3.00744e+02    5.74274e+00

           Step           Time
          20500       10.25000

   Energies (kJ/mol)
        LJ (SR)   Coulomb (SR)   Coul. recip.      Potential    Kinetic En.
    1.41648e+05   -9.32464e+05    2.18295e+03   -7.88632e+05    1.24360e+05
   Total Energy  Conserved En.    Temperature Pressure (bar)
   -6.64273e+05   -6.65224e+05    2.99737e+02    1.15771e+02

           Step           Time
          21000       10.50000

   Energies (kJ/mol)
        LJ (SR)   Coulomb (SR)   Coul. recip.      Potential    Kinetic En.
    1.41539e+05   -9.31743e+05    2.12162e+03   -7.88082e+05    1.23781e+05
   Total Energy  Conserved En.    Temperature Pressure (bar)
   -6.64301e+05   -6.65212e+05    2.98342e+02    1.26095e+02

           Step           Time
          21500       10.75000

   Energies (kJ/mol)
        LJ (SR)   Coulomb (SR)   Coul. recip.      Potential    Kinetic En.
    1.41102e+05   -9.31428e+05    2.10958e+03   -7.88217e+05    1.24464e+05
   Total Energy  Conserved En.    Temperature Pressure (bar)
   -6.63753e+05   -6.65200e+05    2.99989e+02    6.79237e+01

           Step           Time
          22000       11.00000

   Energies (kJ/mol)
        LJ (SR)   Coulomb (SR)   Coul. recip.      Potential    Kinetic En.
    1.41145e+05   -9.32085e+05    2.05657e+03   -7.88884e+05    1.25357e+05
   Total Energy  Conserved En.    Temperature Pressure (bar)
   -6.63527e+05   -6.65189e+05    3.02140e+02    5.74200e+01

           Step           Time
          22500       11.25000

   Energies (kJ/mol)
        LJ (SR)   Coulomb (SR)   Coul. recip.      Potential    Kinetic En.
    1.41507e+05   -9.31478e+05    2.19344e+03   -7.87778e+05    1.24492e+05
   Total Energy  Conserved En.    Temperature Pressure (bar)
   -6.63286e+05   -6.65176e+05    3.00056e+02    1.41828e+02

           Step           Time
          23000       11.50000

   Energies (kJ/mol)
        LJ (SR)   Coulomb (SR)   Coul. recip.      Potential    Kinetic En.
    1.39358e+05   -9.29889e+05    2.04417e+03   -7.88487e+05    1.25410e+05
   Total Energy  Conserved En.    Temperature Pressure (bar)
   -6.63077e+05   -6.65167e+05    3.02267e+02   -1.03912e+02

           Step           Time
          23500       11.75000

   Energies (kJ/mol)
        LJ (SR)   Coulomb (SR)   Coul. recip.      Potential    Kinetic En.
    1.39109e+05   -9.28708e+05    2.08323e+03   -7.87515e+05    1.24622e+05
   Total Energy  Conserved En.    Temperature Pressure (bar)
   -6.62893e+05   -6.65156e+05    3.00371e+02   -8.86225e+01

           Step           Time
          24000       12.00000

   Energies (kJ/mol)
        LJ (SR)   Coulomb (SR)   Coul. recip.      Potential    Kinetic En.
    1.39988e+05   -9.29408e+05    2.12761e+03   -7.87292e+05    1.24338e+05
   Total Energy  Conserved En.    Temperature Pressure (bar)
   -6.62954e+05   -6.65145e+05    2.99684e+02    1.81950e+01

           Step           Time
          24500       12.25000

   Energies (kJ/mol)
        LJ (SR)   Coulomb (SR)   Coul. recip.      Potential    Kinetic En.
    1.41165e+05   -9.31345e+05    2.14685e+03   -7.88033e+05    1.25542e+05
   Total Energy  Conserved En.    Temperature Pressure (bar)
   -6.62491e+05   -6.65134e+05    3.02586e+02    1.12087e+02

           Step           Time
          25000       12.50000

   Energies (kJ/mol)
        LJ (SR)   Coulomb (SR)   Coul. recip.      Potential    Kinetic En.
    1.41676e+05   -9.32604e+05    2.16651e+03   -7.88761e+05    1.25626e+05
   Total Energy  Conserved En.    Temperature Pressure (bar)
   -6.63135e+05   -6.65121e+05    3.02790e+02    1.35854e+02

           Step           Time
          25500       12.75000

   Energies (kJ/mol)
        LJ (SR)   Coulomb (SR)   Coul. recip.      Potential    Kinetic En.
    1.41135e+05   -9.31787e+05    2.17789e+03   -7.88474e+05    1.25256e+05
   Total Energy  Conserved En.    Temperature Pressure (bar)
   -6.63218e+05   -6.65110e+05    3.01898e+02    8.31245e+01

           Step           Time
          26000       13.00000

   Energies (kJ/mol)
        LJ (SR)   Coulomb (SR)   Coul. recip.      Potential    Kinetic En.
    1.38949e+05   -9.28533e+05    2.23057e+03   -7.87353e+05    1.24218e+05
   Total Energy  Conserved En.    Temperature Pressure (bar)
   -6.63135e+05   -6.65098e+05    2.99396e+02   -8.81845e+01

           Step           Time
          26500       13.25000

   Energies (kJ/mol)
        LJ (SR)   Coulomb (SR)   Coul. recip.      Potential    Kinetic En.
    1.40127e+05   -9.30228e+05    2.04697e+03   -7.88054e+05    1.24987e+05
   Total Energy  Conserved En.    Temperature Pressure (bar)
   -6.63067e+05   -6.65087e+05    3.01250e+02    1.30950e+01

           Step           Time
          27000       13.50000

   Energies (kJ/mol)
        LJ (SR)   Coulomb (SR)   Coul. recip.      Potential    Kinetic En.
    1.40887e+05   -9.30478e+05    2.17650e+03   -7.87414e+05    1.24091e+05
   Total Energy  Conserved En.    Temperature Pressure (bar)
   -6.63323e+05   -6.65076e+05    2.99090e+02    9.94415e+01

           Step           Time
          27500       13.75000

   Energies (kJ/mol)
        LJ (SR)   Coulomb (SR)   Coul. recip.      Potential    Kinetic En.
    1.41321e+05   -9.31558e+05    2.09860e+03   -7.88139e+05    1.24616e+05
   Total Energy  Conserved En.    Temperature Pressure (bar)
   -6.63522e+05   -6.65065e+05    3.00355e+02    1.31130e+02

           Step           Time
          28000       14.00000

   Energies (kJ/mol)
        LJ (SR)   Coulomb (SR)   Coul. recip.      Potential    Kinetic En.
    1.40963e+05   -9.31426e+05    2.12094e+03   -7.88342e+05    1.24836e+05
   Total Energy  Conserved En.    Temperature Pressure (bar)
   -6.63506e+05   -6.65054e+05    3.00885e+02    9.91319e+01

           Step           Time
          28500       14.25000

   Energies (kJ/mol)
        LJ (SR)   Coulomb (SR)   Coul. recip.      Potential    Kinetic En.
    1.39567e+05   -9.29552e+05    2.13378e+03   -7.87851e+05    1.24160e+05
   Total Energy  Conserved En.    Temperature Pressure (bar)
   -6.63691e+05   -6.65043e+05    2.99256e+02   -7.16003e+01

           Step           Time
          29000       14.50000

   Energies (kJ/mol)
        LJ (SR)   Coulomb (SR)   Coul. recip.      Potential    Kinetic En.
    1.40021e+05   -9.29631e+05    2.17091e+03   -7.87439e+05    1.24020e+05
   Total Energy  Conserved En.    Temperature Pressure (bar)
   -6.63419e+05   -6.65031e+05    2.98918e+02    3.16936e+01

           Step           Time
          29500       14.75000

   Energies (kJ/mol)
        LJ (SR)   Coulomb (SR)   Coul. recip.      Potential    Kinetic En.
    1.39369e+05   -9.29501e+05    2.12123e+03   -7.88012e+05    1.24445e+05
   Total Energy  Conserved En.    Temperature Pressure (bar)
   -6.63566e+05   -6.65020e+05    2.99943e+02   -7.75981e+01

           Step           Time
          30000       15.00000

   Energies (kJ/mol)
        LJ (SR)   Coulomb (SR)   Coul. recip.      Potential    Kinetic En.
    1.40764e+05   -9.31017e+05    2.15804e+03   -7.88095e+05    1.24735e+05
   Total Energy  Conserved En.    Temperature Pressure (bar)
   -6.63359e+05   -6.65008e+05    3.00643e+02    6.24565e+01

           Step           Time
          30500       15.25000

   Energies (kJ/mol)
        LJ (SR)   Coulomb (SR)   Coul. recip.      Potential    Kinetic En.
    1.39794e+05   -9.30067e+05    2.22084e+03   -7.88053e+05    1.24402e+05
   Total Energy  Conserved En.    Temperature Pressure (bar)
   -6.63651e+05   -6.64997e+05    2.99840e+02   -5.79971e+01

           Step           Time
          31000       15.50000

   Energies (kJ/mol)
        LJ (SR)   Coulomb (SR)   Coul. recip.      Potential    Kinetic En.
    1.39542e+05   -9.30091e+05    2.13872e+03   -7.88410e+05    1.24854e+05
   Total Energy  Conserved En.    Temperature Pressure (bar)
   -6.63556e+05   -6.64986e+05    3.00928e+02   -4.98032e+01

           Step           Time
          31500       15.75000

   Energies (kJ/mol)
        LJ (SR)   Coulomb (SR)   Coul. recip.      Potential    Kinetic En.
    1.41608e+05   -9.32161e+05    2.07328e+03   -7.88480e+05    1.24711e+05
   Total Energy  Conserved En.    Temperature Pressure (bar)
   -6.63769e+05   -6.64974e+05    3.00583e+02    1.58117e+02

           Step           Time
          32000       16.00000

   Energies (kJ/mol)
        LJ (SR)   Coulomb (SR)   Coul. recip.      Potential    Kinetic En.
    1.41218e+05   -9.32173e+05    2.15241e+03   -7.88803e+05    1.24979e+05
   Total Energy  Conserved En.    Temperature Pressure (bar)
   -6.63823e+05   -6.64963e+05    3.01231e+02    6.00963e+01

           Step           Time
          32500       16.25000

   Energies (kJ/mol)
        LJ (SR)   Coulomb (SR)   Coul. recip.      Potential    Kinetic En.
    1.41614e+05   -9.33254e+05    2.13242e+03   -7.89507e+05    1.25445e+05
   Total Energy  Conserved En.    Temperature Pressure (bar)
   -6.64062e+05   -6.64952e+05    3.02353e+02    7.77957e+01

           Step           Time
          33000       16.50000

   Energies (kJ/mol)
        LJ (SR)   Coulomb (SR)   Coul. recip.      Potential    Kinetic En.
    1.40946e+05   -9.32391e+05    2.06268e+03   -7.89382e+05    1.24970e+05
   Total Energy  Conserved En.    Temperature Pressure (bar)
   -6.64411e+05   -6.64942e+05    3.01209e+02    1.22946e+01

           Step           Time
          33500       16.75000

   Energies (kJ/mol)
        LJ (SR)   Coulomb (SR)   Coul. recip.      Potential    Kinetic En.
    1.41877e+05   -9.33752e+05    2.18152e+03   -7.89694e+05    1.25924e+05
   Total Energy  Conserved En.    Temperature Pressure (bar)
   -6.63769e+05   -6.64930e+05    3.03509e+02    1.22084e+02

           Step           Time
          34000       17.00000

   Energies (kJ/mol)
        LJ (SR)   Coulomb (SR)   Coul. recip.      Potential    Kinetic En.
    1.41178e+05   -9.31627e+05    2.16650e+03   -7.88282e+05    1.24955e+05
   Total Energy  Conserved En.    Temperature Pressure (bar)
   -6.63327e+05   -6.64918e+05    3.01173e+02    9.12174e+01

           Step           Time
          34500       17.25000

   Energies (kJ/mol)
        LJ (SR)   Coulomb (SR)   Coul. recip.      Potential    Kinetic En.
    1.41217e+05   -9.31961e+05    2.17895e+03   -7.88565e+05    1.24993e+05
   Total Energy  Conserved En.    Temperature Pressure (bar)
   -6.63572e+05   -6.64906e+05    3.01264e+02    8.86978e+01

           Step           Time
          35000       17.50000

   Energies (kJ/mol)
        LJ (SR)   Coulomb (SR)   Coul. recip.      Potential    Kinetic En.
    1.41475e+05   -9.32098e+05    2.13444e+03   -7.88489e+05    1.24668e+05
   Total Energy  Conserved En.    Temperature Pressure (bar)
   -6.63821e+05   -6.64896e+05    3.00479e+02    1.28822e+02

           Step           Time
          35500       17.75000

   Energies (kJ/mol)
        LJ (SR)   Coulomb (SR)   Coul. recip.      Potential    Kinetic En.
    1.41269e+05   -9.32702e+05    2.14623e+03   -7.89287e+05    1.25574e+05
   Total Energy  Conserved En.    Temperature Pressure (bar)
   -6.63713e+05   -6.64885e+05    3.02663e+02    1.10017e+02

           Step           Time
          36000       18.00000

   Energies (kJ/mol)
        LJ (SR)   Coulomb (SR)   Coul. recip.      Potential    Kinetic En.
    1.41327e+05   -9.31910e+05    2.16253e+03   -7.88421e+05    1.25012e+05
   Total Energy  Conserved En.    Temperature Pressure (bar)
   -6.63408e+05   -6.64872e+05    3.01310e+02    1.17178e+02

           Step           Time
          36500       18.25000

   Energies (kJ/mol)
        LJ (SR)   Coulomb (SR)   Coul. recip.      Potential    Kinetic En.
    1.39421e+05   -9.29707e+05    2.13162e+03   -7.88154e+05    1.24575e+05
   Total Energy  Conserved En.    Temperature Pressure (bar)
   -6.63580e+05   -6.64862e+05    3.00255e+02   -1.08598e+02

           Step           Time
          37000       18.50000

   Energies (kJ/mol)
        LJ (SR)   Coulomb (SR)   Coul. recip.      Potential    Kinetic En.
    1.39605e+05   -9.30358e+05    2.12377e+03   -7.88629e+05    1.25523e+05
   Total Energy  Conserved En.    Temperature Pressure (bar)
   -6.63106e+05   -6.64850e+05    3.02541e+02   -6.72985e+01

           Step           Time
          37500       18.75000

   Energies (kJ/mol)
        LJ (SR)   Coulomb (SR)   Coul. recip.      Potential    Kinetic En.
    1.38854e+05   -9.28167e+05    2.21240e+03   -7.87101e+05    1.23982e+05
   Total Energy  Conserved En.    Temperature Pressure (bar)
   -6.63119e+05   -6.64839e+05    2.98827e+02   -1.19241e+02

           Step           Time
          38000       19.00000

   Energies (kJ/mol)
        LJ (SR)   Coulomb (SR)   Coul. recip.      Potential    Kinetic En.
    1.39511e+05   -9.29840e+05    2.13228e+03   -7.88197e+05    1.24828e+05
   Total Energy  Conserved En.    Temperature Pressure (bar)
   -6.63368e+05   -6.64827e+05    3.00867e+02   -2.33457e+01

           Step           Time
          38500       19.25000

   Energies (kJ/mol)
        LJ (SR)   Coulomb (SR)   Coul. recip.      Potential    Kinetic En.
    1.40278e+05   -9.31238e+05    2.10269e+03   -7.88857e+05    1.25160e+05
   Total Energy  Conserved En.    Temperature Pressure (bar)
   -6.63697e+05   -6.64815e+05    3.01666e+02   -3.16024e+01

           Step           Time
          39000       19.50000

   Energies (kJ/mol)
        LJ (SR)   Coulomb (SR)   Coul. recip.      Potential    Kinetic En.
    1.40945e+05   -9.32223e+05    2.10993e+03   -7.89168e+05    1.25171e+05
   Total Energy  Conserved En.    Temperature Pressure (bar)
   -6.63997e+05   -6.64804e+05    3.01693e+02    6.54290e+01

           Step           Time
          39500       19.75000

   Energies (kJ/mol)
        LJ (SR)   Coulomb (SR)   Coul. recip.      Potential    Kinetic En.
    1.40039e+05   -9.31014e+05    2.14783e+03   -7.88827e+05    1.24581e+05
   Total Energy  Conserved En.    Temperature Pressure (bar)
   -6.64246e+05   -6.64793e+05    3.00270e+02   -4.67763e+01

           Step           Time
          40000       20.00000

Writing checkpoint, step 40000 at Mon Sep  7 15:22:13 2026


   Energies (kJ/mol)
        LJ (SR)   Coulomb (SR)   Coul. recip.      Potential    Kinetic En.
    1.40769e+05   -9.31171e+05    2.12296e+03   -7.88279e+05    1.24461e+05
   Total Energy  Conserved En.    Temperature Pressure (bar)
   -6.63818e+05   -6.64782e+05    2.99982e+02    6.33414e+01


Energy conservation over simulation part #1 of length 20 ps, time 0 to 20 ps
  Conserved energy drift: 6.78e-04 kJ/mol/ps per atom


	<======  ###############  ==>
	<====  A V E R A G E S  ====>
	<==  ###############  ======>

	Statistics over 40001 steps using 401 frames

   Energies (kJ/mol)
        LJ (SR)   Coulomb (SR)   Coul. recip.      Potential    Kinetic En.
    1.40883e+05   -9.31910e+05    2.12301e+03   -7.88904e+05    1.24525e+05
   Total Energy  Conserved En.    Temperature Pressure (bar)
   -6.64379e+05   -6.65234e+05    3.00135e+02    3.98804e+01

   Total Virial (kJ/mol)
    4.07557e+04    6.38145e+01    1.33787e+02
    5.67590e+01    4.09760e+04   -1.23336e+02
    1.25001e+02   -1.18841e+02    4.09862e+04

   Pressure (bar)
    4.76090e+01   -3.61018e+00   -9.69246e+00
   -3.14299e+00    3.66694e+01    6.76221e+00
   -9.11069e+00    6.46461e+00    3.53629e+01


	M E G A - F L O P S   A C C O U N T I N G

 NB=Group-cutoff nonbonded kernels    NxN=N-by-N cluster Verlet kernels
 RF=Reaction-Field  VdW=Van der Waals  QSTab=quadratic-spline table
 W3=SPC/TIP3p  W4=TIP4p (single or pairs)
 V&F=Potential and force  V=Potential only  F=Force only

 Computing:                               M-Number         M-Flops  % Flops
-----------------------------------------------------------------------------
 Pair Search distance check           14723.016742      132507.151     0.1
 NxN Ewald Elec. + LJ [F]           1120033.900656    73922237.443    49.2
 NxN Ewald Elec. + LJ [V&F]           11341.698992     1213561.792     0.8
 NxN Ewald Elec. [F]                1119623.068080    68297007.153    45.4
 NxN Ewald Elec. [V&F]                11337.535888      952353.015     0.6
 Calc Weights                          7984.519608      287442.706     0.2
 Spread Q Bspline                    170336.418304      340672.837     0.2
 Gather F Bspline                    170336.418304     1022018.510     0.7
 3D-FFT                              440452.931048     3523623.448     2.3
 Solve PME                             6192.154800      396297.907     0.3
 Reset In Box                            26.680936          80.043     0.0
 CG-CoM                                  26.747472          80.242     0.0
 Virial                                  26.698981         480.582     0.0
 Stop-CM                                 26.747472         267.475     0.0
 Calc-Ekin                               53.361872        1440.771     0.0
 Constraint-V                          1996.179804       17965.618     0.0
 Constraint-Vir                          20.010702         480.257     0.0
 Settle                                 665.409902      246201.664     0.2
 Virtual Site 3                         672.046868       24865.734     0.0
-----------------------------------------------------------------------------
 Total                                               150379584.347   100.0
-----------------------------------------------------------------------------


    D O M A I N   D E C O M P O S I T I O N   S T A T I S T I C S

 av. #atoms communicated per step for force:  2 x 0.0


      R E A L   C Y C L E   A N D   T I M E   A C C O U N T I N G

On 1 MPI rank, each using 12 OpenMP threads

 Activity:              Num   Num      Call    Wall time         Giga-Cycles
                        Ranks Threads  Count      (s)         total sum    %
--------------------------------------------------------------------------------
 Domain decomp.            1   12        401       1.974         61.404   0.3
 Vsite constr.             1   12      40001       1.902         59.160   0.3
 Neighbor search           1   12        401       7.866        244.677   1.1
 Force                     1   12      40001     554.865      17258.318  78.6
 PME mesh                  1   12      40001     114.534       3562.411  16.2
 NB X/F buffer ops.        1   12      80002       9.808        305.064   1.4
 Vsite spread              1   12      40402       2.960         92.055   0.4
 Write traj.               1   12         41       0.424         13.172   0.1
 Update                    1   12      40001       7.151        222.407   1.0
 Constraints               1   12      40003       3.971        123.516   0.6
 Kinetic energy            1   12        801       0.104          3.233   0.0
 Rest                                              0.683         21.258   0.1
--------------------------------------------------------------------------------
 Total                                           706.241      21966.676 100.0
--------------------------------------------------------------------------------
 Breakdown of PME mesh activities
--------------------------------------------------------------------------------
 PME spread                1   12      40001      46.380       1442.583   6.6
 PME gather                1   12      40001      28.812        896.151   4.1
 PME 3D-FFT                1   12      80002      36.506       1135.470   5.2
 PME solve Elec            1   12      40001       2.666         82.918   0.4
--------------------------------------------------------------------------------

               Core t (s)   Wall t (s)        (%)
       Time:     8474.891      706.241     1200.0
                 (ns/day)    (hour/ns)
Performance:        2.447        9.809
Finished mdrun on rank 0 Mon Sep  7 15:22:14 2026

