                      :-) GROMACS - gmx mdrun, 2025.4 (-:

Copyright 1991-2025 The GROMACS Authors.
GROMACS is free software; you can redistribute it and/or modify it
under the terms of the GNU Lesser General Public License
as published by the Free Software Foundation; either version 2.1
of the License, or (at your option) any later version.

                         Current GROMACS contributors:
       Mark Abraham           Andrey Alekseenko           Brian Andrews       
      Vladimir Basov              Paul Bauer                Hugh Bird         
      Eliane Briand               Ania Brown              Mahesh Doijade      
      Giacomo Fiorin          Stefan Fleischmann          Sergey Gorelov      
   Gilles Gouaillardet            Alan Gray              M. Eric Irrgang      
   Farzaneh Jalalypour         Petter Johansson          Carsten Kutzner      
    Grzegorz Łazarski         Justin A. Lemkul          Magnus Lundborg      
       Pascal Merz             Vedran Miletić            Dmitry Morozov      
     Lukas Müllender            Julien Nabet             Szilárd Páll      
 Andrea Pasquadibisceglie     Michele Pellegrino         Nicola Piasentin     
     Daniele Rapetti         Muhammad Umair Sadiq         Hubert Santuz       
      Roland Schulz             Michael Shirts           Tatiana Shugaeva     
     Alexey Shvetsov            Philip Turner            Alessandra Villa     
 Sebastian Wingbermühle  

                         Previous GROMACS contributors:
        Emile Apol             Rossen Apostolov           James Barnett       
  Herman J.C. Berendsen         Cathrine Bergh             Par Bjelkmar       
      Christian Blau          Viacheslav Bolnykh            Kevin Boyd        
    Aldert van Buuren          Carlo Camilloni           Rudi van Drunen      
      Anton Feenstra           Oliver Fleetwood            Vytas Gapsys       
       Gaurav Garg             Gerrit Groenhof            Bert de Groot       
      Anca Hamuraru           Vincent Hindriksen          Victor Holanda      
     Aleksei Iupinov              Joe Jordan            Christoph Junghans    
    Prashanth Kanduri        Dimitrios Karkoulis           Peter Kasson       
      Sebastian Kehl           Sebastian Keller             Jiri Kraus        
       Per Larsson              Viveca Lindahl            Erik Marklund       
    Pieter Meulenhoff           Teemu Murtola              Sander Pronk       
      Alfons Sijbers            Balint Soproni         David van der Spoel    
      Peter Tieleman            Carsten Uphoff             Jon Vincent        
     Teemu Virolainen         Christian Wennberg           Maarten Wolf       
      Artem Zhmurov       

                  Coordinated by the GROMACS project leaders:
                           Berk Hess and Erik Lindahl

GROMACS:      gmx mdrun, version 2025.4
Executable:   /usr/local/gromacs/bin/gmx
Data prefix:  /usr/local/gromacs
Working dir:  /Users/alejandro/projects/Multiscale-Simulation-Project/Microtubule_Inspired_Phase0/runs/phase1A/day021_mobile_restraint_protocol/execution/06_nvt_unrestrained_10ps
Process ID:   53678
Command line:
  gmx mdrun -deffnm 06_nvt_unrestrained_10ps

GROMACS version:     2025.4
Precision:           mixed
Memory model:        64 bit
MPI library:         thread_mpi
OpenMP support:      enabled (GMX_OPENMP_MAX_THREADS = 128)
GPU support:         disabled
SIMD instructions:   AVX2_256
CPU FFT library:     fftw-3.3.10-sse2
GPU FFT library:     none
Multi-GPU FFT:       none
RDTSCP usage:        enabled
TNG support:         enabled
Hwloc support:       disabled
Tracing support:     disabled
C compiler:          /usr/bin/gcc AppleClang 14.0.0.14000029
C compiler flags:    -mavx2 -mfma -Wno-missing-field-initializers -fno-stack-check -O3 -DNDEBUG
C++ compiler:        /usr/bin/g++ AppleClang 14.0.0.14000029
C++ compiler flags:  -mavx2 -mfma -Wno-reserved-identifier -Wno-missing-field-initializers -fno-stack-check -Weverything -Wno-c++98-compat -Wno-c++98-compat-pedantic -Wno-source-uses-openmp -Wno-c++17-extensions -Wno-documentation-unknown-command -Wno-covered-switch-default -Wno-switch-enum -Wno-switch-default -Wno-extra-semi-stmt -Wno-weak-vtables -Wno-shadow -Wno-padded -Wno-reserved-id-macro -Wno-double-promotion -Wno-exit-time-destructors -Wno-global-constructors -Wno-documentation -Wno-format-nonliteral -Wno-used-but-marked-unused -Wno-float-equal -Wno-conditional-uninitialized -Wno-conversion -Wno-disabled-macro-expansion -Wno-unused-macros SHELL:-Xpreprocessor -fopenmp -I/usr/local/opt/libomp/include -O3 -DNDEBUG
BLAS library:        External - detected on the system
LAPACK library:      External - detected on the system


Running on 1 node with total 0 processing units
Hardware detected on host Alejandros-MacBook-Pro-2.local:
  CPU info:
    Vendor: Intel
    Brand:  Intel(R) Core(TM) i7-9750H CPU @ 2.60GHz
    Family: 6   Model: 158   Stepping: 10
    Features: aes apic avx avx2 clfsh cmov cx8 cx16 f16c fma htt intel lahf mmx msr nonstop_tsc pcid pclmuldq pdcm pdpe1gb popcnt pse rdrnd rdtscp sse2 sse3 sse4.1 sse4.2 ssse3 tdt x2apic
  Hardware topology: Only logical processor count
    CPU limit set by OS: -1   Recommended max number of threads: 12


++++ PLEASE READ AND CITE THE FOLLOWING REFERENCE ++++
M. J. Abraham, T. Murtola, R. Schulz, S. Páll, J. C. Smith, B. Hess, E.
Lindahl
GROMACS: High performance molecular simulations through multi-level
parallelism from laptops to supercomputers
SoftwareX (2015)
DOI: 10.1016/j.softx.2015.06.001
-------- -------- --- Thank You --- -------- --------


++++ PLEASE READ AND CITE THE FOLLOWING REFERENCE ++++
S. Páll, M. J. Abraham, C. Kutzner, B. Hess, E. Lindahl
Tackling Exascale Software Challenges in Molecular Dynamics Simulations with
GROMACS
In S. Markidis & E. Laure (Eds.), Solving Software Challenges for Exascale (2015)
DOI: 10.1007/978-3-319-15976-8_1
-------- -------- --- Thank You --- -------- --------


++++ PLEASE READ AND CITE THE FOLLOWING REFERENCE ++++
S. Pronk, S. Páll, R. Schulz, P. Larsson, P. Bjelkmar, R. Apostolov, M. R.
Shirts, J. C. Smith, P. M. Kasson, D. van der Spoel, B. Hess, E. Lindahl
GROMACS 4.5: a high-throughput and highly parallel open source molecular
simulation toolkit
Bioinformatics (2013)
DOI: 10.1093/bioinformatics/btt055
-------- -------- --- Thank You --- -------- --------


++++ PLEASE READ AND CITE THE FOLLOWING REFERENCE ++++
B. Hess, C. Kutzner, D. van der Spoel, E. Lindahl
GROMACS 4: Algorithms for highly efficient, load-balanced, and scalable
molecular simulation
J. Chem. Theory Comput. (2008)
DOI: 10.1021/ct700301q
-------- -------- --- Thank You --- -------- --------


++++ PLEASE READ AND CITE THE FOLLOWING REFERENCE ++++
D. van der Spoel, E. Lindahl, B. Hess, G. Groenhof, A. E. Mark, H. J. C.
Berendsen
GROMACS: Fast, Flexible and Free
J. Comp. Chem. (2005)
DOI: 10.1002/jcc.20291
-------- -------- --- Thank You --- -------- --------


++++ PLEASE READ AND CITE THE FOLLOWING REFERENCE ++++
E. Lindahl, B. Hess, D. van der Spoel
GROMACS 3.0: A package for molecular simulation and trajectory analysis
J. Mol. Mod. (2001)
DOI: 10.1007/s008940100045
-------- -------- --- Thank You --- -------- --------


++++ PLEASE READ AND CITE THE FOLLOWING REFERENCE ++++
H. J. C. Berendsen, D. van der Spoel and R. van Drunen
GROMACS: A message-passing parallel molecular dynamics implementation
Comp. Phys. Comm. (1995)
DOI: 10.1016/0010-4655(95)00042-E
-------- -------- --- Thank You --- -------- --------


++++ PLEASE CITE THE DOI FOR THIS VERSION OF GROMACS ++++
https://doi.org/10.5281/zenodo.17671793
-------- -------- --- Thank You --- -------- --------

Input Parameters:
   integrator                     = md
   tinit                          = 0
   dt                             = 0.0005
   nsteps                         = 20000
   init-step                      = 0
   simulation-part                = 1
   mts                            = false
   mass-repartition-factor        = 1
   comm-mode                      = Linear
   nstcomm                        = 100
   bd-fric                        = 0
   ld-seed                        = 1073197822
   emtol                          = 10
   emstep                         = 0.01
   niter                          = 20
   fcstep                         = 0
   nstcgsteep                     = 1000
   nbfgscorr                      = 10
   rtpi                           = 0.05
   nstxout                        = 0
   nstvout                        = 0
   nstfout                        = 0
   nstlog                         = 200
   nstcalcenergy                  = 100
   nstenergy                      = 200
   nstxout-compressed             = 200
   compressed-x-precision         = 1000
   cutoff-scheme                  = Verlet
   nstlist                        = 20
   pbc                            = xyz
   periodic-molecules             = false
   verlet-buffer-tolerance        = 0.005
   verlet-buffer-pressure-tolerance = 0.5
   rlist                          = 1.2
   coulombtype                    = PME
   coulomb-modifier               = Potential-shift
   rcoulomb-switch                = 0
   rcoulomb                       = 1.2
   epsilon-r                      = 1
   epsilon-rf                     = inf
   vdw-type                       = Cut-off
   vdw-modifier                   = Potential-shift
   rvdw-switch                    = 0
   rvdw                           = 1.2
   DispCorr                       = No
   table-extension                = 1
   fourierspacing                 = 0.12
   fourier-nx                     = 64
   fourier-ny                     = 64
   fourier-nz                     = 84
   pme-order                      = 4
   ewald-rtol                     = 1e-05
   ewald-rtol-lj                  = 0.001
   lj-pme-comb-rule               = Geometric
   ewald-geometry                 = 3d
   epsilon-surface                = 0
   ensemble-temperature-setting   = constant
   ensemble-temperature           = 300
   tcoupl                         = V-rescale
   nsttcouple                     = 100
   nh-chain-length                = 0
   print-nose-hoover-chain-variables = false
   pcoupl                         = No
   refcoord-scaling               = No
   posres-com: not available
   posres-comB: not available
   QMMM                           = false
qm-opts:
   ngQM                           = 0
   constraint-algorithm           = Lincs
   continuation                   = true
   Shake-SOR                      = false
   shake-tol                      = 0.0001
   lincs-order                    = 4
   lincs-iter                     = 1
   lincs-warnangle                = 30
   nwall                          = 0
   wall-type                      = 9-3
   wall-r-linpot                  = -1
   wall-atomtype[0]               = -1
   wall-atomtype[1]               = -1
   wall-density[0]                = 0
   wall-density[1]                = 0
   wall-ewald-zfac                = 3
   pull                           = false
   awh                            = false
   rotation                       = false
   interactiveMD                  = false
   disre                          = No
   disre-weighting                = Conservative
   disre-mixed                    = false
   dr-fc                          = 1000
   dr-tau                         = 0
   nstdisreout                    = 100
   orire-fc                       = 0
   orire-tau                      = 0
   nstorireout                    = 100
   free-energy                    = no
   cos-acceleration               = 0
   deform (3x3):
      deform[    0]={ 0.00000e+00,  0.00000e+00,  0.00000e+00}
      deform[    1]={ 0.00000e+00,  0.00000e+00,  0.00000e+00}
      deform[    2]={ 0.00000e+00,  0.00000e+00,  0.00000e+00}
   simulated-tempering            = false
   swapcoords                     = no
   userint1                       = 0
   userint2                       = 0
   userint3                       = 0
   userint4                       = 0
   userreal1                      = 0
   userreal2                      = 0
   userreal3                      = 0
   userreal4                      = 0
   applied-forces:
     electric-field:
       x:
         E0                       = 0
         omega                    = 0
         t0                       = 0
         sigma                    = 0
       y:
         E0                       = 0
         omega                    = 0
         t0                       = 0
         sigma                    = 0
       z:
         E0                       = 0
         omega                    = 0
         t0                       = 0
         sigma                    = 0
     density-guided-simulation:
       active                     = false
       group                      = protein
       similarity-measure         = inner-product
       atom-spreading-weight      = unity
       force-constant             = 1e+09
       gaussian-transform-spreading-width = 0.2
       gaussian-transform-spreading-range-in-multiples-of-width = 4
       reference-density-filename = reference.mrc
       nst                        = 1
       normalize-densities        = true
       adaptive-force-scaling     = false
       adaptive-force-scaling-time-constant = 4
       shift-vector               = 
       transformation-matrix      = 
     qmmm-cp2k:
       active                     = false
       qmgroup                    = System
       qmmethod                   = PBE
       qmfilenames                = 
       qmcharge                   = 0
       qmmultiplicity             = 1
     colvars:
       active                     = false
       configfile                 = 
       seed                       = -1
     nnpot:
       active                     = false
       modelfile                  = model.pt
       input-group                = System
       model-input1               = 
       model-input2               = 
       model-input3               = 
       model-input4               = 
grpopts:
   nrdf:      105153
   ref-t:         300
   tau-t:           1
annealing:          No
annealing-npoints:           0
   acc:	           0           0           0
   nfreeze:           N           N           N
   energygrp-flags[  0]: 0

Changing nstlist from 20 to 100, rlist from 1.2 to 1.253


Initializing Domain Decomposition on 1 ranks
Dynamic load balancing: auto
Using update groups, nr 18418, average size 3.7 atoms, max. radius 0.078 nm
Minimum cell size due to atom displacement: 0.446 nm
Initial maximum distances in bonded interactions:
    two-body bonded interactions: 0.383 nm, LJ-14, atoms 1709 1718
  multi-body bonded interactions: 0.383 nm, Proper Dih., atoms 1709 1718
Minimum cell size due to bonded interactions: 0.422 nm
Using 0 separate PME ranks because: there are too few total ranks for efficient splitting
Optimizing the DD grid for 1 cells with a minimum initial size of 0.446 nm
The maximum allowed number of cells is: X 16 Y 16 Z 22
Domain decomposition grid 1 x 1 x 1, separate PME ranks 0
PME domain decomposition: 1 x 1 x 1

The initial number of communication pulses is:
The initial domain decomposition cell size is:

The maximum allowed distance for atom groups involved in interactions is:
                 non-bonded interactions           1.409 nm
            two-body bonded interactions  (-rdd)   1.409 nm
          multi-body bonded interactions  (-rdd)   1.409 nm

When dynamic load balancing gets turned on, these settings will change to:
The maximum number of communication pulses is:
The minimum size for domain decomposition cells is 1.409 nm
The requested allowed shrink of DD cells (option -dds) is: 0.80
The allowed shrink of domain decomposition cells is:
The maximum allowed distance for atom groups involved in interactions is:
                 non-bonded interactions           1.409 nm
            two-body bonded interactions  (-rdd)   1.409 nm
          multi-body bonded interactions  (-rdd)   1.409 nm

Local state does not use filler particles

Using 1 MPI thread
Using 12 OpenMP threads 

System total charge: -0.000
Will do PME sum in reciprocal space for electrostatic interactions.

++++ PLEASE READ AND CITE THE FOLLOWING REFERENCE ++++
U. Essmann, L. Perera, M. L. Berkowitz, T. Darden, H. Lee, L. G. Pedersen 
A smooth particle mesh Ewald method
J. Chem. Phys. (1995)
DOI: 10.1063/1.470117
-------- -------- --- Thank You --- -------- --------

Using a Gaussian width (1/beta) of 0.384195 nm for Ewald
Potential shift: LJ r^-12: -1.122e-01 r^-6: -3.349e-01, Ewald -8.333e-06
Initialized non-bonded Coulomb Ewald tables, spacing: 1.02e-03 size: 1176

Generated table with 1126 data points for 1-4 COUL.
Tabscale = 500 points/nm
Generated table with 1126 data points for 1-4 LJ6.
Tabscale = 500 points/nm
Generated table with 1126 data points for 1-4 LJ12.
Tabscale = 500 points/nm


Using SIMD4xM 4x8 nonbonded short-range kernels

Using a dual 4x8 pair-list setup updated with dynamic pruning:
  outer list: updated every 100 steps, buffer 0.053 nm, rlist 1.253 nm
  inner list: updated every  34 steps, buffer 0.000 nm, rlist 1.200 nm
At tolerance 0.005 kJ/mol/ps per atom, equivalent classical 1x1 list would be:
  outer list: updated every 100 steps, buffer 0.139 nm, rlist 1.339 nm
  inner list: updated every  34 steps, buffer 0.034 nm, rlist 1.234 nm

The average pressure is off by at most 0.16 bar due to missing LJ interactions

Using Lorentz-Berthelot Lennard-Jones combination rule

Linking all bonded interactions to atoms


++++ PLEASE READ AND CITE THE FOLLOWING REFERENCE ++++
S. Miyamoto, P. A. Kollman
SETTLE: An Analytical Version of the SHAKE and RATTLE Algorithms for Rigid
Water Models
J. Comp. Chem. (1992)
DOI: 10.1002/jcc.540130805
-------- -------- --- Thank You --- -------- --------


++++ PLEASE READ AND CITE THE FOLLOWING REFERENCE ++++
G. Bussi, D. Donadio, M. Parrinello
Canonical sampling through velocity rescaling
J. Chem. Phys. (2007)
DOI: 10.1063/1.2408420
-------- -------- --- Thank You --- -------- --------

There are: 51686 Atoms
There are: 16634 VSites

Atom distribution over 1 domains: av 68320 stddev 0 min 68320 max 68320
Center of mass motion removal mode is Linear
We have the following groups for center of mass motion removal:
  0:  System

Started mdrun on rank 0 Mon Jul  6 13:31:48 2026

           Step           Time
              0        0.00000

   Energies (kJ/mol)
           Bond          Angle    Proper Dih.  Improper Dih. Per. Imp. Dih.
    2.25462e+03    1.53753e+03    9.72948e+01    4.22308e+03    7.41557e+00
          LJ-14     Coulomb-14        LJ (SR)   Coulomb (SR)   Coul. recip.
    1.72919e+02    5.06255e+01    1.45593e+05   -9.19371e+05    2.37313e+03
      Potential    Kinetic En.   Total Energy  Conserved En.    Temperature
   -7.63062e+05    1.29870e+05   -6.33192e+05   -6.33192e+05    2.97087e+02
 Pressure (bar)
   -2.15525e+02

           Step           Time
            200        0.10000

   Energies (kJ/mol)
           Bond          Angle    Proper Dih.  Improper Dih. Per. Imp. Dih.
    2.32724e+03    1.48377e+03    7.88729e+01    4.24662e+03    6.28574e+00
          LJ-14     Coulomb-14        LJ (SR)   Coulomb (SR)   Coul. recip.
    1.90791e+02    4.86796e+01    1.46563e+05   -9.20331e+05    2.32169e+03
      Potential    Kinetic En.   Total Energy  Conserved En.    Temperature
   -7.63065e+05    1.30387e+05   -6.32678e+05   -6.33186e+05    2.98268e+02
 Pressure (bar)
   -1.46775e+02

           Step           Time
            400        0.20000

   Energies (kJ/mol)
           Bond          Angle    Proper Dih.  Improper Dih. Per. Imp. Dih.
    2.30968e+03    1.48543e+03    1.07540e+02    4.22546e+03    7.49122e+00
          LJ-14     Coulomb-14        LJ (SR)   Coulomb (SR)   Coul. recip.
    1.72270e+02    4.68957e+01    1.47382e+05   -9.20940e+05    2.38804e+03
      Potential    Kinetic En.   Total Energy  Conserved En.    Temperature
   -7.62816e+05    1.30158e+05   -6.32658e+05   -6.33182e+05    2.97744e+02
 Pressure (bar)
   -6.39770e+01

           Step           Time
            600        0.30000

   Energies (kJ/mol)
           Bond          Angle    Proper Dih.  Improper Dih. Per. Imp. Dih.
    2.23468e+03    1.56143e+03    1.03312e+02    4.26619e+03    6.78240e+00
          LJ-14     Coulomb-14        LJ (SR)   Coulomb (SR)   Coul. recip.
    1.82628e+02    5.24422e+01    1.46868e+05   -9.21018e+05    2.34595e+03
      Potential    Kinetic En.   Total Energy  Conserved En.    Temperature
   -7.63396e+05    1.30481e+05   -6.32915e+05   -6.33177e+05    2.98484e+02
 Pressure (bar)
   -5.16499e+01

           Step           Time
            800        0.40000

   Energies (kJ/mol)
           Bond          Angle    Proper Dih.  Improper Dih. Per. Imp. Dih.
    2.14004e+03    1.48797e+03    1.00495e+02    4.25622e+03    6.87685e+00
          LJ-14     Coulomb-14        LJ (SR)   Coulomb (SR)   Coul. recip.
    1.77777e+02    5.01433e+01    1.46884e+05   -9.19915e+05    2.33115e+03
      Potential    Kinetic En.   Total Energy  Conserved En.    Temperature
   -7.62480e+05    1.29920e+05   -6.32560e+05   -6.33173e+05    2.97200e+02
 Pressure (bar)
    6.52718e+01

           Step           Time
           1000        0.50000

   Energies (kJ/mol)
           Bond          Angle    Proper Dih.  Improper Dih. Per. Imp. Dih.
    2.10367e+03    1.53275e+03    8.71185e+01    4.25558e+03    6.29431e+00
          LJ-14     Coulomb-14        LJ (SR)   Coulomb (SR)   Coul. recip.
    1.68148e+02    4.79350e+01    1.46294e+05   -9.20394e+05    2.37629e+03
      Potential    Kinetic En.   Total Energy  Conserved En.    Temperature
   -7.63523e+05    1.31241e+05   -6.32281e+05   -6.33170e+05    3.00223e+02
 Pressure (bar)
   -4.75569e+01

           Step           Time
           1200        0.60000

   Energies (kJ/mol)
           Bond          Angle    Proper Dih.  Improper Dih. Per. Imp. Dih.
    2.13899e+03    1.51438e+03    8.13537e+01    4.29616e+03    7.04495e+00
          LJ-14     Coulomb-14        LJ (SR)   Coulomb (SR)   Coul. recip.
    1.83817e+02    5.04829e+01    1.47380e+05   -9.21219e+05    2.31819e+03
      Potential    Kinetic En.   Total Energy  Conserved En.    Temperature
   -7.63249e+05    1.30824e+05   -6.32425e+05   -6.33166e+05    2.99269e+02
 Pressure (bar)
    5.81749e+01

           Step           Time
           1400        0.70000

   Energies (kJ/mol)
           Bond          Angle    Proper Dih.  Improper Dih. Per. Imp. Dih.
    2.27859e+03    1.50346e+03    8.78215e+01    4.28315e+03    6.77632e+00
          LJ-14     Coulomb-14        LJ (SR)   Coulomb (SR)   Coul. recip.
    1.73371e+02    4.79547e+01    1.47907e+05   -9.21361e+05    2.25508e+03
      Potential    Kinetic En.   Total Energy  Conserved En.    Temperature
   -7.62818e+05    1.30542e+05   -6.32276e+05   -6.33162e+05    2.98624e+02
 Pressure (bar)
   -3.06181e+01

           Step           Time
           1600        0.80000

   Energies (kJ/mol)
           Bond          Angle    Proper Dih.  Improper Dih. Per. Imp. Dih.
    2.30736e+03    1.52220e+03    8.20599e+01    4.28665e+03    5.19953e+00
          LJ-14     Coulomb-14        LJ (SR)   Coulomb (SR)   Coul. recip.
    1.80275e+02    4.61247e+01    1.46285e+05   -9.20376e+05    2.32218e+03
      Potential    Kinetic En.   Total Energy  Conserved En.    Temperature
   -7.63339e+05    1.30973e+05   -6.32366e+05   -6.33156e+05    2.99610e+02
 Pressure (bar)
   -1.91956e+02

           Step           Time
           1800        0.90000

   Energies (kJ/mol)
           Bond          Angle    Proper Dih.  Improper Dih. Per. Imp. Dih.
    2.25060e+03    1.48327e+03    8.72524e+01    4.27442e+03    6.42607e+00
          LJ-14     Coulomb-14        LJ (SR)   Coulomb (SR)   Coul. recip.
    1.86583e+02    5.20819e+01    1.46527e+05   -9.19227e+05    2.27969e+03
      Potential    Kinetic En.   Total Energy  Conserved En.    Temperature
   -7.62080e+05    1.29699e+05   -6.32381e+05   -6.33152e+05    2.96696e+02
 Pressure (bar)
   -7.91745e+01

           Step           Time
           2000        1.00000

   Energies (kJ/mol)
           Bond          Angle    Proper Dih.  Improper Dih. Per. Imp. Dih.
    2.21231e+03    1.46742e+03    7.85794e+01    4.25030e+03    5.39039e+00
          LJ-14     Coulomb-14        LJ (SR)   Coulomb (SR)   Coul. recip.
    1.70517e+02    4.96826e+01    1.46789e+05   -9.20301e+05    2.32662e+03
      Potential    Kinetic En.   Total Energy  Conserved En.    Temperature
   -7.62951e+05    1.30919e+05   -6.32032e+05   -6.33149e+05    2.99486e+02
 Pressure (bar)
   -4.66002e+01

           Step           Time
           2200        1.10000

   Energies (kJ/mol)
           Bond          Angle    Proper Dih.  Improper Dih. Per. Imp. Dih.
    2.14184e+03    1.49627e+03    7.00575e+01    4.26513e+03    4.93771e+00
          LJ-14     Coulomb-14        LJ (SR)   Coulomb (SR)   Coul. recip.
    1.85045e+02    4.76639e+01    1.47711e+05   -9.21347e+05    2.30393e+03
      Potential    Kinetic En.   Total Energy  Conserved En.    Temperature
   -7.63121e+05    1.31183e+05   -6.31938e+05   -6.33144e+05    3.00091e+02
 Pressure (bar)
    8.97904e+01

           Step           Time
           2400        1.20000

   Energies (kJ/mol)
           Bond          Angle    Proper Dih.  Improper Dih. Per. Imp. Dih.
    2.12641e+03    1.45997e+03    7.54401e+01    4.30727e+03    5.69034e+00
          LJ-14     Coulomb-14        LJ (SR)   Coulomb (SR)   Coul. recip.
    1.78709e+02    5.21342e+01    1.48733e+05   -9.22740e+05    2.40586e+03
      Potential    Kinetic En.   Total Energy  Conserved En.    Temperature
   -7.63395e+05    1.31194e+05   -6.32201e+05   -6.33141e+05    3.00116e+02
 Pressure (bar)
    2.01788e+02

           Step           Time
           2600        1.30000

   Energies (kJ/mol)
           Bond          Angle    Proper Dih.  Improper Dih. Per. Imp. Dih.
    2.15640e+03    1.52698e+03    7.55146e+01    4.23415e+03    4.21704e+00
          LJ-14     Coulomb-14        LJ (SR)   Coulomb (SR)   Coul. recip.
    1.64160e+02    4.89461e+01    1.48094e+05   -9.21119e+05    2.38208e+03
      Potential    Kinetic En.   Total Energy  Conserved En.    Temperature
   -7.62433e+05    1.30387e+05   -6.32046e+05   -6.33134e+05    2.98269e+02
 Pressure (bar)
    1.47234e+02

           Step           Time
           2800        1.40000

   Energies (kJ/mol)
           Bond          Angle    Proper Dih.  Improper Dih. Per. Imp. Dih.
    2.32825e+03    1.44071e+03    7.25740e+01    4.32168e+03    4.96153e+00
          LJ-14     Coulomb-14        LJ (SR)   Coulomb (SR)   Coul. recip.
    1.97200e+02    4.80984e+01    1.47219e+05   -9.20044e+05    2.26563e+03
      Potential    Kinetic En.   Total Energy  Conserved En.    Temperature
   -7.62146e+05    1.30234e+05   -6.31912e+05   -6.33132e+05    2.97920e+02
 Pressure (bar)
   -9.67665e+00

           Step           Time
           3000        1.50000

   Energies (kJ/mol)
           Bond          Angle    Proper Dih.  Improper Dih. Per. Imp. Dih.
    2.32824e+03    1.47973e+03    7.06816e+01    4.27894e+03    4.92652e+00
          LJ-14     Coulomb-14        LJ (SR)   Coulomb (SR)   Coul. recip.
    1.63796e+02    5.20299e+01    1.46279e+05   -9.19783e+05    2.31125e+03
      Potential    Kinetic En.   Total Energy  Conserved En.    Temperature
   -7.62815e+05    1.30881e+05   -6.31934e+05   -6.33126e+05    2.99400e+02
 Pressure (bar)
   -1.86254e+02

           Step           Time
           3200        1.60000

   Energies (kJ/mol)
           Bond          Angle    Proper Dih.  Improper Dih. Per. Imp. Dih.
    2.26756e+03    1.50411e+03    8.26550e+01    4.29720e+03    4.37881e+00
          LJ-14     Coulomb-14        LJ (SR)   Coulomb (SR)   Coul. recip.
    1.87565e+02    4.81799e+01    1.48006e+05   -9.21056e+05    2.38754e+03
      Potential    Kinetic En.   Total Energy  Conserved En.    Temperature
   -7.62271e+05    1.30756e+05   -6.31515e+05   -6.33122e+05    2.99114e+02
 Pressure (bar)
    8.22810e+01

           Step           Time
           3400        1.70000

   Energies (kJ/mol)
           Bond          Angle    Proper Dih.  Improper Dih. Per. Imp. Dih.
    2.14634e+03    1.49258e+03    7.50262e+01    4.27923e+03    5.90197e+00
          LJ-14     Coulomb-14        LJ (SR)   Coulomb (SR)   Coul. recip.
    1.78755e+02    4.98758e+01    1.47065e+05   -9.20415e+05    2.33205e+03
      Potential    Kinetic En.   Total Energy  Conserved En.    Temperature
   -7.62791e+05    1.31106e+05   -6.31684e+05   -6.33118e+05    2.99915e+02
 Pressure (bar)
    9.52810e+01

           Step           Time
           3600        1.80000

   Energies (kJ/mol)
           Bond          Angle    Proper Dih.  Improper Dih. Per. Imp. Dih.
    2.22685e+03    1.50423e+03    6.39050e+01    4.28827e+03    4.37546e+00
          LJ-14     Coulomb-14        LJ (SR)   Coulomb (SR)   Coul. recip.
    1.71022e+02    5.08936e+01    1.47505e+05   -9.19775e+05    2.21893e+03
      Potential    Kinetic En.   Total Energy  Conserved En.    Temperature
   -7.61742e+05    1.30004e+05   -6.31737e+05   -6.33113e+05    2.97394e+02
 Pressure (bar)
    1.14629e+02

           Step           Time
           3800        1.90000

   Energies (kJ/mol)
           Bond          Angle    Proper Dih.  Improper Dih. Per. Imp. Dih.
    2.18749e+03    1.56627e+03    7.10993e+01    4.28624e+03    4.58396e+00
          LJ-14     Coulomb-14        LJ (SR)   Coulomb (SR)   Coul. recip.
    2.02078e+02    4.67480e+01    1.48042e+05   -9.21152e+05    2.28037e+03
      Potential    Kinetic En.   Total Energy  Conserved En.    Temperature
   -7.62466e+05    1.31113e+05   -6.31353e+05   -6.33110e+05    2.99930e+02
 Pressure (bar)
    1.93603e+02

           Step           Time
           4000        2.00000

   Energies (kJ/mol)
           Bond          Angle    Proper Dih.  Improper Dih. Per. Imp. Dih.
    2.26707e+03    1.52655e+03    9.43682e+01    4.31052e+03    6.96258e+00
          LJ-14     Coulomb-14        LJ (SR)   Coulomb (SR)   Coul. recip.
    1.58775e+02    5.08543e+01    1.46854e+05   -9.20187e+05    2.30213e+03
      Potential    Kinetic En.   Total Energy  Conserved En.    Temperature
   -7.62616e+05    1.31395e+05   -6.31222e+05   -6.33105e+05    3.00575e+02
 Pressure (bar)
   -2.50711e+01

           Step           Time
           4200        2.10000

   Energies (kJ/mol)
           Bond          Angle    Proper Dih.  Improper Dih. Per. Imp. Dih.
    2.22758e+03    1.59123e+03    8.93627e+01    4.27735e+03    5.51627e+00
          LJ-14     Coulomb-14        LJ (SR)   Coulomb (SR)   Coul. recip.
    1.92977e+02    5.25777e+01    1.47527e+05   -9.20387e+05    2.27171e+03
      Potential    Kinetic En.   Total Energy  Conserved En.    Temperature
   -7.62152e+05    1.30924e+05   -6.31228e+05   -6.33100e+05    2.99497e+02
 Pressure (bar)
    1.11580e+02

           Step           Time
           4400        2.20000

   Energies (kJ/mol)
           Bond          Angle    Proper Dih.  Improper Dih. Per. Imp. Dih.
    2.31891e+03    1.46152e+03    8.69015e+01    4.31539e+03    5.79275e+00
          LJ-14     Coulomb-14        LJ (SR)   Coulomb (SR)   Coul. recip.
    1.72117e+02    4.73850e+01    1.47727e+05   -9.20332e+05    2.31078e+03
      Potential    Kinetic En.   Total Energy  Conserved En.    Temperature
   -7.61887e+05    1.30660e+05   -6.31226e+05   -6.33096e+05    2.98894e+02
 Pressure (bar)
   -5.62760e+00

           Step           Time
           4600        2.30000

   Energies (kJ/mol)
           Bond          Angle    Proper Dih.  Improper Dih. Per. Imp. Dih.
    2.25699e+03    1.52828e+03    7.74407e+01    4.33129e+03    4.97607e+00
          LJ-14     Coulomb-14        LJ (SR)   Coulomb (SR)   Coul. recip.
    1.77406e+02    5.10512e+01    1.46513e+05   -9.18442e+05    2.39377e+03
      Potential    Kinetic En.   Total Energy  Conserved En.    Temperature
   -7.61108e+05    1.30177e+05   -6.30931e+05   -6.33091e+05    2.97788e+02
 Pressure (bar)
   -3.24333e+01

           Step           Time
           4800        2.40000

   Energies (kJ/mol)
           Bond          Angle    Proper Dih.  Improper Dih. Per. Imp. Dih.
    2.18531e+03    1.48981e+03    7.06279e+01    4.31631e+03    5.47898e+00
          LJ-14     Coulomb-14        LJ (SR)   Coulomb (SR)   Coul. recip.
    1.86048e+02    5.17404e+01    1.46287e+05   -9.18931e+05    2.34057e+03
      Potential    Kinetic En.   Total Energy  Conserved En.    Temperature
   -7.61998e+05    1.30900e+05   -6.31098e+05   -6.33090e+05    2.99442e+02
 Pressure (bar)
   -3.53355e+01

           Step           Time
           5000        2.50000

   Energies (kJ/mol)
           Bond          Angle    Proper Dih.  Improper Dih. Per. Imp. Dih.
    2.28062e+03    1.55408e+03    7.52909e+01    4.33179e+03    5.86613e+00
          LJ-14     Coulomb-14        LJ (SR)   Coulomb (SR)   Coul. recip.
    1.68709e+02    4.55622e+01    1.47016e+05   -9.19656e+05    2.33790e+03
      Potential    Kinetic En.   Total Energy  Conserved En.    Temperature
   -7.61841e+05    1.30657e+05   -6.31184e+05   -6.33083e+05    2.98887e+02
 Pressure (bar)
    1.77353e+01

           Step           Time
           5200        2.60000

   Energies (kJ/mol)
           Bond          Angle    Proper Dih.  Improper Dih. Per. Imp. Dih.
    2.22387e+03    1.42558e+03    6.85001e+01    4.24693e+03    4.76878e+00
          LJ-14     Coulomb-14        LJ (SR)   Coulomb (SR)   Coul. recip.
    1.93379e+02    4.93200e+01    1.47228e+05   -9.19420e+05    2.34723e+03
      Potential    Kinetic En.   Total Energy  Conserved En.    Temperature
   -7.61632e+05    1.30275e+05   -6.31357e+05   -6.33079e+05    2.98013e+02
 Pressure (bar)
    1.06583e+02

           Step           Time
           5400        2.70000

   Energies (kJ/mol)
           Bond          Angle    Proper Dih.  Improper Dih. Per. Imp. Dih.
    2.31510e+03    1.52042e+03    9.09029e+01    4.29897e+03    6.35936e+00
          LJ-14     Coulomb-14        LJ (SR)   Coulomb (SR)   Coul. recip.
    1.70495e+02    5.04168e+01    1.46815e+05   -9.19908e+05    2.36637e+03
      Potential    Kinetic En.   Total Energy  Conserved En.    Temperature
   -7.62273e+05    1.30976e+05   -6.31298e+05   -6.33074e+05    2.99616e+02
 Pressure (bar)
   -6.65834e+00

           Step           Time
           5600        2.80000

   Energies (kJ/mol)
           Bond          Angle    Proper Dih.  Improper Dih. Per. Imp. Dih.
    2.34057e+03    1.46673e+03    7.49111e+01    4.30041e+03    5.83677e+00
          LJ-14     Coulomb-14        LJ (SR)   Coulomb (SR)   Coul. recip.
    1.69829e+02    4.72866e+01    1.47520e+05   -9.20082e+05    2.33877e+03
      Potential    Kinetic En.   Total Energy  Conserved En.    Temperature
   -7.61818e+05    1.30578e+05   -6.31240e+05   -6.33070e+05    2.98706e+02
 Pressure (bar)
    4.62361e+01

           Step           Time
           5800        2.90000

   Energies (kJ/mol)
           Bond          Angle    Proper Dih.  Improper Dih. Per. Imp. Dih.
    2.27742e+03    1.54246e+03    7.06557e+01    4.29807e+03    6.13841e+00
          LJ-14     Coulomb-14        LJ (SR)   Coulomb (SR)   Coul. recip.
    1.86815e+02    5.14684e+01    1.47309e+05   -9.20024e+05    2.28399e+03
      Potential    Kinetic En.   Total Energy  Conserved En.    Temperature
   -7.61998e+05    1.30475e+05   -6.31523e+05   -6.33065e+05    2.98470e+02
 Pressure (bar)
    3.34144e+01

           Step           Time
           6000        3.00000

   Energies (kJ/mol)
           Bond          Angle    Proper Dih.  Improper Dih. Per. Imp. Dih.
    2.25411e+03    1.55155e+03    6.22202e+01    4.26423e+03    4.74338e+00
          LJ-14     Coulomb-14        LJ (SR)   Coulomb (SR)   Coul. recip.
    1.66077e+02    5.06624e+01    1.48907e+05   -9.21764e+05    2.40749e+03
      Potential    Kinetic En.   Total Energy  Conserved En.    Temperature
   -7.62096e+05    1.30808e+05   -6.31287e+05   -6.33061e+05    2.99233e+02
 Pressure (bar)
    1.95409e+02

           Step           Time
           6200        3.10000

   Energies (kJ/mol)
           Bond          Angle    Proper Dih.  Improper Dih. Per. Imp. Dih.
    2.19190e+03    1.57021e+03    6.99209e+01    4.28694e+03    5.85010e+00
          LJ-14     Coulomb-14        LJ (SR)   Coulomb (SR)   Coul. recip.
    1.97546e+02    4.62208e+01    1.47833e+05   -9.20507e+05    2.29872e+03
      Potential    Kinetic En.   Total Energy  Conserved En.    Temperature
   -7.62007e+05    1.31009e+05   -6.30998e+05   -6.33057e+05    2.99693e+02
 Pressure (bar)
    1.66544e+02

           Step           Time
           6400        3.20000

   Energies (kJ/mol)
           Bond          Angle    Proper Dih.  Improper Dih. Per. Imp. Dih.
    2.23759e+03    1.52332e+03    8.47517e+01    4.26093e+03    5.97024e+00
          LJ-14     Coulomb-14        LJ (SR)   Coulomb (SR)   Coul. recip.
    1.67688e+02    4.96828e+01    1.46222e+05   -9.18443e+05    2.26833e+03
      Potential    Kinetic En.   Total Energy  Conserved En.    Temperature
   -7.61622e+05    1.30416e+05   -6.31206e+05   -6.33052e+05    2.98335e+02
 Pressure (bar)
    2.51998e+01

           Step           Time
           6600        3.30000

   Energies (kJ/mol)
           Bond          Angle    Proper Dih.  Improper Dih. Per. Imp. Dih.
    2.33972e+03    1.54044e+03    8.47792e+01    4.21343e+03    4.70526e+00
          LJ-14     Coulomb-14        LJ (SR)   Coulomb (SR)   Coul. recip.
    1.83743e+02    4.84461e+01    1.46358e+05   -9.19236e+05    2.32708e+03
      Potential    Kinetic En.   Total Energy  Conserved En.    Temperature
   -7.62136e+05    1.31161e+05   -6.30975e+05   -6.33049e+05    3.00039e+02
 Pressure (bar)
   -3.77173e+01

           Step           Time
           6800        3.40000

   Energies (kJ/mol)
           Bond          Angle    Proper Dih.  Improper Dih. Per. Imp. Dih.
    2.30471e+03    1.56861e+03    1.17627e+02    4.34501e+03    6.31351e+00
          LJ-14     Coulomb-14        LJ (SR)   Coulomb (SR)   Coul. recip.
    1.81256e+02    4.68476e+01    1.46057e+05   -9.18940e+05    2.37188e+03
      Potential    Kinetic En.   Total Energy  Conserved En.    Temperature
   -7.61941e+05    1.30729e+05   -6.31212e+05   -6.33044e+05    2.99052e+02
 Pressure (bar)
   -1.36780e+02

           Step           Time
           7000        3.50000

   Energies (kJ/mol)
           Bond          Angle    Proper Dih.  Improper Dih. Per. Imp. Dih.
    2.28330e+03    1.49376e+03    9.75839e+01    4.30182e+03    5.09543e+00
          LJ-14     Coulomb-14        LJ (SR)   Coulomb (SR)   Coul. recip.
    1.69048e+02    5.33996e+01    1.45268e+05   -9.17240e+05    2.31985e+03
      Potential    Kinetic En.   Total Energy  Conserved En.    Temperature
   -7.61248e+05    1.30139e+05   -6.31109e+05   -6.33041e+05    2.97702e+02
 Pressure (bar)
   -1.19395e+02

           Step           Time
           7200        3.60000

   Energies (kJ/mol)
           Bond          Angle    Proper Dih.  Improper Dih. Per. Imp. Dih.
    2.24669e+03    1.48700e+03    9.02684e+01    4.30035e+03    5.87446e+00
          LJ-14     Coulomb-14        LJ (SR)   Coulomb (SR)   Coul. recip.
    1.86254e+02    5.06041e+01    1.44037e+05   -9.15744e+05    2.41266e+03
      Potential    Kinetic En.   Total Energy  Conserved En.    Temperature
   -7.60927e+05    1.30153e+05   -6.30774e+05   -6.33036e+05    2.97733e+02
 Pressure (bar)
   -1.78477e+02

           Step           Time
           7400        3.70000

   Energies (kJ/mol)
           Bond          Angle    Proper Dih.  Improper Dih. Per. Imp. Dih.
    2.31395e+03    1.51496e+03    8.71567e+01    4.26458e+03    6.63815e+00
          LJ-14     Coulomb-14        LJ (SR)   Coulomb (SR)   Coul. recip.
    1.73254e+02    4.60710e+01    1.48338e+05   -9.21028e+05    2.39316e+03
      Potential    Kinetic En.   Total Energy  Conserved En.    Temperature
   -7.61890e+05    1.31289e+05   -6.30600e+05   -6.33032e+05    3.00334e+02
 Pressure (bar)
    1.15025e+02

           Step           Time
           7600        3.80000

   Energies (kJ/mol)
           Bond          Angle    Proper Dih.  Improper Dih. Per. Imp. Dih.
    2.18510e+03    1.54129e+03    7.01108e+01    4.30008e+03    6.31155e+00
          LJ-14     Coulomb-14        LJ (SR)   Coulomb (SR)   Coul. recip.
    1.73497e+02    5.20346e+01    1.47727e+05   -9.19818e+05    2.37857e+03
      Potential    Kinetic En.   Total Energy  Conserved En.    Temperature
   -7.61384e+05    1.30690e+05   -6.30694e+05   -6.33026e+05    2.98962e+02
 Pressure (bar)
    1.55435e+02

           Step           Time
           7800        3.90000

   Energies (kJ/mol)
           Bond          Angle    Proper Dih.  Improper Dih. Per. Imp. Dih.
    2.19376e+03    1.50742e+03    9.22642e+01    4.27382e+03    6.19193e+00
          LJ-14     Coulomb-14        LJ (SR)   Coulomb (SR)   Coul. recip.
    1.94551e+02    4.78508e+01    1.46199e+05   -9.18546e+05    2.32355e+03
      Potential    Kinetic En.   Total Energy  Conserved En.    Temperature
   -7.61708e+05    1.31279e+05   -6.30429e+05   -6.33023e+05    3.00309e+02
 Pressure (bar)
    4.72529e+01

           Step           Time
           8000        4.00000

   Energies (kJ/mol)
           Bond          Angle    Proper Dih.  Improper Dih. Per. Imp. Dih.
    2.26151e+03    1.52742e+03    1.22947e+02    4.26129e+03    6.70762e+00
          LJ-14     Coulomb-14        LJ (SR)   Coulomb (SR)   Coul. recip.
    1.78482e+02    4.73138e+01    1.44514e+05   -9.16300e+05    2.34360e+03
      Potential    Kinetic En.   Total Energy  Conserved En.    Temperature
   -7.61036e+05    1.30649e+05   -6.30387e+05   -6.33020e+05    2.98868e+02
 Pressure (bar)
   -1.94599e+02

           Step           Time
           8200        4.10000

   Energies (kJ/mol)
           Bond          Angle    Proper Dih.  Improper Dih. Per. Imp. Dih.
    2.31033e+03    1.56816e+03    1.10960e+02    4.33585e+03    7.78184e+00
          LJ-14     Coulomb-14        LJ (SR)   Coulomb (SR)   Coul. recip.
    1.91506e+02    5.31976e+01    1.44765e+05   -9.17148e+05    2.33536e+03
      Potential    Kinetic En.   Total Energy  Conserved En.    Temperature
   -7.61470e+05    1.30727e+05   -6.30743e+05   -6.33015e+05    2.99047e+02
 Pressure (bar)
   -2.60962e+02

           Step           Time
           8400        4.20000

   Energies (kJ/mol)
           Bond          Angle    Proper Dih.  Improper Dih. Per. Imp. Dih.
    2.22933e+03    1.54875e+03    1.00111e+02    4.33008e+03    7.09575e+00
          LJ-14     Coulomb-14        LJ (SR)   Coulomb (SR)   Coul. recip.
    1.75921e+02    5.00647e+01    1.46371e+05   -9.19642e+05    2.31105e+03
      Potential    Kinetic En.   Total Energy  Conserved En.    Temperature
   -7.62519e+05    1.31781e+05   -6.30737e+05   -6.33011e+05    3.01459e+02
 Pressure (bar)
   -6.22309e+01

           Step           Time
           8600        4.30000

   Energies (kJ/mol)
           Bond          Angle    Proper Dih.  Improper Dih. Per. Imp. Dih.
    2.12961e+03    1.57471e+03    9.43840e+01    4.29546e+03    7.04164e+00
          LJ-14     Coulomb-14        LJ (SR)   Coulomb (SR)   Coul. recip.
    1.69961e+02    4.80928e+01    1.46025e+05   -9.17425e+05    2.37766e+03
      Potential    Kinetic En.   Total Energy  Conserved En.    Temperature
   -7.60704e+05    1.30055e+05   -6.30648e+05   -6.33005e+05    2.97510e+02
 Pressure (bar)
    6.39623e+00

           Step           Time
           8800        4.40000

   Energies (kJ/mol)
           Bond          Angle    Proper Dih.  Improper Dih. Per. Imp. Dih.
    2.14792e+03    1.49370e+03    8.68704e+01    4.31006e+03    7.07523e+00
          LJ-14     Coulomb-14        LJ (SR)   Coulomb (SR)   Coul. recip.
    1.88801e+02    5.28267e+01    1.46206e+05   -9.18394e+05    2.34573e+03
      Potential    Kinetic En.   Total Energy  Conserved En.    Temperature
   -7.61555e+05    1.30396e+05   -6.31159e+05   -6.33002e+05    2.98289e+02
 Pressure (bar)
    4.90338e+01

           Step           Time
           9000        4.50000

   Energies (kJ/mol)
           Bond          Angle    Proper Dih.  Improper Dih. Per. Imp. Dih.
    2.24434e+03    1.55080e+03    9.47291e+01    4.30739e+03    7.02633e+00
          LJ-14     Coulomb-14        LJ (SR)   Coulomb (SR)   Coul. recip.
    1.66667e+02    4.93434e+01    1.46687e+05   -9.19401e+05    2.35410e+03
      Potential    Kinetic En.   Total Energy  Conserved En.    Temperature
   -7.61940e+05    1.30829e+05   -6.31111e+05   -6.32995e+05    2.99279e+02
 Pressure (bar)
    1.01809e+01

           Step           Time
           9200        4.60000

   Energies (kJ/mol)
           Bond          Angle    Proper Dih.  Improper Dih. Per. Imp. Dih.
    2.36118e+03    1.53616e+03    9.64287e+01    4.34153e+03    6.61650e+00
          LJ-14     Coulomb-14        LJ (SR)   Coulomb (SR)   Coul. recip.
    1.90466e+02    4.79510e+01    1.45486e+05   -9.17874e+05    2.34155e+03
      Potential    Kinetic En.   Total Energy  Conserved En.    Temperature
   -7.61467e+05    1.30518e+05   -6.30949e+05   -6.32992e+05    2.98568e+02
 Pressure (bar)
   -1.27416e+02

           Step           Time
           9400        4.70000

   Energies (kJ/mol)
           Bond          Angle    Proper Dih.  Improper Dih. Per. Imp. Dih.
    2.34429e+03    1.52989e+03    8.99185e+01    4.32002e+03    6.79254e+00
          LJ-14     Coulomb-14        LJ (SR)   Coulomb (SR)   Coul. recip.
    1.84004e+02    5.16081e+01    1.45756e+05   -9.18606e+05    2.25600e+03
      Potential    Kinetic En.   Total Energy  Conserved En.    Temperature
   -7.62068e+05    1.31308e+05   -6.30760e+05   -6.32988e+05    3.00377e+02
 Pressure (bar)
   -1.57694e+02

           Step           Time
           9600        4.80000

   Energies (kJ/mol)
           Bond          Angle    Proper Dih.  Improper Dih. Per. Imp. Dih.
    2.34467e+03    1.55082e+03    8.91419e+01    4.33109e+03    7.11975e+00
          LJ-14     Coulomb-14        LJ (SR)   Coulomb (SR)   Coul. recip.
    1.75600e+02    4.92592e+01    1.47231e+05   -9.20403e+05    2.30648e+03
      Potential    Kinetic En.   Total Energy  Conserved En.    Temperature
   -7.62317e+05    1.31761e+05   -6.30556e+05   -6.32984e+05    3.01413e+02
 Pressure (bar)
   -1.60451e+01

           Step           Time
           9800        4.90000

   Energies (kJ/mol)
           Bond          Angle    Proper Dih.  Improper Dih. Per. Imp. Dih.
    2.22652e+03    1.60885e+03    8.28335e+01    4.32662e+03    5.99862e+00
          LJ-14     Coulomb-14        LJ (SR)   Coulomb (SR)   Coul. recip.
    1.98163e+02    4.91610e+01    1.46216e+05   -9.18619e+05    2.34776e+03
      Potential    Kinetic En.   Total Energy  Conserved En.    Temperature
   -7.61557e+05    1.31002e+05   -6.30555e+05   -6.32977e+05    2.99676e+02
 Pressure (bar)
   -9.27197e+00

           Step           Time
          10000        5.00000

   Energies (kJ/mol)
           Bond          Angle    Proper Dih.  Improper Dih. Per. Imp. Dih.
    2.26281e+03    1.47008e+03    9.67908e+01    4.30621e+03    7.92840e+00
          LJ-14     Coulomb-14        LJ (SR)   Coulomb (SR)   Coul. recip.
    1.66085e+02    5.25435e+01    1.47589e+05   -9.19798e+05    2.28361e+03
      Potential    Kinetic En.   Total Energy  Conserved En.    Temperature
   -7.61564e+05    1.30555e+05   -6.31008e+05   -6.32974e+05    2.98654e+02
 Pressure (bar)
    9.27908e+01

           Step           Time
          10200        5.10000

   Energies (kJ/mol)
           Bond          Angle    Proper Dih.  Improper Dih. Per. Imp. Dih.
    2.23358e+03    1.53355e+03    9.39738e+01    4.29894e+03    8.14558e+00
          LJ-14     Coulomb-14        LJ (SR)   Coulomb (SR)   Coul. recip.
    1.77419e+02    4.86753e+01    1.46816e+05   -9.19119e+05    2.35656e+03
      Potential    Kinetic En.   Total Energy  Conserved En.    Temperature
   -7.61552e+05    1.30867e+05   -6.30685e+05   -6.32970e+05    2.99367e+02
 Pressure (bar)
    7.11453e+01

           Step           Time
          10400        5.20000

   Energies (kJ/mol)
           Bond          Angle    Proper Dih.  Improper Dih. Per. Imp. Dih.
    2.31554e+03    1.51607e+03    8.59719e+01    4.29416e+03    7.59904e+00
          LJ-14     Coulomb-14        LJ (SR)   Coulomb (SR)   Coul. recip.
    1.84240e+02    4.97359e+01    1.48130e+05   -9.19962e+05    2.35320e+03
      Potential    Kinetic En.   Total Energy  Conserved En.    Temperature
   -7.61026e+05    1.30215e+05   -6.30811e+05   -6.32965e+05    2.97877e+02
 Pressure (bar)
    1.82982e+02

           Step           Time
          10600        5.30000

   Energies (kJ/mol)
           Bond          Angle    Proper Dih.  Improper Dih. Per. Imp. Dih.
    2.36515e+03    1.58112e+03    1.04862e+02    4.28344e+03    6.83421e+00
          LJ-14     Coulomb-14        LJ (SR)   Coulomb (SR)   Coul. recip.
    1.61235e+02    5.20013e+01    1.46831e+05   -9.19641e+05    2.36065e+03
      Potential    Kinetic En.   Total Energy  Conserved En.    Temperature
   -7.61894e+05    1.31381e+05   -6.30513e+05   -6.32962e+05    3.00543e+02
 Pressure (bar)
   -7.47288e+01

           Step           Time
          10800        5.40000

   Energies (kJ/mol)
           Bond          Angle    Proper Dih.  Improper Dih. Per. Imp. Dih.
    2.32532e+03    1.55653e+03    9.31831e+01    4.32701e+03    6.56662e+00
          LJ-14     Coulomb-14        LJ (SR)   Coulomb (SR)   Coul. recip.
    1.94635e+02    4.82852e+01    1.47382e+05   -9.19326e+05    2.41085e+03
      Potential    Kinetic En.   Total Energy  Conserved En.    Temperature
   -7.60981e+05    1.30824e+05   -6.30158e+05   -6.32956e+05    2.99268e+02
 Pressure (bar)
    1.01488e+02

           Step           Time
          11000        5.50000

   Energies (kJ/mol)
           Bond          Angle    Proper Dih.  Improper Dih. Per. Imp. Dih.
    2.23598e+03    1.52404e+03    9.40661e+01    4.30070e+03    7.02812e+00
          LJ-14     Coulomb-14        LJ (SR)   Coulomb (SR)   Coul. recip.
    1.80825e+02    5.05168e+01    1.46704e+05   -9.19723e+05    2.30790e+03
      Potential    Kinetic En.   Total Energy  Conserved En.    Temperature
   -7.62318e+05    1.32413e+05   -6.29905e+05   -6.32954e+05    3.02904e+02
 Pressure (bar)
    3.07669e+01

           Step           Time
          11200        5.60000

   Energies (kJ/mol)
           Bond          Angle    Proper Dih.  Improper Dih. Per. Imp. Dih.
    2.27963e+03    1.55961e+03    7.99034e+01    4.28444e+03    6.88643e+00
          LJ-14     Coulomb-14        LJ (SR)   Coulomb (SR)   Coul. recip.
    1.80507e+02    4.99297e+01    1.47458e+05   -9.19752e+05    2.29016e+03
      Potential    Kinetic En.   Total Energy  Conserved En.    Temperature
   -7.61563e+05    1.31428e+05   -6.30135e+05   -6.32948e+05    3.00651e+02
 Pressure (bar)
    8.29184e+01

           Step           Time
          11400        5.70000

   Energies (kJ/mol)
           Bond          Angle    Proper Dih.  Improper Dih. Per. Imp. Dih.
    2.27079e+03    1.54890e+03    8.29494e+01    4.28954e+03    7.24086e+00
          LJ-14     Coulomb-14        LJ (SR)   Coulomb (SR)   Coul. recip.
    1.89335e+02    4.75149e+01    1.47172e+05   -9.19814e+05    2.30732e+03
      Potential    Kinetic En.   Total Energy  Conserved En.    Temperature
   -7.61898e+05    1.31401e+05   -6.30498e+05   -6.32945e+05    3.00588e+02
 Pressure (bar)
    4.21139e+01

           Step           Time
          11600        5.80000

   Energies (kJ/mol)
           Bond          Angle    Proper Dih.  Improper Dih. Per. Imp. Dih.
    2.23392e+03    1.59512e+03    9.96792e+01    4.29095e+03    8.12911e+00
          LJ-14     Coulomb-14        LJ (SR)   Coulomb (SR)   Coul. recip.
    1.70852e+02    4.83588e+01    1.47101e+05   -9.20023e+05    2.29206e+03
      Potential    Kinetic En.   Total Energy  Conserved En.    Temperature
   -7.62183e+05    1.31663e+05   -6.30519e+05   -6.32939e+05    3.01189e+02
 Pressure (bar)
    1.90814e+01

           Step           Time
          11800        5.90000

   Energies (kJ/mol)
           Bond          Angle    Proper Dih.  Improper Dih. Per. Imp. Dih.
    2.19064e+03    1.53959e+03    7.97214e+01    4.32990e+03    5.63693e+00
          LJ-14     Coulomb-14        LJ (SR)   Coulomb (SR)   Coul. recip.
    1.86497e+02    4.89513e+01    1.47427e+05   -9.20162e+05    2.29762e+03
      Potential    Kinetic En.   Total Energy  Conserved En.    Temperature
   -7.62057e+05    1.31768e+05   -6.30289e+05   -6.32935e+05    3.01428e+02
 Pressure (bar)
    6.92072e+01

           Step           Time
          12000        6.00000

   Energies (kJ/mol)
           Bond          Angle    Proper Dih.  Improper Dih. Per. Imp. Dih.
    2.35536e+03    1.54939e+03    1.01089e+02    4.28946e+03    6.90975e+00
          LJ-14     Coulomb-14        LJ (SR)   Coulomb (SR)   Coul. recip.
    1.72452e+02    5.09988e+01    1.48234e+05   -9.21061e+05    2.30261e+03
      Potential    Kinetic En.   Total Energy  Conserved En.    Temperature
   -7.61999e+05    1.32027e+05   -6.29972e+05   -6.32930e+05    3.02022e+02
 Pressure (bar)
    9.20848e+01

           Step           Time
          12200        6.10000

   Energies (kJ/mol)
           Bond          Angle    Proper Dih.  Improper Dih. Per. Imp. Dih.
    2.29736e+03    1.53514e+03    1.05195e+02    4.27724e+03    7.41529e+00
          LJ-14     Coulomb-14        LJ (SR)   Coulomb (SR)   Coul. recip.
    1.68693e+02    5.01474e+01    1.46313e+05   -9.18943e+05    2.25992e+03
      Potential    Kinetic En.   Total Energy  Conserved En.    Temperature
   -7.61929e+05    1.32093e+05   -6.29835e+05   -6.32926e+05    3.02173e+02
 Pressure (bar)
   -1.01209e+02

           Step           Time
          12400        6.20000

   Energies (kJ/mol)
           Bond          Angle    Proper Dih.  Improper Dih. Per. Imp. Dih.
    2.29634e+03    1.61288e+03    1.11755e+02    4.27894e+03    8.34930e+00
          LJ-14     Coulomb-14        LJ (SR)   Coulomb (SR)   Coul. recip.
    1.95499e+02    4.88772e+01    1.46833e+05   -9.18926e+05    2.33788e+03
      Potential    Kinetic En.   Total Energy  Conserved En.    Temperature
   -7.61203e+05    1.30893e+05   -6.30310e+05   -6.32920e+05    2.99427e+02
 Pressure (bar)
    1.24854e+01

           Step           Time
          12600        6.30000

   Energies (kJ/mol)
           Bond          Angle    Proper Dih.  Improper Dih. Per. Imp. Dih.
    2.31446e+03    1.55002e+03    1.04808e+02    4.29099e+03    8.06442e+00
          LJ-14     Coulomb-14        LJ (SR)   Coulomb (SR)   Coul. recip.
    1.62735e+02    4.79738e+01    1.46907e+05   -9.19582e+05    2.27662e+03
      Potential    Kinetic En.   Total Energy  Conserved En.    Temperature
   -7.61919e+05    1.31524e+05   -6.30396e+05   -6.32916e+05    3.00869e+02
 Pressure (bar)
   -1.20011e+01

           Step           Time
          12800        6.40000

   Energies (kJ/mol)
           Bond          Angle    Proper Dih.  Improper Dih. Per. Imp. Dih.
    2.19862e+03    1.54859e+03    9.11077e+01    4.29372e+03    5.70962e+00
          LJ-14     Coulomb-14        LJ (SR)   Coulomb (SR)   Coul. recip.
    2.02696e+02    4.70051e+01    1.47360e+05   -9.19545e+05    2.33520e+03
      Potential    Kinetic En.   Total Energy  Conserved En.    Temperature
   -7.61462e+05    1.31075e+05   -6.30386e+05   -6.32911e+05    2.99844e+02
 Pressure (bar)
    1.61512e+02

           Step           Time
          13000        6.50000

   Energies (kJ/mol)
           Bond          Angle    Proper Dih.  Improper Dih. Per. Imp. Dih.
    2.27096e+03    1.51578e+03    8.60485e+01    4.32920e+03    7.64596e+00
          LJ-14     Coulomb-14        LJ (SR)   Coulomb (SR)   Coul. recip.
    1.72995e+02    4.84734e+01    1.47834e+05   -9.21047e+05    2.28751e+03
      Potential    Kinetic En.   Total Energy  Conserved En.    Temperature
   -7.62494e+05    1.32203e+05   -6.30291e+05   -6.32909e+05    3.02423e+02
 Pressure (bar)
    1.16176e+02

           Step           Time
          13200        6.60000

   Energies (kJ/mol)
           Bond          Angle    Proper Dih.  Improper Dih. Per. Imp. Dih.
    2.30118e+03    1.59082e+03    1.10319e+02    4.32649e+03    6.87254e+00
          LJ-14     Coulomb-14        LJ (SR)   Coulomb (SR)   Coul. recip.
    1.74592e+02    4.82645e+01    1.48235e+05   -9.21245e+05    2.29877e+03
      Potential    Kinetic En.   Total Energy  Conserved En.    Temperature
   -7.62153e+05    1.31675e+05   -6.30478e+05   -6.32901e+05    3.01216e+02
 Pressure (bar)
    2.02844e+02

           Step           Time
          13400        6.70000

   Energies (kJ/mol)
           Bond          Angle    Proper Dih.  Improper Dih. Per. Imp. Dih.
    2.28441e+03    1.56184e+03    8.50050e+01    4.31335e+03    4.88398e+00
          LJ-14     Coulomb-14        LJ (SR)   Coulomb (SR)   Coul. recip.
    1.83568e+02    5.18150e+01    1.47365e+05   -9.20614e+05    2.28589e+03
      Potential    Kinetic En.   Total Energy  Conserved En.    Temperature
   -7.62478e+05    1.32141e+05   -6.30337e+05   -6.32898e+05    3.02282e+02
 Pressure (bar)
    7.08173e+01

           Step           Time
          13600        6.80000

   Energies (kJ/mol)
           Bond          Angle    Proper Dih.  Improper Dih. Per. Imp. Dih.
    2.33734e+03    1.54637e+03    9.42606e+01    4.26262e+03    5.93901e+00
          LJ-14     Coulomb-14        LJ (SR)   Coulomb (SR)   Coul. recip.
    1.65960e+02    5.07223e+01    1.45692e+05   -9.18408e+05    2.25859e+03
      Potential    Kinetic En.   Total Energy  Conserved En.    Temperature
   -7.61994e+05    1.31443e+05   -6.30550e+05   -6.32893e+05    3.00685e+02
 Pressure (bar)
   -1.51713e+02

           Step           Time
          13800        6.90000

   Energies (kJ/mol)
           Bond          Angle    Proper Dih.  Improper Dih. Per. Imp. Dih.
    2.37233e+03    1.60562e+03    9.40535e+01    4.28178e+03    6.18837e+00
          LJ-14     Coulomb-14        LJ (SR)   Coulomb (SR)   Coul. recip.
    1.85219e+02    4.95236e+01    1.47359e+05   -9.20510e+05    2.26429e+03
      Potential    Kinetic En.   Total Energy  Conserved En.    Temperature
   -7.62292e+05    1.31508e+05   -6.30784e+05   -6.32887e+05    3.00833e+02
 Pressure (bar)
    1.39871e+00

           Step           Time
          14000        7.00000

   Energies (kJ/mol)
           Bond          Angle    Proper Dih.  Improper Dih. Per. Imp. Dih.
    2.28700e+03    1.53841e+03    1.12268e+02    4.32914e+03    7.46682e+00
          LJ-14     Coulomb-14        LJ (SR)   Coulomb (SR)   Coul. recip.
    1.72302e+02    4.96467e+01    1.49727e+05   -9.22525e+05    2.31809e+03
      Potential    Kinetic En.   Total Energy  Conserved En.    Temperature
   -7.61984e+05    1.30999e+05   -6.30985e+05   -6.32883e+05    2.99668e+02
 Pressure (bar)
    2.64588e+02

           Step           Time
          14200        7.10000

   Energies (kJ/mol)
           Bond          Angle    Proper Dih.  Improper Dih. Per. Imp. Dih.
    2.24496e+03    1.56367e+03    9.60449e+01    4.30059e+03    6.63522e+00
          LJ-14     Coulomb-14        LJ (SR)   Coulomb (SR)   Coul. recip.
    1.91743e+02    4.74050e+01    1.48942e+05   -9.21393e+05    2.33569e+03
      Potential    Kinetic En.   Total Energy  Conserved En.    Temperature
   -7.61665e+05    1.30566e+05   -6.31099e+05   -6.32878e+05    2.98679e+02
 Pressure (bar)
    2.75876e+02

           Step           Time
          14400        7.20000

   Energies (kJ/mol)
           Bond          Angle    Proper Dih.  Improper Dih. Per. Imp. Dih.
    2.24308e+03    1.57080e+03    1.13168e+02    4.29737e+03    6.98823e+00
          LJ-14     Coulomb-14        LJ (SR)   Coulomb (SR)   Coul. recip.
    1.81405e+02    4.89013e+01    1.47409e+05   -9.19957e+05    2.28598e+03
      Potential    Kinetic En.   Total Energy  Conserved En.    Temperature
   -7.61800e+05    1.30756e+05   -6.31044e+05   -6.32875e+05    2.99113e+02
 Pressure (bar)
    1.17535e+02

           Step           Time
          14600        7.30000

   Energies (kJ/mol)
           Bond          Angle    Proper Dih.  Improper Dih. Per. Imp. Dih.
    2.23481e+03    1.51985e+03    9.96940e+01    4.31841e+03    8.09480e+00
          LJ-14     Coulomb-14        LJ (SR)   Coulomb (SR)   Coul. recip.
    1.80334e+02    5.03534e+01    1.46388e+05   -9.19802e+05    2.33707e+03
      Potential    Kinetic En.   Total Energy  Conserved En.    Temperature
   -7.62665e+05    1.31399e+05   -6.31266e+05   -6.32872e+05    3.00585e+02
 Pressure (bar)
   -4.16602e+01

           Step           Time
          14800        7.40000

   Energies (kJ/mol)
           Bond          Angle    Proper Dih.  Improper Dih. Per. Imp. Dih.
    2.28470e+03    1.60007e+03    1.11080e+02    4.27451e+03    7.86265e+00
          LJ-14     Coulomb-14        LJ (SR)   Coulomb (SR)   Coul. recip.
    1.77770e+02    5.04088e+01    1.47442e+05   -9.20808e+05    2.30402e+03
      Potential    Kinetic En.   Total Energy  Conserved En.    Temperature
   -7.62555e+05    1.31133e+05   -6.31421e+05   -6.32867e+05    2.99977e+02
 Pressure (bar)
   -4.25162e+01

           Step           Time
          15000        7.50000

   Energies (kJ/mol)
           Bond          Angle    Proper Dih.  Improper Dih. Per. Imp. Dih.
    2.29951e+03    1.59737e+03    1.11961e+02    4.33262e+03    7.11282e+00
          LJ-14     Coulomb-14        LJ (SR)   Coulomb (SR)   Coul. recip.
    1.72872e+02    5.27230e+01    1.49578e+05   -9.23139e+05    2.29119e+03
      Potential    Kinetic En.   Total Energy  Conserved En.    Temperature
   -7.62696e+05    1.31291e+05   -6.31405e+05   -6.32862e+05    3.00337e+02
 Pressure (bar)
    2.01148e+02

           Step           Time
          15200        7.60000

   Energies (kJ/mol)
           Bond          Angle    Proper Dih.  Improper Dih. Per. Imp. Dih.
    2.28445e+03    1.58020e+03    9.57563e+01    4.28703e+03    7.37249e+00
          LJ-14     Coulomb-14        LJ (SR)   Coulomb (SR)   Coul. recip.
    1.81104e+02    5.06183e+01    1.47874e+05   -9.20918e+05    2.31212e+03
      Potential    Kinetic En.   Total Energy  Conserved En.    Temperature
   -7.62245e+05    1.30756e+05   -6.31489e+05   -6.32858e+05    2.99113e+02
 Pressure (bar)
    9.88842e+01

           Step           Time
          15400        7.70000

   Energies (kJ/mol)
           Bond          Angle    Proper Dih.  Improper Dih. Per. Imp. Dih.
    2.24601e+03    1.57883e+03    1.00656e+02    4.31704e+03    8.71626e+00
          LJ-14     Coulomb-14        LJ (SR)   Coulomb (SR)   Coul. recip.
    1.76494e+02    4.96544e+01    1.48166e+05   -9.20336e+05    2.35439e+03
      Potential    Kinetic En.   Total Energy  Conserved En.    Temperature
   -7.61338e+05    1.30296e+05   -6.31043e+05   -6.32853e+05    2.98060e+02
 Pressure (bar)
    2.13851e+02

           Step           Time
          15600        7.80000

   Energies (kJ/mol)
           Bond          Angle    Proper Dih.  Improper Dih. Per. Imp. Dih.
    2.23111e+03    1.50404e+03    9.01947e+01    4.33048e+03    7.27954e+00
          LJ-14     Coulomb-14        LJ (SR)   Coulomb (SR)   Coul. recip.
    1.89687e+02    5.03034e+01    1.45985e+05   -9.18200e+05    2.22734e+03
      Potential    Kinetic En.   Total Energy  Conserved En.    Temperature
   -7.61585e+05    1.30706e+05   -6.30878e+05   -6.32850e+05    2.99000e+02
 Pressure (bar)
   -1.74565e+01

           Step           Time
          15800        7.90000

   Energies (kJ/mol)
           Bond          Angle    Proper Dih.  Improper Dih. Per. Imp. Dih.
    2.29106e+03    1.65076e+03    1.07445e+02    4.37719e+03    7.25850e+00
          LJ-14     Coulomb-14        LJ (SR)   Coulomb (SR)   Coul. recip.
    1.80739e+02    4.86011e+01    1.46837e+05   -9.19593e+05    2.29777e+03
      Potential    Kinetic En.   Total Energy  Conserved En.    Temperature
   -7.61795e+05    1.30912e+05   -6.30882e+05   -6.32842e+05    2.99471e+02
 Pressure (bar)
    2.66094e+01

           Step           Time
          16000        8.00000

   Energies (kJ/mol)
           Bond          Angle    Proper Dih.  Improper Dih. Per. Imp. Dih.
    2.28379e+03    1.63522e+03    9.87812e+01    4.34547e+03    7.86321e+00
          LJ-14     Coulomb-14        LJ (SR)   Coulomb (SR)   Coul. recip.
    1.83099e+02    4.95013e+01    1.47020e+05   -9.19454e+05    2.29268e+03
      Potential    Kinetic En.   Total Energy  Conserved En.    Temperature
   -7.61538e+05    1.30727e+05   -6.30810e+05   -6.32838e+05    2.99047e+02
 Pressure (bar)
    4.77233e+01

           Step           Time
          16200        8.10000

   Energies (kJ/mol)
           Bond          Angle    Proper Dih.  Improper Dih. Per. Imp. Dih.
    2.26832e+03    1.56396e+03    1.05626e+02    4.27103e+03    8.61273e+00
          LJ-14     Coulomb-14        LJ (SR)   Coulomb (SR)   Coul. recip.
    1.78508e+02    5.19025e+01    1.47633e+05   -9.20716e+05    2.31569e+03
      Potential    Kinetic En.   Total Energy  Conserved En.    Temperature
   -7.62319e+05    1.31653e+05   -6.30666e+05   -6.32838e+05    3.01165e+02
 Pressure (bar)
    8.32038e+01

           Step           Time
          16400        8.20000

   Energies (kJ/mol)
           Bond          Angle    Proper Dih.  Improper Dih. Per. Imp. Dih.
    2.33336e+03    1.60855e+03    1.11663e+02    4.31865e+03    7.10014e+00
          LJ-14     Coulomb-14        LJ (SR)   Coulomb (SR)   Coul. recip.
    1.72347e+02    5.11464e+01    1.45955e+05   -9.18684e+05    2.27112e+03
      Potential    Kinetic En.   Total Energy  Conserved En.    Temperature
   -7.61855e+05    1.31226e+05   -6.30629e+05   -6.32832e+05    3.00188e+02
 Pressure (bar)
   -1.19755e+02

           Step           Time
          16600        8.30000

   Energies (kJ/mol)
           Bond          Angle    Proper Dih.  Improper Dih. Per. Imp. Dih.
    2.25529e+03    1.58468e+03    1.13709e+02    4.28475e+03    6.32916e+00
          LJ-14     Coulomb-14        LJ (SR)   Coulomb (SR)   Coul. recip.
    1.88005e+02    4.92488e+01    1.47507e+05   -9.19269e+05    2.28873e+03
      Potential    Kinetic En.   Total Energy  Conserved En.    Temperature
   -7.60991e+05    1.30600e+05   -6.30391e+05   -6.32827e+05    2.98757e+02
 Pressure (bar)
    1.56780e+02

           Step           Time
          16800        8.40000

   Energies (kJ/mol)
           Bond          Angle    Proper Dih.  Improper Dih. Per. Imp. Dih.
    2.23859e+03    1.60549e+03    1.15050e+02    4.35968e+03    9.38481e+00
          LJ-14     Coulomb-14        LJ (SR)   Coulomb (SR)   Coul. recip.
    1.67416e+02    5.10469e+01    1.47203e+05   -9.20316e+05    2.35838e+03
      Potential    Kinetic En.   Total Energy  Conserved En.    Temperature
   -7.62208e+05    1.31938e+05   -6.30270e+05   -6.32823e+05    3.01817e+02
 Pressure (bar)
    5.17311e+01

           Step           Time
          17000        8.50000

   Energies (kJ/mol)
           Bond          Angle    Proper Dih.  Improper Dih. Per. Imp. Dih.
    2.25789e+03    1.61617e+03    1.02170e+02    4.35086e+03    8.75620e+00
          LJ-14     Coulomb-14        LJ (SR)   Coulomb (SR)   Coul. recip.
    1.86819e+02    4.83897e+01    1.46920e+05   -9.19658e+05    2.35225e+03
      Potential    Kinetic En.   Total Energy  Conserved En.    Temperature
   -7.61815e+05    1.30954e+05   -6.30861e+05   -6.32819e+05    2.99567e+02
 Pressure (bar)
    6.75198e+01

           Step           Time
          17200        8.60000

   Energies (kJ/mol)
           Bond          Angle    Proper Dih.  Improper Dih. Per. Imp. Dih.
    2.26135e+03    1.53085e+03    9.20496e+01    4.39107e+03    6.17734e+00
          LJ-14     Coulomb-14        LJ (SR)   Coulomb (SR)   Coul. recip.
    1.79216e+02    4.76497e+01    1.45616e+05   -9.18668e+05    2.34794e+03
      Potential    Kinetic En.   Total Energy  Conserved En.    Temperature
   -7.62196e+05    1.31225e+05   -6.30970e+05   -6.32815e+05    3.00187e+02
 Pressure (bar)
   -9.88124e+01

           Step           Time
          17400        8.70000

   Energies (kJ/mol)
           Bond          Angle    Proper Dih.  Improper Dih. Per. Imp. Dih.
    2.32832e+03    1.52989e+03    1.04490e+02    4.32859e+03    9.00847e+00
          LJ-14     Coulomb-14        LJ (SR)   Coulomb (SR)   Coul. recip.
    1.80591e+02    4.97604e+01    1.46338e+05   -9.19571e+05    2.20975e+03
      Potential    Kinetic En.   Total Energy  Conserved En.    Temperature
   -7.62492e+05    1.31370e+05   -6.31123e+05   -6.32811e+05    3.00517e+02
 Pressure (bar)
   -7.17452e+01

           Step           Time
          17600        8.80000

   Energies (kJ/mol)
           Bond          Angle    Proper Dih.  Improper Dih. Per. Imp. Dih.
    2.35273e+03    1.59109e+03    1.00816e+02    4.30438e+03    7.20192e+00
          LJ-14     Coulomb-14        LJ (SR)   Coulomb (SR)   Coul. recip.
    1.83569e+02    4.90095e+01    1.47213e+05   -9.20344e+05    2.32228e+03
      Potential    Kinetic En.   Total Energy  Conserved En.    Temperature
   -7.62220e+05    1.30993e+05   -6.31227e+05   -6.32806e+05    2.99655e+02
 Pressure (bar)
   -3.20285e+01

           Step           Time
          17800        8.90000

   Energies (kJ/mol)
           Bond          Angle    Proper Dih.  Improper Dih. Per. Imp. Dih.
    2.41307e+03    1.56882e+03    1.21919e+02    4.30306e+03    9.97652e+00
          LJ-14     Coulomb-14        LJ (SR)   Coulomb (SR)   Coul. recip.
    1.73924e+02    5.09687e+01    1.46159e+05   -9.19652e+05    2.41696e+03
      Potential    Kinetic En.   Total Energy  Conserved En.    Temperature
   -7.62434e+05    1.31349e+05   -6.31086e+05   -6.32800e+05    3.00469e+02
 Pressure (bar)
   -1.73779e+02

           Step           Time
          18000        9.00000

   Energies (kJ/mol)
           Bond          Angle    Proper Dih.  Improper Dih. Per. Imp. Dih.
    2.36711e+03    1.61583e+03    9.92105e+01    4.32361e+03    9.19980e+00
          LJ-14     Coulomb-14        LJ (SR)   Coulomb (SR)   Coul. recip.
    1.80541e+02    4.94982e+01    1.49839e+05   -9.22434e+05    2.34541e+03
      Potential    Kinetic En.   Total Energy  Conserved En.    Temperature
   -7.61605e+05    1.30582e+05   -6.31023e+05   -6.32796e+05    2.98714e+02
 Pressure (bar)
    2.83126e+02

           Step           Time
          18200        9.10000

   Energies (kJ/mol)
           Bond          Angle    Proper Dih.  Improper Dih. Per. Imp. Dih.
    2.27760e+03    1.57488e+03    1.06221e+02    4.34894e+03    8.83747e+00
          LJ-14     Coulomb-14        LJ (SR)   Coulomb (SR)   Coul. recip.
    1.83406e+02    4.80547e+01    1.46849e+05   -9.20053e+05    2.36800e+03
      Potential    Kinetic En.   Total Energy  Conserved En.    Temperature
   -7.62287e+05    1.31118e+05   -6.31170e+05   -6.32793e+05    2.99941e+02
 Pressure (bar)
    4.43942e+01

           Step           Time
          18400        9.20000

   Energies (kJ/mol)
           Bond          Angle    Proper Dih.  Improper Dih. Per. Imp. Dih.
    2.28535e+03    1.56466e+03    1.11667e+02    4.32356e+03    9.51308e+00
          LJ-14     Coulomb-14        LJ (SR)   Coulomb (SR)   Coul. recip.
    1.71465e+02    4.84531e+01    1.48256e+05   -9.21732e+05    2.35625e+03
      Potential    Kinetic En.   Total Energy  Conserved En.    Temperature
   -7.62606e+05    1.31522e+05   -6.31084e+05   -6.32790e+05    3.00865e+02
 Pressure (bar)
    1.50632e+02

           Step           Time
          18600        9.30000

   Energies (kJ/mol)
           Bond          Angle    Proper Dih.  Improper Dih. Per. Imp. Dih.
    2.24932e+03    1.62423e+03    1.26653e+02    4.35441e+03    8.50168e+00
          LJ-14     Coulomb-14        LJ (SR)   Coulomb (SR)   Coul. recip.
    1.84990e+02    4.73183e+01    1.47314e+05   -9.20686e+05    2.36060e+03
      Potential    Kinetic En.   Total Energy  Conserved En.    Temperature
   -7.62416e+05    1.31426e+05   -6.30990e+05   -6.32783e+05    3.00647e+02
 Pressure (bar)
    6.68622e+01

           Step           Time
          18800        9.40000

   Energies (kJ/mol)
           Bond          Angle    Proper Dih.  Improper Dih. Per. Imp. Dih.
    2.25523e+03    1.64037e+03    1.10067e+02    4.36851e+03    7.76218e+00
          LJ-14     Coulomb-14        LJ (SR)   Coulomb (SR)   Coul. recip.
    1.69992e+02    4.89950e+01    1.47808e+05   -9.21275e+05    2.29795e+03
      Potential    Kinetic En.   Total Energy  Conserved En.    Temperature
   -7.62569e+05    1.31676e+05   -6.30893e+05   -6.32780e+05    3.01217e+02
 Pressure (bar)
    7.26444e+01

           Step           Time
          19000        9.50000

   Energies (kJ/mol)
           Bond          Angle    Proper Dih.  Improper Dih. Per. Imp. Dih.
    2.21985e+03    1.64338e+03    1.02550e+02    4.28971e+03    9.12454e+00
          LJ-14     Coulomb-14        LJ (SR)   Coulomb (SR)   Coul. recip.
    1.85329e+02    5.20150e+01    1.46967e+05   -9.20529e+05    2.31185e+03
      Potential    Kinetic En.   Total Energy  Conserved En.    Temperature
   -7.62748e+05    1.31487e+05   -6.31261e+05   -6.32776e+05    3.00786e+02
 Pressure (bar)
    2.56920e+01

           Step           Time
          19200        9.60000

   Energies (kJ/mol)
           Bond          Angle    Proper Dih.  Improper Dih. Per. Imp. Dih.
    2.34068e+03    1.58323e+03    1.03457e+02    4.35246e+03    9.45542e+00
          LJ-14     Coulomb-14        LJ (SR)   Coulomb (SR)   Coul. recip.
    1.78975e+02    5.04926e+01    1.46982e+05   -9.19900e+05    2.27131e+03
      Potential    Kinetic En.   Total Energy  Conserved En.    Temperature
   -7.62027e+05    1.30829e+05   -6.31199e+05   -6.32770e+05    2.99279e+02
 Pressure (bar)
   -3.55523e+01

           Step           Time
          19400        9.70000

   Energies (kJ/mol)
           Bond          Angle    Proper Dih.  Improper Dih. Per. Imp. Dih.
    2.31479e+03    1.56793e+03    1.10739e+02    4.33893e+03    7.10415e+00
          LJ-14     Coulomb-14        LJ (SR)   Coulomb (SR)   Coul. recip.
    1.75536e+02    4.87804e+01    1.47852e+05   -9.20884e+05    2.24642e+03
      Potential    Kinetic En.   Total Energy  Conserved En.    Temperature
   -7.62222e+05    1.31446e+05   -6.30776e+05   -6.32767e+05    3.00691e+02
 Pressure (bar)
    3.46610e+01

           Step           Time
          19600        9.80000

   Energies (kJ/mol)
           Bond          Angle    Proper Dih.  Improper Dih. Per. Imp. Dih.
    2.24516e+03    1.59990e+03    1.06452e+02    4.33107e+03    7.86838e+00
          LJ-14     Coulomb-14        LJ (SR)   Coulomb (SR)   Coul. recip.
    1.88062e+02    5.06150e+01    1.48026e+05   -9.21187e+05    2.28960e+03
      Potential    Kinetic En.   Total Energy  Conserved En.    Temperature
   -7.62342e+05    1.31420e+05   -6.30922e+05   -6.32762e+05    3.00633e+02
 Pressure (bar)
    1.77630e+02

           Step           Time
          19800        9.90000

   Energies (kJ/mol)
           Bond          Angle    Proper Dih.  Improper Dih. Per. Imp. Dih.
    2.18734e+03    1.63802e+03    1.28227e+02    4.32970e+03    8.89241e+00
          LJ-14     Coulomb-14        LJ (SR)   Coulomb (SR)   Coul. recip.
    1.71163e+02    4.70892e+01    1.45954e+05   -9.19503e+05    2.36850e+03
      Potential    Kinetic En.   Total Energy  Conserved En.    Temperature
   -7.62670e+05    1.31822e+05   -6.30848e+05   -6.32759e+05    3.01553e+02
 Pressure (bar)
   -3.56575e+01

           Step           Time
          20000       10.00000

Writing checkpoint, step 20000 at Mon Jul  6 13:37:36 2026


   Energies (kJ/mol)
           Bond          Angle    Proper Dih.  Improper Dih. Per. Imp. Dih.
    2.27660e+03    1.58848e+03    1.30825e+02    4.31563e+03    1.01248e+01
          LJ-14     Coulomb-14        LJ (SR)   Coulomb (SR)   Coul. recip.
    1.88997e+02    4.79554e+01    1.47933e+05   -9.21194e+05    2.29860e+03
      Potential    Kinetic En.   Total Energy  Conserved En.    Temperature
   -7.62404e+05    1.31636e+05   -6.30768e+05   -6.32755e+05    3.01126e+02
 Pressure (bar)
    1.30015e+02


Energy conservation over simulation part #1 of length 10 ps, time 0 to 10 ps
  Conserved energy drift: 6.39e-04 kJ/mol/ps per atom


	<======  ###############  ==>
	<====  A V E R A G E S  ====>
	<==  ###############  ======>

	Statistics over 20001 steps using 201 frames

   Energies (kJ/mol)
           Bond          Angle    Proper Dih.  Improper Dih. Per. Imp. Dih.
    2.26135e+03    1.54159e+03    9.42850e+01    4.29858e+03    6.84653e+00
          LJ-14     Coulomb-14        LJ (SR)   Coulomb (SR)   Coul. recip.
    1.79504e+02    4.95568e+01    1.47067e+05   -9.19947e+05    2.32329e+03
      Potential    Kinetic En.   Total Energy  Conserved En.    Temperature
   -7.62125e+05    1.31027e+05   -6.31098e+05   -6.32973e+05    2.99733e+02
 Pressure (bar)
    2.43042e+01

   Total Virial (kJ/mol)
    4.30992e+04   -4.68218e+01   -1.21805e+02
   -5.03130e+01    4.36073e+04    2.67763e+02
   -1.12188e+02    2.79286e+02    4.31179e+04

   Pressure (bar)
    3.66501e+01    5.79633e-01    7.47957e+00
    7.91311e-01    7.35570e+00   -1.54008e+01
    6.89651e+00   -1.60994e+01    2.89068e+01


	M E G A - F L O P S   A C C O U N T I N G

 NB=Group-cutoff nonbonded kernels    NxN=N-by-N cluster Verlet kernels
 RF=Reaction-Field  VdW=Van der Waals  QSTab=quadratic-spline table
 W3=SPC/TIP3p  W4=TIP4p (single or pairs)
 V&F=Potential and force  V=Potential only  F=Force only

 Computing:                               M-Number         M-Flops  % Flops
-----------------------------------------------------------------------------
 Pair Search distance check            7455.079872       67095.719     0.1
 NxN Ewald Elec. + LJ [F]            554510.834064    36597715.048    48.7
 NxN Ewald Elec. + LJ [V&F]            5629.114896      602315.294     0.8
 NxN LJ [F]                           18589.874688      613465.865     0.8
 NxN LJ [V&F]                           188.711328        8114.587     0.0
 NxN Ewald Elec. [F]                 550714.790736    33593602.235    44.7
 NxN Ewald Elec. [V&F]                 5590.564688      469607.434     0.6
 1,4 nonbonded interactions               5.120256         460.823     0.0
 Calc Weights                          4099.404960      147578.579     0.2
 Spread Q Bspline                     87453.972480      174907.945     0.2
 Gather F Bspline                     87453.972480      524723.835     0.7
 3D-FFT                              253138.016268     2025104.130     2.7
 Solve PME                             3522.736128      225455.112     0.3
 Reset In Box                            13.664000          40.992     0.0
 CG-CoM                                  13.732320          41.197     0.0
 Bonds                                   51.522576        3039.832     0.0
 Angles                                 101.045052       16975.569     0.0
 Propers                                  6.080304        1392.390     0.0
 Impropers                               33.681684        7005.790     0.0
 Virial                                  13.741365         247.345     0.0
 Stop-CM                                 13.732320         137.323     0.0
 Calc-Ekin                               27.464640         741.545     0.0
 Constraint-V                           998.089902        8982.809     0.0
 Constraint-Vir                          10.030302         240.727     0.0
 Settle                                 332.696634      123097.755     0.2
 Virtual Site 3                         336.040068       12433.483     0.0
-----------------------------------------------------------------------------
 Total                                                75224523.361   100.0
-----------------------------------------------------------------------------


    D O M A I N   D E C O M P O S I T I O N   S T A T I S T I C S

 av. #atoms communicated per step for force:  2 x 0.0


      R E A L   C Y C L E   A N D   T I M E   A C C O U N T I N G

On 1 MPI rank, each using 12 OpenMP threads

 Activity:              Num   Num      Call    Wall time         Giga-Cycles
                        Ranks Threads  Count      (s)         total sum    %
--------------------------------------------------------------------------------
 Domain decomp.            1   12        200       1.032         32.099   0.3
 Vsite constr.             1   12      20001       0.723         22.488   0.2
 Neighbor search           1   12        201       4.199        130.620   1.2
 Force                     1   12      20001     277.307       8625.251  79.7
 PME mesh                  1   12      20001      53.686       1669.835  15.4
 NB X/F buffer ops.        1   12      40002       3.730        116.016   1.1
 Vsite spread              1   12      20202       1.036         32.225   0.3
 Write traj.               1   12        101       0.711         22.126   0.2
 Update                    1   12      20001       3.276        101.897   0.9
 Constraints               1   12      20001       1.705         53.040   0.5
 Kinetic energy            1   12        401       0.044          1.370   0.0
 Rest                                              0.340         10.561   0.1
--------------------------------------------------------------------------------
 Total                                           347.790      10817.528 100.0
--------------------------------------------------------------------------------
 Breakdown of PME mesh activities
--------------------------------------------------------------------------------
 PME spread                1   12      20001      21.546        670.165   6.2
 PME gather                1   12      20001      12.872        400.362   3.7
 PME 3D-FFT                1   12      40002      17.970        558.929   5.2
 PME solve Elec            1   12      20001       1.212         37.712   0.3
--------------------------------------------------------------------------------

               Core t (s)   Wall t (s)        (%)
       Time:     4173.476      347.790     1200.0
                 (ns/day)    (hour/ns)
Performance:        2.484        9.660
Finished mdrun on rank 0 Mon Jul  6 13:37:36 2026

