                      :-) GROMACS - gmx grompp, 2025.4 (-:

Executable:   /usr/local/gromacs/bin/gmx
Data prefix:  /usr/local/gromacs
Working dir:  /Users/alejandro/projects/Multiscale-Simulation-Project/Microtubule_Inspired_Phase0/runs/phase1A/day023_confinement_design/15_r2_frozen_solute_nvt_20ps_preparation
Command line:
  gmx grompp -f /Users/alejandro/projects/Multiscale-Simulation-Project/Microtubule_Inspired_Phase0/runs/phase1A/day023_confinement_design/15_r2_frozen_solute_nvt_20ps_preparation/r2_frozen_solute_nvt_20ps.mdp -c /Users/alejandro/projects/Multiscale-Simulation-Project/Microtubule_Inspired_Phase0/runs/phase1A/day023_confinement_design/15_r2_frozen_solute_nvt_20ps_preparation/r2_frozen_solute_nvt_20ps_input.gro -p /Users/alejandro/projects/Multiscale-Simulation-Project/Microtubule_Inspired_Phase0/runs/phase1A/day023_confinement_design/15_r2_frozen_solute_nvt_20ps_preparation/r2_frozen_solute_nvt_20ps.top -n /Users/alejandro/projects/Multiscale-Simulation-Project/Microtubule_Inspired_Phase0/runs/phase1A/day023_confinement_design/15_r2_frozen_solute_nvt_20ps_preparation/r2_frozen_solute_nvt_20ps.ndx -o /Users/alejandro/projects/Multiscale-Simulation-Project/Microtubule_Inspired_Phase0/runs/phase1A/day023_confinement_design/15_r2_frozen_solute_nvt_20ps_preparation/r2_frozen_solute_nvt_20ps_probe.tpr -po /Users/alejandro/projects/Multiscale-Simulation-Project/Microtubule_Inspired_Phase0/runs/phase1A/day023_confinement_design/15_r2_frozen_solute_nvt_20ps_preparation/r2_frozen_solute_nvt_20ps_processed.mdp -maxwarn 0

Generating 1-4 interactions: fudge = 0.5

NOTE 1 [file r2_frozen_solute_nvt_20ps.top, line 11308]:
  In moleculetype 'CAPL' 144 atoms are not bound by a potential or
  constraint to any other atom in the same moleculetype. Although
  technically this might not cause issues in a simulation, this often means
  that the user forgot to add a bond/potential/constraint or put multiple
  molecules in the same moleculetype definition by mistake. Run with -v to
  get information for each atom.


NOTE 2 [file r2_frozen_solute_nvt_20ps.top, line 11308]:
  In moleculetype 'CAPU' 144 atoms are not bound by a potential or
  constraint to any other atom in the same moleculetype. Although
  technically this might not cause issues in a simulation, this often means
  that the user forgot to add a bond/potential/constraint or put multiple
  molecules in the same moleculetype definition by mistake. Run with -v to
  get information for each atom.


NOTE 3 [file /Users/alejandro/projects/Multiscale-Simulation-Project/Microtubule_Inspired_Phase0/runs/phase1A/day023_confinement_design/15_r2_frozen_solute_nvt_20ps_preparation/r2_frozen_solute_nvt_20ps.mdp]:
  2072 atoms are not part of any of the VCM groups

Number of degrees of freedom in T-Coupling group SOL is 99387.00
Number of degrees of freedom in T-Coupling group HBN_PYR is 0.00
Number of degrees of freedom in T-Coupling group CAPS is 0.00

WARNING 1 [file /Users/alejandro/projects/Multiscale-Simulation-Project/Microtubule_Inspired_Phase0/runs/phase1A/day023_confinement_design/15_r2_frozen_solute_nvt_20ps_preparation/r2_frozen_solute_nvt_20ps.mdp]:
  Some temperature coupling groups do not use temperature coupling. We will
  assume their temperature is not more than 300.000 K. If their temperature
  is higher, the energy error and the Verlet buffer might be
  underestimated.


There were 3 NOTEs

There was 1 WARNING

-------------------------------------------------------
Program:     gmx grompp, version 2025.4
Source file: src/gromacs/gmxpreprocess/grompp.cpp (line 2898)

Fatal error:
Too many warnings (1).
If you are sure all warnings are harmless, use the -maxwarn option.

For more information and tips for troubleshooting, please check the GROMACS
website at https://manual.gromacs.org/current/user-guide/run-time-errors.html
-------------------------------------------------------
Setting the LD random seed to 532667759

Generated 35 of the 36 non-bonded parameter combinations

Generated 36 of the 36 1-4 parameter combinations

Excluding 1 bonded neighbours molecule type 'HBN'

turning H bonds into constraints...

Excluding 3 bonded neighbours molecule type 'PYR'

turning H bonds into constraints...

Excluding 2 bonded neighbours molecule type 'SOL'

turning H bonds into constraints...

Excluding 0 bonded neighbours molecule type 'CAPL'

turning H bonds into constraints...

Excluding 0 bonded neighbours molecule type 'CAPU'

turning H bonds into constraints...

Velocities were taken from a Maxwell distribution at 300 K

Cleaning up constraints and constant bonded interactions with virtual sites

The largest distance between excluded atoms is 0.387 nm between atom 1760 and 1774

Determining Verlet buffer for a tolerance of 0.005 kJ/mol/ps at 300 K

Calculated rlist for 1x1 atom pair-list as 1.215 nm, buffer size 0.015 nm

Set rlist, assuming 4x4 atom pair-list, to 1.200 nm, buffer size 0.000 nm

Note that mdrun will redetermine rlist based on the actual pair-list setup
Calculating fourier grid dimensions for X Y Z
Using a fourier grid of 64x64x84, spacing 0.116 0.116 0.119

Estimate for the relative computational load of the PME mesh part: 0.14

This run will generate roughly 20 Mb of data
