                      :-) GROMACS - gmx mdrun, 2025.4 (-:

Executable:   /usr/local/gromacs/bin/gmx
Data prefix:  /usr/local/gromacs
Working dir:  /Users/alejandro/projects/Multiscale-Simulation-Project/Microtubule_Inspired_Phase0/runs/phase1A/day023_confinement_design/19_r2_frozen_solute_nvt_20_to_50ps
Command line:
  gmx mdrun -s /Users/alejandro/projects/Multiscale-Simulation-Project/Microtubule_Inspired_Phase0/runs/phase1A/day023_confinement_design/18_r2_nvt_50ps_checkpoint_continuation_preparation/r2_frozen_solute_nvt_to_50ps.tpr -cpi /Users/alejandro/projects/Multiscale-Simulation-Project/Microtubule_Inspired_Phase0/runs/phase1A/day023_confinement_design/18_r2_nvt_50ps_checkpoint_continuation_preparation/r2_20ps_source_checkpoint.cpt -deffnm /Users/alejandro/projects/Multiscale-Simulation-Project/Microtubule_Inspired_Phase0/runs/phase1A/day023_confinement_design/19_r2_frozen_solute_nvt_20_to_50ps/r2_frozen_solute_nvt_20_to_50ps -noappend -ntmpi 1 -ntomp 12

Reading file /Users/alejandro/projects/Multiscale-Simulation-Project/Microtubule_Inspired_Phase0/runs/phase1A/day023_confinement_design/18_r2_nvt_50ps_checkpoint_continuation_preparation/r2_frozen_solute_nvt_to_50ps.tpr, VERSION 2025.4 (single precision)
Multiple energy groups is not implemented for GPUs, falling back to the CPU. For better performance, run on the GPU without energy groups and then do gmx mdrun -rerun option on the trajectory with an energy group .tpr file.
Changing nstlist from 20 to 100, rlist from 1.2 to 1.252


Update groups can not be used for this system because atoms that are (in)directly constrained together are interdispersed with other atoms

Using 1 MPI thread
Using 12 OpenMP threads 

starting mdrun 'h-BN fixed dummy scaffold + 4 pyrenes + TIP4P/2005 water'
100000 steps,     50.0 ps (continuing from step 40000,     20.0 ps).

Writing final coordinates.

               Core t (s)   Wall t (s)        (%)
       Time:    14003.158     1166.930     1200.0
                 (ns/day)    (hour/ns)
Performance:        2.221       10.805

GROMACS reminds you: "Right Between the Eyes" (F. Zappa)

