
===== MATCHED FROZEN CONTROL MDRUN =====
Command: /usr/local/gromacs/bin/gmx mdrun -deffnm matched_frozen_control_144ps

                      :-) GROMACS - gmx mdrun, 2025.4 (-:

Executable:   /usr/local/gromacs/bin/gmx
Data prefix:  /usr/local/gromacs
Working dir:  /Users/alejandro/projects/Multiscale-Simulation-Project/Microtubule_Inspired_Phase0/runs/phase1A/day021_mobile_restraint_protocol/matched_frozen_control_144ps/execution
Command line:
  gmx mdrun -deffnm matched_frozen_control_144ps

Reading file matched_frozen_control_144ps.tpr, VERSION 2025.4 (single precision)
Changing nstlist from 20 to 100, rlist from 1.2 to 1.253

Using 1 MPI thread
Using 12 OpenMP threads 

starting mdrun 'h-BN fixed dummy scaffold + 4 pyrenes + TIP4P/2005 water'
288000 steps,    144.0 ps.

Writing final coordinates.

               Core t (s)   Wall t (s)        (%)
       Time:    59771.912     4980.993     1200.0
                         1h23:00
                 (ns/day)    (hour/ns)
Performance:        2.498        9.608

GROMACS reminds you: "Jede der Scherben spiegelt das Licht" (Wir sind Helden)

Traceback (most recent call last):
  File "/Users/alejandro/projects/Multiscale-Simulation-Project/Microtubule_Inspired_Phase0/scripts/phase1A/run_day022_matched_frozen_control_144ps.py", line 1184, in <module>
    main()
  File "/Users/alejandro/projects/Multiscale-Simulation-Project/Microtubule_Inspired_Phase0/scripts/phase1A/run_day022_matched_frozen_control_144ps.py", line 869, in main
    run_xtc_check(
  File "/Users/alejandro/projects/Multiscale-Simulation-Project/Microtubule_Inspired_Phase0/scripts/phase1A/run_day022_matched_frozen_control_144ps.py", line 506, in run_xtc_check
    raise RuntimeError(
RuntimeError: Could not parse XTC frame count or final time
