Starting R1 checkpoint continuation from 20 to 50 ps.
The exact 20 ps checkpoint will be used; velocities will not be regenerated.
Expected remaining steps / duration: 60000 / 30.0 ps
                      :-) GROMACS - gmx mdrun, 2025.4 (-:

Executable:   /usr/local/gromacs/bin/gmx
Data prefix:  /usr/local/gromacs
Working dir:  /Users/alejandro/projects/Multiscale-Simulation-Project/Microtubule_Inspired_Phase0/runs/phase1A/day023_confinement_design/11_r1_frozen_solute_nvt_20_to_50ps
Command line:
  gmx mdrun -s /Users/alejandro/projects/Multiscale-Simulation-Project/Microtubule_Inspired_Phase0/runs/phase1A/day023_confinement_design/10_r1_nvt_50ps_checkpoint_continuation_preparation/r1_frozen_solute_nvt_to_50ps.tpr -cpi /Users/alejandro/projects/Multiscale-Simulation-Project/Microtubule_Inspired_Phase0/runs/phase1A/day023_confinement_design/10_r1_nvt_50ps_checkpoint_continuation_preparation/r1_20ps_source_checkpoint.cpt -deffnm /Users/alejandro/projects/Multiscale-Simulation-Project/Microtubule_Inspired_Phase0/runs/phase1A/day023_confinement_design/11_r1_frozen_solute_nvt_20_to_50ps/r1_frozen_solute_nvt_20_to_50ps -noappend -ntmpi 1 -ntomp 4

Reading file /Users/alejandro/projects/Multiscale-Simulation-Project/Microtubule_Inspired_Phase0/runs/phase1A/day023_confinement_design/10_r1_nvt_50ps_checkpoint_continuation_preparation/r1_frozen_solute_nvt_to_50ps.tpr, VERSION 2025.4 (single precision)
Multiple energy groups is not implemented for GPUs, falling back to the CPU. For better performance, run on the GPU without energy groups and then do gmx mdrun -rerun option on the trajectory with an energy group .tpr file.
Changing nstlist from 20 to 100, rlist from 1.2 to 1.252


Using 1 MPI thread
Using 4 OpenMP threads 

starting mdrun 'h-BN fixed dummy scaffold + 4 pyrenes + TIP4P/2005 water'
100000 steps,     50.0 ps (continuing from step 40000,     20.0 ps).

Writing final coordinates.

               Core t (s)   Wall t (s)        (%)
       Time:     6858.200     1714.550      400.0
                 (ns/day)    (hour/ns)
Performance:        1.512       15.875

GROMACS reminds you: "Keep Your Shoes and Socks On, People" (F. Zappa)

Traceback (most recent call last):
  File "/Users/alejandro/projects/Multiscale-Simulation-Project/Microtubule_Inspired_Phase0/scripts/phase1A/run_and_validate_day023_r1_nvt_checkpoint_continuation_to_50ps.py", line 3028, in <module>
    main()
  File "/Users/alejandro/projects/Multiscale-Simulation-Project/Microtubule_Inspired_Phase0/scripts/phase1A/run_and_validate_day023_r1_nvt_checkpoint_continuation_to_50ps.py", line 1663, in main
    minimum_cap_water_distance(
TypeError: 'float' object is not callable
