========================================================================================================================
PHASE5-F45C — FINAL M5 OPEN-SYSTEM DYNAMICS / FEASIBILITY SYNTHESIS
INPUT=F45A_FROZEN_BRIGHT4_TDCAC_21_FRAME_ENSEMBLE
========================================================================================================================

[1] COHERENT DYNAMICS
------------------------------------------------------------------------------------------------------------------------
# Day019 quasi-static coherent bright-state dynamics

## Protocol

- Twenty-one solvent snapshots were propagated independently as frozen Hamiltonian realizations.
- Exact unitary propagation was used; no numerical time integrator or interpolation between solvent frames was introduced.
- Propagation interval: 0-20.000 ps.
- Output interval: 0.005 ps.
- Initial conditions: one localized excitation on each of the four bright local states.
- Compared models: point-transition-dipole and TDC-AC finite-size-corrected bright Hamiltonians.

## Numerical validation

- Maximum population-norm error: 3.553e-15.
- Frames per model and initial condition: 21/21.
- Maximum absolute difference between ensemble-mean point and corrected populations: 5.124317e-02.
- Difference maximum context: initial PYR2_bright, target PYR2_bright, time 16.915 ps.

## Corrected-model ensemble summary

| Initial state | Minimum ensemble survival | Time (ps) | Mean diagonal-ensemble survival |
|---|---:|---:|---:|
| PYR2_bright | 0.873483 | 5.805 | 0.919967 |
| PYR3_bright | 0.856748 | 17.145 | 0.903037 |
| PYR4_bright | 0.905243 | 8.415 | 0.939477 |
| PYR5_bright | 0.999914 | 0.020 | 0.999955 |

## PYR5 coherent-accessibility audit

- Maximum ensemble-mean PYR5 population from a PYR2/PYR3/PYR4 localized initial excitation: 8.200093e-05.
- Maximum mean diagonal-ensemble PYR5 population from those three initial conditions: 4.179469e-05.
- Maximum PYR5 population in any individual snapshot from a high-energy initial state: 1.083852e-04 (initial PYR4_bright, frame 014).

The large PYR5 energy offset suppresses direct coherent transfer into PYR5 in the present closed-system model. This result does not exclude bath-assisted downhill relaxation, which is absent from unitary propagation.

## Interpretation boundary

Damping of ensemble-averaged oscillations in this analysis is inhomogeneous dephasing caused by averaging over static Hamiltonian realizations. It is not a microscopic decoherence rate. The calculation contains no population relaxation, pure-dephasing operator, spectral density, or sequential 5 ps solvent dynamics. Near-resonant PYR2-PYR3-PYR4 frames can support transient coherent mixing, whereas PYR5 remains energetically isolated in the closed bright-state model.

[2] HAKEN-STROBL DEPHASING
------------------------------------------------------------------------------------------------------------------------
# Day019 Haken-Strobl pure-dephasing sensitivity

## Protocol

- Primary Hamiltonian: four-state bright TDC-AC-corrected model.
- Twenty-one solvent snapshots were propagated independently.
- Lindblad operators: `L_i = sqrt(gamma_phi) |i><i|` for each local bright state.
- Therefore each off-diagonal density-matrix element decays directly at `gamma_phi` in the absence of the Hamiltonian.
- Gamma sweep: 0, 0.05, 0.1, 0.2, 0.5, 1, 2, 5, 10 ps^-1.
- Propagation interval: 0-20.000 ps; output interval: 0.010 ps.
- No population-relaxation operators or detailed-balance constraints were included.

## Numerical validation

- Maximum trace error: 2.005e-13.
- Maximum Hermiticity error: 1.091e-13.
- Minimum sampled density-matrix eigenvalue: -2.801e-14.
- Gamma=0 maximum population error versus the accepted coherent trajectories: 5.778e-13.
- Overall numerical validation: PASS.

## Aggregate high-energy-manifold response

| gamma_phi (ps^-1) | T_phi (ps) | Mean minimum survival | Mean time-averaged survival | Mean maximum population on another PYR2-PYR4 site | Maximum PYR5 population | Integrated l1 coherence |
|---:|---:|---:|---:|---:|---:|---:|
| 0 | inf | 0.878506 | 0.920923 | 0.121480 | 8.200093e-05 | 9.943157 |
| 0.05 | 20 | 0.867697 | 0.902208 | 0.132275 | 8.683199e-05 | 8.014375 |
| 0.1 | 10 | 0.848203 | 0.885868 | 0.151752 | 1.211120e-04 | 7.014756 |
| 0.2 | 5 | 0.806033 | 0.858231 | 0.193892 | 1.940558e-04 | 5.921089 |
| 0.5 | 2 | 0.718431 | 0.799117 | 0.281402 | 4.030322e-04 | 4.507755 |
| 1 | 1 | 0.639616 | 0.738835 | 0.360067 | 7.223806e-04 | 3.523819 |
| 2 | 0.5 | 0.557209 | 0.670646 | 0.442171 | 1.300114e-03 | 2.664842 |
| 5 | 0.2 | 0.453022 | 0.577273 | 0.545455 | 2.797083e-03 | 1.728744 |
| 10 | 0.1 | 0.396392 | 0.518148 | 0.600588 | 5.000637e-03 | 1.203172 |

## Sensitivity extrema

- Gamma=0 mean maximum high-manifold transfer: 0.121480.
- Gamma maximizing mean high-manifold transfer: 10 ps^-1, with value 0.600588.
- Gamma minimizing mean time-averaged survival: 10 ps^-1, with value 0.518148.
- Largest PYR5 population anywhere in the phenomenological gamma sweep: 5.000637e-03 at gamma=10 ps^-1.

## Interpretation boundary

This calculation is a phenomenological robustness analysis. The gamma values are not extracted from the 21 solvent snapshots and are not microscopic dephasing rates. Pure dephasing can convert coherent coupling into population redistribution, but it contains no energy-selective downhill relaxation and does not enforce thermal detailed balance. Any increase of PYR5 population must therefore not be interpreted as physical bath-assisted relaxation. A subsequent relaxation model requires explicitly declared rates or a separately justified bath spectral density.

--- DEPHASING CROSSOVER TABLE ---
initial_state,gamma0_maximum_transfer_out,gamma_maximizing_transfer_out_ps_inv,maximum_transfer_out,transfer_out_change_vs_gamma0,gamma_minimizing_time_average_survival_ps_inv,minimum_time_average_survival,gamma_maximizing_other_high_population_ps_inv,maximum_other_high_population,gamma_maximizing_PYR5_population_ps_inv,maximum_PYR5_population
PYR2_bright,0.1265142513089048,10.0,0.5919478270636733,0.4654335757547685,10.0,0.5388372472090596,10.0,0.590314559245173,10.0,0.0016332678184651467
PYR3_bright,0.1432238824451243,10.0,0.6409850158192102,0.4977611333740859,10.0,0.4542875929296918,10.0,0.6385593832025555,10.0,0.0024256326166220755
PYR4_bright,0.09474472558594349,10.0,0.5778911600861545,0.483146434500211,10.0,0.5613198118549237,10.0,0.5728905229205703,10.0,0.0050006371655506926
PYR5_bright,8.553360317287151e-05,10.0,0.009059537600670575,0.008974003997497704,10.0,0.9954370648696348,10.0,0.009059537600637928,0.0,1.0

--- INITIAL-STATE SUMMARY ---
gamma_phi_ps_inv,dephasing_time_ps,initial_state,ensemble_minimum_survival_probability,time_of_ensemble_minimum_survival_ps,time_average_ensemble_survival,final_ensemble_survival,maximum_ensemble_transfer_out,maximum_ensemble_other_high_population,time_of_maximum_other_high_population_ps,maximum_ensemble_PYR5_population,time_of_maximum_PYR5_population_ps,time_average_l1_coherence,time_integrated_l1_coherence,mean_frame_minimum_survival,maximum_single_frame_transfer_out,mean_l1_coherence_at_0p5ps,mean_l1_coherence_at_1ps,mean_l1_coherence_at_2ps,mean_l1_coherence_at_5ps,mean_l1_coherence_at_10ps,mean_l1_coherence_at_20ps,maximum_ensemble_PYR2_bright,time_of_maximum_PYR2_bright_ps,time_average_PYR2_bright,final_PYR2_bright,maximum_ensemble_PYR3_bright,time_of_maximum_PYR3_bright_ps,time_average_PYR3_bright,final_PYR3_bright,maximum_ensemble_PYR4_bright,time_of_maximum_PYR4_bright_ps,time_average_PYR4_bright,final_PYR4_bright,maximum_ensemble_PYR5_bright,time_of_maximum_PYR5_bright_ps,time_average_PYR5_bright,final_PYR5_bright
0.0,inf,PYR2_bright,0.8734857486910952,5.8,0.9201368349655379,0.8820879770211928,0.1265142513089048,0.1265132622670287,5.8,1.3972719390231495e-06,10.4,0.44700718939101347,8.94229595306478,0.8454343258005969,0.9707443591358725,0.4755348559023878,0.44827536041986105,0.4256027502423816,0.3890447169736365,0.44095028241461426,0.46358132987984985,1.0,0.0,0.9201368349655379,0.8820879770211928,0.09407891199702927,5.69,0.05807734579381269,0.09225803761374889,0.0473773426475043,17.48,0.021785139503135705,0.025653024039722208,1.3972719390231495e-06,10.4,6.7973751378686e-07,9.613253363660061e-07
0.0,inf,PYR3_bright,0.8567761175548757,17.150000000000002,0.9031895802975604,0.8699532467740744,0.1432238824451243,0.14322081926290195,17.150000000000002,4.995137482389073e-06,4.16,0.6124225680245722,12.25139458751122,0.814121640734334,0.9747026480241374,0.6214758821685068,0.589569057096189,0.5656328720677267,0.5787804661366367,0.6105940545773151,0.6361997320937951,0.09407891199702913,5.69,0.05807734579381246,0.09225803761374814,1.0,0.0,0.9031895802975604,0.8699532467740744,0.06506583738319745,4.73,0.03873012209748294,0.037786286470130145,4.995137482389073e-06,4.16,2.951811144434667e-06,2.429142047356534e-06
0.0,inf,PYR4_bright,0.9052552744140565,8.42,0.9394429548313284,0.9365162228882185,0.09474472558594349,0.0947065190781706,8.42,8.200093023405862e-05,0.02,0.43168529058494787,8.63577957259266,0.886218944605437,0.9418208917445607,0.42744131353632075,0.4167426620939923,0.43331329928991413,0.4684488935873965,0.4528652453455738,0.4486184024291383,0.047377342647504025,17.48,0.021785139503135584,0.025653024039722198,0.06506583738319727,4.73,0.0387301220974827,0.03778628647012936,1.0,0.0,0.9394429548313284,0.9365162228882185,8.200093023405862e-05,0.02,4.178356805296099e-05,4.446660193009034e-05
0.0,inf,PYR5_bright,0.9999144663968271,0.02,0.9999545848832891,0.9999521429306852,8.553360317287151e-05,8.553360317289529e-05,0.02,1.0,0.0,0.015863631787522092,0.3173475450111613,0.9999092368688404,0.00011049607827540164,0.014806823737652255,0.016031174210240633,0.0169622178305392,0.01724354312826661,0.016673038368635477,0.01674541143115174,1.3972719390237056e-06,10.4,6.797375137881877e-07,9.61325336369225e-07,4.995137482387355e-06,4.16,2.9518111444366553e-06,2.429142047363638e-06,8.200093023405905e-05,0.02,4.178356805304647e-05,4.4466601930229263e-05,1.0,0.0,0.9999545848832891,0.9999521429306852
0.05,20.0,PYR2_bright,0.867798584607977,15.38,0.9037826310410673,0.8687339433253032,0.13220141539202301,0.1321993015141126,15.38,2.3202223974345877e-06,19.96,0.36303799176696117,7.2628122439704885,0.841254260183812,0.9375511289311166,0.46921974623653895,0.4362651690456512,0.4039178103454168,0.346766438536666,0.35402861567168414,0.3155942572808963,1.0,0.0,0.9037826310410673,0.8687339433253032,0.09901009384921126,20.0,0.07038439848398365,0.09901009384921126,0.044629167122128714,1.06,0.025831589014019503,0.03225367326219842,2.3202223974345877e-06,19.96,1.3814609318897756e-06,2.289563292786676e-06
0.05,20.0,PYR3_bright,0.8383258167220973,17.14,0.8791723309571169,0.8401830794429243,0.16167418327790273,0.16166696107011275,17.14,7.874890683727088e-06,19.35,0.4902850127346638,9.808504541868045,0.809037066192602,0.9383518419003537,0.6124778727924809,0.572690495892441,0.5356381567345053,0.5083606133653827,0.48182422151229953,0.4197125905158667,0.09901009384921126,20.0,0.07038439848398376,0.09901009384921126,1.0,0.0,0.8791723309571169,0.8401830794429243,0.06729946919064739,19.22,0.05043811046862191,0.06079954079394693,7.874890683727088e-06,19.35,5.160090280431298e-06,7.285913922911722e-06
0.05,20.0,PYR4_bright,0.8969656371199648,17.240000000000002,0.9236687155412435,0.9068646186678956,0.1030343628800352,0.10295851568147334,17.240000000000002,8.68319934835205e-05,18.88,0.34849149477488683,6.971807124691754,0.8818122963952038,0.9067721789672075,0.4216478407220351,0.40496882217630753,0.4095607518029134,0.41131395530931547,0.3577223418118829,0.30153715074624354,0.04462916712212868,1.06,0.025831589014019517,0.032253673262198385,0.06729946919064718,19.22,0.05043811046862184,0.060799540793946845,1.0,0.0,0.9236687155412435,0.9068646186678956,8.68319934835205e-05,18.88,6.158497611813662e-05,8.216727596573755e-05
0.05,20.0,PYR5_bright,0.9999040412732957,18.88,0.9999318734726734,0.9999082572468259,9.595872670431493e-05,9.595872671196563e-05,18.88,1.0,0.0,0.013553628163322274,0.27114503299525505,0.9998934468609894,0.0001301631090424582,0.014620998243705026,0.015634993522996948,0.016141789143009084,0.015391337259025518,0.013829833416281856,0.012613310564715244,2.320222397432574e-06,19.96,1.3814609318886486e-06,2.289563292784693e-06,7.87489068372985e-06,19.35,5.160090280435134e-06,7.285913922916645e-06,8.683199348349753e-05,18.88,6.158497611810899e-05,8.216727596571966e-05,1.0,0.0,0.9999318734726734,0.9999082572468259
0.1,10.0,PYR2_bright,0.8520353511528649,20.0,0.8894871653973899,0.8520353511528649,0.14796464884713512,0.14796066157623283,20.0,3.991707826605567e-06,19.96,0.31901685851274475,6.382250685036097,0.8276885020903122,0.9163565685947861,0.46323939799054203,0.4253712823256979,0.38565198515856036,0.3181685822974127,0.3058404496414476,0.2553307607848933,1.0,0.0,0.8894871653973899,0.8520353511528649,0.10975451148177516,20.0,0.08102755449964417,0.10975451148177516,0.044226830675818195,1.06,0.02948309371292549,0.038206150094457665,3.991707826605567e-06,19.96,2.1863900541245516e-06,3.9872709303899775e-06
0.1,10.0,PYR3_bright,0.8107264241536379,20.0,0.8583234547508207,0.8107264241536379,0.18927357584636206,0.18926093943685263,20.0,1.2753262375735323e-05,19.97,0.4263082119593311,8.528768147068773,0.7876569718002349,0.9322058811323692,0.6039048632969314,0.557252367765483,0.5099774840551478,0.45950955158454315,0.41069588066266266,0.33183484748890424,0.10975451148177565,20.0,0.08102755449964437,0.10975451148177565,1.0,0.0,0.8583234547508207,0.8107264241536379,0.08166730332791033,19.22,0.06064138339251545,0.07950642795507698,1.2753262375735323e-05,19.97,7.607357034099866e-06,1.2636409537750521e-05
0.1,10.0,PYR4_bright,0.8818460299409188,19.94,0.9097944802412046,0.8821674504760909,0.11815397005908124,0.11803580496679517,19.94,0.00012111200035050881,19.93,0.3065708548311614,6.133248938399336,0.8667579393442223,0.9008482092421463,0.4161345359354874,0.3941241139719538,0.3888105045580668,0.3685599889236007,0.30428544479705943,0.24677335444089832,0.044226830675818146,1.06,0.029483093712925453,0.03820615009445772,0.0816673033279107,19.22,0.060641383392515555,0.0795064279550772,1.0,0.0,0.9097944802412046,0.8821674504760909,0.00012111200035050881,19.93,8.104265336754888e-05,0.00011997147440029518
0.1,10.0,PYR5_bright,0.999862268383182,19.93,0.9999091635995591,0.9998634048451651,0.00013773161681795987,0.00013773161685159003,19.93,1.0,0.0,0.012789606169901097,0.2558603459494534,0.999858413204736,0.0001730298450680623,0.014449354079547939,0.01527827857392611,0.015458761437222988,0.014218948247624649,0.0126547837901999,0.011934702053512266,3.991707826605089e-06,19.96,2.1863900541245342e-06,3.9872709303895065e-06,1.2753262375724176e-05,19.97,7.6073570340919e-06,1.26364095377393e-05,0.0001211120003504813,19.93,8.104265336755251e-05,0.00011997147440027582,1.0,0.0,0.9999091635995591,0.9998634048451651
0.2,5.0,PYR2_bright,0.8174548914182196,20.0,0.865133795709579,0.8174548914182196,0.1825451085817804,0.1825368198808975,20.0,8.288700909043325e-06,20.0,0.2709725905931864,5.421145361069815,0.7938485347495137,0.9007739456582644,0.4520859817923671,0.406071624262749,0.3561494196155341,0.2811348647139673,0.2527051286486411,0.20323533996874418,1.0,0.0,0.865133795709579,0.8174548914182196,0.13318507392497206,20.0,0.0988286893068535,0.13318507392497206,0.04935174595592545,20.0,0.0360334382948358,0.04935174595592545,8.288700909043325e-06,20.0,4.0766887447586215e-06,8.288700909043325e-06
0.2,5.0,PYR3_bright,0.7584895411411303,20.0,0.8234355611177699,0.7584895411411303,0.24151045885886968,0.2414856688915333,20.0,2.478996736239539e-05,20.0,0.3543342418362342,7.088982989128497,0.7396672871279284,0.9203186618229198,0.5880845459953127,0.5297428451870839,0.4681928193094155,0.3946619709569446,0.3306924865755332,0.2490380029098888,0.1331850739249721,20.0,0.09882868930685336,0.1331850739249721,1.0,0.0,0.8234355611177699,0.7584895411411303,0.10830059496656119,20.0,0.07772264805012725,0.10830059496656119,2.478996736239539e-05,20.0,1.3101525261776466e-05,2.478996736239539e-05
0.2,5.0,PYR4_bright,0.8421536032584379,20.0,0.886124839736343,0.8421536032584379,0.1578463967415621,0.157652340922486,20.0,0.00019405581909963783,20.0,0.2625759371184279,5.253139844846848,0.8315449112920206,0.8893148189126455,0.4058480398266997,0.37477718961612333,0.3549827823533113,0.3107734130435789,0.24896737981187606,0.20093137857911886,0.0493517459559253,20.0,0.0360334382948357,0.0493517459559253,0.1083005949665607,20.0,0.07772264805012709,0.1083005949665607,1.0,0.0,0.886124839736343,0.8421536032584379,0.00019405581909963783,20.0,0.00011907391870573848,0.00019405581909963783
0.2,5.0,PYR5_bright,0.9997728655126589,20.0,0.9998637478673029,0.9997728655126589,0.00022713448734112962,0.00022713448737117487,20.0,1.0,0.0,0.01229432560427524,0.24595046488895664,0.9997723703422721,0.00027728343682309475,0.014139450253866823,0.014663999786528754,0.014391317411441038,0.012941682147033768,0.011975755277566356,0.011798090518175408,8.288700909044264e-06,20.0,4.076688744759149e-06,8.288700909044264e-06,2.47899673624022e-05,20.0,1.3101525261780716e-05,2.47899673624022e-05,0.00019405581909972842,20.0,0.00011907391870581995,0.00019405581909972842,1.0,0.0,0.9998637478673029,0.9997728655126589
0.5,2.0,PYR2_bright,0.7368754981547466,20.0,0.8117994570777202,0.7368754981547466,0.2631245018452534,0.2630978011421496,20.0,2.6700703071158528e-05,20.0,0.21071991202484863,4.215763612361119,0.7174710194446339,0.8619795325045471,0.42290133487584936,0.36146595579474944,0.3002316322562456,0.22759692999076778,0.1890510985819478,0.14836545122050182,1.0,0.0,0.8117994570777202,0.7368754981547466,0.1855520224884832,20.0,0.13616497521832768,0.1855520224884832,0.0775457786536664,20.0,0.052023959264277685,0.0775457786536664,2.6700703071158528e-05,20.0,1.1608439657557637e-05,2.6700703071158528e-05
0.5,2.0,PYR3_bright,0.6553727797994489,20.0,0.7508030371339707,0.6553727797994489,0.34462722020055114,0.344557479890947,20.0,6.974030957004722e-05,20.0,0.25713774290111563,5.1445624236346035,0.6395015696074315,0.8876214408945295,0.5479425507077957,0.4663357254145306,0.3885318015834369,0.29819628393635134,0.22503091579846096,0.15276236334433863,0.18555202248848332,20.0,0.1361649752183277,0.18555202248848332,1.0,0.0,0.7508030371339707,0.6553727797994489,0.15900545740246366,20.0,0.11299893131247327,0.15900545740246366,6.974030957004722e-05,20.0,3.305633521093394e-05,6.974030957004722e-05
0.5,2.0,PYR4_bright,0.7630457317620938,20.0,0.8347493049660708,0.7630457317620938,0.23695426823790622,0.23655123605613027,20.0,0.00040303218174228854,20.0,0.20808064956217026,4.162940267137074,0.753981726249966,0.857212623904117,0.3796629755586676,0.33004821168358606,0.2916985206051133,0.2342820567307274,0.18892502270302278,0.15070612039055067,0.07754577865366638,20.0,0.05202395926427769,0.07754577865366638,0.15900545740246388,20.0,0.11299893131247345,0.15900545740246388,1.0,0.0,0.8347493049660708,0.7630457317620938,0.00040303218174228854,20.0,0.0002278044571617418,0.00040303218174228854
0.5,2.0,PYR5_bright,0.9995005268055821,20.0,0.999727530767951,0.9995005268055821,0.0004994731944178987,0.0004994731943835082,20.0,1.0,0.0,0.011999674105951555,0.24005435312815057,0.9995005268055824,0.0006079161973812086,0.013411936661808404,0.013403466045413799,0.01276620896690055,0.01194939838128682,0.01180201988890303,0.011825146388006825,2.670070307115985e-05,20.0,1.1608439657558516e-05,2.670070307115985e-05,6.974030957004658e-05,20.0,3.305633521093328e-05,6.974030957004658e-05,0.0004030321817423017,20.0,0.00022780445716175484,0.0004030321817423017,1.0,0.0,0.999727530767951,0.9995005268055821
1.0,1.0,PYR2_bright,0.658586472230666,20.0,0.7552863291491788,0.658586472230666,0.341413527769334,0.34134320328045564,20.0,7.032448885806308e-05,20.0,0.1694481964037629,3.3901021860123373,0.6454487002770604,0.8118527267124601,0.38453102408702966,0.31166308648497615,0.25305312326671425,0.1879275584762235,0.14931731916741678,0.11124480539161716,1.0,0.0,0.7552863291491788,0.658586472230666,0.22978298266970543,20.0,0.17298482234596965,0.22978298266970543,0.1115602206107502,20.0,0.07170011890807894,0.1115602206107502,7.032448885806308e-05,20.0,2.8729596762501234e-05,7.032448885806308e-05
1.0,1.0,PYR3_bright,0.5712997932891887,20.0,0.6801293188076969,0.5712997932891887,0.4287002067108113,0.42853975506171627,20.0,0.0001604516490765256,20.0,0.18888000134879043,3.7790047794068675,0.5593862719404287,0.8413186472196515,0.49702405127044147,0.39713198307778924,0.32085031568104877,0.2242312765623565,0.1531764650391144,0.09680951648574891,0.22978298266970562,20.0,0.1729848223459699,0.22978298266970562,1.0,0.0,0.6801293188076969,0.5712997932891887,0.19875677239201067,20.0,0.14681250368758222,0.19875677239201067,0.0001604516490765256,20.0,7.335515874200644e-05,0.0001604516490765256
1.0,1.0,PYR4_bright,0.6889606263963908,20.0,0.7810900625587509,0.6889606263963908,0.3110393736036092,0.31031699300276094,20.0,0.0007223806008285902,20.0,0.1700613606864457,3.402349919445582,0.682084419655955,0.8111743613359989,0.3469637030671717,0.2844238344209423,0.24410351114767492,0.190426978760193,0.1520382535152176,0.11558157803923202,0.11156022061075048,20.0,0.0717001189080791,0.11156022061075048,0.19875677239201045,20.0,0.14681250368758217,0.19875677239201045,1.0,0.0,0.7810900625587509,0.6889606263963908,0.0007223806008285902,20.0,0.0003973148455789084,0.0007223806008285902
1.0,1.0,PYR5_bright,0.9990468432612166,20.0,0.9995006003989069,0.9990468432612166,0.0009531567387833784,0.0009531567387631482,20.0,1.0,0.0,0.011920960179589747,0.23847906338277391,0.9990468432612166,0.0011599490330105322,0.01264513209310383,0.012405498488316184,0.012016097711404211,0.011808208197740158,0.011825525209840471,0.011869962163382033,7.032448885805813e-05,20.0,2.8729596762498215e-05,7.032448885805813e-05,0.0001604516490765208,20.0,7.335515874200258e-05,0.0001604516490765208,0.0007223806008285693,20.0,0.00039731484557888703,0.0007223806008285693,1.0,0.0,0.9995006003989069,0.9990468432612166
2.0,0.5,PYR2_bright,0.573202293864024,20.0,0.6889535839145015,0.573202293864024,0.426797706135976,0.42660863059175236,20.0,0.00018907554419242406,20.0,0.13149864594234098,2.6309027394968147,0.5682512117959843,0.7405549286086229,0.33186625769474826,0.2575694759071619,0.2063918892776406,0.15101155819583328,0.11342802931245181,0.07703316188560838,1.0,0.0,0.6889535839145015,0.573202293864024,0.2698868157956947,20.0,0.21196202728945798,0.2698868157956947,0.15672181479605768,20.0,0.0990099665556495,0.15672181479605768,0.00018907554419242406,20.0,7.442224037802196e-05,0.00018907554419242406
2.0,0.5,PYR3_bright,0.49309463459388697,20.0,0.6052875181764719,0.49309463459388697,0.5069053654061131,0.5065350872786392,20.0,0.00037027812744296274,20.0,0.1333908493163932,2.6688410104459614,0.48674204753783895,0.7706682697612055,0.43114528019472526,0.32221113622812775,0.2510908954108432,0.1546651973184238,0.09728513180719603,0.061976875013238446,0.26988681579569473,20.0,0.211962027289458,0.26988681579569473,1.0,0.0,0.6052875181764719,0.49309463459388697,0.23664827148294446,20.0,0.18258289354128066,0.23664827148294446,0.00037027812744296274,20.0,0.00016756099277672934,0.00037027812744296274
2.0,0.5,PYR4_bright,0.6053298000819507,20.0,0.7176962261320617,0.6053298000819507,0.3946701999180493,0.3933700862790015,20.0,0.0013001136390174998,20.0,0.134692411552484,2.6947825216178947,0.6017449085608904,0.7421503098570774,0.30370984096726733,0.24448706389043545,0.20428619800460607,0.1544177144706138,0.11821944582028576,0.08252670946210768,0.15672181479605712,20.0,0.0990099665556492,0.15672181479605712,0.23664827148294437,20.0,0.1825828935412806,0.23664827148294437,1.0,0.0,0.7176962261320617,0.6053298000819507,0.0013001136390174998,20.0,0.0007109137709947884,0.0013001136390174998
2.0,0.5,PYR5_bright,0.9981405326893145,20.0,0.999047102995837,0.9981405326893145,0.0018594673106855364,0.0018594673106528898,20.0,1.0,0.0,0.011908996316064291,0.2382393482767789,0.9981405326893145,0.0022622808783909765,0.011961272360558526,0.011882171210936035,0.011813511138035526,0.011825912473500873,0.011871293120080197,0.011933601533512648,0.00018907554419242504,20.0,7.442224037802246e-05,0.00018907554419242504,0.00037027812744296404,20.0,0.00016756099277672964,0.00037027812744296404,0.0013001136390175007,20.0,0.0007109137709947914,0.0013001136390175007,1.0,0.0,0.999047102995837,0.9981405326893145
5.0,0.2,PYR2_bright,0.4655062081940321,20.0,0.5962688302754651,0.4655062081940321,0.5344937918059679,0.5338190086048901,20.0,0.0006747832010941437,20.0,0.08737739877915769,1.7482232720931894,0.4655062081940321,0.667070590010941,0.255660336318707,0.20289057988857878,0.1550253255432762,0.10527642562922604,0.07008807876820548,0.0396954955511949,1.0,0.0,0.5962688302754651,0.4655062081940321,0.31198819234515074,20.0,0.25926125124220434,0.31198819234515074,0.22183081625973933,20.0,0.14420691106395622,0.22183081625973933,0.0006747832010941437,20.0,0.0002630074183809012,0.0006747832010941437
5.0,0.2,PYR3_bright,0.4025501982585686,20.0,0.5107743863860313,0.4025501982585686,0.5974498017414314,0.5963515823791607,20.0,0.0010982193622853665,20.0,0.07984783119663212,1.597617983528922,0.4025501982585686,0.6670942664788073,0.34278575964201125,0.23664170675750834,0.16449319661843181,0.08599681110380579,0.05294414732377657,0.02742374313738638,0.31198819234514946,20.0,0.2592612512422041,0.31198819234514946,1.0,0.0,0.5107743863860313,0.4025501982585686,0.28436339003401134,20.0,0.22946688588543002,0.28436339003401134,0.0010982193622853665,20.0,0.000497476486341267,0.0010982193622853665
5.0,0.2,PYR4_bright,0.49100871041631566,20.0,0.624776209923917,0.49100871041631566,0.5089912895836843,0.5061942062937514,20.0,0.0027970832899540964,20.0,0.09198457750455825,1.8403900354623577,0.4910087104163156,0.6672283653941864,0.24226935756188625,0.20276631052933322,0.15878712422465308,0.11089871551740953,0.07592043760201246,0.044272080770586246,0.2218308162597395,20.0,0.14420691106395642,0.2218308162597395,0.284363390034012,20.0,0.22946688588543024,0.284363390034012,1.0,0.0,0.624776209923917,0.49100871041631566,0.0027970832899540964,20.0,0.0015499931267050275,0.0027970832899540964
5.0,0.2,PYR5_bright,0.9954299141466398,20.0,0.9976895229685642,0.9954299141466398,0.004570085853360162,0.004570085853333549,20.0,1.0,0.0,0.011957220238946723,0.2392037976011254,0.9954299141466398,0.005555792810022386,0.011711584322315702,0.011798040606501697,0.011826460300598078,0.011892214516181523,0.011962815816796752,0.012035876039699517,0.0006747832010941345,20.0,0.0002630074183808994,0.0006747832010941345,0.0010982193622853537,20.0,0.0004974764863412643,0.0010982193622853537,0.0027970832899540613,20.0,0.001549993126705021,0.0027970832899540613,1.0,0.0,0.9976895229685642,0.9954299141466398
10.0,0.1,PYR2_bright,0.4080521729363267,20.0,0.5388372472090596,0.4080521729363267,0.5919478270636733,0.590314559245173,20.0,0.0016332678184651467,20.0,0.062056591444328124,1.2416421139684974,0.40805217293632656,0.6673976063864626,0.1997898846228728,0.168447995455524,0.12919223625423862,0.07716685274750215,0.044958631672005374,0.022056166501671443,1.0,0.0,0.5388372472090596,0.4080521729363267,0.32799170976357805,20.0,0.28463552603401243,0.32799170976357805,0.2623228494815949,20.0,0.1758884299333226,0.2623228494815949,0.0016332678184651467,20.0,0.0006387968235867327,0.0016332678184651467
10.0,0.1,PYR3_bright,0.3590149841807898,20.0,0.4542875929296918,0.3590149841807898,0.6409850158192102,0.6385593832025555,20.0,0.0024256326166220755,20.0,0.052139749866833306,1.0432523750093659,0.35901498418078975,0.6675321582853551,0.27820949298317776,0.19575454301509734,0.11844933119973676,0.05447180602768072,0.02868717094901588,0.01280396519370944,0.3279917097635786,20.0,0.28463552603401265,0.3279917097635786,1.0,0.0,0.4542875929296918,0.3590149841807898,0.31056767343897684,20.0,0.259972250470626,0.31056767343897684,0.0024256326166220755,20.0,0.001104630565652396,0.0024256326166220755
10.0,0.1,PYR4_bright,0.42210883991384546,20.0,0.5613198118549237,0.42210883991384546,0.5778911600861545,0.5728905229205703,20.0,0.0050006371655506926,20.0,0.06620418563187706,1.3246226609064498,0.42210883991384546,0.6678077658472754,0.19571617333843347,0.16954718713364184,0.1340285660969449,0.0832886286502242,0.04985485124601356,0.02461871748209744,0.2623228494815947,20.0,0.17588842993332296,0.2623228494815947,0.31056767343897557,20.0,0.259972250470626,0.31056767343897557,1.0,0.0,0.5613198118549237,0.42210883991384546,0.0050006371655506926,20.0,0.0028195077411122204,0.0050006371655506926
10.0,0.1,PYR5_bright,0.9909404623993294,20.0,0.9954370648696348,0.9909404623993294,0.009059537600670575,0.009059537600637928,20.0,1.0,0.0,0.012024689074157493,0.2405534830562951,0.9909404623993294,0.011001074574134462,0.011780912321793336,0.011819149079397793,0.011869858400832475,0.011969868957468736,0.012055823829038385,0.012109063519267826,0.0016332678184651575,20.0,0.0006387968235867378,0.0016332678184651575,0.0024256326166220863,20.0,0.0011046305656524015,0.0024256326166220863,0.005000637165550685,20.0,0.0028195077411122243,0.005000637165550685,1.0,0.0,0.9954370648696348,0.9909404623993294

[3] HIGH-DEPHASING / ZENO REGIME
------------------------------------------------------------------------------------------------------------------------
# Day019 Haken-Strobl pure-dephasing sensitivity

## Protocol

- Primary Hamiltonian: four-state bright TDC-AC-corrected model.
- Twenty-one solvent snapshots were propagated independently.
- Lindblad operators: `L_i = sqrt(gamma_phi) |i><i|` for each local bright state.
- Therefore each off-diagonal density-matrix element decays directly at `gamma_phi` in the absence of the Hamiltonian.
- Gamma sweep: 0, 0.05, 0.1, 0.2, 0.5, 1, 2, 5, 10, 20, 50, 100, 200 ps^-1.
- Propagation interval: 0-20.000 ps; output interval: 0.010 ps.
- No population-relaxation operators or detailed-balance constraints were included.

## Numerical validation

- Maximum trace error: 2.296e-13.
- Maximum Hermiticity error: 1.091e-13.
- Minimum sampled density-matrix eigenvalue: -2.801e-14.
- Gamma=0 maximum population error versus the accepted coherent trajectories: 5.778e-13.
- Overall numerical validation: PASS.

## Aggregate high-energy-manifold response

| gamma_phi (ps^-1) | T_phi (ps) | Mean minimum survival | Mean time-averaged survival | Mean maximum population on another PYR2-PYR4 site | Maximum PYR5 population | Integrated l1 coherence |
|---:|---:|---:|---:|---:|---:|---:|
| 0 | inf | 0.878506 | 0.920923 | 0.121480 | 8.200093e-05 | 9.943157 |
| 0.05 | 20 | 0.867697 | 0.902208 | 0.132275 | 8.683199e-05 | 8.014375 |
| 0.1 | 10 | 0.848203 | 0.885868 | 0.151752 | 1.211120e-04 | 7.014756 |
| 0.2 | 5 | 0.806033 | 0.858231 | 0.193892 | 1.940558e-04 | 5.921089 |
| 0.5 | 2 | 0.718431 | 0.799117 | 0.281402 | 4.030322e-04 | 4.507755 |
| 1 | 1 | 0.639616 | 0.738835 | 0.360067 | 7.223806e-04 | 3.523819 |
| 2 | 0.5 | 0.557209 | 0.670646 | 0.442171 | 1.300114e-03 | 2.664842 |
| 5 | 0.2 | 0.453022 | 0.577273 | 0.545455 | 2.797083e-03 | 1.728744 |
| 10 | 0.1 | 0.396392 | 0.518148 | 0.600588 | 5.000637e-03 | 1.203172 |
| 20 | 0.05 | 0.365498 | 0.486837 | 0.628527 | 9.266735e-03 | 0.860303 |
| 50 | 0.02 | 0.365377 | 0.514756 | 0.620170 | 2.363147e-02 | 0.623800 |
| 100 | 0.01 | 0.414702 | 0.594556 | 0.558350 | 5.071455e-02 | 0.504068 |
| 200 | 0.005 | 0.515815 | 0.700213 | 0.439289 | 9.813771e-02 | 0.373591 |

## Sensitivity extrema

- Gamma=0 mean maximum high-manifold transfer: 0.121480.
- Gamma maximizing mean high-manifold transfer: 20 ps^-1, with value 0.628527.
- Gamma minimizing mean time-averaged survival: 20 ps^-1, with value 0.486837.
- Largest PYR5 population anywhere in the phenomenological gamma sweep: 9.813771e-02 at gamma=200 ps^-1.

## Interpretation boundary

This calculation is a phenomenological robustness analysis. The gamma values are not extracted from the 21 solvent snapshots and are not microscopic dephasing rates. Pure dephasing can convert coherent coupling into population redistribution, but it contains no energy-selective downhill relaxation and does not enforce thermal detailed balance. Any increase of PYR5 population must therefore not be interpreted as physical bath-assisted relaxation. A subsequent relaxation model requires explicitly declared rates or a separately justified bath spectral density.

--- HIGH-DEPHASING CROSSOVER ---
initial_state,gamma0_maximum_transfer_out,gamma_maximizing_transfer_out_ps_inv,maximum_transfer_out,transfer_out_change_vs_gamma0,gamma_minimizing_time_average_survival_ps_inv,minimum_time_average_survival,gamma_maximizing_other_high_population_ps_inv,maximum_other_high_population,gamma_maximizing_PYR5_population_ps_inv,maximum_PYR5_population
PYR2_bright,0.1265142513089048,20.0,0.6236315013554479,0.49711725004654306,20.0,0.51176088455329,20.0,0.6200884990307136,100.0,0.009209875436518961
PYR3_bright,0.1432238824451243,50.0,0.66705056070131,0.5238266782561857,20.0,0.4242267703969256,20.0,0.6549149813261992,200.0,0.028463451592472672
PYR4_bright,0.09474472558594349,50.0,0.6223616387120601,0.5276169131261166,20.0,0.524522838426335,20.0,0.6105787717225744,200.0,0.09813770964729188
PYR5_bright,8.553360317287151e-05,200.0,0.13468610355852118,0.1346005699553483,200.0,0.9296972402339917,200.0,0.13468610355852362,0.0,1.0

--- HIGH-DEPHASING INITIAL-STATE SUMMARY ---
gamma_phi_ps_inv,dephasing_time_ps,initial_state,ensemble_minimum_survival_probability,time_of_ensemble_minimum_survival_ps,time_average_ensemble_survival,final_ensemble_survival,maximum_ensemble_transfer_out,maximum_ensemble_other_high_population,time_of_maximum_other_high_population_ps,maximum_ensemble_PYR5_population,time_of_maximum_PYR5_population_ps,time_average_l1_coherence,time_integrated_l1_coherence,mean_frame_minimum_survival,maximum_single_frame_transfer_out,mean_l1_coherence_at_0p5ps,mean_l1_coherence_at_1ps,mean_l1_coherence_at_2ps,mean_l1_coherence_at_5ps,mean_l1_coherence_at_10ps,mean_l1_coherence_at_20ps,maximum_ensemble_PYR2_bright,time_of_maximum_PYR2_bright_ps,time_average_PYR2_bright,final_PYR2_bright,maximum_ensemble_PYR3_bright,time_of_maximum_PYR3_bright_ps,time_average_PYR3_bright,final_PYR3_bright,maximum_ensemble_PYR4_bright,time_of_maximum_PYR4_bright_ps,time_average_PYR4_bright,final_PYR4_bright,maximum_ensemble_PYR5_bright,time_of_maximum_PYR5_bright_ps,time_average_PYR5_bright,final_PYR5_bright
0.0,inf,PYR2_bright,0.8734857486910952,5.8,0.9201368349655379,0.8820879770211928,0.1265142513089048,0.1265132622670287,5.8,1.3972719390231495e-06,10.4,0.44700718939101347,8.94229595306478,0.8454343258005969,0.9707443591358725,0.4755348559023878,0.44827536041986105,0.4256027502423816,0.3890447169736365,0.44095028241461426,0.46358132987984985,1.0,0.0,0.9201368349655379,0.8820879770211928,0.09407891199702927,5.69,0.05807734579381269,0.09225803761374889,0.0473773426475043,17.48,0.021785139503135705,0.025653024039722208,1.3972719390231495e-06,10.4,6.7973751378686e-07,9.613253363660061e-07
0.0,inf,PYR3_bright,0.8567761175548757,17.150000000000002,0.9031895802975604,0.8699532467740744,0.1432238824451243,0.14322081926290195,17.150000000000002,4.995137482389073e-06,4.16,0.6124225680245722,12.25139458751122,0.814121640734334,0.9747026480241374,0.6214758821685068,0.589569057096189,0.5656328720677267,0.5787804661366367,0.6105940545773151,0.6361997320937951,0.09407891199702913,5.69,0.05807734579381246,0.09225803761374814,1.0,0.0,0.9031895802975604,0.8699532467740744,0.06506583738319745,4.73,0.03873012209748294,0.037786286470130145,4.995137482389073e-06,4.16,2.951811144434667e-06,2.429142047356534e-06
0.0,inf,PYR4_bright,0.9052552744140565,8.42,0.9394429548313284,0.9365162228882185,0.09474472558594349,0.0947065190781706,8.42,8.200093023405862e-05,0.02,0.43168529058494787,8.63577957259266,0.886218944605437,0.9418208917445607,0.42744131353632075,0.4167426620939923,0.43331329928991413,0.4684488935873965,0.4528652453455738,0.4486184024291383,0.047377342647504025,17.48,0.021785139503135584,0.025653024039722198,0.06506583738319727,4.73,0.0387301220974827,0.03778628647012936,1.0,0.0,0.9394429548313284,0.9365162228882185,8.200093023405862e-05,0.02,4.178356805296099e-05,4.446660193009034e-05
0.0,inf,PYR5_bright,0.9999144663968271,0.02,0.9999545848832891,0.9999521429306852,8.553360317287151e-05,8.553360317289529e-05,0.02,1.0,0.0,0.015863631787522092,0.3173475450111613,0.9999092368688404,0.00011049607827540164,0.014806823737652255,0.016031174210240633,0.0169622178305392,0.01724354312826661,0.016673038368635477,0.01674541143115174,1.3972719390237056e-06,10.4,6.797375137881877e-07,9.61325336369225e-07,4.995137482387355e-06,4.16,2.9518111444366553e-06,2.429142047363638e-06,8.200093023405905e-05,0.02,4.178356805304647e-05,4.4466601930229263e-05,1.0,0.0,0.9999545848832891,0.9999521429306852
0.05,20.0,PYR2_bright,0.867798584607977,15.38,0.9037826310410673,0.8687339433253032,0.13220141539202301,0.1321993015141126,15.38,2.3202223974345877e-06,19.96,0.36303799176696117,7.2628122439704885,0.841254260183812,0.9375511289311166,0.46921974623653895,0.4362651690456512,0.4039178103454168,0.346766438536666,0.35402861567168414,0.3155942572808963,1.0,0.0,0.9037826310410673,0.8687339433253032,0.09901009384921126,20.0,0.07038439848398365,0.09901009384921126,0.044629167122128714,1.06,0.025831589014019503,0.03225367326219842,2.3202223974345877e-06,19.96,1.3814609318897756e-06,2.289563292786676e-06
0.05,20.0,PYR3_bright,0.8383258167220973,17.14,0.8791723309571169,0.8401830794429243,0.16167418327790273,0.16166696107011275,17.14,7.874890683727088e-06,19.35,0.4902850127346638,9.808504541868045,0.809037066192602,0.9383518419003537,0.6124778727924809,0.572690495892441,0.5356381567345053,0.5083606133653827,0.48182422151229953,0.4197125905158667,0.09901009384921126,20.0,0.07038439848398376,0.09901009384921126,1.0,0.0,0.8791723309571169,0.8401830794429243,0.06729946919064739,19.22,0.05043811046862191,0.06079954079394693,7.874890683727088e-06,19.35,5.160090280431298e-06,7.285913922911722e-06
0.05,20.0,PYR4_bright,0.8969656371199648,17.240000000000002,0.9236687155412435,0.9068646186678956,0.1030343628800352,0.10295851568147334,17.240000000000002,8.68319934835205e-05,18.88,0.34849149477488683,6.971807124691754,0.8818122963952038,0.9067721789672075,0.4216478407220351,0.40496882217630753,0.4095607518029134,0.41131395530931547,0.3577223418118829,0.30153715074624354,0.04462916712212868,1.06,0.025831589014019517,0.032253673262198385,0.06729946919064718,19.22,0.05043811046862184,0.060799540793946845,1.0,0.0,0.9236687155412435,0.9068646186678956,8.68319934835205e-05,18.88,6.158497611813662e-05,8.216727596573755e-05
0.05,20.0,PYR5_bright,0.9999040412732957,18.88,0.9999318734726734,0.9999082572468259,9.595872670431493e-05,9.595872671196563e-05,18.88,1.0,0.0,0.013553628163322274,0.27114503299525505,0.9998934468609894,0.0001301631090424582,0.014620998243705026,0.015634993522996948,0.016141789143009084,0.015391337259025518,0.013829833416281856,0.012613310564715244,2.320222397432574e-06,19.96,1.3814609318886486e-06,2.289563292784693e-06,7.87489068372985e-06,19.35,5.160090280435134e-06,7.285913922916645e-06,8.683199348349753e-05,18.88,6.158497611810899e-05,8.216727596571966e-05,1.0,0.0,0.9999318734726734,0.9999082572468259
0.1,10.0,PYR2_bright,0.8520353511528649,20.0,0.8894871653973899,0.8520353511528649,0.14796464884713512,0.14796066157623283,20.0,3.991707826605567e-06,19.96,0.31901685851274475,6.382250685036097,0.8276885020903122,0.9163565685947861,0.46323939799054203,0.4253712823256979,0.38565198515856036,0.3181685822974127,0.3058404496414476,0.2553307607848933,1.0,0.0,0.8894871653973899,0.8520353511528649,0.10975451148177516,20.0,0.08102755449964417,0.10975451148177516,0.044226830675818195,1.06,0.02948309371292549,0.038206150094457665,3.991707826605567e-06,19.96,2.1863900541245516e-06,3.9872709303899775e-06
0.1,10.0,PYR3_bright,0.8107264241536379,20.0,0.8583234547508207,0.8107264241536379,0.18927357584636206,0.18926093943685263,20.0,1.2753262375735323e-05,19.97,0.4263082119593311,8.528768147068773,0.7876569718002349,0.9322058811323692,0.6039048632969314,0.557252367765483,0.5099774840551478,0.45950955158454315,0.41069588066266266,0.33183484748890424,0.10975451148177565,20.0,0.08102755449964437,0.10975451148177565,1.0,0.0,0.8583234547508207,0.8107264241536379,0.08166730332791033,19.22,0.06064138339251545,0.07950642795507698,1.2753262375735323e-05,19.97,7.607357034099866e-06,1.2636409537750521e-05
0.1,10.0,PYR4_bright,0.8818460299409188,19.94,0.9097944802412046,0.8821674504760909,0.11815397005908124,0.11803580496679517,19.94,0.00012111200035050881,19.93,0.3065708548311614,6.133248938399336,0.8667579393442223,0.9008482092421463,0.4161345359354874,0.3941241139719538,0.3888105045580668,0.3685599889236007,0.30428544479705943,0.24677335444089832,0.044226830675818146,1.06,0.029483093712925453,0.03820615009445772,0.0816673033279107,19.22,0.060641383392515555,0.0795064279550772,1.0,0.0,0.9097944802412046,0.8821674504760909,0.00012111200035050881,19.93,8.104265336754888e-05,0.00011997147440029518
0.1,10.0,PYR5_bright,0.999862268383182,19.93,0.9999091635995591,0.9998634048451651,0.00013773161681795987,0.00013773161685159003,19.93,1.0,0.0,0.012789606169901097,0.2558603459494534,0.999858413204736,0.0001730298450680623,0.014449354079547939,0.01527827857392611,0.015458761437222988,0.014218948247624649,0.0126547837901999,0.011934702053512266,3.991707826605089e-06,19.96,2.1863900541245342e-06,3.9872709303895065e-06,1.2753262375724176e-05,19.97,7.6073570340919e-06,1.26364095377393e-05,0.0001211120003504813,19.93,8.104265336755251e-05,0.00011997147440027582,1.0,0.0,0.9999091635995591,0.9998634048451651
0.2,5.0,PYR2_bright,0.8174548914182196,20.0,0.865133795709579,0.8174548914182196,0.1825451085817804,0.1825368198808975,20.0,8.288700909043325e-06,20.0,0.2709725905931864,5.421145361069815,0.7938485347495137,0.9007739456582644,0.4520859817923671,0.406071624262749,0.3561494196155341,0.2811348647139673,0.2527051286486411,0.20323533996874418,1.0,0.0,0.865133795709579,0.8174548914182196,0.13318507392497206,20.0,0.0988286893068535,0.13318507392497206,0.04935174595592545,20.0,0.0360334382948358,0.04935174595592545,8.288700909043325e-06,20.0,4.0766887447586215e-06,8.288700909043325e-06
0.2,5.0,PYR3_bright,0.7584895411411303,20.0,0.8234355611177699,0.7584895411411303,0.24151045885886968,0.2414856688915333,20.0,2.478996736239539e-05,20.0,0.3543342418362342,7.088982989128497,0.7396672871279284,0.9203186618229198,0.5880845459953127,0.5297428451870839,0.4681928193094155,0.3946619709569446,0.3306924865755332,0.2490380029098888,0.1331850739249721,20.0,0.09882868930685336,0.1331850739249721,1.0,0.0,0.8234355611177699,0.7584895411411303,0.10830059496656119,20.0,0.07772264805012725,0.10830059496656119,2.478996736239539e-05,20.0,1.3101525261776466e-05,2.478996736239539e-05
0.2,5.0,PYR4_bright,0.8421536032584379,20.0,0.886124839736343,0.8421536032584379,0.1578463967415621,0.157652340922486,20.0,0.00019405581909963783,20.0,0.2625759371184279,5.253139844846848,0.8315449112920206,0.8893148189126455,0.4058480398266997,0.37477718961612333,0.3549827823533113,0.3107734130435789,0.24896737981187606,0.20093137857911886,0.0493517459559253,20.0,0.0360334382948357,0.0493517459559253,0.1083005949665607,20.0,0.07772264805012709,0.1083005949665607,1.0,0.0,0.886124839736343,0.8421536032584379,0.00019405581909963783,20.0,0.00011907391870573848,0.00019405581909963783
0.2,5.0,PYR5_bright,0.9997728655126589,20.0,0.9998637478673029,0.9997728655126589,0.00022713448734112962,0.00022713448737117487,20.0,1.0,0.0,0.01229432560427524,0.24595046488895664,0.9997723703422721,0.00027728343682309475,0.014139450253866823,0.014663999786528754,0.014391317411441038,0.012941682147033768,0.011975755277566356,0.011798090518175408,8.288700909044264e-06,20.0,4.076688744759149e-06,8.288700909044264e-06,2.47899673624022e-05,20.0,1.3101525261780716e-05,2.47899673624022e-05,0.00019405581909972842,20.0,0.00011907391870581995,0.00019405581909972842,1.0,0.0,0.9998637478673029,0.9997728655126589
0.5,2.0,PYR2_bright,0.7368754981547466,20.0,0.8117994570777202,0.7368754981547466,0.2631245018452534,0.2630978011421496,20.0,2.6700703071158528e-05,20.0,0.21071991202484863,4.215763612361119,0.7174710194446339,0.8619795325045471,0.42290133487584936,0.36146595579474944,0.3002316322562456,0.22759692999076778,0.1890510985819478,0.14836545122050182,1.0,0.0,0.8117994570777202,0.7368754981547466,0.1855520224884832,20.0,0.13616497521832768,0.1855520224884832,0.0775457786536664,20.0,0.052023959264277685,0.0775457786536664,2.6700703071158528e-05,20.0,1.1608439657557637e-05,2.6700703071158528e-05
0.5,2.0,PYR3_bright,0.6553727797994489,20.0,0.7508030371339707,0.6553727797994489,0.34462722020055114,0.344557479890947,20.0,6.974030957004722e-05,20.0,0.25713774290111563,5.1445624236346035,0.6395015696074315,0.8876214408945295,0.5479425507077957,0.4663357254145306,0.3885318015834369,0.29819628393635134,0.22503091579846096,0.15276236334433863,0.18555202248848332,20.0,0.1361649752183277,0.18555202248848332,1.0,0.0,0.7508030371339707,0.6553727797994489,0.15900545740246366,20.0,0.11299893131247327,0.15900545740246366,6.974030957004722e-05,20.0,3.305633521093394e-05,6.974030957004722e-05
0.5,2.0,PYR4_bright,0.7630457317620938,20.0,0.8347493049660708,0.7630457317620938,0.23695426823790622,0.23655123605613027,20.0,0.00040303218174228854,20.0,0.20808064956217026,4.162940267137074,0.753981726249966,0.857212623904117,0.3796629755586676,0.33004821168358606,0.2916985206051133,0.2342820567307274,0.18892502270302278,0.15070612039055067,0.07754577865366638,20.0,0.05202395926427769,0.07754577865366638,0.15900545740246388,20.0,0.11299893131247345,0.15900545740246388,1.0,0.0,0.8347493049660708,0.7630457317620938,0.00040303218174228854,20.0,0.0002278044571617418,0.00040303218174228854
0.5,2.0,PYR5_bright,0.9995005268055821,20.0,0.999727530767951,0.9995005268055821,0.0004994731944178987,0.0004994731943835082,20.0,1.0,0.0,0.011999674105951555,0.24005435312815057,0.9995005268055824,0.0006079161973812086,0.013411936661808404,0.013403466045413799,0.01276620896690055,0.01194939838128682,0.01180201988890303,0.011825146388006825,2.670070307115985e-05,20.0,1.1608439657558516e-05,2.670070307115985e-05,6.974030957004658e-05,20.0,3.305633521093328e-05,6.974030957004658e-05,0.0004030321817423017,20.0,0.00022780445716175484,0.0004030321817423017,1.0,0.0,0.999727530767951,0.9995005268055821
1.0,1.0,PYR2_bright,0.658586472230666,20.0,0.7552863291491788,0.658586472230666,0.341413527769334,0.34134320328045564,20.0,7.032448885806308e-05,20.0,0.1694481964037629,3.3901021860123373,0.6454487002770604,0.8118527267124601,0.38453102408702966,0.31166308648497615,0.25305312326671425,0.1879275584762235,0.14931731916741678,0.11124480539161716,1.0,0.0,0.7552863291491788,0.658586472230666,0.22978298266970543,20.0,0.17298482234596965,0.22978298266970543,0.1115602206107502,20.0,0.07170011890807894,0.1115602206107502,7.032448885806308e-05,20.0,2.8729596762501234e-05,7.032448885806308e-05
1.0,1.0,PYR3_bright,0.5712997932891887,20.0,0.6801293188076969,0.5712997932891887,0.4287002067108113,0.42853975506171627,20.0,0.0001604516490765256,20.0,0.18888000134879043,3.7790047794068675,0.5593862719404287,0.8413186472196515,0.49702405127044147,0.39713198307778924,0.32085031568104877,0.2242312765623565,0.1531764650391144,0.09680951648574891,0.22978298266970562,20.0,0.1729848223459699,0.22978298266970562,1.0,0.0,0.6801293188076969,0.5712997932891887,0.19875677239201067,20.0,0.14681250368758222,0.19875677239201067,0.0001604516490765256,20.0,7.335515874200644e-05,0.0001604516490765256
1.0,1.0,PYR4_bright,0.6889606263963908,20.0,0.7810900625587509,0.6889606263963908,0.3110393736036092,0.31031699300276094,20.0,0.0007223806008285902,20.0,0.1700613606864457,3.402349919445582,0.682084419655955,0.8111743613359989,0.3469637030671717,0.2844238344209423,0.24410351114767492,0.190426978760193,0.1520382535152176,0.11558157803923202,0.11156022061075048,20.0,0.0717001189080791,0.11156022061075048,0.19875677239201045,20.0,0.14681250368758217,0.19875677239201045,1.0,0.0,0.7810900625587509,0.6889606263963908,0.0007223806008285902,20.0,0.0003973148455789084,0.0007223806008285902
1.0,1.0,PYR5_bright,0.9990468432612166,20.0,0.9995006003989069,0.9990468432612166,0.0009531567387833784,0.0009531567387631482,20.0,1.0,0.0,0.011920960179589747,0.23847906338277391,0.9990468432612166,0.0011599490330105322,0.01264513209310383,0.012405498488316184,0.012016097711404211,0.011808208197740158,0.011825525209840471,0.011869962163382033,7.032448885805813e-05,20.0,2.8729596762498215e-05,7.032448885805813e-05,0.0001604516490765208,20.0,7.335515874200258e-05,0.0001604516490765208,0.0007223806008285693,20.0,0.00039731484557888703,0.0007223806008285693,1.0,0.0,0.9995006003989069,0.9990468432612166
2.0,0.5,PYR2_bright,0.573202293864024,20.0,0.6889535839145015,0.573202293864024,0.426797706135976,0.42660863059175236,20.0,0.00018907554419242406,20.0,0.13149864594234098,2.6309027394968147,0.5682512117959843,0.7405549286086229,0.33186625769474826,0.2575694759071619,0.2063918892776406,0.15101155819583328,0.11342802931245181,0.07703316188560838,1.0,0.0,0.6889535839145015,0.573202293864024,0.2698868157956947,20.0,0.21196202728945798,0.2698868157956947,0.15672181479605768,20.0,0.0990099665556495,0.15672181479605768,0.00018907554419242406,20.0,7.442224037802196e-05,0.00018907554419242406
2.0,0.5,PYR3_bright,0.49309463459388697,20.0,0.6052875181764719,0.49309463459388697,0.5069053654061131,0.5065350872786392,20.0,0.00037027812744296274,20.0,0.1333908493163932,2.6688410104459614,0.48674204753783895,0.7706682697612055,0.43114528019472526,0.32221113622812775,0.2510908954108432,0.1546651973184238,0.09728513180719603,0.061976875013238446,0.26988681579569473,20.0,0.211962027289458,0.26988681579569473,1.0,0.0,0.6052875181764719,0.49309463459388697,0.23664827148294446,20.0,0.18258289354128066,0.23664827148294446,0.00037027812744296274,20.0,0.00016756099277672934,0.00037027812744296274
2.0,0.5,PYR4_bright,0.6053298000819507,20.0,0.7176962261320617,0.6053298000819507,0.3946701999180493,0.3933700862790015,20.0,0.0013001136390174998,20.0,0.134692411552484,2.6947825216178947,0.6017449085608904,0.7421503098570774,0.30370984096726733,0.24448706389043545,0.20428619800460607,0.1544177144706138,0.11821944582028576,0.08252670946210768,0.15672181479605712,20.0,0.0990099665556492,0.15672181479605712,0.23664827148294437,20.0,0.1825828935412806,0.23664827148294437,1.0,0.0,0.7176962261320617,0.6053298000819507,0.0013001136390174998,20.0,0.0007109137709947884,0.0013001136390174998
2.0,0.5,PYR5_bright,0.9981405326893145,20.0,0.999047102995837,0.9981405326893145,0.0018594673106855364,0.0018594673106528898,20.0,1.0,0.0,0.011908996316064291,0.2382393482767789,0.9981405326893145,0.0022622808783909765,0.011961272360558526,0.011882171210936035,0.011813511138035526,0.011825912473500873,0.011871293120080197,0.011933601533512648,0.00018907554419242504,20.0,7.442224037802246e-05,0.00018907554419242504,0.00037027812744296404,20.0,0.00016756099277672964,0.00037027812744296404,0.0013001136390175007,20.0,0.0007109137709947914,0.0013001136390175007,1.0,0.0,0.999047102995837,0.9981405326893145
5.0,0.2,PYR2_bright,0.4655062081940321,20.0,0.5962688302754651,0.4655062081940321,0.5344937918059679,0.5338190086048901,20.0,0.0006747832010941437,20.0,0.08737739877915769,1.7482232720931894,0.4655062081940321,0.667070590010941,0.255660336318707,0.20289057988857878,0.1550253255432762,0.10527642562922604,0.07008807876820548,0.0396954955511949,1.0,0.0,0.5962688302754651,0.4655062081940321,0.31198819234515074,20.0,0.25926125124220434,0.31198819234515074,0.22183081625973933,20.0,0.14420691106395622,0.22183081625973933,0.0006747832010941437,20.0,0.0002630074183809012,0.0006747832010941437
5.0,0.2,PYR3_bright,0.4025501982585686,20.0,0.5107743863860313,0.4025501982585686,0.5974498017414314,0.5963515823791607,20.0,0.0010982193622853665,20.0,0.07984783119663212,1.597617983528922,0.4025501982585686,0.6670942664788073,0.34278575964201125,0.23664170675750834,0.16449319661843181,0.08599681110380579,0.05294414732377657,0.02742374313738638,0.31198819234514946,20.0,0.2592612512422041,0.31198819234514946,1.0,0.0,0.5107743863860313,0.4025501982585686,0.28436339003401134,20.0,0.22946688588543002,0.28436339003401134,0.0010982193622853665,20.0,0.000497476486341267,0.0010982193622853665
5.0,0.2,PYR4_bright,0.49100871041631566,20.0,0.624776209923917,0.49100871041631566,0.5089912895836843,0.5061942062937514,20.0,0.0027970832899540964,20.0,0.09198457750455825,1.8403900354623577,0.4910087104163156,0.6672283653941864,0.24226935756188625,0.20276631052933322,0.15878712422465308,0.11089871551740953,0.07592043760201246,0.044272080770586246,0.2218308162597395,20.0,0.14420691106395642,0.2218308162597395,0.284363390034012,20.0,0.22946688588543024,0.284363390034012,1.0,0.0,0.624776209923917,0.49100871041631566,0.0027970832899540964,20.0,0.0015499931267050275,0.0027970832899540964
5.0,0.2,PYR5_bright,0.9954299141466398,20.0,0.9976895229685642,0.9954299141466398,0.004570085853360162,0.004570085853333549,20.0,1.0,0.0,0.011957220238946723,0.2392037976011254,0.9954299141466398,0.005555792810022386,0.011711584322315702,0.011798040606501697,0.011826460300598078,0.011892214516181523,0.011962815816796752,0.012035876039699517,0.0006747832010941345,20.0,0.0002630074183808994,0.0006747832010941345,0.0010982193622853537,20.0,0.0004974764863412643,0.0010982193622853537,0.0027970832899540613,20.0,0.001549993126705021,0.0027970832899540613,1.0,0.0,0.9976895229685642,0.9954299141466398
10.0,0.1,PYR2_bright,0.4080521729363267,20.0,0.5388372472090596,0.4080521729363267,0.5919478270636733,0.590314559245173,20.0,0.0016332678184651467,20.0,0.062056591444328124,1.2416421139684974,0.40805217293632656,0.6673976063864626,0.1997898846228728,0.168447995455524,0.12919223625423862,0.07716685274750215,0.044958631672005374,0.022056166501671443,1.0,0.0,0.5388372472090596,0.4080521729363267,0.32799170976357805,20.0,0.28463552603401243,0.32799170976357805,0.2623228494815949,20.0,0.1758884299333226,0.2623228494815949,0.0016332678184651467,20.0,0.0006387968235867327,0.0016332678184651467
10.0,0.1,PYR3_bright,0.3590149841807898,20.0,0.4542875929296918,0.3590149841807898,0.6409850158192102,0.6385593832025555,20.0,0.0024256326166220755,20.0,0.052139749866833306,1.0432523750093659,0.35901498418078975,0.6675321582853551,0.27820949298317776,0.19575454301509734,0.11844933119973676,0.05447180602768072,0.02868717094901588,0.01280396519370944,0.3279917097635786,20.0,0.28463552603401265,0.3279917097635786,1.0,0.0,0.4542875929296918,0.3590149841807898,0.31056767343897684,20.0,0.259972250470626,0.31056767343897684,0.0024256326166220755,20.0,0.001104630565652396,0.0024256326166220755
10.0,0.1,PYR4_bright,0.42210883991384546,20.0,0.5613198118549237,0.42210883991384546,0.5778911600861545,0.5728905229205703,20.0,0.0050006371655506926,20.0,0.06620418563187706,1.3246226609064498,0.42210883991384546,0.6678077658472754,0.19571617333843347,0.16954718713364184,0.1340285660969449,0.0832886286502242,0.04985485124601356,0.02461871748209744,0.2623228494815947,20.0,0.17588842993332296,0.2623228494815947,0.31056767343897557,20.0,0.259972250470626,0.31056767343897557,1.0,0.0,0.5613198118549237,0.42210883991384546,0.0050006371655506926,20.0,0.0028195077411122204,0.0050006371655506926
10.0,0.1,PYR5_bright,0.9909404623993294,20.0,0.9954370648696348,0.9909404623993294,0.009059537600670575,0.009059537600637928,20.0,1.0,0.0,0.012024689074157493,0.2405534830562951,0.9909404623993294,0.011001074574134462,0.011780912321793336,0.011819149079397793,0.011869858400832475,0.011969868957468736,0.012055823829038385,0.012109063519267826,0.0016332678184651575,20.0,0.0006387968235867378,0.0016332678184651575,0.0024256326166220863,20.0,0.0011046305656524015,0.0024256326166220863,0.005000637165550685,20.0,0.0028195077411122243,0.005000637165550685,1.0,0.0,0.9954370648696348,0.9909404623993294
20.0,0.05,PYR2_bright,0.37636849864455213,20.0,0.51176088455329,0.37636849864455213,0.6236315013554479,0.6200884990307136,20.0,0.0035430023247371547,20.0,0.04533629103810675,0.9071134062106241,0.37636849864455213,0.6675820539125097,0.14281165192041678,0.12694134014042274,0.10250131296933612,0.06033217057380978,0.031197246203176925,0.013155492378433966,1.0,0.0,0.51176088455329,0.37636849864455213,0.3322123543171637,20.0,0.29507860302641586,0.3322123543171637,0.28787614471354983,20.0,0.1917975762641953,0.28787614471354983,0.0035430023247371547,20.0,0.0013629361560992168,0.0035430023247371547
20.0,0.05,PYR3_bright,0.33997237331724406,20.0,0.4242267703969256,0.33997237331724406,0.6600276266827559,0.6549149813261992,20.0,0.0051126453565672175,20.0,0.03510559415040872,0.7024282351088372,0.33997237331724406,0.6685022431482188,0.20739790166012867,0.15692536505969862,0.0956679899394287,0.03372569295662008,0.014661932944432481,0.006940768168269247,0.33221235431716667,20.0,0.29507860302641736,0.33221235431716667,1.0,0.0,0.4242267703969256,0.33997237331724406,0.32270262700903246,20.0,0.2783564165121184,0.32270262700903246,0.0051126453565672175,20.0,0.00233821006454318,0.0051126453565672175
20.0,0.05,PYR4_bright,0.38015449377466876,20.0,0.524522838426335,0.38015449377466876,0.6198455062253312,0.6105787717225744,20.0,0.009266734502748845,20.0,0.048547615793856524,0.9713675312111644,0.3801544937746688,0.6689174671458307,0.1450556512156289,0.13071099890252796,0.10783062905781383,0.06570273711270437,0.03440637552122906,0.014052164780977363,0.28787614471354644,20.0,0.19179757626419436,0.28787614471354644,0.32270262700902785,20.0,0.27835641651211684,0.32270262700902785,1.0,0.0,0.524522838426335,0.38015449377466876,0.009266734502748845,20.0,0.005323168797351563,0.009266734502748845
20.0,0.05,PYR5_bright,0.982077617815935,20.0,0.9909756849819996,0.982077617815935,0.017922382184065055,0.0179223821840531,20.0,1.0,0.0,0.012104795231593544,0.24215611780622248,0.982077617815935,0.02172099807266803,0.01179483781201861,0.011839151936256924,0.011915300146709154,0.012064322479585995,0.012167165250804387,0.01216695559287391,0.003543002324737141,20.0,0.0013629361560992153,0.003543002324737141,0.005112645356567179,20.0,0.0023382100645431697,0.005112645356567179,0.009266734502748777,20.0,0.005323168797351538,0.009266734502748777,1.0,0.0,0.9909756849819996,0.982077617815935
50.0,0.02,PYR2_bright,0.3855436699860101,20.0,0.5534648928843076,0.3855436699860101,0.6144563300139899,0.607044515707454,20.0,0.00741181430654521,20.0,0.03289467384164089,0.6581644876498485,0.3855436699860101,0.6433417790581665,0.07633027721732098,0.0717753074195937,0.06368504189429797,0.045288075261144804,0.026968719077776555,0.011587184277141034,1.0,0.0,0.5534648928843076,0.3855436699860101,0.3315341123809636,19.490000000000002,0.28236317021055984,0.33152502924360744,0.2755194864638466,20.0,0.16152117774596547,0.2755194864638466,0.00741181430654521,20.0,0.002650759159171585,0.00741181430654521
50.0,0.02,PYR3_bright,0.3329494392986901,20.0,0.43909913540645135,0.3329494392986901,0.66705056070131,0.654735709642005,20.0,0.012314851059299253,20.0,0.024918517312064715,0.498595621382282,0.33294943929869014,0.6702364518779513,0.11782472507588429,0.10036889269322506,0.07331177118943415,0.03057344628165139,0.010046271836747809,0.004782006426597348,0.33153411238096103,19.490000000000002,0.2823631702105589,0.3315250292436047,1.0,0.0,0.43909913540645135,0.3329494392986901,0.32321068039840023,20.0,0.2730074506567213,0.32321068039840023,0.012314851059299253,20.0,0.005530243726268554,0.012314851059299253
50.0,0.02,PYR4_bright,0.3776383612879399,20.0,0.5517038053103938,0.3776383612879399,0.6223616387120601,0.5987301668622487,20.0,0.0236314718498168,20.0,0.03571710713295503,0.7146411998491093,0.37763836128794,0.6512220612658548,0.08338216228874351,0.078548681862927,0.06991082059801117,0.049863228473447985,0.02928454843022797,0.011622776264179117,0.2755194864638459,20.0,0.16152117774596536,0.2755194864638459,0.32321068039840284,20.0,0.27300745065672194,0.32321068039840284,1.0,0.0,0.5517038053103938,0.3776383612879399,0.0236314718498168,20.0,0.013767566286922155,0.0236314718498168
50.0,0.02,PYR5_bright,0.9566418627843283,20.0,0.9780514308276368,0.9566418627843283,0.04335813721567172,0.04335813721566119,20.0,1.0,0.0,0.012147048564364313,0.24300153299489424,0.9566418627843283,0.052230168711696945,0.011747374719641157,0.011799906757369713,0.011895076957314869,0.012100635964739941,0.012250813853838083,0.012181755607127634,0.007411814306545213,20.0,0.002650759159171585,0.007411814306545213,0.012314851059299312,20.0,0.005530243726268572,0.012314851059299312,0.023631471849816663,20.0,0.013767566286922142,0.023631471849816663,1.0,0.0,0.9780514308276368,0.9566418627843283
100.0,0.01,PYR2_bright,0.46388420216073845,20.0,0.6483683777123547,0.46388420216073845,0.5361157978392616,0.5269059224026835,20.0,0.009209875436518961,20.0,0.02510659787725775,0.5023143482915972,0.46388420216073856,0.5562063572106231,0.042218054558540406,0.0408359451129906,0.03825386740893711,0.03162682995715939,0.023430441946487093,0.013735046466074272,1.0,0.0,0.6483683777123547,0.46388420216073845,0.32418181064922336,20.0,0.247083441048976,0.32418181064922336,0.20272411175346022,20.0,0.1014657969054118,0.20272411175346022,0.009209875436518961,20.0,0.0030823843332280216,0.009209875436518961
100.0,0.01,PYR3_bright,0.34428084966503025,20.0,0.5049595588324604,0.34428084966503025,0.6557191503349697,0.634801347562274,20.0,0.020917802772638005,20.0,0.02197776223775998,0.4397480887971289,0.34428084966503025,0.6620880897315378,0.06785276033633038,0.06205756366724339,0.052006228690882214,0.031161328106943487,0.014500488232204527,0.005386716089655373,0.32418181064922386,20.0,0.24708344104897628,0.32418181064922386,1.0,0.0,0.5049595588324604,0.34428084966503025,0.3106195369130501,20.0,0.23892509005251325,0.3106195369130501,0.020917802772638005,20.0,0.009031910066022036,0.020917802772638005
100.0,0.01,PYR4_bright,0.43594180457231924,20.0,0.6303406065716232,0.43594180457231924,0.5640581954276808,0.5133436486665091,20.0,0.050714546761112395,20.0,0.02849636344473943,0.570142119446541,0.43594180457231924,0.5827247940222601,0.050280105546274455,0.04851027110148911,0.0452188730304469,0.03679485635638937,0.02635756009899314,0.014022616538983037,0.2027241117534603,20.0,0.10146579690541174,0.2027241117534603,0.3106195369130487,20.0,0.23892509005251272,0.3106195369130487,1.0,0.0,0.6303406065716232,0.43594180457231924,0.050714546761112395,20.0,0.02926850647042228,0.050714546761112395
100.0,0.01,PYR5_bright,0.9191577750296362,20.0,0.9586171991302904,0.9191577750296362,0.08084222497036375,0.08084222497026866,20.0,1.0,0.0,0.011843020789100848,0.2369197270261047,0.9191577750296362,0.09615809636442607,0.011539777230549636,0.01157854873802077,0.011650721867457662,0.011814453855196203,0.011939646699546887,0.011823792760656706,0.009209875436518971,20.0,0.003082384333228032,0.009209875436518971,0.02091780277263783,20.0,0.009031910066022046,0.02091780277263783,0.05071454676111187,20.0,0.02926850647042231,0.05071454676111187,1.0,0.0,0.9586171991302904,0.9191577750296362
200.0,0.005,PYR2_bright,0.5991399111667205,20.0,0.7620122757042428,0.5991399111667205,0.4008600888332795,0.39277514651451606,20.0,0.008084942318758517,20.0,0.01678110069346991,0.33572764558470614,0.5991399111667205,0.41564548635865517,0.022145855086108605,0.021781331313245063,0.021082277978332595,0.01916285751683398,0.016458515424184094,0.012435858325352742,1.0,0.0,0.7620122757042428,0.5991399111667205,0.28596582153310673,20.0,0.1879689557991217,0.28596582153310673,0.1068093249814093,20.0,0.04738296322285806,0.1068093249814093,0.008084942318758517,20.0,0.0026358052737765576,0.008084942318758517
200.0,0.005,PYR3_bright,0.4194120357459565,20.0,0.6210023916426727,0.4194120357459565,0.5805879642540435,0.5521245126615799,20.0,0.028463451592472672,20.0,0.018605768059137807,0.3722607492124565,0.4194120357459565,0.5933478321883094,0.036752867526785096,0.035138901874635434,0.032144337002495735,0.0247558391165702,0.016405015244282072,0.008133930178206341,0.28596582153310807,20.0,0.1879689557991217,0.28596582153310807,1.0,0.0,0.6210023916426727,0.4194120357459565,0.2661586911284718,20.0,0.17917651955642128,0.2661586911284718,0.028463451592472672,20.0,0.011852133001785115,0.028463451592472672
200.0,0.005,PYR4_bright,0.5288942742428268,20.0,0.7176256957302726,0.5288942742428268,0.47110572575717324,0.3729680161098795,20.0,0.09813770964729188,20.0,0.020632302180936646,0.4127859929195176,0.5288942742428268,0.4860951746983263,0.029992757722256895,0.0293358459986878,0.028082920627862735,0.02469124795280757,0.02000602629019303,0.013274744204939995,0.10680932498140905,20.0,0.04738296322285797,0.10680932498140905,0.26615869112847046,20.0,0.17917651955642108,0.26615869112847046,1.0,0.0,0.7176256957302726,0.5288942742428268,0.09813770964729188,20.0,0.05581482149044678,0.09813770964729188
200.0,0.005,PYR5_bright,0.8653138964414788,20.0,0.9296972402339917,0.8653138964414788,0.13468610355852118,0.13468610355852362,20.0,1.0,0.0,0.010705098208223384,0.21415688909001102,0.8653138964414788,0.1556228181871283,0.010816848456844485,0.010820815386176144,0.010827528760182892,0.010826060371065715,0.010756476772089787,0.010425211307787369,0.008084942318758507,20.0,0.0026358052737765576,0.008084942318758507,0.028463451592472676,20.0,0.011852133001785137,0.028463451592472676,0.09813770964729243,20.0,0.055814821490446934,0.09813770964729243,1.0,0.0,0.9296972402339917,0.8653138964414788

[4] DETAILED-BALANCE RELAXATION
------------------------------------------------------------------------------------------------------------------------
# Day020 Detailed-Balance Relaxation Sensitivity

## Scope

This calculation introduces population relaxation separately from the previous pure-dephasing model.

The jump operators are constructed in the instantaneous energy eigenbasis of each bright-state Hamiltonian. Upward and downward rates satisfy detailed balance at the selected temperature.

The relaxation amplitude `kappa_ref` is phenomenological and is not derived from a microscopic spectral density.

## Parameter sweep

- Temperatures: 150, 200, 250, 300 K.
- Kappa values: 0.1, 1, 10 ps^-1.
- Propagation interval: 0-100 ps.
- Output interval: 0.05 ps.

## Numerical validation

- Maximum trace error: 9.208e-13.
- Maximum Hermiticity error: 1.262e-13.
- Minimum sampled density eigenvalue: 0.000e+00.
- Maximum detailed-balance error: 4.441e-16.
- Maximum Gibbs-stationarity error: 2.166e-13.
- Overall validation: PASS.

## Interpretation limits

This model tests whether a thermally consistent population-relaxation bath can transfer excitation toward the low-energy PYR5 state. It does not provide a microscopic relaxation time because no bath spectral density has been derived from the current trajectory.

--- EQUILIBRIUM POPULATIONS ---
temperature_K,frame,snapshot_time_ps,PYR2_equilibrium_population,PYR3_equilibrium_population,PYR4_equilibrium_population,PYR5_equilibrium_population
150.0,0,0.0,7.866357801056979e-08,9.229225029383229e-07,2.2016145410707307e-05,0.9999769822685074
150.0,1,5.0,5.749387805947512e-08,8.301258164467088e-07,2.009243161455018e-05,0.999979019948691
150.0,2,10.0,7.815229936855193e-08,8.542004587020607e-07,2.033591521639754e-05,0.9999787317320259
150.0,3,15.0,6.351777563698689e-08,7.74199492164244e-07,1.5935887878756478e-05,0.9999832263948543
150.0,4,20.0,6.155096358249849e-08,7.691788245880571e-07,2.030398381366633e-05,0.9999788652863972
150.0,5,25.0,8.841307283670596e-08,1.2803106113839699e-06,2.3483898138025972e-05,0.9999751473781779
150.0,6,30.0,7.477057627300769e-08,8.061468303420436e-07,2.0817600810523346e-05,0.9999783014817845
150.0,7,35.0,7.367715826806713e-08,1.0466790149170622e-06,2.327324390702286e-05,0.9999756063999199
150.0,8,40.0,8.551106213814106e-08,1.0453347698030995e-06,2.3256981646648753e-05,0.9999756121725212
150.0,9,45.0,6.626883487140252e-08,7.794228061968198e-07,1.847545075583064e-05,0.999980678857603
150.0,10,50.0,8.459550452405653e-08,1.1386549718711186e-06,2.2768844174154885e-05,0.9999760079053505
150.0,11,55.0,6.870649795696425e-08,1.0501671248395434e-06,2.4294901589542253e-05,0.9999745862247873
150.0,12,60.0,8.412583996401626e-08,9.93198584674728e-07,2.225683467012533e-05,0.9999766658409047
150.0,13,65.0,7.336592488045173e-08,9.967196633620657e-07,2.1133004667168455e-05,0.999977796909744
150.0,14,70.0,6.296114432181162e-08,8.245737282455973e-07,2.6762343937772806e-05,0.9999723501211892
150.0,15,75.0,5.588896082857445e-08,9.280452885537959e-07,2.358526851885392e-05,0.9999754307972316
150.0,16,80.0,6.676432389446744e-08,9.912620348179595e-07,2.389407790069417e-05,0.9999750478957407
150.0,17,85.0,6.942488897539176e-08,7.463805731461186e-07,1.90017576506353e-05,0.9999801824368867
150.0,18,90.0,6.65840598573307e-08,7.525849595071841e-07,1.9073217519800015e-05,0.999980107613461
150.0,19,95.0,6.786802449831939e-08,9.31766455328877e-07,2.286578640821778e-05,0.999976134579112
150.0,20,100.0,7.207760302417993e-08,9.626706454710221e-07,2.245161571729905e-05,0.9999765136360339
200.0,0,0.0,1.3073784742695206e-07,9.505300477354095e-07,2.2030702129334817e-05,0.9999768880299743
200.0,1,5.0,6.325488654996649e-08,8.464802292406025e-07,2.0096499899346414e-05,0.9999789937649846
200.0,2,10.0,8.970130041627464e-08,8.725863442839707e-07,2.0348145615388578e-05,0.9999786895667402
200.0,3,15.0,6.472378803387061e-08,7.823549122267532e-07,1.593769529654153e-05,0.9999832152260042
200.0,4,20.0,6.426079431583078e-08,7.730251399281586e-07,2.031007944355728e-05,0.9999788526346213
200.0,5,25.0,2.3630438798227237e-07,1.653744172015791e-06,2.3527790900851792e-05,0.9999745821605392
200.0,6,30.0,9.536843013984652e-08,8.148131155512814e-07,2.082848565713866e-05,0.9999782613327984
200.0,7,35.0,8.667135529529121e-08,1.1344727223080937e-06,2.3296407792410956e-05,0.9999754824481298
200.0,8,40.0,1.475239563615806e-07,1.1332184262958901e-06,2.3286183037990418e-05,0.999975433074579
200.0,9,45.0,6.84194519861734e-08,7.858965069414922e-07,1.848028726897377e-05,0.9999806653967723
200.0,10,50.0,1.3985073377108875e-07,1.2629893546073482e-06,2.2786202944130575e-05,0.9999758109569687
200.0,11,55.0,8.329284762386244e-08,1.1198324341944605e-06,2.4318063746520093e-05,0.999974478810971
200.0,12,60.0,1.6226874070155728e-07,1.0454111018711405e-06,2.227520084349793e-05,0.9999765171193135
200.0,13,65.0,8.202431507982767e-08,1.0431415227326751e-06,2.114217298762862e-05,0.9999777326611744
200.0,14,70.0,8.131280081144073e-08,8.391941298147213e-07,2.6831848558010592e-05,0.9999722476445111
200.0,15,75.0,8.042917311371424e-08,9.772805869503399e-07,2.361618831957954e-05,0.9999753261019203
200.0,16,80.0,8.410802763155798e-08,1.0533097800213012e-06,2.392007637661504e-05,0.9999749425058154
200.0,17,85.0,7.326040339446045e-08,7.500081456967735e-07,1.9004627177813346e-05,0.9999801721042726
200.0,18,90.0,7.041963185179812e-08,7.56009533239525e-07,1.9076835617999395e-05,0.9999800967352169
200.0,19,95.0,8.97173850694191e-08,9.627453569770645e-07,2.2884140033264196e-05,0.9999760633972249
200.0,20,100.0,8.750975337201351e-08,9.936289154598746e-07,2.2463164261924034e-05,0.9999764556970689
250.0,0,0.0,1.5729025969165622e-06,1.82131291230778e-06,2.255441134568354e-05,0.9999740513731439
250.0,1,5.0,3.137619274051738e-07,1.4211444212155626e-06,2.0286372575764977e-05,0.9999779787210756
250.0,2,10.0,5.254052564513558e-07,1.5031452543009352e-06,2.080418533124639e-05,0.9999771672641581
250.0,3,15.0,1.3677251078982334e-07,1.112811463917861e-06,1.6037187285408894e-05,0.999982713228741
250.0,4,20.0,2.0169923867792552e-07,9.546086373723743e-07,2.0572197925285525e-05,0.9999782714941979
250.0,5,25.0,3.5353126904815335e-06,8.524376288468328e-06,2.4785328447499552e-05,0.9999631549825738
250.0,6,30.0,7.857688704873741e-07,1.16135358308576e-06,2.1244220597991122e-05,0.9999768086569497
250.0,7,35.0,5.648371713809204e-07,3.3171200560756937e-06,2.4053811843113624e-05,0.9999720642309293
250.0,8,40.0,1.803735615517114e-06,3.3171289484987664e-06,2.4196700249002592e-05,0.9999706824351866
250.0,9,45.0,1.8271522006088138e-07,1.060815149323917e-06,1.869828303076486e-05,0.9999800581865997
250.0,10,50.0,1.6508881432860145e-06,4.13889239168471e-06,2.338809519152544e-05,0.9999708221242747
250.0,11,55.0,6.075852118994483e-07,2.9364729079976196e-06,2.5075466156553858e-05,0.9999713804757229
250.0,12,60.0,2.15229009093278e-06,2.489919289415114e-06,2.290508783154156e-05,0.9999724527027878
250.0,13,65.0,4.282765772473816e-07,2.359536822880195e-06,2.1504574288568407e-05,0.9999757076123111
250.0,14,70.0,7.110799011126293e-07,1.364251549759292e-06,2.8645535148320237e-05,0.9999692791334006
250.0,15,75.0,8.736171284628575e-07,2.3562932020324607e-06,2.456928105141194e-05,0.9999722008086178
250.0,16,80.0,6.859247573285285e-07,2.710408759514304e-06,2.4750403770322053e-05,0.9999718532627129
250.0,17,85.0,2.545285744173283e-07,9.233450653174609e-07,1.914848627652856e-05,0.9999796736400832
250.0,18,90.0,2.5169046437591623e-07,9.215610883050898e-07,1.924986905329395e-05,0.999979576879394
250.0,19,95.0,8.13046274686584e-07,1.917213121396995e-06,2.351383793837233e-05,0.9999737559026659
250.0,20,100.0,6.361302787855808e-07,1.9477383958796306e-06,2.2898762647136066e-05,0.9999745173686778
300.0,0,0.0,1.405221404027285e-05,1.0064870682452183e-05,2.7982336726528995e-05,0.9999479005785497
300.0,1,5.0,3.2718975285599124e-06,7.280499836410437e-06,2.2640470451041713e-05,0.999966807132184
300.0,2,10.0,5.191174632502842e-06,7.826373330209787e-06,2.5648439085739745e-05,0.9999613340129516
300.0,3,15.0,1.1953060592788185e-06,4.8293825189375e-06,1.7418851350803712e-05,0.9999765564600718
300.0,4,20.0,2.0055756965505535e-06,3.2235780612012477e-06,2.3643282398942007e-05,0.9999711275638427
300.0,5,25.0,2.8127055623944145e-05,5.335665698134357e-05,3.593087504270354e-05,0.9998825854123521
300.0,6,30.0,7.5998320525932164e-06,5.024689200570405e-06,2.5733673908313294e-05,0.9999616418048398
300.0,7,35.0,5.600079286428724e-06,2.0848807794195444e-05,3.14046500964476e-05,0.9999421464628225
300.0,8,40.0,1.5782201719502873e-05,2.0854772683143513e-05,3.274847923779821e-05,0.9999306145463592
300.0,9,45.0,1.731978143000834e-06,4.2544811819677384e-06,2.1336573488980067e-05,0.9999726769671863
300.0,10,50.0,1.4614707396677498e-05,2.6117419364750605e-05,2.9472132169622247e-05,0.99992979574107
300.0,11,55.0,6.039422339195628e-06,1.8017176015780226e-05,3.242641229395061e-05,0.9999435169893505
300.0,12,60.0,1.8404649638099698e-05,1.4982482793015122e-05,2.9222336532302512e-05,0.999937390531036
300.0,13,65.0,4.289057665516463e-06,1.3937805503009937e-05,2.5513040040098405e-05,0.9999562600967913
300.0,14,70.0,7.028626644435449e-06,6.801391552300241e-06,4.3708040149537655e-05,0.9999424619416536
300.0,15,75.0,8.50969190751053e-06,1.4383200043345796e-05,3.344936847371478e-05,0.9999436577395756
300.0,16,80.0,6.770731023987593e-06,1.6695332756890796e-05,3.2678687904129806e-05,0.9999438552483151
300.0,17,85.0,2.5208744076142987e-06,3.107196363969455e-06,2.1021597582311445e-05,0.9999733503316456
300.0,18,90.0,2.518064204798499e-06,3.0241423388315107e-06,2.1430974171279123e-05,0.9999730268192853
300.0,19,95.0,7.892147446627502e-06,1.080724518054138e-05,2.9830235747054444e-05,0.9999514703716258
300.0,20,100.0,6.275722039089995e-06,1.083576208621311e-05,2.7563149161232658e-05,0.999955325366713

--- PATHWAY AUDIT ---
# Day020 Relaxation-Pathway Audit

## Purpose

This audit identifies the kinetic bottleneck in the phenomenological detailed-balance relaxation model.

## State character

- Minimum assigned site weight: 0.57938732.
- Energy eigenstates were assigned one-to-one to the four bright-site characters.

## PYR5 pathways

- Mean overlap-weight range: 7.878175e-07 to 4.156523e-05.
- Direct downward timescale range at kappa=10 ps^-1: 2405.841 to 126932.953 ps.

## Apparent ensemble capture

- Apparent capture-time range across the tested conditions: 7.642 to 623.410 ns.

## Interpretation limit

The reported times depend linearly on the phenomenological kappa scale and on the assumed energy-independent bath amplitude. They are not microscopic relaxation times.

--- PYR5 PATHWAY TABLE ---
temperature_K,site_i,site_j,n_frames,fraction_site_i_is_lower_energy,mean_gap_meV,sd_gap_meV,mean_site_projector_overlap_weight,minimum_overlap_weight,maximum_overlap_weight,mean_downward_rate_at_kappa1_ps_inv,mean_upward_rate_at_kappa1_ps_inv,downward_timescale_at_kappa1_ps,downward_timescale_at_kappa10_ps
150.0,PYR2_bright,PYR5_bright,21,0.0,311.5851459440104,21.153338383168613,7.878174868950412e-07,8.866622677508915e-08,9.425509014902021e-06,7.878174869216873e-07,2.6646044204030675e-17,1269329.5294921584,126932.95294921583
150.0,PYR3_bright,PYR5_bright,21,0.0,301.08414990530605,21.601836732685207,3.074053937019936e-06,1.1756592294193006e-06,6.32122753823876e-06,3.0740539378272687e-06,8.073327479643259e-16,325303.33566846803,32530.333566846806
150.0,PYR4_bright,PYR5_bright,21,0.0,313.7399055331601,15.985053715564232,4.1565227361706386e-05,2.4037242899844722e-05,5.386607543385388e-05,4.156522736426708e-05,2.560696147140894e-15,24058.571633357238,2405.8571633357237
200.0,PYR2_bright,PYR5_bright,21,0.0,311.5851459440104,21.153338383168613,7.878174868950412e-07,8.866622677508915e-08,9.425509014902021e-06,7.878174953022753e-07,8.407234147716494e-15,1269329.5159893765,126932.95159893764
200.0,PYR3_bright,PYR5_bright,21,0.0,301.08414990530605,21.601836732685207,3.074053937019936e-06,1.1756592294193006e-06,6.32122753823876e-06,3.074054098026881e-06,1.610069449395151e-13,325303.3187157839,32530.33187157839
200.0,PYR4_bright,PYR5_bright,21,0.0,313.7399055331601,15.985053715564232,4.1565227361706386e-05,2.4037242899844722e-05,5.386607543385388e-05,4.156522819276648e-05,8.31060091519475e-13,24058.571153809477,2405.8571153809476
250.0,PYR2_bright,PYR5_bright,21,0.0,311.5851459440104,21.153338383168613,7.878174868950412e-07,8.866622677508915e-08,9.425509014902021e-06,7.878177787043055e-07,2.918092640618151e-13,1269329.0593729208,126932.9059372921
250.0,PYR3_bright,PYR5_bright,21,0.0,301.08414990530605,21.601836732685207,3.074053937019936e-06,1.1756592294193006e-06,6.32122753823876e-06,3.074058045723213e-06,4.1087032767930944e-12,325302.9009622155,32530.290096221546
250.0,PYR4_bright,PYR5_bright,21,0.0,313.7399055331601,15.985053715564232,4.1565227361706386e-05,2.4037242899844722e-05,5.386607543385388e-05,4.1565254780017226e-05,2.741831084617255e-11,24058.555764723875,2405.8555764723874
300.0,PYR2_bright,PYR5_bright,21,0.0,311.5851459440104,21.153338383168613,7.878174868950412e-07,8.866622677508915e-08,9.425509014902021e-06,7.878207194806184e-07,3.2325855772324316e-12,1269324.3212228077,126932.43212228076
300.0,PYR3_bright,PYR5_bright,21,0.0,301.08414990530605,21.601836732685207,3.074053937019936e-06,1.1756592294193006e-06,6.32122753823876e-06,3.0740905888512047e-06,3.665183126786076e-11,325299.4572205182,32529.94572205182
300.0,PYR4_bright,PYR5_bright,21,0.0,313.7399055331601,15.985053715564232,4.1565227361706386e-05,2.4037242899844722e-05,5.386607543385388e-05,4.15655128945438e-05,2.855328374083701e-10,24058.406365322815,2405.840636532281

--- COARSE-GRAINING AUDIT ---
# Day020 Relaxation Coarse-Graining Audit

## Purpose

This audit tests whether the rapidly mixing PYR2-PYR4 manifold can be represented as a single upper reservoir coupled to the low-energy PYR5 sink.

## Validation

- Hamiltonians: 21/21.
- Minimum assigned site weight: 0.57938732.
- Maximum generator column-sum error: 6.661e-16.
- Maximum detailed-balance error: 4.441e-16.

## Coarse-graining result

- Minimum internal-mixing/capture rate ratio: 7.072e+01.
- Maximum relative error between the coarse-grained capture rate and the exact slow mode: 9.088e-03.
- PYR4 gateway contribution range: 0.831842 to 0.875653.

## Interpretation

A large separation ratio supports rapid pre-equilibration within PYR2-PYR4 followed by slow leakage toward PYR5. Agreement with the exact slow mode validates the reduced upper-reservoir plus PYR5-sink description.

All absolute capture times remain proportional to the phenomenological kappa parameter and are not microscopic predictions.

[5] COMBINED DEPHASING + RELAXATION
------------------------------------------------------------------------------------------------------------------------
# Day020 Combined Dephasing and Relaxation Sensitivity

## Scope

This calculation combines coherent dynamics, local site-basis pure dephasing, and global energy-basis detailed-balance relaxation.

The dephasing and relaxation terms represent separate phenomenological environments. For gamma_phi > 0, the combined stationary state is not assumed to equal the Gibbs state and is solved explicitly.

## Parameter sweep

- Temperatures: 150, 300 K.
- Kappa values: 0.1, 1, 10 ps^-1.
- Gamma values: 0, 1, 20, 100 ps^-1.
- Propagation interval: 0-100 ps.

## Numerical validation

- Maximum trace error: 1.830e-12.
- Maximum Hermiticity error: 1.151e-13.
- Minimum sampled density eigenvalue: 0.000e+00.
- Maximum combined stationary residual: 5.460e-13.
- Gamma=0 reference error: 0.000e+00.
- Overall validation: PASS.

## Aggregate diagnostic ranges

- PYR4 thermal gateway fraction: 0.842996 to 0.914134.
- Mean stationary PYR5 population: 0.241117 to 0.999977.

## Interpretation limit

Absolute relaxation times remain proportional to the phenomenological kappa scale. Local pure dephasing is not a thermally balanced population bath, so deviations of the combined stationary state from Gibbs are expected and must be interpreted as model sensitivity rather than a microscopic equilibrium prediction.
## Stationary-state solver correction

For `gamma_phi = 0`, the stationary density is now assigned directly to the analytical Gibbs state. This removes the small loss of positivity produced by the ill-conditioned complex least-squares nullspace solve for nearly pure Gibbs states. No propagated trajectories were modified.

[6] NUMERICAL VALIDATION
------------------------------------------------------------------------------------------------------------------------

FILE=Microtubule_Inspired_Phase0/runs/phase1A/day016_md_bath_extraction/day019_bright_haken_strobl_dephasing_sensitivity/numerical_validation.csv
scipy_version,n_gamma_values,n_frames,n_initial_states,n_time_points,maximum_trace_error,maximum_hermiticity_error,minimum_sampled_density_eigenvalue,minimum_raw_population,maximum_raw_population,gamma0_maximum_population_error_vs_coherent_reference,trace_validation_pass,hermiticity_validation_pass,positivity_validation_pass,gamma0_reference_validation_pass
1.17.1,9,21,4,2001,2.0050627833312104e-13,1.0909489505356907e-13,-2.8005829371249092e-14,0.0,1.0,5.777600620149315e-13,True,True,True,True

FILE=Microtubule_Inspired_Phase0/runs/phase1A/day016_md_bath_extraction/day020_bright_haken_strobl_high_dephasing/numerical_validation.csv
scipy_version,n_gamma_values,n_frames,n_initial_states,n_time_points,maximum_trace_error,maximum_hermiticity_error,minimum_sampled_density_eigenvalue,minimum_raw_population,maximum_raw_population,gamma0_maximum_population_error_vs_coherent_reference,trace_validation_pass,hermiticity_validation_pass,positivity_validation_pass,gamma0_reference_validation_pass
1.17.1,13,21,4,2001,2.2959412149250953e-13,1.0909489505356907e-13,-2.8005829371249092e-14,0.0,1.0,5.777600620149315e-13,True,True,True,True

[7] AUTOMATED KEY-METRIC EXTRACTION
------------------------------------------------------------------------------------------------------------------------

==========================================================================================
COHERENT True Microtubule_Inspired_Phase0/runs/phase1A/day016_md_bath_extraction/day019_bright_quasistatic_coherent_dynamics/BRIGHT_QUASISTATIC_COHERENT_DYNAMICS_DAY019.md
==========================================================================================
- Maximum population-norm error: 3.553e-15.
- Maximum absolute difference between ensemble-mean point and corrected populations: 5.124317e-02.
- Difference maximum context: initial PYR2_bright, target PYR2_bright, time 16.915 ps.
| PYR5_bright | 0.999914 | 0.020 | 0.999955 |
## PYR5 coherent-accessibility audit
- Maximum ensemble-mean PYR5 population from a PYR2/PYR3/PYR4 localized initial excitation: 8.200093e-05.
- Maximum mean diagonal-ensemble PYR5 population from those three initial conditions: 4.179469e-05.
- Maximum PYR5 population in any individual snapshot from a high-energy initial state: 1.083852e-04 (initial PYR4_bright, frame 014).
The large PYR5 energy offset suppresses direct coherent transfer into PYR5 in the present closed-system model. This result does not exclude bath-assisted downhill relaxation, which is absent from unitary propagation.
Damping of ensemble-averaged oscillations in this analysis is inhomogeneous dephasing caused by averaging over static Hamiltonian realizations. It is not a microscopic decoherence rate. The calculation contains no population relaxation, pure-dephasing operator, spectral density, or sequential 5 ps solvent dynamics. Near-resonant PYR2-PYR3-PYR4 frames can support transient coherent mixing, whereas PYR5 remains energetically isolated in the closed bright-state model.

==========================================================================================
DEPHASING True Microtubule_Inspired_Phase0/runs/phase1A/day016_md_bath_extraction/day019_bright_haken_strobl_dephasing_sensitivity/HAKEN_STROBL_DEPHASING_SENSITIVITY_DAY019.md
==========================================================================================
# Day019 Haken-Strobl pure-dephasing sensitivity
- No population-relaxation operators or detailed-balance constraints were included.
- Maximum trace error: 2.005e-13.
- Maximum Hermiticity error: 1.091e-13.
- Gamma=0 maximum population error versus the accepted coherent trajectories: 5.778e-13.
| gamma_phi (ps^-1) | T_phi (ps) | Mean minimum survival | Mean time-averaged survival | Mean maximum population on another PYR2-PYR4 site | Maximum PYR5 population | Integrated l1 coherence |
- Gamma=0 mean maximum high-manifold transfer: 0.121480.
- Gamma maximizing mean high-manifold transfer: 10 ps^-1, with value 0.600588.
- Largest PYR5 population anywhere in the phenomenological gamma sweep: 5.000637e-03 at gamma=10 ps^-1.
This calculation is a phenomenological robustness analysis. The gamma values are not extracted from the 21 solvent snapshots and are not microscopic dephasing rates. Pure dephasing can convert coherent coupling into population redistribution, but it contains no energy-selective downhill relaxation and does not enforce thermal detailed balance. Any increase of PYR5 population must therefore not be interpreted as physical bath-assisted relaxation. A subsequent relaxation model requires explicitly declared rates or a separately justified bath spectral density.

==========================================================================================
HIGH_DEPHASING True Microtubule_Inspired_Phase0/runs/phase1A/day016_md_bath_extraction/day020_bright_haken_strobl_high_dephasing/HAKEN_STROBL_HIGH_DEPHASING_DAY020.md
==========================================================================================
# Day019 Haken-Strobl pure-dephasing sensitivity
- No population-relaxation operators or detailed-balance constraints were included.
- Maximum trace error: 2.296e-13.
- Maximum Hermiticity error: 1.091e-13.
- Gamma=0 maximum population error versus the accepted coherent trajectories: 5.778e-13.
| gamma_phi (ps^-1) | T_phi (ps) | Mean minimum survival | Mean time-averaged survival | Mean maximum population on another PYR2-PYR4 site | Maximum PYR5 population | Integrated l1 coherence |
- Gamma=0 mean maximum high-manifold transfer: 0.121480.
- Gamma maximizing mean high-manifold transfer: 20 ps^-1, with value 0.628527.
- Largest PYR5 population anywhere in the phenomenological gamma sweep: 9.813771e-02 at gamma=200 ps^-1.
This calculation is a phenomenological robustness analysis. The gamma values are not extracted from the 21 solvent snapshots and are not microscopic dephasing rates. Pure dephasing can convert coherent coupling into population redistribution, but it contains no energy-selective downhill relaxation and does not enforce thermal detailed balance. Any increase of PYR5 population must therefore not be interpreted as physical bath-assisted relaxation. A subsequent relaxation model requires explicitly declared rates or a separately justified bath spectral density.

==========================================================================================
RELAXATION True Microtubule_Inspired_Phase0/runs/phase1A/day016_md_bath_extraction/day020_bright_detailed_balance_relaxation/DETAILED_BALANCE_RELAXATION_DAY020.md
==========================================================================================
# Day020 Detailed-Balance Relaxation Sensitivity
This calculation introduces population relaxation separately from the previous pure-dephasing model.
The jump operators are constructed in the instantaneous energy eigenbasis of each bright-state Hamiltonian. Upward and downward rates satisfy detailed balance at the selected temperature.
The relaxation amplitude `kappa_ref` is phenomenological and is not derived from a microscopic spectral density.
- Maximum trace error: 9.208e-13.
- Maximum Hermiticity error: 1.262e-13.
- Maximum detailed-balance error: 4.441e-16.
- Maximum Gibbs-stationarity error: 2.166e-13.
This model tests whether a thermally consistent population-relaxation bath can transfer excitation toward the low-energy PYR5 state. It does not provide a microscopic relaxation time because no bath spectral density has been derived from the current trajectory.

==========================================================================================
PATHWAYS True Microtubule_Inspired_Phase0/runs/phase1A/day016_md_bath_extraction/day020_bright_detailed_balance_relaxation/relaxation_pathway_audit/RELAXATION_PATHWAY_AUDIT_DAY020.md
==========================================================================================
# Day020 Relaxation-Pathway Audit
This audit identifies the kinetic bottleneck in the phenomenological detailed-balance relaxation model.
## PYR5 pathways
The reported times depend linearly on the phenomenological kappa scale and on the assumed energy-independent bath amplitude. They are not microscopic relaxation times.

==========================================================================================
COMBINED True Microtubule_Inspired_Phase0/runs/phase1A/day016_md_bath_extraction/day020_bright_combined_dephasing_relaxation/COMBINED_DEPHASING_RELAXATION_DAY020.md
==========================================================================================
# Day020 Combined Dephasing and Relaxation Sensitivity
This calculation combines coherent dynamics, local site-basis pure dephasing, and global energy-basis detailed-balance relaxation.
The dephasing and relaxation terms represent separate phenomenological environments. For gamma_phi > 0, the combined stationary state is not assumed to equal the Gibbs state and is solved explicitly.
- Maximum trace error: 1.830e-12.
- Maximum Hermiticity error: 1.151e-13.
- Maximum combined stationary residual: 5.460e-13.
- PYR4 thermal gateway fraction: 0.842996 to 0.914134.
- Mean stationary PYR5 population: 0.241117 to 0.999977.
Absolute relaxation times remain proportional to the phenomenological kappa scale. Local pure dephasing is not a thermally balanced population bath, so deviations of the combined stationary state from Gibbs are expected and must be interpreted as model sensitivity rather than a microscopic equilibrium prediction.

[8] F45A/F45B PHYSICAL CONTRACT
------------------------------------------------------------------------------------------------------------------------
PRIMARY_HAMILTONIAN=BRIGHT4_TDCAC_CORRECTED_21_FRAME_ENSEMBLE
EXCITONIC_REGIME=WEAK_COUPLING_STRONG_ENERGETIC_DETUNING
JMAX_MEV=1.424239200
MAX_SITE_DISORDER_SD_MEV=16.034
PYR5_STRUCTURAL_OFFSET_MEV=308.794
COHERENT_PYR5_MAX_MEAN_POPULATION=8.200093e-05

[9] M5 DECISION TARGETS
------------------------------------------------------------------------------------------------------------------------
TARGET=M5_1_POPULATION_DYNAMICS
TARGET=M5_2_BEATING_AND_COHERENCE
TARGET=M5_3_TRANSFER_PATHWAYS
TARGET=M5_4_DEPHASING_SENSITIVITY
TARGET=M5_5_RELAXATION_SENSITIVITY
TARGET=M5_6_DISORDER_SENSITIVITY
TARGET=M5_7_EXCITONIC_FEASIBILITY_CLASSIFICATION

[10] SAFETY
------------------------------------------------------------------------------------------------------------------------
READ_ONLY_ANALYSIS=YES
NEW_DYNAMICS_SIMULATIONS=0
NEW_QM_CALCULATIONS=0
SOURCE_FILES_MODIFIED=NO
HAMILTONIAN_MODIFIED=NO

========================================================================================================================
PHASE5-F45C COMPLETE
TERMINAL_REMAINS_OPEN=YES
========================================================================================================================
