                      :-) GROMACS - gmx mdrun, 2025.4 (-:

Executable:   /usr/local/gromacs/bin/gmx
Data prefix:  /usr/local/gromacs
Working dir:  /Users/alejandro/projects/Multiscale-Simulation-Project/Microtubule_Inspired_Phase0
Command line:
  gmx mdrun -s runs/phase2/day048_f46q_collective_200ps_extension/engineered/engineered_200ps.tpr -cpi runs/phase1A/accepted/hybrid_hydrated_gap45_pyr5shift_clean032_nvt_100ps_frozenSolute/nvt_100ps_frozenSolute.cpt -deffnm runs/phase2/day048_f46q_collective_200ps_extension/engineered/engineered_extend_100ps -noappend

Reading file runs/phase2/day048_f46q_collective_200ps_extension/engineered/engineered_200ps.tpr, VERSION 2025.4 (single precision)
Changing nstlist from 20 to 100, rlist from 1.2 to 1.253

Using 1 MPI thread
Using 12 OpenMP threads 

starting mdrun 'h-BN fixed dummy scaffold + 4 pyrenes + TIP4P/2005 water'
400000 steps,    200.0 ps (continuing from step 200000,    100.0 ps).

Writing final coordinates.

WARNING: A total of 0.000000 CPU cycles was recorded, so mdrun cannot print a time accounting

               Core t (s)   Wall t (s)        (%)
       Time:   980995.716    81749.647     1200.0
                         22h42:29
                 (ns/day)    (hour/ns)
Performance:        0.106      227.081

GROMACS reminds you: "The Path Of the Righteous Man is Beset On All Sides With the Iniquities Of the Selfish and the Tyranny Of Evil Men." (Pulp Fiction)

