========================================================================================================
QM_F06 UPPER V6-B FORMAL PRE-QM AUDIT
========================================================================================================
v6a_construction_decision                       : PASS
v6b_search_decision                             : PASS
selected_candidate_rank_1                       : PASS
atom_identity_and_order                         : PASS
atom_count                                      : PASS
composition                                     : PASS
removed_hydrogens_absent                        : PASS
only_authorized_atoms_moved                     : PASS
authorized_shifts_within_limit                  : PASS
cap_translated_rigidly                          : PASS
closure_edges_present                           : PASS
nominal_degree_exact                            : PASS
single_connected_component                      : PASS
all_nominal_bonds_in_range                      : PASS
modified_region_bond_margin                     : PASS
closure_BN_geometry                             : PASS
no_geometric_reconnectivity                     : PASS
modified_region_nonnominal_pair_clearance       : PASS
no_overcoordinated_atoms                        : PASS
no_hard_contacts                                : PASS

Atoms: 48
Composition: {'B': 16, 'H': 19, 'N': 13}
Nominal edges: 53
Geometric edges: 53

Minimum modified-region bond margin A: 0.16735157695325453
Minimum modified-region nonnominal clearance A: 0.30462592655229237
Limiting nonnominal pair: BR4:UPPER:00:4--HCAPV5B:UPPER:BR4_14_1:BR4_14_2
Cap rigid-vector difference A: 3.1401849173675503e-16

Closure B-N records:
  BR4:UPPER:00:3               -- S:1739                       1.536327 Å | margin=0.136327 Å | PASS
  BR4:UPPER:00:4               -- BR4:UPPER:14:1               1.679014 Å | margin=0.020986 Å | PASS

Unchanged-atom failures: 0
Authorized-shift failures: 0
Degree failures: 0
Bond failures: 0
Gained geometric edges: 0
Lost nominal edges: 0
Overcoordinated atoms: 0
Hard contacts: 0

Decision: QM_F06_UPPER_V6B_PRE_QM_GATE_PASS_ORCA_INPUT_DESIGN_AUTHORIZED
Formal XYZ: /Users/alejandro/projects/Multiscale-Simulation-Project/Microtubule_Inspired_Phase0/runs/phase1A/day033_qm_f06_upper_v6b_pre_qm_audit/QM_F06_UPPER_V6B_start.xyz
Report: /Users/alejandro/projects/Multiscale-Simulation-Project/Microtubule_Inspired_Phase0/runs/phase1A/day033_qm_f06_upper_v6b_pre_qm_audit/QM_F06_UPPER_V6B_PRE_QM_AUDIT.json
Atom audit: /Users/alejandro/projects/Multiscale-Simulation-Project/Microtubule_Inspired_Phase0/runs/phase1A/day033_qm_f06_upper_v6b_pre_qm_audit/QM_F06_UPPER_V6B_atom_displacements.csv
Bond audit: /Users/alejandro/projects/Multiscale-Simulation-Project/Microtubule_Inspired_Phase0/runs/phase1A/day033_qm_f06_upper_v6b_pre_qm_audit/QM_F06_UPPER_V6B_bond_audit.csv
Contact audit: /Users/alejandro/projects/Multiscale-Simulation-Project/Microtubule_Inspired_Phase0/runs/phase1A/day033_qm_f06_upper_v6b_pre_qm_audit/QM_F06_UPPER_V6B_contacts.csv

ORCA input design authorized: True
ORCA execution authorized: False
RESP authorized: False
MD authorized: False
