================================================================================================================
QM_F06 UPPER V7-A R1 LIVE TRAJECTORY SEVERITY CLASSIFICATION
================================================================================================================
frame=  0 | E=-1200.702289093223 | severity=STRUCTURALLY_CLEAN | bond=none | excess_A=0
frame=  1 | E=-1200.765216070659 | severity=STRUCTURALLY_CLEAN | bond=none | excess_A=0
frame=  2 | E=-1200.818798443211 | severity=TRANSIENT_NOMINAL_BOND_WINDOW_WARNING | bond=BR4:UPPER:14:1--S:1738 | excess_A=0.007040104405417136
frame=  3 | E=-1200.883577922709 | severity=TRANSIENT_NOMINAL_BOND_WINDOW_WARNING | bond=BR4:UPPER:14:1--S:1738 | excess_A=0.01893662450863398
frame=  4 | E=-1201.012285097567 | severity=TRANSIENT_NOMINAL_BOND_WINDOW_WARNING | bond=BR4:UPPER:14:1--S:1738 | excess_A=0.02874369584546943
frame=  5 | E=-1201.071831004545 | severity=STRUCTURALLY_CLEAN | bond=none | excess_A=0
frame=  6 | E=-1201.116029260309 | severity=STRUCTURALLY_CLEAN | bond=none | excess_A=0
frame=  7 | E=-1201.158175845924 | severity=STRUCTURALLY_CLEAN | bond=none | excess_A=0
frame=  8 | E=-1201.210658233453 | severity=STRUCTURALLY_CLEAN | bond=none | excess_A=0
frame=  9 | E=-1201.253437132445 | severity=STRUCTURALLY_CLEAN | bond=none | excess_A=0
frame= 10 | E=-1201.285771708854 | severity=STRUCTURALLY_CLEAN | bond=none | excess_A=0
frame= 11 | E=-1201.308641357972 | severity=STRUCTURALLY_CLEAN | bond=none | excess_A=0
frame= 12 | E=-1201.325178604104 | severity=STRUCTURALLY_CLEAN | bond=none | excess_A=0
frame= 13 | E=-1201.337424003872 | severity=STRUCTURALLY_CLEAN | bond=none | excess_A=0
frame= 14 | E=-1201.347271839645 | severity=CRITICAL_STRUCTURAL_VIOLATION | bond=none | excess_A=0
frame= 15 | E=-1201.355234736729 | severity=CRITICAL_STRUCTURAL_VIOLATION | bond=none | excess_A=0
frame= 16 | E=-1201.362144695018 | severity=CRITICAL_STRUCTURAL_VIOLATION | bond=none | excess_A=0
frame= 17 | E=-1201.368034023485 | severity=CRITICAL_STRUCTURAL_VIOLATION | bond=none | excess_A=0
frame= 18 | E=-1201.374879603358 | severity=CRITICAL_STRUCTURAL_VIOLATION | bond=none | excess_A=0
frame= 19 | E=-1201.382040531067 | severity=CRITICAL_STRUCTURAL_VIOLATION | bond=none | excess_A=0
frame= 20 | E=-1201.388341665175 | severity=CRITICAL_STRUCTURAL_VIOLATION | bond=none | excess_A=0
frame= 21 | E=-1201.393547231445 | severity=STRUCTURALLY_CLEAN | bond=none | excess_A=0
frame= 22 | E=-1201.397271032672 | severity=STRUCTURALLY_CLEAN | bond=none | excess_A=0
frame= 23 | E=-1201.399981297001 | severity=STRUCTURALLY_CLEAN | bond=none | excess_A=0
frame= 24 | E=-1201.402008165279 | severity=STRUCTURALLY_CLEAN | bond=none | excess_A=0
frame= 25 | E=-1201.403261370249 | severity=STRUCTURALLY_CLEAN | bond=none | excess_A=0

Clean frames: [0, 1, 5, 6, 7, 8, 9, 10, 11, 12, 13, 21, 22, 23, 24, 25]
Warning frames: [2, 3, 4]
Critical frames: [14, 15, 16, 17, 18, 19, 20]

Decision: QM_F06_UPPER_V7A_R1_LIVE_TRAJECTORY_CRITICAL_STRUCTURAL_REVIEW_REQUIRED
CSV: /Users/alejandro/projects/Multiscale-Simulation-Project/Microtubule_Inspired_Phase0/runs/phase1A/day035_qm_f06_upper_v7a_r1_live_trajectory/QM_F06_UPPER_V7A_R1_live_trajectory_severity.csv
Report: /Users/alejandro/projects/Multiscale-Simulation-Project/Microtubule_Inspired_Phase0/runs/phase1A/day035_qm_f06_upper_v7a_r1_live_trajectory/QM_F06_UPPER_V7A_R1_LIVE_TRAJECTORY_SEVERITY.json

Continue current ORCA execution: False
Final post-QM acceptance authorized: False
RESP authorized: False
MD authorized: False
