========================================================================================
QM_F06 UPPER V5-B GEOMETRIC RECONNECTIVITY
========================================================================================
Geometry: /Users/alejandro/projects/Multiscale-Simulation-Project/Microtubule_Inspired_Phase0/runs/phase1A/day031_qm_f06_upper_v5b_executions/v5b_20260722T173620Z/v5b.xyz
Changed atoms: 6

Atom: A:UPPER:14:4
  Nominal: A:UPPER:13:3|A:UPPER:13:5|H4:UPPER:0047:0
  Geometric: A:UPPER:13:3|A:UPPER:13:5|H4:UPPER:0047:0|H4:UPPER:0203:0
  Lost: 
  Gained: H4:UPPER:0203:0

Atom: BR4:UPPER:00:3
  Nominal: BR4:UPPER:00:2|BR4:UPPER:00:4|H4:UPPER:0116:0
  Geometric: BR4:UPPER:00:2|BR4:UPPER:00:4|H4:UPPER:0116:0|S:1739
  Lost: 
  Gained: S:1739

Atom: BR4:UPPER:00:4
  Nominal: A:UPPER:13:5|BR4:UPPER:00:3|H4:UPPER:0117:0
  Geometric: A:UPPER:13:5|BR4:UPPER:00:3|BR4:UPPER:14:1|H4:UPPER:0117:0
  Lost: 
  Gained: BR4:UPPER:14:1

Atom: S:1739
  Nominal: H4:UPPER:0203:0|P:1639|P:1641
  Geometric: BR4:UPPER:00:3|P:1639|P:1641
  Lost: H4:UPPER:0203:0
  Gained: BR4:UPPER:00:3

Atom: H4:UPPER:0203:0
  Nominal: S:1739
  Geometric: A:UPPER:14:4
  Lost: S:1739
  Gained: A:UPPER:14:4

Atom: BR4:UPPER:14:1
  Nominal: H4:UPPER:0170:0|HCAPV5B:UPPER:BR4_14_1:BR4_14_2|S:1738
  Geometric: BR4:UPPER:00:4|H4:UPPER:0170:0|HCAPV5B:UPPER:BR4_14_1:BR4_14_2|S:1738
  Lost: 
  Gained: BR4:UPPER:00:4

Decision: QM_F06_UPPER_V5B_GEOMETRIC_RECONNECTIVITY_DETECTED_REVIEW_REQUIRED
CSV: /Users/alejandro/projects/Multiscale-Simulation-Project/Microtubule_Inspired_Phase0/runs/phase1A/day032_qm_f06_upper_v5b_geometric_reconnectivity/QM_F06_UPPER_V5B_geometric_reconnectivity.csv
Report: /Users/alejandro/projects/Multiscale-Simulation-Project/Microtubule_Inspired_Phase0/runs/phase1A/day032_qm_f06_upper_v5b_geometric_reconnectivity/QM_F06_UPPER_V5B_GEOMETRIC_RECONNECTIVITY.json

RESP authorized: False
MD authorized: False
