========================================================================================
QM_F06 UPPER V5-B PREPARATION, PREFLIGHT AND LAUNCH
========================================================================================
construction_pass                     : PASS
pre_qm_pass                           : PASS
atom_count                            : PASS
composition                           : PASS
electron_count                        : PASS
electron_parity                       : PASS
fixed_region_nonempty                 : PASS
mobile_region_nonempty                : PASS
A14_4_mobile                          : PASS
all_artificial_caps_mobile            : PASS
fresh_scf                             : PASS
orca_available                        : PASS

Atom count: 52
Composition: {'B': 16, 'N': 13, 'H': 23}
Electron count: 194
Fixed atoms: 14
Mobile atoms: 38
Fixed indices: [0, 1, 3, 4, 5, 6, 7, 8, 9, 10, 11, 12, 13, 16]

Decision: QM_F06_UPPER_V5B_EXECUTION_PREFLIGHT_PASS
Execution directory: /Users/alejandro/projects/Multiscale-Simulation-Project/Microtubule_Inspired_Phase0/runs/phase1A/day031_qm_f06_upper_v5b_executions/v5b_20260722T173620Z
Manifest: /Users/alejandro/projects/Multiscale-Simulation-Project/Microtubule_Inspired_Phase0/runs/phase1A/day031_qm_f06_upper_v5b_executions/v5b_20260722T173620Z/QM_F06_UPPER_V5B_EXECUTION_MANIFEST.json
Launch script: /Users/alejandro/projects/Multiscale-Simulation-Project/Microtubule_Inspired_Phase0/runs/phase1A/day031_qm_f06_upper_v5b_executions/v5b_20260722T173620Z/run_v5b_supervised.sh
Supervisor PID: 22010

ORCA execution authorized: True
ORCA execution started: True
