========================================================================================================
QM_F06 UPPER V6-B LOCAL GEOMETRY SEARCH
========================================================================================================
Samples: 600000
Valid candidates: 19689

Best candidate:
  rank: 1
  sample_index: 175408
  score: 79.90550381756374
  minimum_local_bond_margin_A: 0.16735157695325387
  minimum_nonnominal_clearance_A: 0.30462592655201903
  limiting_nonnominal_pair: BR4:UPPER:00:4--HCAPV5B:UPPER:BR4_14_1:BR4_14_2
  maximum_center_shift_A: 0.8250021246836582
  S1739_shift_A: 0.6882047178275159
  BR4_14_1_shift_A: 0.8250021246836582
  S1739_BR4_00_3_distance_A: 1.5363267640939207
  BR4_14_1_BR4_00_4_distance_A: 1.6790144925444543

Best XYZ: /Users/alejandro/projects/Multiscale-Simulation-Project/Microtubule_Inspired_Phase0/runs/phase1A/day033_qm_f06_upper_v6b_local_geometry_search/QM_F06_UPPER_V6B_LOCAL_GEOMETRY_BEST.xyz

Decision: QM_F06_UPPER_V6B_LOCAL_GEOMETRY_CANDIDATE_FOUND_FORMAL_AUDIT_REQUIRED
Ranking: /Users/alejandro/projects/Multiscale-Simulation-Project/Microtubule_Inspired_Phase0/runs/phase1A/day033_qm_f06_upper_v6b_local_geometry_search/QM_F06_UPPER_V6B_local_geometry_ranking.csv
Report: /Users/alejandro/projects/Multiscale-Simulation-Project/Microtubule_Inspired_Phase0/runs/phase1A/day033_qm_f06_upper_v6b_local_geometry_search/QM_F06_UPPER_V6B_LOCAL_GEOMETRY_SEARCH.json

Formal pre-QM audit authorized: True
ORCA execution authorized: False
RESP authorized: False
MD authorized: False
