Day024 R2 hexagonal edge-completion seed completed.
Parent atoms / bonds / d1 / d3 / four-cycles: 1680/2460/60/1620/0
LOWER selected step / parent / added / atoms / edges: 1/B/N/30/60
LOWER parent path / closed cycle min-max: 4-4 / 6-6
UPPER selected step / parent / added / atoms / edges: 1/N/B/30/60
UPPER parent path / closed cycle min-max: 4-4 / 6-6
Added atoms / new edges total: 60/120
Parent terminal / nonterminal / added-rim degree failures: 0/0/0
Augmented four-member cycles: 0
Augmented bipartite / connected components: True/1
Decision: R2_HEXAGONAL_EDGE_COMPLETION_SEED_VALIDATED
Failed gates: NONE
Standardized degree-2 rim created: YES
Annular-cap graph design authorized: YES
Coordinate generation authorized: NO
Molecular topology generation authorized: NO
Formal charge assignment authorized: NO
Force-field parameterization authorized: NO
Energy minimization authorized: NO
MD authorized: NO
QM authorized: NO
Required next step: DESIGN_AND_VALIDATE_R2_ANNULAR_CAP_ATTACHMENT_TO_STANDARDIZED_DEGREE2_RIM
Wrote: runs/phase1A/day024_chemical_end_rim_design/05_r2_hexagonal_edge_completion_seed/r2_hexagonal_edge_completion_step_search.csv
Wrote: runs/phase1A/day024_chemical_end_rim_design/05_r2_hexagonal_edge_completion_seed/r2_hexagonal_edge_completion_nodes.csv
Wrote: runs/phase1A/day024_chemical_end_rim_design/05_r2_hexagonal_edge_completion_seed/r2_hexagonal_edge_completion_edges.csv
Wrote: runs/phase1A/day024_chemical_end_rim_design/05_r2_hexagonal_edge_completion_seed/r2_hexagonal_edge_completion_end_summary.csv
Wrote: runs/phase1A/day024_chemical_end_rim_design/05_r2_hexagonal_edge_completion_seed/r2_hexagonal_edge_completion_seed_summary.csv
Wrote: runs/phase1A/day024_chemical_end_rim_design/05_r2_hexagonal_edge_completion_seed/r2_hexagonal_edge_completion_seed_gates.csv
Wrote: runs/phase1A/day024_chemical_end_rim_design/05_r2_hexagonal_edge_completion_seed/r2_hexagonal_edge_completion_seed.json
Wrote: runs/phase1A/day024_chemical_end_rim_design/05_r2_hexagonal_edge_completion_seed/r2_hexagonal_edge_completion_source_manifest.csv
Wrote: runs/phase1A/day024_chemical_end_rim_design/05_r2_hexagonal_edge_completion_seed/R2_HEXAGONAL_EDGE_COMPLETION_SEED_DAY024.md
